10-24 14:11:33.836  1551  1612 I QC-DS-LIB: ds_util.c 1483: ds_get_epid(): entry: net_dev rmnet_ipa0
10-24 14:11:33.836  1551  1612 I QC-DS-LIB: ds_util.c 1506: ds_get_epid(): [success]: ep_type[4], epid[0x1]
10-24 14:11:33.854  1551  1612 I QC-NETMGR-LIB: netmgr_qmi.c 3564: netmgr_qmi_wds_service_init(): Successfully initialized WDS client=0x1d on link=5
10-24 14:11:33.854  1551  1612 I QC-NETMGR-LIB: netmgr_qmi.c 3582: Successfully registered for ext IP config ind on IPv4 clnt_hndl=0x56c5b35ff0
10-24 14:11:33.854  1551  1612 I QC-NETMGR-LIB: netmgr_qmi.c 4438: initializing IPv6 WDS client
10-24 14:11:33.854  1551  1612 I QC-DS-LIB: ds_util.c 2287: ds_get_target(): Target: [39] : [msmsteppe]
10-24 14:11:33.856  1551  1612 I QC-DS-LIB: ds_util.c 2287: ds_get_target(): Target: [39] : [msmsteppe]
10-24 14:11:33.856  1551  1612 I QC-DS-LIB: ds_util.c 1483: ds_get_epid(): entry: net_dev rmnet_ipa0
10-24 14:11:33.856  1551  1612 I QC-DS-LIB: ds_util.c 1506: ds_get_epid(): [success]: ep_type[4], epid[0x1]
10-24 14:11:33.858  1551  1612 I QC-NETMGR-LIB: netmgr_qmi.c 3564: netmgr_qmi_wds_service_init(): Successfully initialized WDS client=0x1e on link=5
10-24 14:11:33.858  1551  1612 I QC-NETMGR-LIB: netmgr_qmi.c 3582: Successfully registered for ext IP config ind on IPv6 clnt_hndl=0x56c5b35ff8
10-24 14:11:33.859  1551  1612 I QC-NETMGR-LIB: netmgr_qmi.c 4452: The wds client ids [0x1d/0x1e]
10-24 14:11:33.859  1551  1612 I QC-DS-LIB: ds_util.c 2287: ds_get_target(): Target: [39] : [msmsteppe]
10-24 14:11:33.864  1551  1612 I QC-DS-LIB: ds_util.c 2287: ds_get_target(): Target: [39] : [msmsteppe]
10-24 14:11:33.864  1551  1612 I QC-DS-LIB: ds_util.c 1483: ds_get_epid(): entry: net_dev rmnet_ipa0
10-24 14:11:33.864  1551  1612 I QC-DS-LIB: ds_util.c 1506: ds_get_epid(): [success]: ep_type[4], epid[0x1]
10-24 14:11:33.867  1551  1612 I QC-DS-LIB: ds_util.c 2287: ds_get_target(): Target: [39] : [msmsteppe]
10-24 14:11:33.868  1551  1580 I QC-DS-LIB: ds_util.c 2845: ds_exec_internal(): [cpid:2192] Process exited normally with rc=0
10-24 14:11:33.868  1551  1580 I QC-DS-LIB: ds_util.c 2572: ds_exec_internal(): Executing command "iptables  -w -t mangle -I nm_mdmprxy_pkt_marker -p udp --dport 5060 -j MARK --set-mark 0xf0002 from /system/bin/iptables-wrapper-1.0 "
10-24 14:11:33.870  1551  1612 I QC-DS-LIB: ds_util.c 2287: ds_get_target(): Target: [39] : [msmsteppe]
10-24 14:11:33.870  1551  1612 I QC-DS-LIB: ds_util.c 1483: ds_get_epid(): entry: net_dev rmnet_ipa0
10-24 14:11:33.870  1551  1612 I QC-DS-LIB: ds_util.c 1506: ds_get_epid(): [success]: ep_type[4], epid[0x1]
10-24 14:11:33.873  1551  1580 I QC-DS-LIB: ds_util.c 2661: ds_exec_internal(): [cpid:2197] Spawned child PID(2197) command:"iptables  -w -t mangle -I nm_mdmprxy_pkt_marker -p udp --dport 5060 -j MARK --set-mark 0xf0002"
10-24 14:11:33.874  1551  1612 I QC-NETMGR-LIB: netmgr_qmi.c 4504: The qos client ids [0x1f/0x20]
10-24 14:11:33.875  1551  1612 I QC-NETMGR-LIB: netmgr_kif.c 4977: netmgr_kif link 5, device rmnet_data5 has ifindex 15
10-24 14:11:33.875  1551  1612 I QC-NETMGR-LIB: netmgr_kif.c 2439: netmgr_kif_extended_ioctl(): Calling extended IOCTL 0000 on [rmnet_ipa0]
10-24 14:11:33.875  1551  1612 I QC-NETMGR-LIB: netmgr_kif.c 2439: netmgr_kif_extended_ioctl(): Calling extended IOCTL 0005 on [rmnet_ipa0]
10-24 14:11:33.892  1525  2009 E QC-DSI  : dsi_netctrl_init.c 116: dsi_init_query_netmgr 20 time
10-24 14:11:33.892  1525  2009 I QC-NETMGR-LIB: netmgr_netlink.c 684: Event=[13] link=[0] devname=[]
10-24 14:11:33.892  1525  2009 I QC-NETMGR-LIB: netmgr_unix.c 178: netmgr_unix_ipc_send_msg(): Successfully created UNIX socket
10-24 14:11:33.892  1525  2009 E QC-NETMGR-LIB: netmgr_unix.c 191: netmgr_unix_ipc_send_msg(): Unable to connect to UNIX socket - No such file or directory
10-24 14:11:33.892  1525  2009 E QC-NETMGR-LIB: netmgr_client.c 380: netmgr_client_send_ping_msg(): netmgr_unix_send_msg failed
10-24 14:11:33.893  1483  1816 E QC-DSI  : dsi_netctrl_init.c 116: dsi_init_query_netmgr 28 time
10-24 14:11:33.894  1483  1816 I QC-NETMGR-LIB: netmgr_netlink.c 684: Event=[13] link=[0] devname=[]
10-24 14:11:33.894  1483  1816 I QC-NETMGR-LIB: netmgr_unix.c 178: netmgr_unix_ipc_send_msg(): Successfully created UNIX socket
10-24 14:11:33.894  1483  1816 E QC-NETMGR-LIB: netmgr_unix.c 191: netmgr_unix_ipc_send_msg(): Unable to connect to UNIX socket - No such file or directory
10-24 14:11:33.894  1483  1816 E QC-NETMGR-LIB: netmgr_client.c 380: netmgr_client_send_ping_msg(): netmgr_unix_send_msg failed
10-24 14:11:33.909  1551  1580 I QC-DS-LIB: ds_util.c 2845: ds_exec_internal(): [cpid:2197] Process exited normally with rc=0
10-24 14:11:33.909  1551  1580 I QC-DS-LIB: ds_util.c 2572: ds_exec_internal(): Executing command "iptables  -w -I OUTPUT -o rmnet_data5 -p udp --dport 1900 -j DROP from /system/bin/iptables-wrapper-1.0 "
10-24 14:11:33.914  1551  1580 I QC-DS-LIB: ds_util.c 2661: ds_exec_internal(): [cpid:2198] Spawned child PID(2198) command:"iptables  -w -I OUTPUT -o rmnet_data5 -p udp --dport 1900 -j DROP"
10-24 14:11:33.944  1551  1580 I QC-DS-LIB: ds_util.c 2845: ds_exec_internal(): [cpid:2198] Process exited normally with rc=0
10-24 14:11:33.944  1551  1580 I QC-DS-LIB: ds_util.c 2572: ds_exec_internal(): Executing command "iptables  -w -t mangle -I nm_mdmprxy_pkt_marker -p tcp --dport 5060 -j MARK --set-mark 0xf0002 from /system/bin/iptables-wrapper-1.0 "
10-24 14:11:33.944  1551  1612 I QC-NETMGR-LIB: netmgr_kif.c 10824: netmgr_kif_set_ssdp_rule_on_iface(): Command returns 0. cmd: iptables  -w -I OUTPUT -o rmnet_data5 -p udp --dport 1900 -j DROP
10-24 14:11:33.949  1551  1580 I QC-DS-LIB: ds_util.c 2661: ds_exec_internal(): [cpid:2199] Spawned child PID(2199) command:"iptables  -w -t mangle -I nm_mdmprxy_pkt_marker -p tcp --dport 5060 -j MARK --set-mark 0xf0002"
10-24 14:11:33.975  1551  1580 I QC-DS-LIB: ds_util.c 2845: ds_exec_internal(): [cpid:2199] Process exited normally with rc=0
10-24 14:11:33.975  1551  1580 I QC-DS-LIB: ds_util.c 2572: ds_exec_internal(): Executing command "iptables  -w -t mangle -I nm_mdmprxy_pkt_marker -p udp --dport 7275 -j MARK --set-mark 0xf0002 from /system/bin/iptables-wrapper-1.0 "
10-24 14:11:33.980  1551  1580 I QC-DS-LIB: ds_util.c 2661: ds_exec_internal(): [cpid:2200] Spawned child PID(2200) command:"iptables  -w -t mangle -I nm_mdmprxy_pkt_marker -p udp --dport 7275 -j MARK --set-mark 0xf0002"
10-24 14:11:33.992  1525  2009 E QC-DSI  : dsi_netctrl_init.c 116: dsi_init_query_netmgr 21 time
10-24 14:11:33.993  1525  2009 I QC-NETMGR-LIB: netmgr_netlink.c 684: Event=[13] link=[0] devname=[]
10-24 14:11:33.993  1525  2009 I QC-NETMGR-LIB: netmgr_unix.c 178: netmgr_unix_ipc_send_msg(): Successfully created UNIX socket
10-24 14:11:33.993  1525  2009 E QC-NETMGR-LIB: netmgr_unix.c 191: netmgr_unix_ipc_send_msg(): Unable to connect to UNIX socket - No such file or directory
10-24 14:11:33.993  1525  2009 E QC-NETMGR-LIB: netmgr_client.c 380: netmgr_client_send_ping_msg(): netmgr_unix_send_msg failed
10-24 14:11:33.994  1483  1816 E QC-DSI  : dsi_netctrl_init.c 116: dsi_init_query_netmgr 29 time
10-24 14:11:33.994  1483  1816 I QC-NETMGR-LIB: netmgr_netlink.c 684: Event=[13] link=[0] devname=[]
10-24 14:11:33.994  1483  1816 I QC-NETMGR-LIB: netmgr_unix.c 178: netmgr_unix_ipc_send_msg(): Successfully created UNIX socket
10-24 14:11:33.994  1483  1816 E QC-NETMGR-LIB: netmgr_unix.c 191: netmgr_unix_ipc_send_msg(): Unable to connect to UNIX socket - No such file or directory
10-24 14:11:33.994  1483  1816 E QC-NETMGR-LIB: netmgr_client.c 380: netmgr_client_send_ping_msg(): netmgr_unix_send_msg failed
10-24 14:11:34.020  1551  1580 I QC-DS-LIB: ds_util.c 2845: ds_exec_internal(): [cpid:2200] Process exited normally with rc=0
10-24 14:11:34.020  1551  1580 I QC-DS-LIB: ds_util.c 2572: ds_exec_internal(): Executing command "iptables  -w -t mangle -I nm_mdmprxy_pkt_marker -j nm_mdmprxy_mngl_pre_ex from /system/bin/iptables-wrapper-1.0 "
10-24 14:11:34.025  1551  1608 I QC-NETMGR-LIB: netmgr_netlink.c 1547: Received nl msg, recvmsg returned 1328
10-24 14:11:34.026  1551  1608 I QC-NETMGR-LIB: netmgr_exec.c 386: Received command: ID=NETMGR_KIF_MSG_CMD, link=0
10-24 14:11:34.026  1551  1608 I QC-NETMGR-LIB: netmgr_netlink.c 1547: Received nl msg, recvmsg returned 1328
10-24 14:11:34.026  1551  1608 I QC-NETMGR-LIB: netmgr_exec.c 386: Received command: ID=NETMGR_KIF_MSG_CMD, link=0
10-24 14:11:34.026  1551  1608 I QC-NETMGR-LIB: netmgr_netlink.c 1547: Received nl msg, recvmsg returned 1328
10-24 14:11:34.026  1551  1608 I QC-NETMGR-LIB: netmgr_exec.c 386: Received command: ID=NETMGR_KIF_MSG_CMD, link=0
10-24 14:11:34.027  1551  1580 I QC-DS-LIB: ds_util.c 2661: ds_exec_internal(): [cpid:2201] Spawned child PID(2201) command:"iptables  -w -t mangle -I nm_mdmprxy_pkt_marker -j nm_mdmprxy_mngl_pre_ex"
10-24 14:11:34.065  1551  1580 I QC-DS-LIB: ds_util.c 2845: ds_exec_internal(): [cpid:2201] Process exited normally with rc=0
10-24 14:11:34.065  1551  1580 I QC-DS-LIB: ds_util.c 2572: ds_exec_internal(): Executing command "iptables  -w -t mangle -I nm_mdmprxy_pkt_marker -j nm_mdmprxy_mngl_pre_spi from /system/bin/iptables-wrapper-1.0 "
10-24 14:11:34.071  1551  1580 I QC-DS-LIB: ds_util.c 2661: ds_exec_internal(): [cpid:2202] Spawned child PID(2202) command:"iptables  -w -t mangle -I nm_mdmprxy_pkt_marker -j nm_mdmprxy_mngl_pre_spi"
10-24 14:11:34.093  1525  2009 E QC-DSI  : dsi_netctrl_init.c 116: dsi_init_query_netmgr 22 time
10-24 14:11:34.093  1525  2009 I QC-NETMGR-LIB: netmgr_netlink.c 684: Event=[13] link=[0] devname=[]
10-24 14:11:34.093  1525  2009 I QC-NETMGR-LIB: netmgr_unix.c 178: netmgr_unix_ipc_send_msg(): Successfully created UNIX socket
10-24 14:11:34.094  1525  2009 E QC-NETMGR-LIB: netmgr_unix.c 191: netmgr_unix_ipc_send_msg(): Unable to connect to UNIX socket - No such file or directory
10-24 14:11:34.094  1525  2009 E QC-NETMGR-LIB: netmgr_client.c 380: netmgr_client_send_ping_msg(): netmgr_unix_send_msg failed
10-24 14:11:34.094  1483  1816 E QC-DSI  : dsi_netctrl_init.c 116: dsi_init_query_netmgr 30 time
10-24 14:11:34.094  1483  1816 I QC-NETMGR-LIB: netmgr_netlink.c 684: Event=[13] link=[0] devname=[]
10-24 14:11:34.095  1483  1816 I QC-NETMGR-LIB: netmgr_unix.c 178: netmgr_unix_ipc_send_msg(): Successfully created UNIX socket
10-24 14:11:34.095  1483  1816 E QC-NETMGR-LIB: netmgr_unix.c 191: netmgr_unix_ipc_send_msg(): Unable to connect to UNIX socket - No such file or directory
10-24 14:11:34.095  1483  1816 E QC-NETMGR-LIB: netmgr_client.c 380: netmgr_client_send_ping_msg(): netmgr_unix_send_msg failed
10-24 14:11:34.105  1551  1580 I QC-DS-LIB: ds_util.c 2845: ds_exec_internal(): [cpid:2202] Process exited normally with rc=0
10-24 14:11:34.105  1551  1580 I QC-DS-LIB: ds_util.c 2572: ds_exec_internal(): Executing command "iptables  -w -t mangle -I nm_mdmprxy_pkt_marker -j nm_mdmprxy_mark_prov_chain from /system/bin/iptables-wrapper-1.0 "
10-24 14:11:34.111  1551  1580 I QC-DS-LIB: ds_util.c 2661: ds_exec_internal(): [cpid:2204] Spawned child PID(2204) command:"iptables  -w -t mangle -I nm_mdmprxy_pkt_marker -j nm_mdmprxy_mark_prov_chain"
10-24 14:11:34.140  1551  1580 I QC-DS-LIB: ds_util.c 2845: ds_exec_internal(): [cpid:2204] Process exited normally with rc=0
10-24 14:11:34.140  1551  1580 I QC-DS-LIB: ds_util.c 2572: ds_exec_internal(): Executing command "iptables  -w -t mangle -I nm_mdmprxy_pkt_marker -j nm_mdmprxy_mngl_pre from /system/bin/iptables-wrapper-1.0 "
10-24 14:11:34.145  1551  1580 I QC-DS-LIB: ds_util.c 2661: ds_exec_internal(): [cpid:2205] Spawned child PID(2205) command:"iptables  -w -t mangle -I nm_mdmprxy_pkt_marker -j nm_mdmprxy_mngl_pre"
10-24 14:11:34.168  1551  1580 I QC-DS-LIB: ds_util.c 2845: ds_exec_internal(): [cpid:2205] Process exited normally with rc=0
10-24 14:11:34.168  1551  1580 I QC-DS-LIB: ds_util.c 2572: ds_exec_internal(): Executing command "iptables  -w -t mangle -I nm_mdmprxy_pkt_marker -j CONNMARK --restore-mark from /system/bin/iptables-wrapper-1.0 "
10-24 14:11:34.168  1551  1612 I QC-NETMGR-LIB: netmgr_kif.c 7797: netmgr_kif_init_iface(): Disabling IPv6 on interface [rmnet_data5] : status [SUCCESS]
10-24 14:11:34.173  1551  1580 I QC-DS-LIB: ds_util.c 2661: ds_exec_internal(): [cpid:2206] Spawned child PID(2206) command:"iptables  -w -t mangle -I nm_mdmprxy_pkt_marker -j CONNMARK --restore-mark"
10-24 14:11:34.194  1525  2009 E QC-DSI  : dsi_netctrl_init.c 116: dsi_init_query_netmgr 23 time
10-24 14:11:34.194  1525  2009 I QC-NETMGR-LIB: netmgr_netlink.c 684: Event=[13] link=[0] devname=[]
10-24 14:11:34.194  1525  2009 I QC-NETMGR-LIB: netmgr_unix.c 178: netmgr_unix_ipc_send_msg(): Successfully created UNIX socket
10-24 14:11:34.194  1525  2009 E QC-NETMGR-LIB: netmgr_unix.c 191: netmgr_unix_ipc_send_msg(): Unable to connect to UNIX socket - No such file or directory
10-24 14:11:34.194  1525  2009 E QC-NETMGR-LIB: netmgr_client.c 380: netmgr_client_send_ping_msg(): netmgr_unix_send_msg failed
10-24 14:11:34.195  1483  1816 E QC-DSI  : dsi_netctrl_init.c 116: dsi_init_query_netmgr 31 time
10-24 14:11:34.195  1483  1816 I QC-NETMGR-LIB: netmgr_netlink.c 684: Event=[13] link=[0] devname=[]
10-24 14:11:34.195  1483  1816 I QC-NETMGR-LIB: netmgr_unix.c 178: netmgr_unix_ipc_send_msg(): Successfully created UNIX socket
10-24 14:11:34.195  1483  1816 E QC-NETMGR-LIB: netmgr_unix.c 191: netmgr_unix_ipc_send_msg(): Unable to connect to UNIX socket - No such file or directory
10-24 14:11:34.195  1483  1816 E QC-NETMGR-LIB: netmgr_client.c 380: netmgr_client_send_ping_msg(): netmgr_unix_send_msg failed
10-24 14:11:34.200  1551  1580 I QC-DS-LIB: ds_util.c 2845: ds_exec_internal(): [cpid:2206] Process exited normally with rc=0
10-24 14:11:34.201  1551  1612 I QC-NETMGR-LIB: netmgr_netlink.c 684: Event=[10] link=[5] devname=[]
10-24 14:11:34.201  1551  1580 I QC-DS-LIB: ds_util.c 2572: ds_exec_internal(): Executing command "ip6tables  -w -t mangle -I nm_mdmprxy_pkt_marker -j CONNMARK --save-mark from /system/bin/ip6tables-wrapper-1.0 "
10-24 14:11:34.201  1551  1612 I QC-NETMGR-LIB: netmgr_netlink.c 1474: Generated nl msg, sendmsg returned 24
10-24 14:11:34.201  1551  1612 I QC-NETMGR-LIB: netmgr_exec.c 193: Process command: ID=NETMGR_INITED_EV, link=6, state=0
10-24 14:11:34.201  1525  2008 I QC-NETMGR-LIB: netmgr_netlink.c 1547: Received nl msg, recvmsg returned 24
10-24 14:11:34.201  1525  2008 I QC-NETMGR-LIB: netmgr_netlink.c 1325: Processing NETMGR_NL_EVENT
10-24 14:11:34.201  1525  2008 I QC-NETMGR-LIB: netmgr_netlink.c 740: Attribute: Event 0xa
10-24 14:11:34.201  1525  2008 I QC-NETMGR-LIB: netmgr_client.c 218: Notified client: hdl=0x0x75ecf7e0e8 event=10 link=0 flow=0x00000000
10-24 14:11:34.201  1525  1972 D QC-DSI  : dsi_netctrl_netmgr.c 578: dsi_netmgr_map_link: ENTRY
10-24 14:11:34.201  1525  1972 D QC-DSI  : dsi_netctrl_netmgr.c 605: netmgr link [0] maps to  dsi iface [0]
10-24 14:11:34.201  1525  1972 D QC-DSI  : dsi_netctrl_netmgr.c 611: dsi_netmgr_map_link: EXIT
10-24 14:11:34.202  1525  1972 D QC-DSI  : dsi_netctrl_netmgr.c 762: dsi_process_netmgr_ev: ignoring event [10] dsi_inited [0]
10-24 14:11:34.201  1483  1815 I QC-NETMGR-LIB: netmgr_netlink.c 1547: Received nl msg, recvmsg returned 24
10-24 14:11:34.202  1483  1815 I QC-NETMGR-LIB: netmgr_netlink.c 1325: Processing NETMGR_NL_EVENT
10-24 14:11:34.202  1483  1815 I QC-NETMGR-LIB: netmgr_netlink.c 740: Attribute: Event 0xa
10-24 14:11:34.202  1483  1815 I QC-NETMGR-LIB: netmgr_client.c 218: Notified client: hdl=0x0x7aa96bf0e8 event=10 link=0 flow=0x00000000
10-24 14:11:34.202  1483  1740 D QC-DSI  : dsi_netctrl_netmgr.c 578: dsi_netmgr_map_link: ENTRY
10-24 14:11:34.202  1483  1740 D QC-DSI  : dsi_netctrl_netmgr.c 605: netmgr link [0] maps to  dsi iface [0]
10-24 14:11:34.203  1483  1740 D QC-DSI  : dsi_netctrl_netmgr.c 611: dsi_netmgr_map_link: EXIT
10-24 14:11:34.203  1483  1740 D QC-DSI  : dsi_netctrl_netmgr.c 762: dsi_process_netmgr_ev: ignoring event [10] dsi_inited [0]
10-24 14:11:34.205  1551  1612 I QC-NETMGR-LIB: netmgr_qmi.c 4703: initing QMI link[6]
10-24 14:11:34.205  1551  1580 I QC-DS-LIB: ds_util.c 2661: ds_exec_internal(): [cpid:2207] Spawned child PID(2207) command:"ip6tables  -w -t mangle -I nm_mdmprxy_pkt_marker -j CONNMARK --save-mark"
10-24 14:11:34.205  1551  1612 I QC-NETMGR-LIB: netmgr_qmi.c 4386: netmgr_qmi_service_init: entry 
10-24 14:11:34.205  1551  1612 I QC-NETMGR-LIB: netmgr_qmi.c 4428: initializing IPv4 WDS client
10-24 14:11:34.206  1551  1612 I QC-DS-LIB: ds_util.c 2287: ds_get_target(): Target: [39] : [msmsteppe]
10-24 14:11:34.211  1551  1612 I QC-DS-LIB: ds_util.c 2287: ds_get_target(): Target: [39] : [msmsteppe]
10-24 14:11:34.211  1551  1612 I QC-DS-LIB: ds_util.c 1483: ds_get_epid(): entry: net_dev rmnet_ipa0
10-24 14:11:34.211  1551  1612 I QC-DS-LIB: ds_util.c 1506: ds_get_epid(): [success]: ep_type[4], epid[0x1]
10-24 14:11:34.214  1551  1612 I QC-NETMGR-LIB: netmgr_qmi.c 3564: netmgr_qmi_wds_service_init(): Successfully initialized WDS client=0x21 on link=6
10-24 14:11:34.215  1551  1612 I QC-NETMGR-LIB: netmgr_qmi.c 3582: Successfully registered for ext IP config ind on IPv4 clnt_hndl=0x56c5b37458
10-24 14:11:34.216  1551  1612 I QC-NETMGR-LIB: netmgr_qmi.c 4438: initializing IPv6 WDS client
10-24 14:11:34.216  1551  1612 I QC-DS-LIB: ds_util.c 2287: ds_get_target(): Target: [39] : [msmsteppe]
10-24 14:11:34.218  1551  1612 I QC-DS-LIB: ds_util.c 2287: ds_get_target(): Target: [39] : [msmsteppe]
10-24 14:11:34.218  1551  1612 I QC-DS-LIB: ds_util.c 1483: ds_get_epid(): entry: net_dev rmnet_ipa0
10-24 14:11:34.219  1551  1612 I QC-DS-LIB: ds_util.c 1506: ds_get_epid(): [success]: ep_type[4], epid[0x1]
10-24 14:11:34.220  1551  1612 I QC-NETMGR-LIB: netmgr_qmi.c 3564: netmgr_qmi_wds_service_init(): Successfully initialized WDS client=0x22 on link=6
10-24 14:11:34.220  1551  1612 I QC-NETMGR-LIB: netmgr_qmi.c 3582: Successfully registered for ext IP config ind on IPv6 clnt_hndl=0x56c5b37460
10-24 14:11:34.221  1551  1612 I QC-NETMGR-LIB: netmgr_qmi.c 4452: The wds client ids [0x21/0x22]
10-24 14:11:34.221  1551  1612 I QC-DS-LIB: ds_util.c 2287: ds_get_target(): Target: [39] : [msmsteppe]
10-24 14:11:34.223  1551  1612 I QC-DS-LIB: ds_util.c 2287: ds_get_target(): Target: [39] : [msmsteppe]
10-24 14:11:34.223  1551  1612 I QC-DS-LIB: ds_util.c 1483: ds_get_epid(): entry: net_dev rmnet_ipa0
10-24 14:11:34.223  1551  1612 I QC-DS-LIB: ds_util.c 1506: ds_get_epid(): [success]: ep_type[4], epid[0x1]
10-24 14:11:34.225  1551  1612 I QC-DS-LIB: ds_util.c 2287: ds_get_target(): Target: [39] : [msmsteppe]
10-24 14:11:34.228  1551  1612 I QC-DS-LIB: ds_util.c 2287: ds_get_target(): Target: [39] : [msmsteppe]
10-24 14:11:34.228  1551  1612 I QC-DS-LIB: ds_util.c 1483: ds_get_epid(): entry: net_dev rmnet_ipa0
10-24 14:11:34.228  1551  1612 I QC-DS-LIB: ds_util.c 1506: ds_get_epid(): [success]: ep_type[4], epid[0x1]
10-24 14:11:34.234  1551  1612 I QC-NETMGR-LIB: netmgr_qmi.c 4504: The qos client ids [0x23/0x24]
10-24 14:11:34.234  1551  1612 I QC-NETMGR-LIB: netmgr_kif.c 4977: netmgr_kif link 6, device rmnet_data6 has ifindex 16
10-24 14:11:34.234  1551  1612 I QC-NETMGR-LIB: netmgr_kif.c 2439: netmgr_kif_extended_ioctl(): Calling extended IOCTL 0000 on [rmnet_ipa0]
10-24 14:11:34.235  1551  1612 I QC-NETMGR-LIB: netmgr_kif.c 2439: netmgr_kif_extended_ioctl(): Calling extended IOCTL 0005 on [rmnet_ipa0]
10-24 14:11:34.236  1551  1580 I QC-DS-LIB: ds_util.c 2845: ds_exec_internal(): [cpid:2207] Process exited normally with rc=0
10-24 14:11:34.236  1551  1580 I QC-DS-LIB: ds_util.c 2572: ds_exec_internal(): Executing command "ip6tables  -w -t mangle -I nm_mdmprxy_pkt_marker -p udp --dport 5060 -j MARK --set-mark 0xf0002 from /system/bin/ip6tables-wrapper-1.0 "
10-24 14:11:34.241  1551  1580 I QC-DS-LIB: ds_util.c 2661: ds_exec_internal(): [cpid:2212] Spawned child PID(2212) command:"ip6tables  -w -t mangle -I nm_mdmprxy_pkt_marker -p udp --dport 5060 -j MARK --set-mark 0xf0002"
10-24 14:11:34.267  1551  1580 I QC-DS-LIB: ds_util.c 2845: ds_exec_internal(): [cpid:2212] Process exited normally with rc=0
10-24 14:11:34.267  1551  1580 I QC-DS-LIB: ds_util.c 2572: ds_exec_internal(): Executing command "iptables  -w -I OUTPUT -o rmnet_data6 -p udp --dport 1900 -j DROP from /system/bin/iptables-wrapper-1.0 "
10-24 14:11:34.272  1551  1580 I QC-DS-LIB: ds_util.c 2661: ds_exec_internal(): [cpid:2213] Spawned child PID(2213) command:"iptables  -w -I OUTPUT -o rmnet_data6 -p udp --dport 1900 -j DROP"
10-24 14:11:34.294  1525  2009 E QC-DSI  : dsi_netctrl_init.c 116: dsi_init_query_netmgr 24 time
10-24 14:11:34.294  1525  2009 I QC-NETMGR-LIB: netmgr_netlink.c 684: Event=[13] link=[0] devname=[]
10-24 14:11:34.295  1525  2009 I QC-NETMGR-LIB: netmgr_unix.c 178: netmgr_unix_ipc_send_msg(): Successfully created UNIX socket
10-24 14:11:34.295  1525  2009 E QC-NETMGR-LIB: netmgr_unix.c 191: netmgr_unix_ipc_send_msg(): Unable to connect to UNIX socket - No such file or directory
10-24 14:11:34.295  1525  2009 E QC-NETMGR-LIB: netmgr_client.c 380: netmgr_client_send_ping_msg(): netmgr_unix_send_msg failed
10-24 14:11:34.295  1483  1816 E QC-DSI  : dsi_netctrl_init.c 116: dsi_init_query_netmgr 32 time
10-24 14:11:34.295  1483  1816 I QC-NETMGR-LIB: netmgr_netlink.c 684: Event=[13] link=[0] devname=[]
10-24 14:11:34.295  1483  1816 I QC-NETMGR-LIB: netmgr_unix.c 178: netmgr_unix_ipc_send_msg(): Successfully created UNIX socket
10-24 14:11:34.295  1483  1816 E QC-NETMGR-LIB: netmgr_unix.c 191: netmgr_unix_ipc_send_msg(): Unable to connect to UNIX socket - No such file or directory
10-24 14:11:34.296  1483  1816 E QC-NETMGR-LIB: netmgr_client.c 380: netmgr_client_send_ping_msg(): netmgr_unix_send_msg failed
10-24 14:11:34.298  1551  1580 I QC-DS-LIB: ds_util.c 2845: ds_exec_internal(): [cpid:2213] Process exited normally with rc=0
10-24 14:11:34.298  1551  1580 I QC-DS-LIB: ds_util.c 2572: ds_exec_internal(): Executing command "ip6tables  -w -t mangle -I nm_mdmprxy_pkt_marker -p tcp --dport 5060 -j MARK --set-mark 0xf0002 from /system/bin/ip6tables-wrapper-1.0 "
10-24 14:11:34.299  1551  1612 I QC-NETMGR-LIB: netmgr_kif.c 10824: netmgr_kif_set_ssdp_rule_on_iface(): Command returns 0. cmd: iptables  -w -I OUTPUT -o rmnet_data6 -p udp --dport 1900 -j DROP
10-24 14:11:34.303  1551  1580 I QC-DS-LIB: ds_util.c 2661: ds_exec_internal(): [cpid:2214] Spawned child PID(2214) command:"ip6tables  -w -t mangle -I nm_mdmprxy_pkt_marker -p tcp --dport 5060 -j MARK --set-mark 0xf0002"
10-24 14:11:34.332  1551  1580 I QC-DS-LIB: ds_util.c 2845: ds_exec_internal(): [cpid:2214] Process exited normally with rc=0
10-24 14:11:34.333  1551  1580 I QC-DS-LIB: ds_util.c 2572: ds_exec_internal(): Executing command "ip6tables  -w -t mangle -I nm_mdmprxy_pkt_marker -p udp --dport 7275 -j MARK --set-mark 0xf0002 from /system/bin/ip6tables-wrapper-1.0 "
10-24 14:11:34.339  1551  1580 I QC-DS-LIB: ds_util.c 2661: ds_exec_internal(): [cpid:2217] Spawned child PID(2217) command:"ip6tables  -w -t mangle -I nm_mdmprxy_pkt_marker -p udp --dport 7275 -j MARK --set-mark 0xf0002"
10-24 14:11:34.359  1483  1719 E RILQ    : (0/1483): RIL[0][(1483,1719)] sendIndication: OemHookImpl::sendIndication indicationCb is null
10-24 14:11:34.362  1483  1719 I chatty  : uid=1001(radio) UimModule-Loope identical 3 lines
10-24 14:11:34.362  1483  1719 E RILQ    : (0/1483): RIL[0][(1483,1719)] sendIndication: OemHookImpl::sendIndication indicationCb is null
10-24 14:11:34.364  1525  1596 E RILQ    : (1/1525): RIL[1][(1525,1596)] get_ecc_property_name: ecc list name : ril.ecclist1.
10-24 14:11:34.364  1483  1719 E RILC    : simStatusChangedInd: radioService[0]->mRadioIndication == NULL
10-24 14:11:34.364  1525  1596 E RILQ    : (1/1525): RIL[1][(1525,1596)] get_ecc_property_name: ecc list name : ril.ecclist1.
10-24 14:11:34.365  1525  1949 E RILQ    : (1/1525): RIL[1][(1525,1949)] sendIndication: OemHookImpl::sendIndication indicationCb is null
10-24 14:11:34.365  1483  1600 E RILC    : cdmaPrlChangedInd: radioService[0]->mRadioIndication == NULL
10-24 14:11:34.366  1483  1600 E RILQ    : (0/1483): RIL[0][(1483,1600)] get_ecc_property_name: ecc list name : ril.ecclist.
10-24 14:11:34.366  1525  1949 E RILC    : simStatusChangedInd: radioService[0]->mRadioIndication == NULL
10-24 14:11:34.366  1483  1600 E RILQ    : (0/1483): RIL[0][(1483,1600)] get_ecc_property_name: ecc list name : ril.ecclist.
10-24 14:11:34.366  1525  1949 E RILQ    : (1/1525): RIL[1][(1525,1949)] sendIndication: OemHookImpl::sendIndication indicationCb is null
10-24 14:11:34.367  1525  1596 E RILQ    : (1/1525): RIL[1][(1525,1596)] get_ecc_property_name: ecc list name : ril.ecclist1.
10-24 14:11:34.367  1483  1600 E RILQ    : (0/1483): RIL[0][(1483,1600)] get_ecc_property_name: ecc list name : ril.ecclist.
10-24 14:11:34.370  1525  1596 E RILQ    : (1/1525): RIL[1][(1525,1596)] get_ecc_property_name: ecc list name : ril.ecclist1.
10-24 14:11:34.370  1483  1600 E RILQ    : (0/1483): RIL[0][(1483,1600)] get_ecc_property_name: ecc list name : ril.ecclist.
10-24 14:11:34.372  1525  1596 E RILQ    : (1/1525): RIL[1][(1525,1596)] get_ecc_property_name: ecc list name : ril.ecclist1.
10-24 14:11:34.373  1483  1600 E RILQ    : (0/1483): RIL[0][(1483,1600)] get_ecc_property_name: ecc list name : ril.ecclist.
10-24 14:11:34.376  1525  1596 E RILQ    : (1/1525): RIL[1][(1525,1596)] get_ecc_property_name: ecc list name : ril.ecclist1.
10-24 14:11:34.377  1483  1600 E RILQ    : (0/1483): RIL[0][(1483,1600)] get_ecc_property_name: ecc list name : ril.ecclist.
10-24 14:11:34.377  1551  1580 I QC-DS-LIB: ds_util.c 2845: ds_exec_internal(): [cpid:2217] Process exited normally with rc=0
10-24 14:11:34.378  1551  1580 I QC-DS-LIB: ds_util.c 2572: ds_exec_internal(): Executing command "ip6tables  -w -t mangle -I nm_mdmprxy_pkt_marker -j nm_mdmprxy_mngl_pre_ex from /system/bin/ip6tables-wrapper-1.0 "
10-24 14:11:34.382  1551  1580 I QC-DS-LIB: ds_util.c 2661: ds_exec_internal(): [cpid:2218] Spawned child PID(2218) command:"ip6tables  -w -t mangle -I nm_mdmprxy_pkt_marker -j nm_mdmprxy_mngl_pre_ex"
10-24 14:11:34.383  1551  1608 I QC-NETMGR-LIB: netmgr_netlink.c 1547: Received nl msg, recvmsg returned 1328
10-24 14:11:34.383  1551  1608 I QC-NETMGR-LIB: netmgr_exec.c 386: Received command: ID=NETMGR_KIF_MSG_CMD, link=0
10-24 14:11:34.383  1551  1608 I QC-NETMGR-LIB: netmgr_netlink.c 1547: Received nl msg, recvmsg returned 1328
10-24 14:11:34.383  1551  1608 I QC-NETMGR-LIB: netmgr_exec.c 386: Received command: ID=NETMGR_KIF_MSG_CMD, link=0
10-24 14:11:34.383  1551  1608 I QC-NETMGR-LIB: netmgr_netlink.c 1547: Received nl msg, recvmsg returned 1328
10-24 14:11:34.383  1551  1608 I QC-NETMGR-LIB: netmgr_exec.c 386: Received command: ID=NETMGR_KIF_MSG_CMD, link=0
10-24 14:11:34.384  1525  1596 E RILQ    : (1/1525): RIL[1][(1525,1596)] get_ecc_property_name: ecc list name : ril.ecclist1.
10-24 14:11:34.387  1525  1596 E RILQ    : (1/1525): RIL[1][(1525,1596)] get_ecc_property_name: ecc list name : ril.ecclist1.
10-24 14:11:34.387  1483  1600 E RILQ    : (0/1483): RIL[0][(1483,1600)] get_ecc_property_name: ecc list name : ril.ecclist.
10-24 14:11:34.390  1483  1600 E RILQ    : (0/1483): RIL[0][(1483,1600)] get_ecc_property_name: ecc list name : ril.ecclist.
10-24 14:11:34.395  1525  2009 E QC-DSI  : dsi_netctrl_init.c 116: dsi_init_query_netmgr 25 time
10-24 14:11:34.395  1525  2009 I QC-NETMGR-LIB: netmgr_netlink.c 684: Event=[13] link=[0] devname=[]
10-24 14:11:34.395  1525  2009 I QC-NETMGR-LIB: netmgr_unix.c 178: netmgr_unix_ipc_send_msg(): Successfully created UNIX socket
10-24 14:11:34.395  1525  2009 E QC-NETMGR-LIB: netmgr_unix.c 191: netmgr_unix_ipc_send_msg(): Unable to connect to UNIX socket - No such file or directory
10-24 14:11:34.395  1525  2009 E QC-NETMGR-LIB: netmgr_client.c 380: netmgr_client_send_ping_msg(): netmgr_unix_send_msg failed
10-24 14:11:34.396  1483  1816 E QC-DSI  : dsi_netctrl_init.c 116: dsi_init_query_netmgr 33 time
10-24 14:11:34.396  1483  1816 I QC-NETMGR-LIB: netmgr_netlink.c 684: Event=[13] link=[0] devname=[]
10-24 14:11:34.396  1483  1816 I QC-NETMGR-LIB: netmgr_unix.c 178: netmgr_unix_ipc_send_msg(): Successfully created UNIX socket
10-24 14:11:34.396  1483  1816 E QC-NETMGR-LIB: netmgr_unix.c 191: netmgr_unix_ipc_send_msg(): Unable to connect to UNIX socket - No such file or directory
10-24 14:11:34.396  1483  1816 E QC-NETMGR-LIB: netmgr_client.c 380: netmgr_client_send_ping_msg(): netmgr_unix_send_msg failed
10-24 14:11:34.418  1551  1580 I QC-DS-LIB: ds_util.c 2845: ds_exec_internal(): [cpid:2218] Process exited normally with rc=0
10-24 14:11:34.418  1551  1580 I QC-DS-LIB: ds_util.c 2572: ds_exec_internal(): Executing command "ip6tables  -w -t mangle -I nm_mdmprxy_pkt_marker -j nm_mdmprxy_mngl_pre_spi from /system/bin/ip6tables-wrapper-1.0 "
10-24 14:11:34.424  1551  1580 I QC-DS-LIB: ds_util.c 2661: ds_exec_internal(): [cpid:2227] Spawned child PID(2227) command:"ip6tables  -w -t mangle -I nm_mdmprxy_pkt_marker -j nm_mdmprxy_mngl_pre_spi"
10-24 14:11:34.457  1551  1580 I QC-DS-LIB: ds_util.c 2845: ds_exec_internal(): [cpid:2227] Process exited normally with rc=0
10-24 14:11:34.457  1551  1580 I QC-DS-LIB: ds_util.c 2572: ds_exec_internal(): Executing command "ip6tables  -w -t mangle -I nm_mdmprxy_pkt_marker -j nm_mdmprxy_mark_prov_chain from /system/bin/ip6tables-wrapper-1.0 "
10-24 14:11:34.464  1551  1580 I QC-DS-LIB: ds_util.c 2661: ds_exec_internal(): [cpid:2229] Spawned child PID(2229) command:"ip6tables  -w -t mangle -I nm_mdmprxy_pkt_marker -j nm_mdmprxy_mark_prov_chain"
10-24 14:11:34.495  1525  2009 E QC-DSI  : dsi_netctrl_init.c 116: dsi_init_query_netmgr 26 time
10-24 14:11:34.495  1525  2009 I QC-NETMGR-LIB: netmgr_netlink.c 684: Event=[13] link=[0] devname=[]
10-24 14:11:34.496  1525  2009 I QC-NETMGR-LIB: netmgr_unix.c 178: netmgr_unix_ipc_send_msg(): Successfully created UNIX socket
10-24 14:11:34.496  1525  2009 E QC-NETMGR-LIB: netmgr_unix.c 191: netmgr_unix_ipc_send_msg(): Unable to connect to UNIX socket - No such file or directory
10-24 14:11:34.496  1525  2009 E QC-NETMGR-LIB: netmgr_client.c 380: netmgr_client_send_ping_msg(): netmgr_unix_send_msg failed
10-24 14:11:34.496  1483  1816 E QC-DSI  : dsi_netctrl_init.c 116: dsi_init_query_netmgr 34 time
10-24 14:11:34.496  1483  1816 I QC-NETMGR-LIB: netmgr_netlink.c 684: Event=[13] link=[0] devname=[]
10-24 14:11:34.496  1483  1816 I QC-NETMGR-LIB: netmgr_unix.c 178: netmgr_unix_ipc_send_msg(): Successfully created UNIX socket
10-24 14:11:34.496  1483  1816 E QC-NETMGR-LIB: netmgr_unix.c 191: netmgr_unix_ipc_send_msg(): Unable to connect to UNIX socket - No such file or directory
10-24 14:11:34.496  1483  1816 E QC-NETMGR-LIB: netmgr_client.c 380: netmgr_client_send_ping_msg(): netmgr_unix_send_msg failed
10-24 14:11:34.498  1551  1580 I QC-DS-LIB: ds_util.c 2845: ds_exec_internal(): [cpid:2229] Process exited normally with rc=0
10-24 14:11:34.498  1551  1580 I QC-DS-LIB: ds_util.c 2572: ds_exec_internal(): Executing command "ip6tables  -w -t mangle -I nm_mdmprxy_pkt_marker -j nm_mdmprxy_mngl_pre from /system/bin/ip6tables-wrapper-1.0 "
10-24 14:11:34.504  1551  1580 I QC-DS-LIB: ds_util.c 2661: ds_exec_internal(): [cpid:2230] Spawned child PID(2230) command:"ip6tables  -w -t mangle -I nm_mdmprxy_pkt_marker -j nm_mdmprxy_mngl_pre"
10-24 14:11:34.540  1551  1580 I QC-DS-LIB: ds_util.c 2845: ds_exec_internal(): [cpid:2230] Process exited normally with rc=0
10-24 14:11:34.541  1551  1580 I QC-DS-LIB: ds_util.c 2572: ds_exec_internal(): Executing command "ip6tables  -w -t mangle -I nm_mdmprxy_pkt_marker -j CONNMARK --restore-mark from /system/bin/ip6tables-wrapper-1.0 "
10-24 14:11:34.541  1551  1612 I QC-NETMGR-LIB: netmgr_kif.c 7797: netmgr_kif_init_iface(): Disabling IPv6 on interface [rmnet_data6] : status [SUCCESS]
10-24 14:11:34.545  1551  1580 I QC-DS-LIB: ds_util.c 2661: ds_exec_internal(): [cpid:2231] Spawned child PID(2231) command:"ip6tables  -w -t mangle -I nm_mdmprxy_pkt_marker -j CONNMARK --restore-mark"
10-24 14:11:34.580  1551  1580 I QC-DS-LIB: ds_util.c 2845: ds_exec_internal(): [cpid:2231] Process exited normally with rc=0
10-24 14:11:34.580  1551  1612 I QC-NETMGR-LIB: netmgr_netlink.c 684: Event=[10] link=[6] devname=[]
10-24 14:11:34.580  1551  1612 I QC-NETMGR-LIB: netmgr_netlink.c 1474: Generated nl msg, sendmsg returned 24
10-24 14:11:34.580  1551  1612 I QC-NETMGR-LIB: netmgr_exec.c 193: Process command: ID=NETMGR_INITED_EV, link=7, state=0
10-24 14:11:34.580  1551  1612 I QC-NETMGR-LIB: netmgr_qmi.c 4703: initing QMI link[7]
10-24 14:11:34.581  1551  1612 I QC-NETMGR-LIB: netmgr_qmi.c 4386: netmgr_qmi_service_init: entry 
10-24 14:11:34.581  1551  1612 I QC-NETMGR-LIB: netmgr_qmi.c 4428: initializing IPv4 WDS client
10-24 14:11:34.581  1551  1612 I QC-DS-LIB: ds_util.c 2287: ds_get_target(): Target: [39] : [msmsteppe]
10-24 14:11:34.581  1525  2008 I QC-NETMGR-LIB: netmgr_netlink.c 1547: Received nl msg, recvmsg returned 24
10-24 14:11:34.581  1525  2008 I QC-NETMGR-LIB: netmgr_netlink.c 1325: Processing NETMGR_NL_EVENT
10-24 14:11:34.581  1525  2008 I QC-NETMGR-LIB: netmgr_netlink.c 740: Attribute: Event 0xa
10-24 14:11:34.581  1525  2008 I QC-NETMGR-LIB: netmgr_client.c 218: Notified client: hdl=0x0x75ecf7e0e8 event=10 link=0 flow=0x00000000
10-24 14:11:34.581  1525  1972 D QC-DSI  : dsi_netctrl_netmgr.c 578: dsi_netmgr_map_link: ENTRY
10-24 14:11:34.581  1525  1972 D QC-DSI  : dsi_netctrl_netmgr.c 605: netmgr link [0] maps to  dsi iface [0]
10-24 14:11:34.581  1525  1972 D QC-DSI  : dsi_netctrl_netmgr.c 611: dsi_netmgr_map_link: EXIT
10-24 14:11:34.581  1483  1815 I QC-NETMGR-LIB: netmgr_netlink.c 1547: Received nl msg, recvmsg returned 24
10-24 14:11:34.581  1525  1972 D QC-DSI  : dsi_netctrl_netmgr.c 762: dsi_process_netmgr_ev: ignoring event [10] dsi_inited [0]
10-24 14:11:34.581  1483  1815 I QC-NETMGR-LIB: netmgr_netlink.c 1325: Processing NETMGR_NL_EVENT
10-24 14:11:34.581  1483  1815 I QC-NETMGR-LIB: netmgr_netlink.c 740: Attribute: Event 0xa
10-24 14:11:34.581  1483  1815 I QC-NETMGR-LIB: netmgr_client.c 218: Notified client: hdl=0x0x7aa96bf0e8 event=10 link=0 flow=0x00000000
10-24 14:11:34.581  1483  1740 D QC-DSI  : dsi_netctrl_netmgr.c 578: dsi_netmgr_map_link: ENTRY
10-24 14:11:34.581  1483  1740 D QC-DSI  : dsi_netctrl_netmgr.c 605: netmgr link [0] maps to  dsi iface [0]
10-24 14:11:34.581  1483  1740 D QC-DSI  : dsi_netctrl_netmgr.c 611: dsi_netmgr_map_link: EXIT
10-24 14:11:34.581  1483  1740 D QC-DSI  : dsi_netctrl_netmgr.c 762: dsi_process_netmgr_ev: ignoring event [10] dsi_inited [0]
10-24 14:11:34.587  1551  1612 I QC-DS-LIB: ds_util.c 2287: ds_get_target(): Target: [39] : [msmsteppe]
10-24 14:11:34.587  1551  1612 I QC-DS-LIB: ds_util.c 1483: ds_get_epid(): entry: net_dev rmnet_ipa0
10-24 14:11:34.587  1551  1612 I QC-DS-LIB: ds_util.c 1506: ds_get_epid(): [success]: ep_type[4], epid[0x1]
10-24 14:11:34.588  1551  1580 I QC-DS-LIB: ds_util.c 2572: ds_exec_internal(): Executing command "iptables  -w -t mangle -A nm_mdmprxy_pkt_skmark -j RETURN from /system/bin/iptables-wrapper-1.0 "
10-24 14:11:34.594  1551  1580 I QC-DS-LIB: ds_util.c 2661: ds_exec_internal(): [cpid:2234] Spawned child PID(2234) command:"iptables  -w -t mangle -A nm_mdmprxy_pkt_skmark -j RETURN"
10-24 14:11:34.594  1551  1612 I QC-NETMGR-LIB: netmgr_qmi.c 3564: netmgr_qmi_wds_service_init(): Successfully initialized WDS client=0x26 on link=7
10-24 14:11:34.594  1551  1612 I QC-NETMGR-LIB: netmgr_qmi.c 3582: Successfully registered for ext IP config ind on IPv4 clnt_hndl=0x56c5b388c0
10-24 14:11:34.595  1551  1612 I QC-NETMGR-LIB: netmgr_qmi.c 4438: initializing IPv6 WDS client
10-24 14:11:34.596  1551  1612 I QC-DS-LIB: ds_util.c 2287: ds_get_target(): Target: [39] : [msmsteppe]
10-24 14:11:34.596  1525  2009 E QC-DSI  : dsi_netctrl_init.c 116: dsi_init_query_netmgr 27 time
10-24 14:11:34.596  1525  2009 I QC-NETMGR-LIB: netmgr_netlink.c 684: Event=[13] link=[0] devname=[]
10-24 14:11:34.597  1525  2009 I QC-NETMGR-LIB: netmgr_unix.c 178: netmgr_unix_ipc_send_msg(): Successfully created UNIX socket
10-24 14:11:34.597  1483  1816 E QC-DSI  : dsi_netctrl_init.c 116: dsi_init_query_netmgr 35 time
10-24 14:11:34.597  1483  1816 I QC-NETMGR-LIB: netmgr_netlink.c 684: Event=[13] link=[0] devname=[]
10-24 14:11:34.597  1525  2009 E QC-NETMGR-LIB: netmgr_unix.c 191: netmgr_unix_ipc_send_msg(): Unable to connect to UNIX socket - No such file or directory
10-24 14:11:34.597  1483  1816 I QC-NETMGR-LIB: netmgr_unix.c 178: netmgr_unix_ipc_send_msg(): Successfully created UNIX socket
10-24 14:11:34.597  1525  2009 E QC-NETMGR-LIB: netmgr_client.c 380: netmgr_client_send_ping_msg(): netmgr_unix_send_msg failed
10-24 14:11:34.597  1483  1816 E QC-NETMGR-LIB: netmgr_unix.c 191: netmgr_unix_ipc_send_msg(): Unable to connect to UNIX socket - No such file or directory
10-24 14:11:34.597  1483  1816 E QC-NETMGR-LIB: netmgr_client.c 380: netmgr_client_send_ping_msg(): netmgr_unix_send_msg failed
10-24 14:11:34.599  1551  1612 I QC-DS-LIB: ds_util.c 2287: ds_get_target(): Target: [39] : [msmsteppe]
10-24 14:11:34.599  1551  1612 I QC-DS-LIB: ds_util.c 1483: ds_get_epid(): entry: net_dev rmnet_ipa0
10-24 14:11:34.600  1551  1612 I QC-DS-LIB: ds_util.c 1506: ds_get_epid(): [success]: ep_type[4], epid[0x1]
10-24 14:11:34.602  1551  1612 I QC-NETMGR-LIB: netmgr_qmi.c 3564: netmgr_qmi_wds_service_init(): Successfully initialized WDS client=0x27 on link=7
10-24 14:11:34.602  1551  1612 I QC-NETMGR-LIB: netmgr_qmi.c 3582: Successfully registered for ext IP config ind on IPv6 clnt_hndl=0x56c5b388c8
10-24 14:11:34.603  1551  1612 I QC-NETMGR-LIB: netmgr_qmi.c 4452: The wds client ids [0x26/0x27]
10-24 14:11:34.603  1551  1612 I QC-DS-LIB: ds_util.c 2287: ds_get_target(): Target: [39] : [msmsteppe]
10-24 14:11:34.608  1551  1612 I QC-DS-LIB: ds_util.c 2287: ds_get_target(): Target: [39] : [msmsteppe]
10-24 14:11:34.608  1551  1612 I QC-DS-LIB: ds_util.c 1483: ds_get_epid(): entry: net_dev rmnet_ipa0
10-24 14:11:34.609  1551  1612 I QC-DS-LIB: ds_util.c 1506: ds_get_epid(): [success]: ep_type[4], epid[0x1]
10-24 14:11:34.618  1551  1612 I QC-DS-LIB: ds_util.c 2287: ds_get_target(): Target: [39] : [msmsteppe]
10-24 14:11:34.630  1551  1612 I QC-DS-LIB: ds_util.c 2287: ds_get_target(): Target: [39] : [msmsteppe]
10-24 14:11:34.630  1551  1612 I QC-DS-LIB: ds_util.c 1483: ds_get_epid(): entry: net_dev rmnet_ipa0
10-24 14:11:34.631  1551  1612 I QC-DS-LIB: ds_util.c 1506: ds_get_epid(): [success]: ep_type[4], epid[0x1]
10-24 14:11:34.633  1551  1612 I QC-NETMGR-LIB: netmgr_qmi.c 4504: The qos client ids [0x28/0x29]
10-24 14:11:34.633  1551  1612 I QC-NETMGR-LIB: netmgr_kif.c 4977: netmgr_kif link 7, device rmnet_data7 has ifindex 17
10-24 14:11:34.633  1551  1612 I QC-NETMGR-LIB: netmgr_kif.c 2439: netmgr_kif_extended_ioctl(): Calling extended IOCTL 0000 on [rmnet_ipa0]
10-24 14:11:34.633  1551  1612 I QC-NETMGR-LIB: netmgr_kif.c 2439: netmgr_kif_extended_ioctl(): Calling extended IOCTL 0005 on [rmnet_ipa0]
10-24 14:11:34.633  1551  1580 I QC-DS-LIB: ds_util.c 2845: ds_exec_internal(): [cpid:2234] Process exited normally with rc=0
10-24 14:11:34.633  1551  1580 I QC-DS-LIB: ds_util.c 2572: ds_exec_internal(): Executing command "iptables  -w -t mangle -A nm_mdmprxy_mark_prov_chain -p udp -m socket --transparent --nowildcard --restore-skmark -j nm_mdmprxy_pkt_skmark from /system/bin/iptables-wrapper-1.0 "
10-24 14:11:34.639  1551  1580 I QC-DS-LIB: ds_util.c 2661: ds_exec_internal(): [cpid:2238] Spawned child PID(2238) command:"iptables  -w -t mangle -A nm_mdmprxy_mark_prov_chain -p udp -m socket --transparent --nowildcard --restore-skmark -j nm_mdmprxy_pkt_skmark"
10-24 14:11:34.680  1551  1580 I QC-DS-LIB: ds_util.c 2845: ds_exec_internal(): [cpid:2238] Process exited normally with rc=0
10-24 14:11:34.680  1551  1580 I QC-DS-LIB: ds_util.c 2572: ds_exec_internal(): Executing command "iptables  -w -I OUTPUT -o rmnet_data7 -p udp --dport 1900 -j DROP from /system/bin/iptables-wrapper-1.0 "
10-24 14:11:34.686  1551  1580 I QC-DS-LIB: ds_util.c 2661: ds_exec_internal(): [cpid:2239] Spawned child PID(2239) command:"iptables  -w -I OUTPUT -o rmnet_data7 -p udp --dport 1900 -j DROP"
10-24 14:11:34.697  1525  2009 E QC-DSI  : dsi_netctrl_init.c 116: dsi_init_query_netmgr 28 time
10-24 14:11:34.697  1483  1816 E QC-DSI  : dsi_netctrl_init.c 116: dsi_init_query_netmgr 36 time
10-24 14:11:34.697  1525  2009 I QC-NETMGR-LIB: netmgr_netlink.c 684: Event=[13] link=[0] devname=[]
10-24 14:11:34.697  1483  1816 I QC-NETMGR-LIB: netmgr_netlink.c 684: Event=[13] link=[0] devname=[]
10-24 14:11:34.697  1525  2009 I QC-NETMGR-LIB: netmgr_unix.c 178: netmgr_unix_ipc_send_msg(): Successfully created UNIX socket
10-24 14:11:34.697  1525  2009 E QC-NETMGR-LIB: netmgr_unix.c 191: netmgr_unix_ipc_send_msg(): Unable to connect to UNIX socket - No such file or directory
10-24 14:11:34.697  1525  2009 E QC-NETMGR-LIB: netmgr_client.c 380: netmgr_client_send_ping_msg(): netmgr_unix_send_msg failed
10-24 14:11:34.699  1483  1816 I QC-NETMGR-LIB: netmgr_unix.c 178: netmgr_unix_ipc_send_msg(): Successfully created UNIX socket
10-24 14:11:34.699  1483  1816 E QC-NETMGR-LIB: netmgr_unix.c 191: netmgr_unix_ipc_send_msg(): Unable to connect to UNIX socket - No such file or directory
10-24 14:11:34.700  1483  1816 E QC-NETMGR-LIB: netmgr_client.c 380: netmgr_client_send_ping_msg(): netmgr_unix_send_msg failed
10-24 14:11:34.732  1551  1608 I QC-NETMGR-LIB: netmgr_netlink.c 1547: Received nl msg, recvmsg returned 1292
10-24 14:11:34.733  1551  1608 I QC-NETMGR-LIB: netmgr_exec.c 386: Received command: ID=NETMGR_KIF_MSG_CMD, link=0
10-24 14:11:34.741  1551  1608 I QC-NETMGR-LIB: netmgr_netlink.c 1547: Received nl msg, recvmsg returned 1292
10-24 14:11:34.741  1551  1608 I QC-NETMGR-LIB: netmgr_exec.c 386: Received command: ID=NETMGR_KIF_MSG_CMD, link=0
10-24 14:11:34.743  1551  1580 I QC-DS-LIB: ds_util.c 2845: ds_exec_internal(): [cpid:2239] Process exited normally with rc=0
10-24 14:11:34.743  1551  1580 I QC-DS-LIB: ds_util.c 2572: ds_exec_internal(): Executing command "iptables  -w -t mangle -A nm_mdmprxy_mark_prov_chain -p tcp -m socket --transparent --nowildcard --restore-skmark -j nm_mdmprxy_pkt_skmark from /system/bin/iptables-wrapper-1.0 "
10-24 14:11:34.743  1551  1612 I QC-NETMGR-LIB: netmgr_kif.c 10824: netmgr_kif_set_ssdp_rule_on_iface(): Command returns 0. cmd: iptables  -w -I OUTPUT -o rmnet_data7 -p udp --dport 1900 -j DROP
10-24 14:11:34.749  1551  1580 I QC-DS-LIB: ds_util.c 2661: ds_exec_internal(): [cpid:2240] Spawned child PID(2240) command:"iptables  -w -t mangle -A nm_mdmprxy_mark_prov_chain -p tcp -m socket --transparent --nowildcard --restore-skmark -j nm_mdmprxy_pkt_skmark"
10-24 14:11:34.777  1551  1580 I QC-DS-LIB: ds_util.c 2845: ds_exec_internal(): [cpid:2240] Process exited normally with rc=0
10-24 14:11:34.779  1551  1580 I QC-DS-LIB: ds_util.c 2572: ds_exec_internal(): Executing command "ip6tables  -w -t mangle -A nm_mdmprxy_pkt_skmark -j RETURN from /system/bin/ip6tables-wrapper-1.0 "
10-24 14:11:34.784  1551  1580 I QC-DS-LIB: ds_util.c 2661: ds_exec_internal(): [cpid:2241] Spawned child PID(2241) command:"ip6tables  -w -t mangle -A nm_mdmprxy_pkt_skmark -j RETURN"
10-24 14:11:34.798  1525  2009 E QC-DSI  : dsi_netctrl_init.c 116: dsi_init_query_netmgr 29 time
10-24 14:11:34.798  1525  2009 I QC-NETMGR-LIB: netmgr_netlink.c 684: Event=[13] link=[0] devname=[]
10-24 14:11:34.798  1525  2009 I QC-NETMGR-LIB: netmgr_unix.c 178: netmgr_unix_ipc_send_msg(): Successfully created UNIX socket
10-24 14:11:34.798  1525  2009 E QC-NETMGR-LIB: netmgr_unix.c 191: netmgr_unix_ipc_send_msg(): Unable to connect to UNIX socket - No such file or directory
10-24 14:11:34.798  1525  2009 E QC-NETMGR-LIB: netmgr_client.c 380: netmgr_client_send_ping_msg(): netmgr_unix_send_msg failed
10-24 14:11:34.800  1483  1816 E QC-DSI  : dsi_netctrl_init.c 116: dsi_init_query_netmgr 37 time
10-24 14:11:34.800  1483  1816 I QC-NETMGR-LIB: netmgr_netlink.c 684: Event=[13] link=[0] devname=[]
10-24 14:11:34.800  1483  1816 I QC-NETMGR-LIB: netmgr_unix.c 178: netmgr_unix_ipc_send_msg(): Successfully created UNIX socket
10-24 14:11:34.800  1483  1816 E QC-NETMGR-LIB: netmgr_unix.c 191: netmgr_unix_ipc_send_msg(): Unable to connect to UNIX socket - No such file or directory
10-24 14:11:34.800  1483  1816 E QC-NETMGR-LIB: netmgr_client.c 380: netmgr_client_send_ping_msg(): netmgr_unix_send_msg failed
10-24 14:11:34.815  1551  1580 I QC-DS-LIB: ds_util.c 2845: ds_exec_internal(): [cpid:2241] Process exited normally with rc=0
10-24 14:11:34.815  1551  1580 I QC-DS-LIB: ds_util.c 2572: ds_exec_internal(): Executing command "ip6tables  -w -t mangle -A nm_mdmprxy_mark_prov_chain -p udp -m socket --transparent --nowildcard --restore-skmark -j nm_mdmprxy_pkt_skmark from /system/bin/ip6tables-wrapper-1.0 "
10-24 14:11:34.821  1551  1608 I QC-NETMGR-LIB: netmgr_netlink.c 1547: Received nl msg, recvmsg returned 1328
10-24 14:11:34.821  1551  1580 I QC-DS-LIB: ds_util.c 2661: ds_exec_internal(): [cpid:2242] Spawned child PID(2242) command:"ip6tables  -w -t mangle -A nm_mdmprxy_mark_prov_chain -p udp -m socket --transparent --nowildcard --restore-skmark -j nm_mdmprxy_pkt_skmark"
10-24 14:11:34.821  1551  1608 I QC-NETMGR-LIB: netmgr_exec.c 386: Received command: ID=NETMGR_KIF_MSG_CMD, link=0
10-24 14:11:34.821  1551  1608 I QC-NETMGR-LIB: netmgr_netlink.c 1547: Received nl msg, recvmsg returned 1328
10-24 14:11:34.821  1551  1608 I QC-NETMGR-LIB: netmgr_exec.c 386: Received command: ID=NETMGR_KIF_MSG_CMD, link=0
10-24 14:11:34.821  1551  1608 I QC-NETMGR-LIB: netmgr_netlink.c 1547: Received nl msg, recvmsg returned 1328
10-24 14:11:34.821  1551  1608 I QC-NETMGR-LIB: netmgr_exec.c 386: Received command: ID=NETMGR_KIF_MSG_CMD, link=0
10-24 14:11:34.850  1551  1580 I QC-DS-LIB: ds_util.c 2845: ds_exec_internal(): [cpid:2242] Process exited normally with rc=0
10-24 14:11:34.850  1551  1580 I QC-DS-LIB: ds_util.c 2572: ds_exec_internal(): Executing command "ip6tables  -w -t mangle -A nm_mdmprxy_mark_prov_chain -p tcp -m socket --transparent --nowildcard --restore-skmark -j nm_mdmprxy_pkt_skmark from /system/bin/ip6tables-wrapper-1.0 "
10-24 14:11:34.855  1551  1580 I QC-DS-LIB: ds_util.c 2661: ds_exec_internal(): [cpid:2243] Spawned child PID(2243) command:"ip6tables  -w -t mangle -A nm_mdmprxy_mark_prov_chain -p tcp -m socket --transparent --nowildcard --restore-skmark -j nm_mdmprxy_pkt_skmark"
10-24 14:11:34.880  1551  1580 I QC-DS-LIB: ds_util.c 2845: ds_exec_internal(): [cpid:2243] Process exited normally with rc=0
10-24 14:11:34.880  1551  1551 I QC-NETMGR-LIB: nm_mdmprxy_socket_mark_provider.c 4498: nm_mdmprxy_socket_mark_init_qmi_clients(): QMI Client is already initialized; skipping
10-24 14:11:34.881  1551  1612 I QC-NETMGR-LIB: netmgr_kif.c 7797: netmgr_kif_init_iface(): Disabling IPv6 on interface [rmnet_data7] : status [SUCCESS]
10-24 14:11:34.882  1551  1612 I QC-NETMGR-LIB: netmgr_netlink.c 684: Event=[10] link=[7] devname=[]
10-24 14:11:34.882  1551  1612 I QC-NETMGR-LIB: netmgr_netlink.c 1474: Generated nl msg, sendmsg returned 24
10-24 14:11:34.882  1551  1612 I QC-NETMGR-LIB: netmgr_exec.c 193: Process command: ID=NETMGR_INITED_EV, link=8, state=0
10-24 14:11:34.882  1551  1612 I QC-NETMGR-LIB: netmgr_qmi.c 4703: initing QMI link[8]
10-24 14:11:34.882  1551  1612 I QC-NETMGR-LIB: netmgr_qmi.c 4386: netmgr_qmi_service_init: entry 
10-24 14:11:34.882  1551  1612 I QC-NETMGR-LIB: netmgr_qmi.c 4428: initializing IPv4 WDS client
10-24 14:11:34.882  1551  1612 I QC-DS-LIB: ds_util.c 2287: ds_get_target(): Target: [39] : [msmsteppe]
10-24 14:11:34.882  1525  2008 I QC-NETMGR-LIB: netmgr_netlink.c 1547: Received nl msg, recvmsg returned 24
10-24 14:11:34.882  1525  2008 I QC-NETMGR-LIB: netmgr_netlink.c 1325: Processing NETMGR_NL_EVENT
10-24 14:11:34.882  1525  2008 I QC-NETMGR-LIB: netmgr_netlink.c 740: Attribute: Event 0xa
10-24 14:11:34.882  1525  2008 I QC-NETMGR-LIB: netmgr_client.c 218: Notified client: hdl=0x0x75ecf7e0e8 event=10 link=0 flow=0x00000000
10-24 14:11:34.882  1525  1972 D QC-DSI  : dsi_netctrl_netmgr.c 578: dsi_netmgr_map_link: ENTRY
10-24 14:11:34.882  1525  1972 D QC-DSI  : dsi_netctrl_netmgr.c 605: netmgr link [0] maps to  dsi iface [0]
10-24 14:11:34.882  1483  1815 I QC-NETMGR-LIB: netmgr_netlink.c 1547: Received nl msg, recvmsg returned 24
10-24 14:11:34.882  1525  1972 D QC-DSI  : dsi_netctrl_netmgr.c 611: dsi_netmgr_map_link: EXIT
10-24 14:11:34.882  1525  1972 D QC-DSI  : dsi_netctrl_netmgr.c 762: dsi_process_netmgr_ev: ignoring event [10] dsi_inited [0]
10-24 14:11:34.882  1483  1815 I QC-NETMGR-LIB: netmgr_netlink.c 1325: Processing NETMGR_NL_EVENT
10-24 14:11:34.882  1483  1815 I QC-NETMGR-LIB: netmgr_netlink.c 740: Attribute: Event 0xa
10-24 14:11:34.882  1551  1551 I QC-NETMGR-LIB: nm_mdmprxy_main.c 1118: L2S[pname:netmgrd pid:1551 tid:1551 type:ME fname:nm_mdmprxy_init iface_id:-1 msg:"init completed"]
10-24 14:11:34.882  1551  1551 I QC-NETMGR-LIB: netmgr_cb.c 337: netmgr_print_cb_table(): Function Table: ROOT
10-24 14:11:34.882  1551  1551 I QC-NETMGR-LIB: netmgr_cb.c 337: netmgr_print_cb_table(): Function Table: MAIN
10-24 14:11:34.882  1483  1815 I QC-NETMGR-LIB: netmgr_client.c 218: Notified client: hdl=0x0x7aa96bf0e8 event=10 link=0 flow=0x00000000
10-24 14:11:34.882  1551  1551 I QC-NETMGR-LIB: netmgr_cb.c 343: netmgr_print_cb_table(): - Function Chain: SIGUSR1
10-24 14:11:34.882  1551  1551 I QC-NETMGR-LIB: netmgr_cb.c 348: netmgr_print_cb_table(): - - Function Entry: CONFIG @ 0x56c5a7bbc4
10-24 14:11:34.882  1551  1551 I QC-NETMGR-LIB: netmgr_cb.c 348: netmgr_print_cb_table(): - - Function Entry: KIF @ 0x56c5a072dc
10-24 14:11:34.882  1551  1551 I QC-NETMGR-LIB: netmgr_cb.c 348: netmgr_print_cb_table(): - - Function Entry: MODEM_PROXY @ 0x56c5ad3614
