10-24 14:11:35.729  1551  1612 I QC-NETMGR-LIB: netmgr_kif.c 5557: not IFF_UP change, ignoring
10-24 14:11:35.729  1551  1612 I QC-NETMGR-LIB: netmgr_exec.c 193: Process command: ID=NETMGR_KIF_MSG_CMD, link=0, state=1
10-24 14:11:35.729  1551  1612 I QC-NETMGR-LIB: netmgr_netlink.c 1353: Processing RTM_NEWLINK
10-24 14:11:35.729  1551  1612 I QC-NETMGR-LIB: netmgr_netlink.c 914: Metainfo:  Index=24 Family=0 Type=0x207 Change=[0x0] Flags=[0x0]
10-24 14:11:35.729  1551  1612 I QC-NETMGR-LIB: netmgr_kif.c 5844: Rcvd Netlink msg type [16]
10-24 14:11:35.729  1551  1612 I QC-NETMGR-LIB: netmgr_kif.c 5357: Received RTM_NEWLINK
10-24 14:11:35.729  1551  1612 I QC-NETMGR-LIB: netmgr_kif.c 5169: netmgr_kif_is_ifindex_wlan(): input ifindex=24, wlan0 ifindex=30
10-24 14:11:35.729  1551  1612 I QC-NETMGR-LIB: netmgr_kif.c 5557: not IFF_UP change, ignoring
10-24 14:11:35.729  1551  1612 I QC-NETMGR-LIB: netmgr_exec.c 193: Process command: ID=NETMGR_KIF_MSG_CMD, link=0, state=1
10-24 14:11:35.729  1551  1612 I QC-NETMGR-LIB: netmgr_netlink.c 1353: Processing RTM_NEWLINK
10-24 14:11:35.729  1551  1612 I QC-NETMGR-LIB: netmgr_netlink.c 914: Metainfo:  Index=25 Family=0 Type=0x207 Change=[0x0] Flags=[0x0]
10-24 14:11:35.729  1551  1612 I QC-NETMGR-LIB: netmgr_kif.c 5844: Rcvd Netlink msg type [16]
10-24 14:11:35.729  1551  1612 I QC-NETMGR-LIB: netmgr_kif.c 5357: Received RTM_NEWLINK
10-24 14:11:35.729  1551  1612 I QC-NETMGR-LIB: netmgr_kif.c 5169: netmgr_kif_is_ifindex_wlan(): input ifindex=25, wlan0 ifindex=30
10-24 14:11:35.729  1551  1612 I QC-NETMGR-LIB: netmgr_kif.c 5557: not IFF_UP change, ignoring
10-24 14:11:35.729  1551  1612 I QC-NETMGR-LIB: netmgr_exec.c 193: Process command: ID=NETMGR_KIF_MSG_CMD, link=0, state=1
10-24 14:11:35.729  1551  1612 I QC-NETMGR-LIB: netmgr_netlink.c 1353: Processing RTM_NEWLINK
10-24 14:11:35.729  1551  1612 I QC-NETMGR-LIB: netmgr_netlink.c 914: Metainfo:  Index=25 Family=0 Type=0x207 Change=[0x0] Flags=[0x0]
10-24 14:11:35.729  1551  1612 I QC-NETMGR-LIB: netmgr_kif.c 5844: Rcvd Netlink msg type [16]
10-24 14:11:35.729  1551  1612 I QC-NETMGR-LIB: netmgr_kif.c 5357: Received RTM_NEWLINK
10-24 14:11:35.729  1551  1612 I QC-NETMGR-LIB: netmgr_kif.c 5169: netmgr_kif_is_ifindex_wlan(): input ifindex=25, wlan0 ifindex=30
10-24 14:11:35.729  1551  1612 I QC-NETMGR-LIB: netmgr_kif.c 5557: not IFF_UP change, ignoring
10-24 14:11:35.729  1551  1612 I QC-NETMGR-LIB: netmgr_exec.c 193: Process command: ID=NETMGR_KIF_MSG_CMD, link=0, state=1
10-24 14:11:35.729  1551  1612 I QC-NETMGR-LIB: netmgr_netlink.c 1353: Processing RTM_NEWLINK
10-24 14:11:35.729  1551  1612 I QC-NETMGR-LIB: netmgr_netlink.c 914: Metainfo:  Index=25 Family=0 Type=0x207 Change=[0x0] Flags=[0x0]
10-24 14:11:35.729  1551  1612 I QC-NETMGR-LIB: netmgr_kif.c 5844: Rcvd Netlink msg type [16]
10-24 14:11:35.729  1551  1612 I QC-NETMGR-LIB: netmgr_kif.c 5357: Received RTM_NEWLINK
10-24 14:11:35.729  1551  1612 I QC-NETMGR-LIB: netmgr_kif.c 5169: netmgr_kif_is_ifindex_wlan(): input ifindex=25, wlan0 ifindex=30
10-24 14:11:35.729  1551  1612 I QC-NETMGR-LIB: netmgr_kif.c 5557: not IFF_UP change, ignoring
10-24 14:11:35.729  1551  1612 I QC-NETMGR-LIB: netmgr_exec.c 193: Process command: ID=NETMGR_KIF_MSG_CMD, link=0, state=1
10-24 14:11:35.729  1551  1612 I QC-NETMGR-LIB: netmgr_netlink.c 1353: Processing RTM_NEWLINK
10-24 14:11:35.729  1551  1612 I QC-NETMGR-LIB: netmgr_netlink.c 914: Metainfo:  Index=26 Family=0 Type=0x207 Change=[0x0] Flags=[0x0]
10-24 14:11:35.729  1551  1612 I QC-NETMGR-LIB: netmgr_kif.c 5844: Rcvd Netlink msg type [16]
10-24 14:11:35.729  1551  1612 I QC-NETMGR-LIB: netmgr_kif.c 5357: Received RTM_NEWLINK
10-24 14:11:35.730  1551  1612 I QC-NETMGR-LIB: netmgr_kif.c 5169: netmgr_kif_is_ifindex_wlan(): input ifindex=26, wlan0 ifindex=30
10-24 14:11:35.730  1551  1612 I QC-NETMGR-LIB: netmgr_kif.c 5557: not IFF_UP change, ignoring
10-24 14:11:35.730  1551  1612 I QC-NETMGR-LIB: netmgr_exec.c 193: Process command: ID=NETMGR_KIF_MSG_CMD, link=0, state=1
10-24 14:11:35.731  1551  1612 I QC-NETMGR-LIB: netmgr_netlink.c 1353: Processing RTM_NEWLINK
10-24 14:11:35.731  1551  1612 I QC-NETMGR-LIB: netmgr_netlink.c 914: Metainfo:  Index=26 Family=0 Type=0x207 Change=[0x0] Flags=[0x0]
10-24 14:11:35.731  1551  1612 I QC-NETMGR-LIB: netmgr_kif.c 5844: Rcvd Netlink msg type [16]
10-24 14:11:35.731  1551  1612 I QC-NETMGR-LIB: netmgr_kif.c 5357: Received RTM_NEWLINK
10-24 14:11:35.731  1551  1612 I QC-NETMGR-LIB: netmgr_kif.c 5169: netmgr_kif_is_ifindex_wlan(): input ifindex=26, wlan0 ifindex=30
10-24 14:11:35.731  1551  1612 I QC-NETMGR-LIB: netmgr_kif.c 5557: not IFF_UP change, ignoring
10-24 14:11:35.731  1551  1612 I QC-NETMGR-LIB: netmgr_exec.c 193: Process command: ID=NETMGR_KIF_MSG_CMD, link=0, state=1
10-24 14:11:35.731  1551  1612 I QC-NETMGR-LIB: netmgr_netlink.c 1353: Processing RTM_NEWLINK
10-24 14:11:35.732  1551  1612 I QC-NETMGR-LIB: netmgr_netlink.c 914: Metainfo:  Index=26 Family=0 Type=0x207 Change=[0x0] Flags=[0x0]
10-24 14:11:35.732  1551  1612 I QC-NETMGR-LIB: netmgr_kif.c 5844: Rcvd Netlink msg type [16]
10-24 14:11:35.732  1551  1612 I QC-NETMGR-LIB: netmgr_kif.c 5357: Received RTM_NEWLINK
10-24 14:11:35.732  1551  1612 I QC-NETMGR-LIB: netmgr_kif.c 5169: netmgr_kif_is_ifindex_wlan(): input ifindex=26, wlan0 ifindex=30
10-24 14:11:35.732  1551  1612 I QC-NETMGR-LIB: netmgr_kif.c 5557: not IFF_UP change, ignoring
10-24 14:11:35.732  1551  1612 I QC-NETMGR-LIB: netmgr_exec.c 193: Process command: ID=NETMGR_KIF_MSG_CMD, link=0, state=1
10-24 14:11:35.732  1551  1612 I QC-NETMGR-LIB: netmgr_netlink.c 1353: Processing RTM_NEWLINK
10-24 14:11:35.732  1551  1612 I QC-NETMGR-LIB: netmgr_netlink.c 914: Metainfo:  Index=27 Family=0 Type=0x207 Change=[0x0] Flags=[0x0]
10-24 14:11:35.732  1551  1612 I QC-NETMGR-LIB: netmgr_kif.c 5844: Rcvd Netlink msg type [16]
10-24 14:11:35.732  1551  1612 I QC-NETMGR-LIB: netmgr_kif.c 5357: Received RTM_NEWLINK
10-24 14:11:35.733  1551  1612 I QC-NETMGR-LIB: netmgr_kif.c 5169: netmgr_kif_is_ifindex_wlan(): input ifindex=27, wlan0 ifindex=30
10-24 14:11:35.733  1551  1612 I QC-NETMGR-LIB: netmgr_kif.c 5557: not IFF_UP change, ignoring
10-24 14:11:35.733  1551  1612 I QC-NETMGR-LIB: netmgr_exec.c 193: Process command: ID=NETMGR_KIF_MSG_CMD, link=0, state=1
10-24 14:11:35.733  1551  1612 I QC-NETMGR-LIB: netmgr_netlink.c 1353: Processing RTM_NEWLINK
10-24 14:11:35.733  1551  1612 I QC-NETMGR-LIB: netmgr_netlink.c 914: Metainfo:  Index=27 Family=0 Type=0x207 Change=[0x0] Flags=[0x0]
10-24 14:11:35.733  1551  1612 I QC-NETMGR-LIB: netmgr_kif.c 5844: Rcvd Netlink msg type [16]
10-24 14:11:35.733  1551  1612 I QC-NETMGR-LIB: netmgr_kif.c 5357: Received RTM_NEWLINK
10-24 14:11:35.733  1551  1612 I QC-NETMGR-LIB: netmgr_kif.c 5169: netmgr_kif_is_ifindex_wlan(): input ifindex=27, wlan0 ifindex=30
10-24 14:11:35.733  1551  1612 I QC-NETMGR-LIB: netmgr_kif.c 5557: not IFF_UP change, ignoring
10-24 14:11:35.733  1551  1612 I QC-NETMGR-LIB: netmgr_exec.c 193: Process command: ID=NETMGR_KIF_MSG_CMD, link=0, state=1
10-24 14:11:35.733  1551  1612 I QC-NETMGR-LIB: netmgr_netlink.c 1353: Processing RTM_NEWLINK
10-24 14:11:35.733  1551  1612 I QC-NETMGR-LIB: netmgr_netlink.c 914: Metainfo:  Index=27 Family=0 Type=0x207 Change=[0x0] Flags=[0x0]
10-24 14:11:35.733  1551  1612 I QC-NETMGR-LIB: netmgr_kif.c 5844: Rcvd Netlink msg type [16]
10-24 14:11:35.733  1551  1612 I QC-NETMGR-LIB: netmgr_kif.c 5357: Received RTM_NEWLINK
10-24 14:11:35.734  1551  1612 I QC-NETMGR-LIB: netmgr_kif.c 5169: netmgr_kif_is_ifindex_wlan(): input ifindex=27, wlan0 ifindex=30
10-24 14:11:35.734  1551  1612 I QC-NETMGR-LIB: netmgr_kif.c 5557: not IFF_UP change, ignoring
10-24 14:11:35.734  1551  1612 I QC-NETMGR-LIB: netmgr_exec.c 193: Process command: ID=NETMGR_KIF_MSG_CMD, link=0, state=1
10-24 14:11:35.734  1551  1612 I QC-NETMGR-LIB: netmgr_netlink.c 1353: Processing RTM_NEWLINK
10-24 14:11:35.734  1551  1612 I QC-NETMGR-LIB: netmgr_netlink.c 914: Metainfo:  Index=28 Family=0 Type=0x207 Change=[0x0] Flags=[0x0]
10-24 14:11:35.734  1551  1612 I QC-NETMGR-LIB: netmgr_kif.c 5844: Rcvd Netlink msg type [16]
10-24 14:11:35.734  1551  1612 I QC-NETMGR-LIB: netmgr_kif.c 5357: Received RTM_NEWLINK
10-24 14:11:35.734  1551  1612 I QC-NETMGR-LIB: netmgr_kif.c 5169: netmgr_kif_is_ifindex_wlan(): input ifindex=28, wlan0 ifindex=30
10-24 14:11:35.734  1551  1612 I QC-NETMGR-LIB: netmgr_kif.c 5557: not IFF_UP change, ignoring
10-24 14:11:35.734  1551  1612 I QC-NETMGR-LIB: netmgr_exec.c 193: Process command: ID=NETMGR_KIF_MSG_CMD, link=0, state=1
10-24 14:11:35.734  1551  1612 I QC-NETMGR-LIB: netmgr_netlink.c 1353: Processing RTM_NEWLINK
10-24 14:11:35.734  1551  1612 I QC-NETMGR-LIB: netmgr_netlink.c 914: Metainfo:  Index=28 Family=0 Type=0x207 Change=[0x0] Flags=[0x0]
10-24 14:11:35.734  1551  1612 I QC-NETMGR-LIB: netmgr_kif.c 5844: Rcvd Netlink msg type [16]
10-24 14:11:35.734  1551  1612 I QC-NETMGR-LIB: netmgr_kif.c 5357: Received RTM_NEWLINK
10-24 14:11:35.734  1551  1612 I QC-NETMGR-LIB: netmgr_kif.c 5169: netmgr_kif_is_ifindex_wlan(): input ifindex=28, wlan0 ifindex=30
10-24 14:11:35.734  1551  1612 I QC-NETMGR-LIB: netmgr_kif.c 5557: not IFF_UP change, ignoring
10-24 14:11:35.735  1551  1612 I QC-NETMGR-LIB: netmgr_exec.c 193: Process command: ID=NETMGR_KIF_MSG_CMD, link=0, state=1
10-24 14:11:35.735  1551  1612 I QC-NETMGR-LIB: netmgr_netlink.c 1353: Processing RTM_NEWLINK
10-24 14:11:35.735  1551  1612 I QC-NETMGR-LIB: netmgr_netlink.c 914: Metainfo:  Index=28 Family=0 Type=0x207 Change=[0x0] Flags=[0x0]
10-24 14:11:35.735  1551  1612 I QC-NETMGR-LIB: netmgr_kif.c 5844: Rcvd Netlink msg type [16]
10-24 14:11:35.735  1551  1612 I QC-NETMGR-LIB: netmgr_kif.c 5357: Received RTM_NEWLINK
10-24 14:11:35.735  1551  1612 I QC-NETMGR-LIB: netmgr_kif.c 5169: netmgr_kif_is_ifindex_wlan(): input ifindex=28, wlan0 ifindex=30
10-24 14:11:35.735  1551  1612 I QC-NETMGR-LIB: netmgr_kif.c 5557: not IFF_UP change, ignoring
10-24 14:11:35.735  1551  1612 I QC-NETMGR-LIB: netmgr_exec.c 193: Process command: ID=NETMGR_KIF_MSG_CMD, link=0, state=1
10-24 14:11:35.735  1551  1612 I QC-NETMGR-LIB: netmgr_netlink.c 1353: Processing RTM_NEWLINK
10-24 14:11:35.735  1551  1612 I QC-NETMGR-LIB: netmgr_netlink.c 914: Metainfo:  Index=29 Family=0 Type=0x207 Change=[0x0] Flags=[0x0]
10-24 14:11:35.735  1551  1612 I QC-NETMGR-LIB: netmgr_kif.c 5844: Rcvd Netlink msg type [16]
10-24 14:11:35.735  1551  1612 I QC-NETMGR-LIB: netmgr_kif.c 5357: Received RTM_NEWLINK
10-24 14:11:35.736  1551  1612 I QC-NETMGR-LIB: netmgr_kif.c 5169: netmgr_kif_is_ifindex_wlan(): input ifindex=29, wlan0 ifindex=30
10-24 14:11:35.736  1551  1612 I QC-NETMGR-LIB: netmgr_kif.c 5557: not IFF_UP change, ignoring
10-24 14:11:35.736  1551  1612 I QC-NETMGR-LIB: netmgr_exec.c 193: Process command: ID=NETMGR_KIF_MSG_CMD, link=0, state=1
10-24 14:11:35.736  1551  1612 I QC-NETMGR-LIB: netmgr_netlink.c 1353: Processing RTM_NEWLINK
10-24 14:11:35.736  1551  1612 I QC-NETMGR-LIB: netmgr_netlink.c 914: Metainfo:  Index=29 Family=0 Type=0x207 Change=[0x0] Flags=[0x0]
10-24 14:11:35.736  1551  1612 I QC-NETMGR-LIB: netmgr_kif.c 5844: Rcvd Netlink msg type [16]
10-24 14:11:35.736  1551  1612 I QC-NETMGR-LIB: netmgr_kif.c 5357: Received RTM_NEWLINK
10-24 14:11:35.736  1551  1612 I QC-NETMGR-LIB: netmgr_kif.c 5169: netmgr_kif_is_ifindex_wlan(): input ifindex=29, wlan0 ifindex=30
10-24 14:11:35.736  1551  1612 I QC-NETMGR-LIB: netmgr_kif.c 5557: not IFF_UP change, ignoring
10-24 14:11:35.736  1551  1612 I QC-NETMGR-LIB: netmgr_exec.c 193: Process command: ID=NETMGR_KIF_MSG_CMD, link=0, state=1
10-24 14:11:35.737  1551  1612 I QC-NETMGR-LIB: netmgr_netlink.c 1353: Processing RTM_NEWLINK
10-24 14:11:35.737  1551  1612 I QC-NETMGR-LIB: netmgr_netlink.c 914: Metainfo:  Index=29 Family=0 Type=0x207 Change=[0x0] Flags=[0x0]
10-24 14:11:35.737  1551  1612 I QC-NETMGR-LIB: netmgr_kif.c 5844: Rcvd Netlink msg type [16]
10-24 14:11:35.737  1551  1612 I QC-NETMGR-LIB: netmgr_kif.c 5357: Received RTM_NEWLINK
10-24 14:11:35.737  1551  1612 I QC-NETMGR-LIB: netmgr_kif.c 5169: netmgr_kif_is_ifindex_wlan(): input ifindex=29, wlan0 ifindex=30
10-24 14:11:35.737  1551  1612 I QC-NETMGR-LIB: netmgr_kif.c 5557: not IFF_UP change, ignoring
10-24 14:11:35.808  1483  1816 E QC-DSI  : dsi_netctrl_init.c 116: dsi_init_query_netmgr 47 time
10-24 14:11:35.808  1483  1816 I QC-NETMGR-LIB: netmgr_netlink.c 684: Event=[13] link=[0] devname=[]
10-24 14:11:35.808  1525  2009 E QC-DSI  : dsi_netctrl_init.c 116: dsi_init_query_netmgr 39 time
10-24 14:11:35.808  1483  1816 I QC-NETMGR-LIB: netmgr_unix.c 178: netmgr_unix_ipc_send_msg(): Successfully created UNIX socket
10-24 14:11:35.808  1525  2009 I QC-NETMGR-LIB: netmgr_netlink.c 684: Event=[13] link=[0] devname=[]
10-24 14:11:35.808  1525  2009 I QC-NETMGR-LIB: netmgr_unix.c 178: netmgr_unix_ipc_send_msg(): Successfully created UNIX socket
10-24 14:11:35.808  1483  1816 I QC-NETMGR-LIB: netmgr_unix.c 194: netmgr_unix_ipc_send_msg(): Successfully connected to UNIX socket
10-24 14:11:35.808  1525  2009 I QC-NETMGR-LIB: netmgr_unix.c 194: netmgr_unix_ipc_send_msg(): Successfully connected to UNIX socket
10-24 14:11:35.808  1483  1816 I QC-NETMGR-LIB: netmgr_unix.c 202: netmgr_unix_ipc_send_msg(): Successfully sent message to UNIX socket
10-24 14:11:35.808  1525  2009 I QC-NETMGR-LIB: netmgr_unix.c 202: netmgr_unix_ipc_send_msg(): Successfully sent message to UNIX socket
10-24 14:11:35.809  1551  1551 I QC-NETMGR-LIB: netmgr_netlink.c 740: Attribute: Event 0xd
10-24 14:11:35.809  1551  1551 I QC-NETMGR-LIB: netmgr_kif.c 6584: netmgr_kif_unix_recv_user_cmd(): Ping message recved
10-24 14:11:35.809  1551  1551 I QC-NETMGR-LIB: netmgr_netlink.c 684: Event=[14] link=[0] devname=[]
10-24 14:11:35.809  1551  1551 I QC-NETMGR-LIB: netmgr_kif.c 6232: netmgr_kif_unix_send_event(): Successfully sent message to UNIX socket
10-24 14:11:35.809  1551  1551 I QC-NETMGR-LIB: netmgr_kif.c 6537: netmgr_kif_unix_recv_user_cmd(): Waiting for incoming connection
10-24 14:11:35.809  1551  1551 I QC-NETMGR-LIB: netmgr_netlink.c 740: Attribute: Event 0xd
10-24 14:11:35.809  1551  1551 I QC-NETMGR-LIB: netmgr_kif.c 6584: netmgr_kif_unix_recv_user_cmd(): Ping message recved
10-24 14:11:35.809  1551  1551 I QC-NETMGR-LIB: netmgr_netlink.c 684: Event=[14] link=[0] devname=[]
10-24 14:11:35.809  1551  1551 I QC-NETMGR-LIB: netmgr_kif.c 6232: netmgr_kif_unix_send_event(): Successfully sent message to UNIX socket
10-24 14:11:35.809  1551  1551 I QC-NETMGR-LIB: netmgr_kif.c 6537: netmgr_kif_unix_recv_user_cmd(): Waiting for incoming connection
10-24 14:11:35.809  1525  2009 I QC-NETMGR-LIB: netmgr_unix.c 230: netmgr_unix_ipc_send_msg(): Successfully received a message from UNIX socket
10-24 14:11:35.809  1525  2009 I QC-NETMGR-LIB: netmgr_netlink.c 740: Attribute: Event 0xe
10-24 14:11:35.809  1525  2009 D QC-DSI  : dsi_netctrl_init.c 119: update dsi_inited to TRUE
10-24 14:11:35.809  1483  1816 I QC-NETMGR-LIB: netmgr_unix.c 230: netmgr_unix_ipc_send_msg(): Successfully received a message from UNIX socket
10-24 14:11:35.809  1483  1816 I QC-NETMGR-LIB: netmgr_netlink.c 740: Attribute: Event 0xe
10-24 14:11:35.810  1483  1816 D QC-DSI  : dsi_netctrl_init.c 119: update dsi_inited to TRUE
10-24 14:11:37.660   938   938 D TelephonyManager: No /proc/cmdline exception=java.io.FileNotFoundException: /proc/cmdline (Permission denied)
10-24 14:11:37.660   938   938 D TelephonyManager: /proc/cmdline=
10-24 14:11:37.914  1975  1975 E TelephonyManager: IMSI error: Subscriber Info is null
10-24 14:11:39.175  1975  2431 D TelephonyRegistry: listen oscl: hasNotifySubscriptionInfoChangedOccurred==false no callback
10-24 14:11:39.844  1975  2638 D TelephonyRegistry: listen oscl: hasNotifySubscriptionInfoChangedOccurred==false no callback
10-24 14:11:39.865  1551  1608 I QC-NETMGR-LIB: netmgr_netlink.c 1547: Received nl msg, recvmsg returned 1288
10-24 14:11:39.865  1551  1608 I QC-NETMGR-LIB: netmgr_exec.c 386: Received command: ID=NETMGR_KIF_MSG_CMD, link=0
10-24 14:11:39.865  1551  1612 I QC-NETMGR-LIB: netmgr_exec.c 193: Process command: ID=NETMGR_KIF_MSG_CMD, link=0, state=1
10-24 14:11:39.865  1551  1612 I QC-NETMGR-LIB: netmgr_netlink.c 1353: Processing RTM_NEWLINK
10-24 14:11:39.865  1551  1612 I QC-NETMGR-LIB: netmgr_netlink.c 914: Metainfo:  Index=30 Family=0 Type=0x1 Change=[0x1]UP  Flags=[0x1003]UP BROADCAST MULTICAST 
10-24 14:11:39.865  1551  1612 I QC-NETMGR-LIB: netmgr_kif.c 5844: Rcvd Netlink msg type [16]
10-24 14:11:39.865  1551  1612 I QC-NETMGR-LIB: netmgr_kif.c 5357: Received RTM_NEWLINK
10-24 14:11:39.865  1551  1612 I QC-NETMGR-LIB: netmgr_kif.c 5169: netmgr_kif_is_ifindex_wlan(): input ifindex=30, wlan0 ifindex=30
10-24 14:11:39.865  1551  1612 E QC-NETMGR-LIB: netmgr_kif.c 5509: unrecognized ifindex 30, disable link
10-24 14:11:39.865  1551  1612 I QC-NETMGR-LIB: netmgr_kif.c 5522: wlan0 interface up
10-24 14:11:39.865  1551  1612 I QC-NETMGR-LIB: netmgr_kif.c 5532: RTM_NEWLINK rcvd with interface up
10-24 14:11:39.940  1551  1608 I QC-NETMGR-LIB: netmgr_netlink.c 1547: Received nl msg, recvmsg returned 1288
10-24 14:11:39.940  1551  1608 I QC-NETMGR-LIB: netmgr_exec.c 386: Received command: ID=NETMGR_KIF_MSG_CMD, link=0
10-24 14:11:39.940  1551  1612 I QC-NETMGR-LIB: netmgr_exec.c 193: Process command: ID=NETMGR_KIF_MSG_CMD, link=0, state=1
10-24 14:11:39.940  1551  1612 I QC-NETMGR-LIB: netmgr_netlink.c 1353: Processing RTM_NEWLINK
10-24 14:11:39.940  1551  1612 I QC-NETMGR-LIB: netmgr_netlink.c 914: Metainfo:  Index=30 Family=0 Type=0x1 Change=[0x0] Flags=[0x1003]UP BROADCAST MULTICAST 
10-24 14:11:39.940  1551  1612 I QC-NETMGR-LIB: netmgr_kif.c 5844: Rcvd Netlink msg type [16]
10-24 14:11:39.940  1551  1612 I QC-NETMGR-LIB: netmgr_kif.c 5357: Received RTM_NEWLINK
10-24 14:11:39.941  1551  1612 I QC-NETMGR-LIB: netmgr_kif.c 5169: netmgr_kif_is_ifindex_wlan(): input ifindex=30, wlan0 ifindex=30
10-24 14:11:39.941  1551  1612 E QC-NETMGR-LIB: netmgr_kif.c 5403: unrecognized ifindex 30, disable link
10-24 14:11:39.962  1975  1975 D TelephonyRegistry: listen oscl: hasNotifySubscriptionInfoChangedOccurred==false no callback
10-24 14:11:40.050  1975  1975 D TelephonyRegistry: systemRunning register for intents
10-24 14:11:40.051  1975  1975 D TelephonyRegistry: listen oscl: hasNotifySubscriptionInfoChangedOccurred==false no callback
10-24 14:11:40.530  2551  2551 W CarrierConfigManager: Error getting config for subId -1 ICarrierConfigLoader is null
10-24 14:11:40.550  1975  2624 D TelephonyRegistry: listen oscl: hasNotifySubscriptionInfoChangedOccurred==false no callback
10-24 14:11:40.552  1975  2023 D TelephonyRegistry: listen oscl: hasNotifySubscriptionInfoChangedOccurred==false no callback
10-24 14:11:40.690  1975  1975 D TelephonyRegistry: notifyCellLocationForSubscriber: subId=0 cellLocation=Bundle[{cellType=2, baseStationLatitude=2147483647, baseStationLongitude=2147483647, systemId=-1, baseStationId=-1, networkId=-1}]
10-24 14:11:40.690  1975  1975 D TelephonyRegistry: notifyCellLocationForSubscriber: subId=1 cellLocation=Bundle[{cellType=2, baseStationLatitude=2147483647, baseStationLongitude=2147483647, systemId=-1, baseStationId=-1, networkId=-1}]
10-24 14:11:40.752  2763  2763 D OperatorEntryManager: Carrier MCC MNC File niipe 71617
10-24 14:11:40.752  2763  2763 D OperatorEntryManager: Carrier MCC MNC File timbr 72402,72403,72404
10-24 14:11:40.753  2763  2763 D OperatorEntryManager: Carrier MCC MNC File niibr 72439
10-24 14:11:40.753  2763  2763 D OperatorEntryManager: Carrier MCC MNC File tefbr 72406,72410,72411,72423
10-24 14:11:40.753  2763  2763 D OperatorEntryManager: Carrier MCC MNC File amxbr 72405
10-24 14:11:40.753  2763  2763 D OperatorEntryManager: Carrier MCC MNC File oibr 72431,72424,72416
10-24 14:11:40.753  2763  2763 D OperatorEntryManager: Carrier MCC MNC File retapac 51502,51503,51505
10-24 14:11:40.753  2763  2763 D OperatorEntryManager: Carrier MCC MNC File retsea 51502,51503,51505
10-24 14:11:40.754  2763  2763 D TDC     : updateOrInsert: inserting: Modem { uuid=modem, state=0, rilModel=0, rat={}, maxActiveVoiceCall=1, maxActiveDataCall=1, maxStandby=1 }
10-24 14:11:40.754  2763  2763 D TDC     : updateOrInsert: inserting: Sim { uuid=sim, modemUuid=modem, state=0 }
10-24 14:11:40.789  2763  2763 D TelephonyComponentFactory: classLoader = dalvik.system.PathClassLoader[DexPathList[[zip file "/system/framework/qti-telephony-common.jar"],nativeLibraryDirectories=[/system/lib64, /system/product/lib64]]]
10-24 14:11:40.791  2763  2763 D TelephonyComponentFactory: cls = class com.qualcomm.qti.internal.telephony.QtiTelephonyComponentFactory
10-24 14:11:40.791  2763  2763 D TelephonyComponentFactory: constructor method = public com.qualcomm.qti.internal.telephony.QtiTelephonyComponentFactory()
10-24 14:11:40.792  2763  2763 D CdmaSSM : subscriptionSource from settings: 0
10-24 14:11:40.793  2763  2763 I PhoneFactory: Cdma Subscription set to 0
10-24 14:11:40.793  2763  2763 I PhoneFactory: ImsResolver: defaultImsPackage: org.codeaurora.ims
10-24 14:11:40.797  2763  2763 I PhoneFactory: Network Mode set to 10
10-24 14:11:40.797  2763  2763 D QtiTelephonyComponentFactory: makeQtiRIL
10-24 14:11:40.799  2763  2763 D RILJ    : RIL: init preferredNetworkType=10 cdmaSubscription=0)
10-24 14:11:40.811  1483  1483 D RILC    : setResponseFunctions_1_2
10-24 14:11:40.816  1483  1483 D RILC    : rilConnectedInd
10-24 14:11:40.816  1483  1483 D RILC    : radioStateChangedInd: radioState 0
10-24 14:11:40.816  1483  1483 I RILC    : RIL Daemon version: Qualcomm RIL 1.0
10-24 14:11:40.820  2763  2763 D RILJ    : [3648]> GET_HARDWARE_CONFIG [SUB0]
10-24 14:11:40.822  2763  2763 E RILJ    : OemHookProxy getService/setResponseFunctions: java.util.NoSuchElementException [SUB0]
10-24 14:11:40.822  2763  2763 D QTIRILJ : QtiRIL
10-24 14:11:40.822  2763  2886 D RILJ    : Unsol response received; Sending ack to ril.cpp [SUB0]
10-24 14:11:40.822  2763  2886 D RILJ    : [UNSL]< UNSOL_RIL_CONNECTED [SUB0]
10-24 14:11:40.823  2763  2886 D RILJ    : [3650]> RADIO_POWER on = false [SUB0]
10-24 14:11:40.824  1483  1483 D RILC    : setRadioPower: serial 2 on 0
10-24 14:11:40.826  2763  2763 I PhoneFactory: Network Mode set to 10
10-24 14:11:40.826  2763  2763 D QtiTelephonyComponentFactory: makeQtiRIL
10-24 14:11:40.826  2763  2763 D RILJ    : RIL: init preferredNetworkType=10 cdmaSubscription=0)
10-24 14:11:40.827  2763  2886 D RILJ    : [3651]> RIL_REQUEST_CDMA_SET_SUBSCRIPTION_SOURCE cdmaSubscription = 0 [SUB0]
10-24 14:11:40.829  1525  1525 D RILC    : setResponseFunctions_1_2
10-24 14:11:40.831  1525  1525 D RILC    : rilConnectedInd
10-24 14:11:40.831  1525  1525 D RILC    : radioStateChangedInd: radioState 0
10-24 14:11:40.831  1525  1525 I RILC    : RIL Daemon version: Qualcomm RIL 1.0
10-24 14:11:40.832  2763  2886 D RILJ    : [3652]> RIL_REQUEST_SET_CELL_INFO_LIST_RATE rateInMillis = 2147483647 [SUB0]
10-24 14:11:40.834  2763  2886 D RILJ    : [3648]< GET_HARDWARE_CONFIG error 6 [SUB0]
10-24 14:11:40.834  2763  2886 D RilRequest: [3648]< GET_HARDWARE_CONFIG error: com.android.internal.telephony.CommandException: REQUEST_NOT_SUPPORTED ret= 
10-24 14:11:40.835  2763  2886 D QTIRILJ : QtiRadio interface service started vendor.qti.hardware.radio.qtiradio@1.0::IQtiRadio slot1 preexisting =true
10-24 14:11:40.835  2763  2763 D RILJ    : [3653]> GET_HARDWARE_CONFIG [SUB1]
10-24 14:11:40.837  2763  2763 E RILJ    : OemHookProxy getService/setResponseFunctions: java.util.NoSuchElementException [SUB1]
10-24 14:11:40.837  2763  2763 D QTIRILJ : QtiRIL
10-24 14:11:40.838  1525  1596 E use-Rlog/RLOG-RIL-MOTEXT: qcrilUpdAPMState, called , state =1
10-24 14:11:40.838  1525  1596 E use-Rlog/RLOG-RIL-MOTEXT: Inside UpdAPMState, data =1
10-24 14:11:40.838  1483  1600 E use-Rlog/RLOG-RIL-MOTEXT: qcrilUpdAPMState, called , state =1
10-24 14:11:40.838  1483  1600 E use-Rlog/RLOG-RIL-MOTEXT: Inside UpdAPMState, data =1
10-24 14:11:40.840  2763  2886 D QTIRILJ : initQtiRadio: mQtiRadiovendor.qti.hardware.radio.qtiradio@2.3::IQtiRadio@Proxy
10-24 14:11:40.840  2763  2763 I PhoneFactory: Creating SubscriptionController
10-24 14:11:40.840  2763  2763 D QtiTelephonyComponentFactory: initSubscriptionController
10-24 14:11:40.841  1525  1596 E RILQ    : (1/1525): RIL[1][(1525,1596)] get_ecc_property_name: ecc list name : ril.ecclist1.
10-24 14:11:40.846  2763  2763 D SubscriptionController: [SubscriptionController] init by Context
10-24 14:11:40.851  1525  1596 E RILQ    : (1/1525): RIL[1][(1525,1596)] get_ecc_property_name: ecc list name : ril.ecclist1.
10-24 14:11:40.854  2763  2763 D SubscriptionController: [getPhoneId]- no sims, returning default phoneId=2147483647
10-24 14:11:40.855  2763  2886 D RILJ    : Unsol response received; Sending ack to ril.cpp [SUB1]
10-24 14:11:40.855  2763  2886 D RILJ    : [UNSL]< UNSOL_RIL_CONNECTED [SUB1]
10-24 14:11:40.856  2763  2886 D RILJ    : [3655]> RADIO_POWER on = false [SUB1]
10-24 14:11:40.857  1525  1525 D RILC    : setRadioPower: serial 7 on 0
10-24 14:11:40.858  2763  2886 D RILJ    : [3656]> RIL_REQUEST_CDMA_SET_SUBSCRIPTION_SOURCE cdmaSubscription = 0 [SUB1]
10-24 14:11:40.858  2763  2763 D SubscriptionController: migrateImsSettings :: subId=1
10-24 14:11:40.860  1483  2889 D RILC    : setRadioPowerResponse: serial 2
10-24 14:11:40.861  1483  1600 D RILC    : radioStateChangedInd: radioState 0
10-24 14:11:40.861  1525  2892 D RILC    : setRadioPowerResponse: serial 7
10-24 14:11:40.861  1483  1600 E RILQ    : (0/1483): RIL[0][(1483,1600)] qcril_qmi_lte_direct_disc_pack_msg_tag: encoding the MsgHeader
10-24 14:11:40.862  1483  1600 E RILQ    : (0/1483): RIL[0][(1483,1600)] sendIndication: OemHookImpl::sendIndication indicationCb is null
10-24 14:11:40.862  1525  1596 D RILC    : radioStateChangedInd: radioState 0
10-24 14:11:40.862  1525  1596 E RILQ    : (1/1525): RIL[1][(1525,1596)] qcril_qmi_lte_direct_disc_pack_msg_tag: encoding the MsgHeader
10-24 14:11:40.862  1525  1596 E RILQ    : (1/1525): RIL[1][(1525,1596)] sendIndication: OemHookImpl::sendIndication indicationCb is null
10-24 14:11:40.864  2763  2886 D RILJ    : [3657]> RIL_REQUEST_SET_CELL_INFO_LIST_RATE rateInMillis = 2147483647 [SUB1]
10-24 14:11:40.866  2763  2886 D RILJ    : Unsol response received; Sending ack to ril.cpp [SUB0]
10-24 14:11:40.866  2763  2886 D RILJ    : [UNSL]< UNSOL_RESPONSE_RADIO_STATE_CHANGED radioStateChanged: RADIO_OFF [SUB0]
10-24 14:11:40.866  2763  2886 D RILJ    : [3651]< RIL_REQUEST_CDMA_SET_SUBSCRIPTION_SOURCE error 1 [SUB0]
10-24 14:11:40.866  2763  2886 D RilRequest: [3651]< RIL_REQUEST_CDMA_SET_SUBSCRIPTION_SOURCE error: com.android.internal.telephony.CommandException: RADIO_NOT_AVAILABLE ret=
10-24 14:11:40.866  2763  2886 D RILJ    : [3653]< GET_HARDWARE_CONFIG error 6 [SUB1]
10-24 14:11:40.867  2763  2886 D RilRequest: [3653]< GET_HARDWARE_CONFIG error: com.android.internal.telephony.CommandException: REQUEST_NOT_SUPPORTED ret= 
10-24 14:11:40.867  2763  2886 D QTIRILJ : QtiRadio interface service started vendor.qti.hardware.radio.qtiradio@1.0::IQtiRadio slot2 preexisting =true
10-24 14:11:40.871  2763  2763 D QtiSubscriptionController:  init by Context
10-24 14:11:40.871  2763  2763 D UiccController: Creating UiccController
10-24 14:11:40.871  2763  2763 D UiccController: config_num_physical_slots = 1
10-24 14:11:40.872  2763  2886 D QTIRILJ : initQtiRadio: mQtiRadiovendor.qti.hardware.radio.qtiradio@2.3::IQtiRadio@Proxy
10-24 14:11:40.876  2763  2763 D QtiTelephonyComponentFactory: makePhone
10-24 14:11:40.877  2763  2886 D RILJ    : Unsol response received; Sending ack to ril.cpp [SUB1]
10-24 14:11:40.877  2763  2886 D RILJ    : [UNSL]< UNSOL_RESPONSE_RADIO_STATE_CHANGED radioStateChanged: RADIO_OFF [SUB1]
10-24 14:11:40.878  2763  2763 D TelephonyTester: register for intent action=com.qualcomm.qti.internal.telephony.action_detached
10-24 14:11:40.878  2763  2763 D TelephonyTester: register for intent action=com.qualcomm.qti.internal.telephony.action_attached
10-24 14:11:40.878  2763  2763 D TelephonyTester: register for intent action=com.android.internal.telephony.TestServiceState
10-24 14:11:40.878  2763  2886 D RILJ    : Unsol response received; Sending ack to ril.cpp [SUB0]
10-24 14:11:40.878  2763  2886 D RILJ    : [UNSL]< UNSOL_RESPONSE_NETWORK_STATE_CHANGED [SUB0]
10-24 14:11:40.879  2763  2886 D RILJ    : [3652]< RIL_REQUEST_SET_CELL_INFO_LIST_RATE  [SUB0]
10-24 14:11:40.879  2763  2886 D RILJ    : [3656]< RIL_REQUEST_CDMA_SET_SUBSCRIPTION_SOURCE error 1 [SUB1]
10-24 14:11:40.880  2763  2886 D RilRequest: [3656]< RIL_REQUEST_CDMA_SET_SUBSCRIPTION_SOURCE error: com.android.internal.telephony.CommandException: RADIO_NOT_AVAILABLE ret=
10-24 14:11:40.881  2763  2763 D NetworkCoverage: file:/etc/cslc.conf not exists
10-24 14:11:40.881  2763  2763 D NetworkCoverage: file:/etc/pslc.conf not exists
10-24 14:11:40.881  2763  2886 D RILJ    : Unsol response received; Sending ack to ril.cpp [SUB1]
10-24 14:11:40.881  2763  2886 D RILJ    : [UNSL]< UNSOL_RESPONSE_NETWORK_STATE_CHANGED [SUB1]
10-24 14:11:40.883  2763  2886 D RILJ    : Unsol response received; Sending ack to ril.cpp [SUB0]
10-24 14:11:40.883  2763  2886 D RILJ    : [UNSL]< UNSOL_RESPONSE_RADIO_STATE_CHANGED radioStateChanged: RADIO_OFF [SUB0]
10-24 14:11:40.883  2763  2886 D RILJ    : [3650]< RADIO_POWER  [SUB0]
10-24 14:11:40.887  2763  2886 D RILJ    : [3655]< RADIO_POWER  [SUB1]
10-24 14:11:40.888  2763  2763 D Phone   : mDoesRilSendMultipleCallRing=false
10-24 14:11:40.888  2763  2763 D Phone   : mCallRingDelay=3000
10-24 14:11:40.888  2763  2763 D QtiTelephonyComponentFactory: makeSmsStorageMonitor
10-24 14:11:40.888  2763  2763 D TelephonyComponentFactory: makeSmsStorageMonitor
10-24 14:11:40.889  2763  2886 D RILJ    : Unsol response received; Sending ack to ril.cpp [SUB1]
10-24 14:11:40.889  2763  2886 D RILJ    : [UNSL]< UNSOL_RESPONSE_RADIO_STATE_CHANGED radioStateChanged: RADIO_OFF [SUB1]
10-24 14:11:40.890  2763  2886 D RILJ    : Unsol response received; Sending ack to ril.cpp [SUB0]
10-24 14:11:40.890  2763  2886 D RILJ    : [UNSL]< UNSOL_RESPONSE_NETWORK_STATE_CHANGED [SUB0]
10-24 14:11:40.890  2763  2886 D RILJ    : [3657]< RIL_REQUEST_SET_CELL_INFO_LIST_RATE  [SUB1]
10-24 14:11:40.891  2763  2763 D QtiTelephonyComponentFactory: makeSmsUsageMonitor
10-24 14:11:40.891  2763  2763 D TelephonyComponentFactory: makeSmsUsageMonitor
10-24 14:11:40.894  2763  2886 D RILJ    : Unsol response received; Sending ack to ril.cpp [SUB1]
10-24 14:11:40.894  2763  2886 D RILJ    : [UNSL]< UNSOL_RESPONSE_NETWORK_STATE_CHANGED [SUB1]
10-24 14:11:40.896  2763  2763 D QtiTelephonyComponentFactory: makeGsmCdmaCallTracker
10-24 14:11:40.897  2763  2763 D TelephonyComponentFactory: makeGsmCdmaCallTracker
10-24 14:11:40.898  2763  2763 D QtiTelephonyComponentFactory: makeIccPhoneBookInterfaceManager
10-24 14:11:40.898  2763  2763 D TelephonyComponentFactory: makeIccPhoneBookInterfaceManager
10-24 14:11:40.899  2763  2763 D QtiTelephonyComponentFactory: makeIccSmsInterfaceManager
10-24 14:11:40.899  2763  2763 D TelephonyComponentFactory: makeIccSmsInterfaceManager
10-24 14:11:40.899  2763  2763 D SmsDispatchersController: SmsDispatchersController created
10-24 14:11:40.902  2763  2763 I ImsManager: Creating ImsService
10-24 14:11:40.902  2763  2763 W MmTelFeatureConnection: create: binder is null! Slot Id: 0
10-24 14:11:40.903  2763  2763 E ImsSmsDispacher: Failed to get sms format. Error: getSmsFormat()
10-24 14:11:40.903  2763  2763 D SMSDispatcher: SMSDispatcher: ctor mSmsCapable=true format=unknown mSmsSendDisabled=false
10-24 14:11:40.904  2763  2763 D SMSDispatcher: SMSDispatcher: ctor mSmsCapable=true format=3gpp2 mSmsSendDisabled=false
10-24 14:11:40.904  2763  2763 D CdmaSMSDispatcher: CdmaSMSDispatcher created
10-24 14:11:40.909  2763  2763 D QtiTelephonyComponentFactory: getIDeviceIdleController
10-24 14:11:40.909  2763  2763 D TelephonyComponentFactory: getIDeviceIdleController
10-24 14:11:40.911  2763  2763 D QtiTelephonyComponentFactory: getIDeviceIdleController
10-24 14:11:40.912  2763  2763 D TelephonyComponentFactory: getIDeviceIdleController
10-24 14:11:40.912  2763  2763 D GsmInboundSmsHandler: created InboundSmsHandler
10-24 14:11:40.913  2763  2897 D GsmInboundSmsHandler: entering Startup state
10-24 14:11:40.917  2763  2763 D QtiTelephonyComponentFactory: getIDeviceIdleController
10-24 14:11:40.917  2763  2763 D TelephonyComponentFactory: getIDeviceIdleController
10-24 14:11:40.921  2763  2763 D QtiTelephonyComponentFactory: getIDeviceIdleController
10-24 14:11:40.921  2763  2763 D TelephonyComponentFactory: getIDeviceIdleController
10-24 14:11:40.921  2763  2763 D CdmaInboundSmsHandler: created InboundSmsHandler
10-24 14:11:40.926  2763  2899 D CdmaInboundSmsHandler: entering Startup state
10-24 14:11:40.927  2763  2763 D SMSDispatcher: SMSDispatcher: ctor mSmsCapable=true format=3gpp mSmsSendDisabled=false
10-24 14:11:40.927  2763  2763 D GsmSMSDispatcher: GsmSMSDispatcher created
10-24 14:11:40.931  2763  2899 D CdmaInboundSmsHandler: StartupState.processMessage:6
10-24 14:11:40.931  2763  2897 D GsmInboundSmsHandler: StartupState.processMessage:6
10-24 14:11:40.931  2763  2899 D CdmaInboundSmsHandler: entering Idle state
10-24 14:11:40.931  2763  2897 D GsmInboundSmsHandler: entering Idle state
10-24 14:11:40.931  2763  2899 D CdmaInboundSmsHandler: IdleState.processMessage:5
10-24 14:11:40.931  2763  2897 D GsmInboundSmsHandler: IdleState.processMessage:5
10-24 14:11:40.931  2763  2899 D CdmaInboundSmsHandler: Idle state processing message type 5
10-24 14:11:40.931  2763  2897 D GsmInboundSmsHandler: Idle state processing message type 5
10-24 14:11:40.932  2763  2899 D CdmaInboundSmsHandler: mWakeLock released
10-24 14:11:40.933  2763  2897 D GsmInboundSmsHandler: mWakeLock released
10-24 14:11:40.934  2763  2763 D RILJ    : [3666]> RIL_REQUEST_IMS_REGISTRATION_STATE [SUB0]
10-24 14:11:40.935  2763  2763 D QtiTelephonyComponentFactory: getCdmaSubscriptionSourceManagerInstance
10-24 14:11:40.935  2763  2763 D TelephonyComponentFactory: getCdmaSubscriptionSourceManagerInstance
10-24 14:11:40.935  2763  2763 D CdmaSSM : subscriptionSource from settings: 0
10-24 14:11:40.935  2763  2763 D CdmaSSM : cdmaSSM constructor: 0
10-24 14:11:40.936  2763  2763 D QtiTelephonyComponentFactory: makeEriManager
10-24 14:11:40.936  2763  2763 D TelephonyComponentFactory: makeEriManager
10-24 14:11:40.937  1483  1600 E RILC    : getImsRegistrationStateResponse Invalid response: NULL
10-24 14:11:40.938  2763  2886 D RILJ    : [3666]< RIL_REQUEST_IMS_REGISTRATION_STATE error 46 [SUB0]
10-24 14:11:40.938  2763  2886 D RilRequest: [3666]< RIL_REQUEST_IMS_REGISTRATION_STATE error: com.android.internal.telephony.CommandException: INVALID_MODEM_STATE ret={0, 0}
10-24 14:11:40.944  2763  2763 D IccPhoneBookIM: [IccPbInterfaceManager] Card update received: null
10-24 14:11:40.944  2763  2763 D IccPhoneBookIM: [IccPbInterfaceManager] Card is null. Cleanup
10-24 14:11:40.944  2763  2763 D GsmCdmaPhone: [0] Precise phone type 6
10-24 14:11:40.944  2763  2763 D CdmaSSM : getcdmasubscriptionSource: 0
10-24 14:11:40.944  2763  2763 D RILJ    : setPhoneType=2 old value=0 [SUB0]
10-24 14:11:40.946  2763  2763 D GsmCdmaPhone: [0] init: operatorAlpha='' operatorNumeric=''
10-24 14:11:40.946  2763  2763 D GsmCdmaPhone: [0] CDMAPhone: updateCurrentCarrierInProvider called
10-24 14:11:40.947  2763  2763 D CarrierActionAgent: [0]Creating CarrierActionAgent
10-24 14:11:40.948  2763  2763 W CarrierConfigManager: Error getting config for subId 2147483647 ICarrierConfigLoader is null
10-24 14:11:40.950  2763  2763 D TelephonyComponentFactory: makeServiceStateTracker
10-24 14:11:40.955  2763  2763 W CarrierConfigManager: Error getting config for subId 2147483647 ICarrierConfigLoader is null
10-24 14:11:40.956  1975  2325 D TelephonyRegistry: listen oscl: hasNotifySubscriptionInfoChangedOccurred==false no callback
10-24 14:11:40.958  2763  2763 W CarrierConfigManager: Error getting config for subId -2 ICarrierConfigLoader is null
10-24 14:11:40.959  2763  2763 D NetworkRegistrationManager: Binding to packageName com.android.phone for transport type1
10-24 14:11:40.960  2763  2763 D NetworkRegistrationManager: registerForNetworkRegistrationStateChanged
10-24 14:11:40.962  2763  2763 D TelephonyComponentFactory: makePhone
10-24 14:11:40.971  2763  2763 D SST     : handleNetworkUnavailable
10-24 14:11:40.971  2763  2763 D CdmaSSM : getcdmasubscriptionSource: 0
10-24 14:11:40.972  2763  2763 D SST     : [0] getOtasp: otasp uninitialized due to sim not loaded
10-24 14:11:40.977  2763  2763 D RILJ    : [3667]> SIGNAL_STRENGTH [SUB0]
10-24 14:11:40.978  2763  2763 D RILJ    : [3668]> RIL_REQUEST_IMS_REGISTRATION_STATE [SUB0]
10-24 14:11:40.979  2763  2763 D SST     : [0] notifyDataRegStateRilRadioTechnologyChanged: drs=1 rat=0
10-24 14:11:40.980  2763  2886 D RILJ    : [3667]< SIGNAL_STRENGTH SignalStrength: 0 0 0 0 0 0 0 0 0 0 0 0 0 0 0 0 -120 gsm|lte use_rsrp_and_rssnr_for_lte_level  [-128, -118, -108, -98] [-115, -105, -95, -85] [SUB0]
10-24 14:11:40.981  1483  1600 E RILC    : getImsRegistrationStateResponse Invalid response: NULL
10-24 14:11:40.981  2763  2886 D RILJ    : [3668]< RIL_REQUEST_IMS_REGISTRATION_STATE error 46 [SUB0]
10-24 14:11:40.982  2763  2886 D RilRequest: [3668]< RIL_REQUEST_IMS_REGISTRATION_STATE error: com.android.internal.telephony.CommandException: INVALID_MODEM_STATE ret={0, 0}
10-24 14:11:40.982  1975  2325 D TelephonyRegistry: listen oscl: hasNotifySubscriptionInfoChangedOccurred==false no callback
10-24 14:11:40.983  2763  2763 D TelephonyComponentFactory: makeDcTracker
10-24 14:11:40.984  2763  2763 D DCT     : [0]DCT.constructor
10-24 14:11:40.985  2763  2763 W CarrierConfigManager: Error getting config for subId -2 ICarrierConfigLoader is null
10-24 14:11:40.985  2763  2763 I chatty  : uid=1001(radio) com.android.phone identical 1 line
10-24 14:11:40.987  2763  2763 W CarrierConfigManager: Error getting config for subId -2 ICarrierConfigLoader is null
10-24 14:11:40.995  1975  2638 D TelephonyRegistry: listen oscl: hasNotifySubscriptionInfoChangedOccurred==false no callback
10-24 14:11:41.000  2763  2763 D Dcc     : E ctor
10-24 14:11:41.001  2763  2763 D Dcc     : X ctor
10-24 14:11:41.002  2763  2763 D DcTesterDeacativateAll: register for intent action=com.android.internal.telephony.dataconnection.action_deactivate_all
10-24 14:11:41.002  2763  2763 D DcTesterDeacativateAll: register for intent action=com.qualcomm.qti.internal.telephony.action_detached
10-24 14:11:41.007  2763  2763 D SubscriptionController: [getPhoneId] asked for default subId=2147483647
10-24 14:11:41.008  2763  2763 D SubscriptionController: [getPhoneId]- no sims, returning default phoneId=2147483647
10-24 14:11:41.010  2763  2763 D DcTesterFailBrinupAll: register for intent action=com.android.internal.telephony.dataconnection.action_fail_bringup
10-24 14:11:41.010  2763  2763 D DcTesterFailBrinupAll: register for intent action=com.qualcomm.qti.internal.telephony.action_detached
10-24 14:11:41.010  2763  2763 D DcTesterFailBrinupAll: register for intent action=com.qualcomm.qti.internal.telephony.action_attached
10-24 14:11:41.014  2763  2763 D SST     : [0] notifyDataRegStateRilRadioTechnologyChanged: drs=1 rat=0
10-24 14:11:41.016  2763  2763 D DCT     : [0]update sub = -2
10-24 14:11:41.016  2763  2763 D DCT     : [0]update(): Active DDS, register for all events now!
10-24 14:11:41.018  2763  2763 E GsmCdmaPhone: [0] getOperatorNumeric: Cannot retrieve operatorNumeric: mCdmaSubscriptionSource = 0 mIccRecords = null
10-24 14:11:41.018  2763  2763 D GsmCdmaPhone: [0] getOperatorNumeric: mCdmaSubscriptionSource = 0 operatorNumeric = null
10-24 14:11:41.018  2763  2763 D GsmCdmaPhone: [0] updateCurrentCarrierInProvider: mSubId = -2 currentDds = 1 operatorNumeric = null force = false
10-24 14:11:41.020  2763  2763 D DCT     : [0]initApnContexts: E
10-24 14:11:41.020  2763  2763 D DCT     : [0]initApnContexts: skipping unknown type=1
10-24 14:11:41.020  2763  2763 D         : [ApnContext:default] set reason as dataEnabled,current state IDLE
10-24 14:11:41.020  2763  2763 D DCT     : [0]initApnContexts: apnContext={mApnType=default mState=IDLE mWaitingApns={null} mApnSetting={null} mReason=dataEnabled mDataEnabled=false mDependencyMet=true}
10-24 14:11:41.020  2763  2763 D         : [ApnContext:mms] set reason as dataEnabled,current state IDLE
10-24 14:11:41.020  2763  2763 D DCT     : [0]initApnContexts: apnContext={mApnType=mms mState=IDLE mWaitingApns={null} mApnSetting={null} mReason=dataEnabled mDataEnabled=false mDependencyMet=true}
10-24 14:11:41.020  2763  2763 D         : [ApnContext:supl] set reason as dataEnabled,current state IDLE
10-24 14:11:41.020  2763  2763 D DCT     : [0]initApnContexts: apnContext={mApnType=supl mState=IDLE mWaitingApns={null} mApnSetting={null} mReason=dataEnabled mDataEnabled=false mDependencyMet=true}
10-24 14:11:41.020  2763  2763 D         : [ApnContext:dun] set reason as dataEnabled,current state IDLE
10-24 14:11:41.020  2763  2763 D DCT     : [0]initApnContexts: apnContext={mApnType=dun mState=IDLE mWaitingApns={null} mApnSetting={null} mReason=dataEnabled mDataEnabled=false mDependencyMet=true}
10-24 14:11:41.021  2763  2763 D         : [ApnContext:hipri] set reason as dataEnabled,current state IDLE
10-24 14:11:41.021  2763  2763 D DCT     : [0]initApnContexts: apnContext={mApnType=hipri mState=IDLE mWaitingApns={null} mApnSetting={null} mReason=dataEnabled mDataEnabled=false mDependencyMet=true}
10-24 14:11:41.021  2763  2763 D         : [ApnContext:fota] set reason as dataEnabled,current state IDLE
10-24 14:11:41.021  2763  2763 D DCT     : [0]initApnContexts: apnContext={mApnType=fota mState=IDLE mWaitingApns={null} mApnSetting={null} mReason=dataEnabled mDataEnabled=false mDependencyMet=true}
10-24 14:11:41.021  2763  2763 D         : [ApnContext:ims] set reason as dataEnabled,current state IDLE
10-24 14:11:41.021  2763  2763 D DCT     : [0]initApnContexts: apnContext={mApnType=ims mState=IDLE mWaitingApns={null} mApnSetting={null} mReason=dataEnabled mDataEnabled=false mDependencyMet=true}
10-24 14:11:41.021  2763  2763 D         : [ApnContext:cbs] set reason as dataEnabled,current state IDLE
10-24 14:11:41.021  2763  2763 D DCT     : [0]initApnContexts: apnContext={mApnType=cbs mState=IDLE mWaitingApns={null} mApnSetting={null} mReason=dataEnabled mDataEnabled=false mDependencyMet=true}
10-24 14:11:41.021  2763  2763 D DCT     : [0]initApnContexts: skipping unknown type=7
10-24 14:11:41.021  2763  2763 D         : [ApnContext:emergency] set reason as dataEnabled,current state IDLE
10-24 14:11:41.021  2763  2763 D DCT     : [0]initApnContexts: apnContext={mApnType=emergency mState=IDLE mWaitingApns={null} mApnSetting={null} mReason=dataEnabled mDataEnabled=false mDependencyMet=true}
10-24 14:11:41.021  2763  2763 D DCT     : [0]initApnContexts: skipping unknown type=9
10-24 14:11:41.021  2763  2763 D DCT     : [0]initApnContexts: X mApnContexts={default={mApnType=default mState=IDLE mWaitingApns={null} mApnSetting={null} mReason=dataEnabled mDataEnabled=false mDependencyMet=true}, mms={mApnType=mms mState=IDLE mWaitingApns={null} mApnSetting={null} mReason=dataEnabled mDataEnabled=false mDependencyMet=true}, cbs={mApnType=cbs mState=IDLE mWaitingApns={null} mApnSetting={null} mReason=dataEnabled mDataEnabled=false mDependencyMet=true}, fota={mApnType=fota mState=IDLE mWaitingApns={null} mApnSetting={null} mReason=dataEnabled mDataEnabled=false mDependencyMet=true}, supl={mApnType=supl mState=IDLE mWaitingApns={null} mApnSetting={null} mReason=dataEnabled mDataEnabled=false mDependencyMet=true}, emergency={mApnType=emergency mState=IDLE mWaitingApns={null} mApnSetting={null} mReason=dataEnabled mDataEnabled=false mDependencyMet=true}, dun={mApnType=dun mState=IDLE mWaitingApns={null} mApnSetting={null} mReason=dataEnabled mDataEnabled=false mDependencyMet=true}, hipri={mApnType=hipri mState=IDLE mWaitingApns={null} mApnSetting={null} mReason=dataEnabled mDataEnabled=false mDependencyMet=true}, ims={mApnType=ims mState=IDLE mWaitingApns={null} mApnSetting={null} mReason=dataEnabled mDataEnabled=false mDependencyMet=true}}
10-24 14:11:41.056  2763  2794 D SubscriptionController: [getSlotIndex]- size == 0, return SIM_NOT_INSERTED instead
10-24 14:11:41.061  2763  2794 I chatty  : uid=1001(radio) Binder:2763_1 identical 1 line
10-24 14:11:41.067  2763  2794 D SubscriptionController: [getSlotIndex]- size == 0, return SIM_NOT_INSERTED instead
10-24 14:11:41.083  2763  2763 D DCT     : [0]data stall query server:
10-24 14:11:41.084  2763  2763 D CarrierIdentifier: Creating CarrierIdentifier[0]
10-24 14:11:41.090  1975  2023 D TelephonyRegistry: listen oscl: hasNotifySubscriptionInfoChangedOccurred==false no callback
10-24 14:11:41.094  1975  2057 D TelephonyRegistry: listen oscl: hasNotifySubscriptionInfoChangedOccurred==false no callback
10-24 14:11:41.103  2763  2763 D GsmCdmaPhone: [0] GsmCdmaPhone: constructor: sub = 0
10-24 14:11:41.103  2763  2763 I PhoneFactory: Creating Phone with type = 2 sub = 0
10-24 14:11:41.103  2763  2763 D QtiTelephonyComponentFactory: makePhone
10-24 14:11:41.103  2763  2763 D TelephonyTester: register for intent action=com.qualcomm.qti.internal.telephony.action_detached
10-24 14:11:41.103  2763  2763 D TelephonyTester: register for intent action=com.qualcomm.qti.internal.telephony.action_attached
10-24 14:11:41.103  2763  2763 D TelephonyTester: register for intent action=com.android.internal.telephony.TestServiceState
10-24 14:11:41.104  2763  2763 D Phone   : mDoesRilSendMultipleCallRing=false
10-24 14:11:41.105  2763  2763 D Phone   : mCallRingDelay=3000
10-24 14:11:41.105  2763  2763 D QtiTelephonyComponentFactory: makeSmsStorageMonitor
10-24 14:11:41.105  2763  2763 D TelephonyComponentFactory: makeSmsStorageMonitor
10-24 14:11:41.106  2763  2763 D QtiTelephonyComponentFactory: makeSmsUsageMonitor
10-24 14:11:41.106  2763  2763 D TelephonyComponentFactory: makeSmsUsageMonitor
10-24 14:11:41.109  2763  2763 D QtiTelephonyComponentFactory: makeGsmCdmaCallTracker
10-24 14:11:41.110  2763  2763 D TelephonyComponentFactory: makeGsmCdmaCallTracker
10-24 14:11:41.112  2763  2763 D QtiTelephonyComponentFactory: makeIccPhoneBookInterfaceManager
10-24 14:11:41.112  2763  2763 D TelephonyComponentFactory: makeIccPhoneBookInterfaceManager
10-24 14:11:41.112  2763  2763 D QtiTelephonyComponentFactory: makeIccSmsInterfaceManager
10-24 14:11:41.112  2763  2763 D TelephonyComponentFactory: makeIccSmsInterfaceManager
10-24 14:11:41.112  2763  2763 D SmsDispatchersController: SmsDispatchersController created
10-24 14:11:41.113  2763  2763 I ImsManager: Creating ImsService
10-24 14:11:41.114  2763  2763 W MmTelFeatureConnection: create: binder is null! Slot Id: 1
10-24 14:11:41.114  2763  2763 E ImsSmsDispacher: Failed to get sms format. Error: getSmsFormat()
10-24 14:11:41.114  2763  2763 D SMSDispatcher: SMSDispatcher: ctor mSmsCapable=true format=unknown mSmsSendDisabled=false
10-24 14:11:41.115  2763  2763 D SMSDispatcher: SMSDispatcher: ctor mSmsCapable=true format=3gpp2 mSmsSendDisabled=false
10-24 14:11:41.115  2763  2763 D CdmaSMSDispatcher: CdmaSMSDispatcher created
10-24 14:11:41.120  2763  2763 D QtiTelephonyComponentFactory: getIDeviceIdleController
10-24 14:11:41.121  2763  2763 D TelephonyComponentFactory: getIDeviceIdleController
10-24 14:11:41.131  2763  2763 D QtiTelephonyComponentFactory: getIDeviceIdleController
10-24 14:11:41.132  2763  2763 D TelephonyComponentFactory: getIDeviceIdleController
10-24 14:11:41.132  2763  2763 D GsmInboundSmsHandler: created InboundSmsHandler
10-24 14:11:41.133  2763  2925 D GsmInboundSmsHandler: entering Startup state
10-24 14:11:41.138  2763  2763 D QtiTelephonyComponentFactory: getIDeviceIdleController
10-24 14:11:41.138  2763  2763 D TelephonyComponentFactory: getIDeviceIdleController
10-24 14:11:41.144  2763  2763 D QtiTelephonyComponentFactory: getIDeviceIdleController
10-24 14:11:41.144  2763  2763 D TelephonyComponentFactory: getIDeviceIdleController
10-24 14:11:41.144  2763  2763 D CdmaInboundSmsHandler: created InboundSmsHandler
10-24 14:11:41.148  2763  2927 D CdmaInboundSmsHandler: entering Startup state
10-24 14:11:41.149  2763  2763 D SMSDispatcher: SMSDispatcher: ctor mSmsCapable=true format=3gpp mSmsSendDisabled=false
10-24 14:11:41.150  2763  2763 D GsmSMSDispatcher: GsmSMSDispatcher created
10-24 14:11:41.150  2763  2925 D GsmInboundSmsHandler: StartupState.processMessage:6
10-24 14:11:41.150  2763  2925 D GsmInboundSmsHandler: entering Idle state
10-24 14:11:41.150  2763  2925 D GsmInboundSmsHandler: IdleState.processMessage:5
10-24 14:11:41.150  2763  2925 D GsmInboundSmsHandler: Idle state processing message type 5
10-24 14:11:41.150  2763  2927 D CdmaInboundSmsHandler: StartupState.processMessage:6
10-24 14:11:41.150  2763  2927 D CdmaInboundSmsHandler: entering Idle state
10-24 14:11:41.150  2763  2927 D CdmaInboundSmsHandler: IdleState.processMessage:5
10-24 14:11:41.150  2763  2927 D CdmaInboundSmsHandler: Idle state processing message type 5
10-24 14:11:41.152  2763  2763 D RILJ    : [3669]> RIL_REQUEST_IMS_REGISTRATION_STATE [SUB1]
10-24 14:11:41.152  2763  2763 D QtiTelephonyComponentFactory: getCdmaSubscriptionSourceManagerInstance
10-24 14:11:41.152  2763  2763 D TelephonyComponentFactory: getCdmaSubscriptionSourceManagerInstance
10-24 14:11:41.152  2763  2763 D QtiTelephonyComponentFactory: makeEriManager
10-24 14:11:41.152  2763  2925 D GsmInboundSmsHandler: mWakeLock released
10-24 14:11:41.152  2763  2763 D TelephonyComponentFactory: makeEriManager
10-24 14:11:41.155  1525  1596 E RILC    : getImsRegistrationStateResponse Invalid response: NULL
10-24 14:11:41.155  2763  2927 D CdmaInboundSmsHandler: mWakeLock released
10-24 14:11:41.155  2763  2886 D RILJ    : [3669]< RIL_REQUEST_IMS_REGISTRATION_STATE error 46 [SUB1]
