=aplogcat= Dumping /data/vendor/aplogd/Boot-0000000002_Set-0000000001_Stream-s.txt.gz to aplogcat-system.txt
03-31 10:47:04.606  1068  1068 I irsc_util: Starting irsc tool
03-31 10:47:04.635  1068  1068 I irsc_util: Num of entries:297
03-31 10:47:04.635  1068  1068 I irsc_util: Ending irsc tool
03-31 10:47:04.775  1047  1047 I android.hardware.wifi@1.0-service: Wifi Hal is booting up...
03-31 10:47:06.413  1250  1250 I imsrcsd : Uce Service HAL  is starting up...
03-31 10:47:06.589  1263  1263 I installd: installd firing up
03-31 10:47:06.645  1250  1250 I imsrcsd : Uce Service HAL  loading imsrcsbaseimpl
03-31 10:47:06.691  1274  1274 I wificond: wificond is starting up...
10-24 14:11:29.295  1250  1250 I imsrcsd : Starting Service for First Time imsbaseimpl
10-24 14:11:29.305  1250  1250 I imsrcsd : ImsRcsBaseImpl CM_IMSCONNECTIONMANAGER_CREATE_CONNECTION Before Registering Service
10-24 14:11:29.306  1250  1250 I imsrcsd : ImsRcsBaseImpl CM_IMSCONNECTIONMANAGER_CREATE_CONNECTION After Registering Service
10-24 14:11:29.316  1250  1250 I imsrcsd : ImsRcsBaseImpl ImsCallInfo After Registering Service
10-24 14:11:29.706   938   938 D Zygote32Timing: PostZygoteInitGC took to complete: 28ms
10-24 14:11:29.706   938   938 D Zygote32Timing: ZygoteInit took to complete: 28ms
10-24 14:11:29.855   937   937 D Zygote64Timing: BeginIcuCachePinning took to complete: 173ms
10-24 14:11:31.631   937   937 D Zygote64Timing: PreloadClasses took to complete: 1776ms
10-24 14:11:31.685   937   937 D Zygote64Timing: PreloadResources took to complete: 54ms
10-24 14:11:31.778   937   937 D Zygote64Timing: ZygotePreload took to complete: 2096ms
10-24 14:11:31.826   937   937 D Zygote64Timing: PostZygoteInitGC took to complete: 48ms
10-24 14:11:31.826   937   937 D Zygote64Timing: ZygoteInit took to complete: 2145ms
10-24 14:11:32.172  1975  1975 I SystemServer: InitBeforeStartServices
10-24 14:11:32.173  1975  1975 I SystemServer: Entered the Android system server!
10-24 14:11:32.501  1975  1975 D SystemServerTiming: InitBeforeStartServices took to complete: 329ms
10-24 14:11:32.501  1975  1975 I SystemServer: StartServices
10-24 14:11:32.501  1975  1975 I SystemServer: Reading configuration...
10-24 14:11:32.501  1975  1975 I SystemServer: ReadingSystemConfig
10-24 14:11:32.502  1975  1975 D SystemServerTiming: ReadingSystemConfig took to complete: 1ms
10-24 14:11:32.502  1975  1975 I SystemServer: StartInstaller
10-24 14:11:32.502  1975  1975 I SystemServiceManager: Starting com.android.server.pm.Installer
10-24 14:11:32.502  1975  2054 D SystemServerInitThreadPool: Started executing ReadingSystemConfig
10-24 14:11:32.514  1975  1975 D SystemServerTiming: StartInstaller took to complete: 13ms
10-24 14:11:32.514  1975  1975 I SystemServer: DeviceIdentifiersPolicyService
10-24 14:11:32.514  1975  1975 I SystemServiceManager: Starting com.android.server.os.DeviceIdentifiersPolicyService
10-24 14:11:32.516  1975  1975 D SystemServerTiming: DeviceIdentifiersPolicyService took to complete: 1ms
10-24 14:11:32.516  1975  1975 I SystemServer: StartActivityManager
10-24 14:11:32.516  1975  1975 I SystemServiceManager: Starting com.android.server.am.ActivityManagerService$Lifecycle
10-24 14:11:32.633  1975  1975 I ActivityManager: Memory class: 128
10-24 14:11:32.663  1975  1975 E AndroidRuntime: Error reporting WTF
10-24 14:11:32.663  1975  1975 E AndroidRuntime: java.lang.NullPointerException: Attempt to invoke interface method 'boolean android.app.IActivityManager.handleApplicationWtf(android.os.IBinder, java.lang.String, boolean, android.app.ApplicationErrorReport$ParcelableCrashInfo)' on a null object reference
10-24 14:11:32.663  1975  1975 E AndroidRuntime: 	at com.android.internal.os.RuntimeInit.wtf(RuntimeInit.java:387)
10-24 14:11:32.663  1975  1975 E AndroidRuntime: 	at android.util.Log$1.onTerribleFailure(Log.java:117)
10-24 14:11:32.663  1975  1975 E AndroidRuntime: 	at android.util.Log.wtf(Log.java:481)
10-24 14:11:32.663  1975  1975 E AndroidRuntime: 	at android.util.Log.wtf(Log.java:471)
10-24 14:11:32.663  1975  1975 E AndroidRuntime: 	at android.app.SystemServiceRegistry.onServiceNotFound(SystemServiceRegistry.java:1247)
10-24 14:11:32.663  1975  1975 E AndroidRuntime: 	at android.app.SystemServiceRegistry$CachedServiceFetcher.getService(SystemServiceRegistry.java:1155)
10-24 14:11:32.663  1975  1975 E AndroidRuntime: 	at android.app.SystemServiceRegistry.getSystemService(SystemServiceRegistry.java:1067)
10-24 14:11:32.663  1975  1975 E AndroidRuntime: 	at android.app.ContextImpl.getSystemService(ContextImpl.java:1736)
10-24 14:11:32.663  1975  1975 E AndroidRuntime: 	at com.android.internal.os.PowerProfile.getBatteryCapacity(PowerProfile.java:487)
10-24 14:11:32.663  1975  1975 E AndroidRuntime: 	at com.android.internal.os.BatteryStatsImpl.setPowerProfileLocked(BatteryStatsImpl.java:10297)
10-24 14:11:32.663  1975  1975 E AndroidRuntime: 	at com.android.server.am.BatteryStatsService.<init>(BatteryStatsService.java:182)
10-24 14:11:32.663  1975  1975 E AndroidRuntime: 	at com.android.server.am.ActivityManagerService.<init>(ActivityManagerService.java:3338)
10-24 14:11:32.663  1975  1975 E AndroidRuntime: 	at com.android.server.am.ActivityManagerService$Lifecycle.<init>(ActivityManagerService.java:3115)
10-24 14:11:32.663  1975  1975 E AndroidRuntime: 	at java.lang.reflect.Constructor.newInstance0(Native Method)
10-24 14:11:32.663  1975  1975 E AndroidRuntime: 	at java.lang.reflect.Constructor.newInstance(Constructor.java:343)
10-24 14:11:32.663  1975  1975 E AndroidRuntime: 	at com.android.server.SystemServiceManager.startService(SystemServiceManager.java:98)
10-24 14:11:32.663  1975  1975 E AndroidRuntime: 	at com.android.server.SystemServer.startBootstrapServices(SystemServer.java:591)
10-24 14:11:32.663  1975  1975 E AndroidRuntime: 	at com.android.server.SystemServer.run(SystemServer.java:448)
10-24 14:11:32.663  1975  1975 E AndroidRuntime: 	at com.android.server.SystemServer.main(SystemServer.java:309)
10-24 14:11:32.663  1975  1975 E AndroidRuntime: 	at java.lang.reflect.Method.invoke(Native Method)
10-24 14:11:32.663  1975  1975 E AndroidRuntime: 	at com.android.internal.os.RuntimeInit$MethodAndArgsCaller.run(RuntimeInit.java:493)
10-24 14:11:32.663  1975  1975 E AndroidRuntime: 	at com.android.internal.os.ZygoteInit.main(ZygoteInit.java:850)
10-24 14:11:32.663  1975  1975 E AndroidRuntime: Original WTF:
10-24 14:11:32.663  1975  1975 E AndroidRuntime: android.util.Log$TerribleFailure: No service published for: batterystats
10-24 14:11:32.663  1975  1975 E AndroidRuntime: 	at android.util.Log.wtf(Log.java:476)
10-24 14:11:32.663  1975  1975 E AndroidRuntime: 	at android.util.Log.wtf(Log.java:471)
10-24 14:11:32.663  1975  1975 E AndroidRuntime: 	at android.app.SystemServiceRegistry.onServiceNotFound(SystemServiceRegistry.java:1247)
10-24 14:11:32.663  1975  1975 E AndroidRuntime: 	at android.app.SystemServiceRegistry$CachedServiceFetcher.getService(SystemServiceRegistry.java:1155)
10-24 14:11:32.663  1975  1975 E AndroidRuntime: 	at android.app.SystemServiceRegistry.getSystemService(SystemServiceRegistry.java:1067)
10-24 14:11:32.663  1975  1975 E AndroidRuntime: 	at android.app.ContextImpl.getSystemService(ContextImpl.java:1736)
10-24 14:11:32.663  1975  1975 E AndroidRuntime: 	at com.android.internal.os.PowerProfile.getBatteryCapacity(PowerProfile.java:487)
10-24 14:11:32.663  1975  1975 E AndroidRuntime: 	at com.android.internal.os.BatteryStatsImpl.setPowerProfileLocked(BatteryStatsImpl.java:10297)
10-24 14:11:32.663  1975  1975 E AndroidRuntime: 	at com.android.server.am.BatteryStatsService.<init>(BatteryStatsService.java:182)
10-24 14:11:32.663  1975  1975 E AndroidRuntime: 	at com.android.server.am.ActivityManagerService.<init>(ActivityManagerService.java:3338)
10-24 14:11:32.663  1975  1975 E AndroidRuntime: 	at com.android.server.am.ActivityManagerService$Lifecycle.<init>(ActivityManagerService.java:3115)
10-24 14:11:32.663  1975  1975 E AndroidRuntime: 	at java.lang.reflect.Constructor.newInstance0(Native Method)
10-24 14:11:32.663  1975  1975 E AndroidRuntime: 	at java.lang.reflect.Constructor.newInstance(Constructor.java:343)
10-24 14:11:32.663  1975  1975 E AndroidRuntime: 	at com.android.server.SystemServiceManager.startService(SystemServiceManager.java:98)
10-24 14:11:32.663  1975  1975 E AndroidRuntime: 	at com.android.server.SystemServer.startBootstrapServices(SystemServer.java:591)
10-24 14:11:32.663  1975  1975 E AndroidRuntime: 	at com.android.server.SystemServer.run(SystemServer.java:448)
10-24 14:11:32.663  1975  1975 E AndroidRuntime: 	at com.android.server.SystemServer.main(SystemServer.java:309)
10-24 14:11:32.663  1975  1975 E AndroidRuntime: 	at java.lang.reflect.Method.invoke(Native Method)
10-24 14:11:32.663  1975  1975 E AndroidRuntime: 	at com.android.internal.os.RuntimeInit$MethodAndArgsCaller.run(RuntimeInit.java:493)
10-24 14:11:32.663  1975  1975 E AndroidRuntime: 	at com.android.internal.os.ZygoteInit.main(ZygoteInit.java:850)
10-24 14:11:32.663  1975  1975 E AndroidRuntime: Caused by: android.os.ServiceManager$ServiceNotFoundException: No service published for: batterystats
10-24 14:11:32.663  1975  1975 E AndroidRuntime: 	at android.os.ServiceManager.getServiceOrThrow(ServiceManager.java:143)
10-24 14:11:32.663  1975  1975 E AndroidRuntime: 	at android.app.SystemServiceRegistry$17.createService(SystemServiceRegistry.java:331)
10-24 14:11:32.663  1975  1975 E AndroidRuntime: 	at android.app.SystemServiceRegistry$17.createService(SystemServiceRegistry.java:327)
10-24 14:11:32.663  1975  1975 E AndroidRuntime: 	at android.app.SystemServiceRegistry$CachedServiceFetcher.getService(SystemServiceRegistry.java:1151)
10-24 14:11:32.663  1975  1975 E AndroidRuntime: 	... 16 more
10-24 14:11:32.664  1975  1975 D BatteryStatsImpl: Reading daily items from /data/system/batterystats-daily.xml
10-24 14:11:32.679  1975  2075 E BatteryExternalStatsWorker: no controller energy info supplied for telephony
10-24 14:11:32.681  1975  2075 I KernelUidCpuFreqTimeReader: mPerClusterTimesAvailable=true
10-24 14:11:32.694  1975  2075 W KernelCpuProcReader: File not exist: /proc/uid_cpupower/concurrent_active_time
10-24 14:11:32.699  1975  2075 W KernelCpuProcReader: File not exist: /proc/uid_cpupower/concurrent_policy_time
10-24 14:11:32.757  1975  1975 W AppOps  : Unknown attribute in 'op' tag: n
10-24 14:11:32.783  1975  1975 I chatty  : uid=1000 system_server identical 367 lines
10-24 14:11:32.783  1975  1975 W AppOps  : Unknown attribute in 'op' tag: n
10-24 14:11:32.785  1975  2054 D SystemConfig: Removed unavailable feature android.hardware.nfc
10-24 14:11:32.785  1975  2054 D SystemConfig: Removed unavailable feature android.hardware.nfc.any
10-24 14:11:32.795  1975  1975 I IntentFirewall: Read new rules (A:0 B:0 S:0)
10-24 14:11:32.808  1975  2054 D SystemConfig: Removed unavailable feature android.hardware.nfc.any
10-24 14:11:32.808  1975  2054 D SystemConfig: Removed unavailable feature android.hardware.nfc.hce
10-24 14:11:32.883  1975  1975 I RestrictProcess: isRestrictEmptyProcess: false mNumCacheMemLeft: -1 isLowRamDevice: false
10-24 14:11:32.900  1975  1975 I LaunchCheckinHandler: Next checkin scheduled in 589 minutes
10-24 14:11:32.919  1975  1975 D AppOps  : AppOpsService published
10-24 14:11:32.919  1975  1975 D SystemServerTiming: StartActivityManager took to complete: 403ms
10-24 14:11:32.919  1975  1975 I SystemServer: StartPowerManager
10-24 14:11:32.919  1975  1975 I SystemServiceManager: Starting com.android.server.power.PowerManagerService
10-24 14:11:32.927  1975  1975 D SystemServerTiming: StartPowerManager took to complete: 8ms
10-24 14:11:32.927  1975  1975 I SystemServer: InitPowerManagement
10-24 14:11:32.928  1975  1975 D SystemServerTiming: InitPowerManagement took to complete: 1ms
10-24 14:11:32.928  1975  1975 I SystemServer: StartRecoverySystemService
10-24 14:11:32.928  1975  1975 I SystemServiceManager: Starting com.android.server.RecoverySystemService
10-24 14:11:32.929  1975  1975 D SystemServerTiming: StartRecoverySystemService took to complete: 1ms
10-24 14:11:32.932  1975  1975 W RescueParty: Noticed 1 events for UID 0 in last 18 sec
10-24 14:11:32.932  1975  1975 I SystemServer: StartLightsService
10-24 14:11:32.932  1975  1975 I SystemServiceManager: Starting com.android.server.lights.LightsService
10-24 14:11:32.932  1975  1975 D SystemServerTiming: StartLightsService took to complete: 1ms
10-24 14:11:32.932  1975  1975 I SystemServer: StartSidekickService
10-24 14:11:32.932  1975  1975 D SystemServerTiming: StartSidekickService took to complete: 0ms
10-24 14:11:32.933  1975  1975 I SystemServiceManager: Starting com.motorola.server.display.PanelsService
10-24 14:11:32.935  1975  1975 D PanelsService: session=120000 daily=1800000
10-24 14:11:32.935  1975  1975 D PanelsService: screen state=0, mScreenOnceOffAfterLastHbmOn=true, lower power=false, high bright=false, finger print high bright=false, video state=0, mDisplayPowerMode=0
10-24 14:11:32.936  1975  1975 D PanelsService: set mode to: 0
10-24 14:11:32.937  1975  1975 I SystemServer: StartDisplayManager
10-24 14:11:32.937  1975  1975 I SystemServiceManager: Starting com.android.server.display.DisplayManagerService
10-24 14:11:32.949  1975  1975 D DisplayTransformManager: Moto Night Mode is false
10-24 14:11:32.949  1975  1975 D DisplayTransformManager: Moto BoostMode is false
10-24 14:11:32.949  1975  1975 D SystemServerTiming: StartDisplayManager took to complete: 13ms
10-24 14:11:32.950  1975  1975 I SystemServer: WaitForDisplay
10-24 14:11:32.950  1975  1975 I SystemServiceManager: Starting phase 100
10-24 14:11:32.954  1975  2094 I DisplayManagerService: Display device added: DisplayDeviceInfo{"Built-in Screen": uniqueId="local:0", 1080 x 2280, modeId 1, defaultModeId 1, supportedModes [{id=1, width=1080, height=2280, fps=60.000004}], colorMode 0, supportedColorModes [0, 7, 8], HdrCapabilities android.view.Display$HdrCapabilities@40f16308, density 420, 318.976 x 319.955 dpi, appVsyncOff 1000000, presDeadline 16666666, cutout DisplayCutout{insets=Rect(0, 73 - 0, 0) boundingRect=Rect(455, 0 - 625, 73)}, touch INTERNAL, rotation 0, type BUILT_IN, state UNKNOWN, FLAG_DEFAULT_DISPLAY, FLAG_ROTATES_WITH_CONTENT, FLAG_SECURE, FLAG_SUPPORTS_PROTECTED_BUFFERS}
10-24 14:11:32.955  1975  2094 D PanelsService: noteDisplayPowerMode: 2
10-24 14:11:32.955  1975  2094 D PanelsService: screen state=0, mScreenOnceOffAfterLastHbmOn=true, lower power=false, high bright=false, finger print high bright=false, video state=0, mDisplayPowerMode=2
10-24 14:11:32.971  1975  2094 I DisplayManagerService: Display device changed state: "Built-in Screen", ON
10-24 14:11:32.971  1975  1975 D SystemServerTiming: WaitForDisplay took to complete: 21ms
10-24 14:11:32.972  1975  1975 I SystemServer: StartPackageManagerService
10-24 14:11:32.986  1975  1975 E MotoSigPermissionXml: parseFile exception: java.io.FileNotFoundException: oem/etc/sig-permission.xml (No such file or directory)
10-24 14:11:32.986  1975  1975 E MotoSigPermissionXml: parseConsentFile exception: java.io.FileNotFoundException: /data/system/sig-consent.xml (No such file or directory)
10-24 14:11:32.987  1975  1975 I PreInstallPackage: Current preinstall apps which had been uninstalled or upgraded by user: []
10-24 14:11:32.988  1975  1975 I PreInstallPackage: Current preinstall apps which not need to be installed with plmn or channel: []
10-24 14:11:33.075  1975  2101 W ProcessCpuTracker: Skipping unknown process pid 2102
10-24 14:11:33.079  1975  2054 W SystemConfig: No directory /system/etc/motorola/sysconfig, skipping
10-24 14:11:33.080  1975  2054 W SystemConfig: No directory /oem/etc/motorola/sysconfig, skipping
10-24 14:11:33.080  1975  2054 D SystemServerInitThreadPool: Finished executing ReadingSystemConfig
10-24 14:11:33.094  1975  1975 D SELinuxMMAC: Using policy file /system/etc/selinux/plat_mac_permissions.xml
10-24 14:11:33.098  1975  1975 D SELinuxMMAC: Using policy file /vendor/etc/selinux/vendor_mac_permissions.xml
10-24 14:11:33.109  1975  2101 W ProcessCpuTracker: Skipping unknown process pid 2129
10-24 14:11:33.109  1975  2101 I ActivityManager: Load: 5.72 / 1.19 / 0.39
10-24 14:11:33.110  1975  2101 I ActivityManager: CPU usage from 190ms to 33ms ago (2019-10-24 14:11:32.919 to 2019-10-24 14:11:33.075):
10-24 14:11:33.110  1975  2101 I ActivityManager: 55% TOTAL: 16% user + 35% kernel + 2.5% iowait + 0.8% irq + 0.8% softirq
10-24 14:11:33.110  1975  2101 I ActivityManager:   147% 1975/system_server: 29% user + 117% kernel / faults: 305 minor
10-24 14:11:33.110  1975  2101 I ActivityManager:   41% 1266/media.extractor: 20% user + 20% kernel / faults: 462 minor 7 major
10-24 14:11:33.110  1975  2101 I ActivityManager:   8.7% 244/kworker/u16:3: 0% user + 8.7% kernel
10-24 14:11:33.110  1975  2101 I ActivityManager:   9.8% 345/mmc-cmdqd/0: 0% user + 9.8% kernel
10-24 14:11:33.110  1975  2101 I ActivityManager:   12% 916/logd: 0% user + 12% kernel / faults: 2 minor
10-24 14:11:33.620  1975  2172 I PackageParser: Skipping target and overlay pair com.motorola.setup and null: overlay ignored due to required system property: ro.carrier with value: tefbr
10-24 14:11:33.620  1975  1975 W PackageManager: Failed to parse /oem/overlay/SetupWizardExt-oemres-tefbr: /oem/overlay/SetupWizardExt-oemres-tefbr/SetupWizardExt-oemres-tefbr.apk (at Binary XML file line #11): null
10-24 14:11:33.621  1975  2173 I PackageParser: Skipping target and overlay pair com.motorola.setup and null: overlay ignored due to required system property: ro.carrier with value: tefmx
10-24 14:11:33.622  1975  1975 W PackageManager: Failed to parse /oem/overlay/SetupWizardExt-oemres-tefmx: /oem/overlay/SetupWizardExt-oemres-tefmx/SetupWizardExt-oemres-tefmx.apk (at Binary XML file line #11): null
10-24 14:11:33.628  1975  1975 W PackageManager: Failed to parse /system/framework/oat: Missing base APK in /system/framework/oat
10-24 14:11:33.628  1975  1975 W PackageManager: Failed to parse /system/framework/arm64: Missing base APK in /system/framework/arm64
10-24 14:11:33.628  1975  1975 W PackageManager: Failed to parse /system/framework/arm: Missing base APK in /system/framework/arm
10-24 14:11:33.838  1975  2187 I PackageParser: Parse times for '/system/priv-app/MotoHelp': parse=114ms, update_cache=2 ms
10-24 14:11:33.922  1975  2186 I PackageParser: Parse times for '/system/priv-app/TeleService': parse=199ms, update_cache=1 ms
10-24 14:11:34.026  1975  2187 W PackageParser: No actions in intent filter at /system/priv-app/Launcher3QuickStep/Launcher3QuickStep.apk Binary XML file line #247
10-24 14:11:34.096  1975  2185 W PackageParser: No actions in intent filter at /system/priv-app/MotoActions/MotoActions.apk Binary XML file line #270
10-24 14:11:34.097  1975  2185 W PackageParser: No actions in intent filter at /system/priv-app/MotoActions/MotoActions.apk Binary XML file line #367
10-24 14:11:34.097  1975  2185 W PackageParser: No actions in intent filter at /system/priv-app/MotoActions/MotoActions.apk Binary XML file line #393
10-24 14:11:34.097  1975  2185 W PackageParser: No actions in intent filter at /system/priv-app/MotoActions/MotoActions.apk Binary XML file line #407
10-24 14:11:34.098  1975  2185 W PackageParser: No actions in intent filter at /system/priv-app/MotoActions/MotoActions.apk Binary XML file line #433
10-24 14:11:34.098  1975  2185 W PackageParser: No actions in intent filter at /system/priv-app/MotoActions/MotoActions.apk Binary XML file line #444
10-24 14:11:34.098  1975  2185 W PackageParser: No actions in intent filter at /system/priv-app/MotoActions/MotoActions.apk Binary XML file line #459
10-24 14:11:34.098  1975  2185 W PackageParser: No actions in intent filter at /system/priv-app/MotoActions/MotoActions.apk Binary XML file line #472
10-24 14:11:34.098  1975  2185 W PackageParser: No actions in intent filter at /system/priv-app/MotoActions/MotoActions.apk Binary XML file line #528
10-24 14:11:34.316  1975  2184 W PackageParser: Ignoring duplicate uses-permissions/uses-permissions-sdk-m: android.permission.CONFIGURE_WIFI_DISPLAY in package: com.android.systemui at: Binary XML file line #146
10-24 14:11:34.373  1975  2184 I PackageParser: Parse times for '/system/priv-app/SystemUI': parse=169ms, update_cache=12 ms
10-24 14:11:34.413  1975  2184 W PackageParser: Ignoring duplicate uses-permissions/uses-permissions-sdk-m: android.permission.READ_PRIVILEGED_PHONE_STATE in package: com.google.android.partnersetup at: Binary XML file line #54
10-24 14:11:34.466  1975  2185 W PackageParser: No actions in intent filter at /system/priv-app/MSimSettings/MSimSettings.apk Binary XML file line #412
10-24 14:11:34.466  1975  2185 W PackageParser: No actions in intent filter at /system/priv-app/MSimSettings/MSimSettings.apk Binary XML file line #421
10-24 14:11:34.471  1975  2185 I PackageParser: Parse times for '/system/priv-app/MSimSettings': parse=97ms, update_cache=4 ms
10-24 14:11:34.531  1975  2184 I PackageParser: Parse times for '/system/priv-app/GooglePackageInstaller': parse=102ms, update_cache=1 ms
10-24 14:11:34.567  1975  2185 W PackageParser: Unknown element under <manifest>: meta-data at /system/priv-app/GoogleDialer/GoogleDialer.apk Binary XML file line #93
10-24 14:11:34.606  1975  2185 I PackageParser: Parse times for '/system/priv-app/GoogleDialer': parse=125ms, update_cache=6 ms
10-24 14:11:34.648  1975  2187 I PackageParser: Parse times for '/system/priv-app/Phonesky': parse=134ms, update_cache=5 ms
10-24 14:11:34.676  1975  2186 I PackageParser: Parse times for '/system/priv-app/Settings': parse=558ms, update_cache=7 ms
10-24 14:11:34.700  1975  2184 W PackageParser: Ignoring duplicate uses-permissions/uses-permissions-sdk-m: android.permission.ACCESS_WIFI_STATE in package: com.motorola.ccc.devicemanagement at: Binary XML file line #48
10-24 14:11:34.751  1975  2187 W PackageParser: Unknown element under <manifest>: meta-data at /system/priv-app/LenovoId/LenovoId.apk Binary XML file line #17
10-24 14:11:34.790  1975  2187 W PackageParser: No actions in intent filter at /system/priv-app/SetupWizardExt/SetupWizardExt.apk Binary XML file line #174
10-24 14:11:35.002  1975  2184 W PackageParser: Ignoring duplicate uses-permissions/uses-permissions-sdk-m: android.permission.PACKAGE_USAGE_STATS in package: com.motorola.motocare.internal at: Binary XML file line #26
10-24 14:11:35.057  1975  2186 I PackageParser: Parse times for '/system/priv-app/GmsCore': parse=177ms, update_cache=13 ms
10-24 14:11:35.095  1273  1522 E storaged: getService package_native failed
10-24 14:11:35.099  1273  1522 I storaged: storaged: Start
10-24 14:11:35.099  1273  1522 E storaged: getDiskStats failed with result NOT_SUPPORTED and size 0
10-24 14:11:35.118  1975  2185 I PackageParser: Parse times for '/system/priv-app/FilesGoogle': parse=102ms, update_cache=4 ms
10-24 14:11:35.159  1975  2184 I PackageParser: Parse times for '/system/priv-app/3c_notification': parse=119ms, update_cache=1 ms
10-24 14:11:35.258  1975  2187 W PackageParser: No actions in intent filter at /system/priv-app/Velvet/Velvet.apk Binary XML file line #385
10-24 14:11:35.303  1975  2187 I PackageParser: Parse times for '/system/priv-app/Velvet': parse=316ms, update_cache=4 ms
10-24 14:11:35.318  1975  2186 W PackageParser: Ignoring duplicate uses-permissions/uses-permissions-sdk-m: android.permission.INSTALL_GRANT_RUNTIME_PERMISSIONS in package: com.android.shell at: Binary XML file line #112
10-24 14:11:35.409  1975  2184 W PackageParser: No actions in intent filter at /system/priv-app/GoogleRestore/GoogleRestore.apk Binary XML file line #93
10-24 14:11:35.556  1975  2292 W PackageParser: No actions in intent filter at /system/app/MotoDolbyV3/MotoDolbyV3.apk Binary XML file line #129
10-24 14:11:35.582  1975  2289 W PackageParser: No actions in intent filter at /system/app/Bluetooth/Bluetooth.apk Binary XML file line #233
10-24 14:11:35.684  1975  2290 W PackageParser: No actions in intent filter at /system/app/GoogleContacts/GoogleContacts.apk Binary XML file line #450
10-24 14:11:35.744  1975  2291 I PackageParser: Parse times for '/system/app/Maps': parse=138ms, update_cache=4 ms
10-24 14:11:35.769  1975  2292 I PackageParser: Parse times for '/system/app/Chrome': parse=107ms, update_cache=7 ms
10-24 14:11:35.854  1975  2289 W PackageParser: Ignoring duplicate uses-permissions/uses-permissions-sdk-m: android.permission.ACCESS_FINE_LOCATION in package: com.motorola.cdbench2 at: Binary XML file line #30
10-24 14:11:35.881  1975  2292 W PackageParser: No actions in intent filter at /system/app/Drive/Drive.apk Binary XML file line #1779
10-24 14:11:35.884  1975  2292 I PackageParser: Parse times for '/system/app/Drive': parse=111ms, update_cache=3 ms
10-24 14:11:35.898  1975  2290 W PackageParser: No actions in intent filter at /system/app/CarrierDefaultApp/CarrierDefaultApp.apk Binary XML file line #52
10-24 14:11:36.010  1975  2292 W PackageParser: No actions in intent filter at /system/app/Gmail2/Gmail2.apk Binary XML file line #756
10-24 14:11:36.010  1975  2292 W PackageParser: No actions in intent filter at /system/app/Gmail2/Gmail2.apk Binary XML file line #821
10-24 14:11:36.016  1975  2292 I PackageParser: Parse times for '/system/app/Gmail2': parse=123ms, update_cache=3 ms
10-24 14:11:36.063  1975  2291 W PackageParser: No actions in intent filter at /system/app/CalendarGoogle/CalendarGoogle.apk Binary XML file line #497
10-24 14:11:36.065  1975  2291 I PackageParser: Parse times for '/system/app/CalendarGoogle': parse=149ms, update_cache=1 ms
10-24 14:11:36.098  1975  2291 W PackageParser: Ignoring duplicate uses-permissions/uses-permissions-sdk-m: android.permission.WAKE_LOCK in package: com.qualcomm.qti.qmmi at: Binary XML file line #24
10-24 14:11:36.099  1975  2291 W PackageParser: Ignoring duplicate uses-permissions/uses-permissions-sdk-m: android.permission.READ_PHONE_STATE in package: com.qualcomm.qti.qmmi at: Binary XML file line #37
10-24 14:11:36.099  1975  2291 W PackageParser: Ignoring duplicate uses-permissions/uses-permissions-sdk-m: android.permission.DISABLE_KEYGUARD in package: com.qualcomm.qti.qmmi at: Binary XML file line #43
10-24 14:11:36.159  1975  2289 W PackageParser: No actions in intent filter at /system/app/Messages/Messages.apk Binary XML file line #1319
10-24 14:11:36.163  1975  2289 I PackageParser: Parse times for '/system/app/Messages': parse=166ms, update_cache=2 ms
10-24 14:11:36.263  1975  2290 W PackageParser: No actions in intent filter at /system/app/Photos/Photos.apk Binary XML file line #938
10-24 14:11:36.273  1975  2290 I PackageParser: Parse times for '/system/app/Photos': parse=204ms, update_cache=10 ms
10-24 14:11:36.416  1975  2290 I PackageParser: Parse times for '/system/app/Music2': parse=135ms, update_cache=2 ms
10-24 14:11:36.510  1975  2290 W PackageParser: Ignoring duplicate uses-permissions/uses-permissions-sdk-m: android.permission.WAKE_LOCK in package: com.android.stk at: Binary XML file line #48
10-24 14:11:36.529  1975  2292 I PackageParser: Parse times for '/system/app/Videos': parse=98ms, update_cache=8 ms
10-24 14:11:36.592  1975  2290 W PackageParser: Ignoring duplicate uses-permissions/uses-permissions-sdk-m: android.permission.CHANGE_WIFI_STATE in package: com.android.nfc at: Binary XML file line #63
10-24 14:11:36.592  1975  2290 W PackageParser: Ignoring duplicate uses-permissions/uses-permissions-sdk-m: android.permission.ACCESS_WIFI_STATE in package: com.android.nfc at: Binary XML file line #64
10-24 14:11:36.602  1975  2289 I PackageParser: Parse times for '/system/app/talkback': parse=125ms, update_cache=7 ms
10-24 14:11:36.608  1975  2291 I PackageParser: Parse times for '/system/app/YouTube': parse=161ms, update_cache=2 ms
10-24 14:11:36.644  1975  2291 W PackageParser: Ignoring duplicate uses-permissions/uses-permissions-sdk-m: android.permission.ACCESS_FINE_LOCATION in package: com.motorola.pmtest2 at: Binary XML file line #31
10-24 14:11:36.720  1975  2290 W PackageParser: No actions in intent filter at /system/app/Duo/Duo.apk Binary XML file line #545
10-24 14:11:36.797  1975  2292 I PackageParser: Parse times for '/system/app/LatinImeGoogle': parse=155ms, update_cache=1 ms
10-24 14:11:36.838  1975  1975 I PackageManager: Finished scanning system apps. Time: 3265 ms, packageCount: 232 , timePerPackage: 14 , cached: 1
10-24 14:11:36.848  1975  1975 I PackageManager: Finished scanning non-system apps. Time: 10 ms, packageCount: 1 , timePerPackage: 10 , cached: 0
10-24 14:11:36.849  1975  1975 E PackageManager: There should probably be exactly one storage manager; found 2: matches=[ResolveInfo{b701ec3 com.google.android.apps.nbu.files/.home.HomeActivity p=100 m=0x108000}, ResolveInfo{5eeb340 com.android.storagemanager/.deletionhelper.DeletionHelperActivity m=0x108000}]
10-24 14:11:36.849  1975  1975 E PackageManager: updateAllSharedLibrariesLPw failed: Package com.motorola.android.fmradio requires unavailable shared library qcom.fmradio; failing!
10-24 14:11:36.849  1975  1975 E PackageManager: updateAllSharedLibrariesLPw failed: Package com.android.providers.downloads requires unavailable shared library com.motorola.android.encryption; failing!
10-24 14:11:36.850  1975  1975 E PackageManager: updateAllSharedLibrariesLPw failed: Package com.qualcomm.qcrilmsgtunnel requires unavailable shared library android.hidl.manager@1.0-java; failing!
10-24 14:11:36.850  1975  1975 E PackageManager: updateAllSharedLibrariesLPw failed: Package com.qualcomm.qti.lpa requires unavailable shared library com.qualcomm.qti.lpa.uimlpalibrary; failing!
10-24 14:11:36.850  1975  1975 E PackageManager: updateAllSharedLibrariesLPw failed: Package com.qualcomm.qti.uim requires unavailable shared library com.qualcomm.qti.uim.uimservicelibrary; failing!
10-24 14:11:36.855  1975  1975 I PackageManager: Time to scan packages: 3.282 seconds
10-24 14:11:36.869  1975  1975 V PackageManager: reconcileAppsData for null u0 0x1 migrateAppData=true
10-24 14:11:36.980  1975  1975 V PackageManager: reconcileAppsData finished 27 packages
10-24 14:11:36.981  1975  2318 D SystemServerInitThreadPool: Started executing prepareAppData
10-24 14:11:37.077  1975  1975 V PackageManager: Ephemeral resolver found; pkg: com.google.android.gms, info:ResolveInfo{9181bbe com.google.android.gms/.chimera.PersistentBoundBrokerService m=0x108000}
10-24 14:11:37.077  1975  1975 D PackageManager: Set ephemeral resolver: Pair{ComponentInfo{com.google.android.gms/com.google.android.gms.chimera.PersistentBoundBrokerService} android.intent.action.RESOLVE_INSTANT_APP_PACKAGE}
10-24 14:11:37.079  1975  1975 D PackageManager: Set ephemeral installer activity: ComponentInfo{com.android.vending/com.google.android.finsky.instantapps.EphemeralInstallerActivity}
10-24 14:11:37.166  1975  1975 D SystemServerTiming: StartPackageManagerService took to complete: 4195ms
10-24 14:11:37.167  1975  1975 I SystemServer: StartOtaDexOptService
10-24 14:11:37.168  1975  1975 D OTADexopt: No upgrade, skipping A/B artifacts check.
10-24 14:11:37.168  1975  1975 D SystemServerTiming: StartOtaDexOptService took to complete: 1ms
10-24 14:11:37.168  1975  1975 I SystemServer: StartUserManagerService
10-24 14:11:37.168  1975  1975 I SystemServiceManager: Starting com.android.server.pm.UserManagerService$LifeCycle
10-24 14:11:37.169  1975  1975 D SystemServerTiming: StartUserManagerService took to complete: 1ms
10-24 14:11:37.169  1975  1975 I SystemServer: InitAttributerCache
10-24 14:11:37.169  1975  1975 D SystemServerTiming: InitAttributerCache took to complete: 1ms
10-24 14:11:37.169  1975  1975 I SystemServer: SetSystemProcess
10-24 14:11:37.178  1975  1975 D SystemServerTiming: SetSystemProcess took to complete: 8ms
10-24 14:11:37.180  1975  1975 I SystemServer: StartOverlayManagerService
10-24 14:11:37.181  1975  1975 D SystemServerTiming: StartOverlayManagerService took to complete: 1ms
10-24 14:11:37.181  1975  2322 D SystemServerInitThreadPool: Started executing Init OverlayManagerService
10-24 14:11:37.182  1975  1975 I SystemServer: StartBatteryService
10-24 14:11:37.182  1975  1975 I SystemServiceManager: Starting com.android.server.BatteryService
10-24 14:11:37.183  1975  2323 D SystemServerInitThreadPool: Started executing StartSensorService
10-24 14:11:37.200  1975  1975 I HealthServiceWrapper: health: HealthServiceWrapper listening to instance default
10-24 14:11:37.202  1975  2108 D BatteryService: Processing new values: info={.chargerAcOnline = false, .chargerUsbOnline = false, .chargerWirelessOnline = false, .maxChargingCurrent = 0, .maxChargingVoltage = 0, .batteryStatus = DISCHARGING, .batteryHealth = GOOD, .batteryPresent = true, .batteryLevel = 79, .batteryVoltage = 3999, .batteryTemperature = 241, .batteryCurrent = -612, .batteryCycleCount = 0, .batteryFullCharge = 4089000, .batteryChargeCounter = 3189420, .batteryTechnology = Li-ion}, mBatteryLevelCritical=false, mPlugType=0, modInfo={.modLevel = -1, .modStatus = 1, .modFlag = 0, .modType = 0, .modPowerSource = 0, .batteryLevel = 127}
10-24 14:11:37.202  1975  2108 D BatteryService: Sending ACTION_BATTERY_CHANGED. scale:100, info:{.chargerAcOnline = false, .chargerUsbOnline = false, .chargerWirelessOnline = false, .maxChargingCurrent = 0, .maxChargingVoltage = 0, .batteryStatus = DISCHARGING, .batteryHealth = GOOD, .batteryPresent = true, .batteryLevel = 79, .batteryVoltage = 3999, .batteryTemperature = 241, .batteryCurrent = -612, .batteryCycleCount = 0, .batteryFullCharge = 4089000, .batteryChargeCounter = 3189420, .batteryTechnology = Li-ion}, charge rate:0, modInfo:{.modLevel = -1, .modStatus = 1, .modFlag = 0, .modType = 0, .modPowerSource = 0, .batteryLevel = 127}
10-24 14:11:37.204  1975  2075 E BatteryExternalStatsWorker: no controller energy info supplied for telephony
10-24 14:11:37.207  1975  2108 D BatteryService: Processing new values: info={.chargerAcOnline = false, .chargerUsbOnline = false, .chargerWirelessOnline = false, .maxChargingCurrent = 0, .maxChargingVoltage = 0, .batteryStatus = DISCHARGING, .batteryHealth = GOOD, .batteryPresent = true, .batteryLevel = 79, .batteryVoltage = 3999, .batteryTemperature = 241, .batteryCurrent = -612, .batteryCycleCount = 0, .batteryFullCharge = 4089000, .batteryChargeCounter = 3189420, .batteryTechnology = Li-ion}, mBatteryLevelCritical=false, mPlugType=0, modInfo={.modLevel = -1, .modStatus = 1, .modFlag = 0, .modType = 0, .modPowerSource = 0, .batteryLevel = 127}
10-24 14:11:37.207  1975  1975 I BatteryService: health: Waited 7ms and received the update.
10-24 14:11:37.210  1975  1975 D SystemServerTiming: StartBatteryService took to complete: 28ms
10-24 14:11:37.210  1975  1975 I SystemServer: StartUsageService
10-24 14:11:37.210  1975  1975 I SystemServiceManager: Starting com.android.server.usage.UsageStatsService
10-24 14:11:37.216  1975  2108 D BatteryService: Processing new values: info={.chargerAcOnline = false, .chargerUsbOnline = false, .chargerWirelessOnline = false, .maxChargingCurrent = 0, .maxChargingVoltage = 0, .batteryStatus = DISCHARGING, .batteryHealth = GOOD, .batteryPresent = true, .batteryLevel = 79, .batteryVoltage = 3999, .batteryTemperature = 241, .batteryCurrent = -612, .batteryCycleCount = 0, .batteryFullCharge = 4089000, .batteryChargeCounter = 3189420, .batteryTechnology = Li-ion}, mBatteryLevelCritical=false, mPlugType=0, modInfo={.modLevel = -1, .modStatus = 1, .modFlag = 0, .modType = 0, .modPowerSource = 0, .batteryLevel = 127}
10-24 14:11:37.219  1975  2323 D SystemServerTimingAsync: StartSensorService took to complete: 36ms
10-24 14:11:37.220  1975  2323 D SystemServerInitThreadPool: Finished executing StartSensorService
10-24 14:11:37.245  1975  1975 I UsageStatsService: User[0] Rollover scheduled @ 2019-10-24 18:11:08(1571911868727)
10-24 14:11:37.245  1975  1975 D SystemServerTiming: StartUsageService took to complete: 35ms
10-24 14:11:37.245  1975  1975 I SystemServer: StartWebViewUpdateService
10-24 14:11:37.245  1975  1975 I SystemServiceManager: Starting com.android.server.webkit.WebViewUpdateService
10-24 14:11:37.248  1975  1975 D SystemServerTiming: StartWebViewUpdateService took to complete: 2ms
10-24 14:11:37.248  1975  1975 I SystemServer: StartBinderCallsStatsService
10-24 14:11:37.249  1975  1975 D SystemServerTiming: StartBinderCallsStatsService took to complete: 1ms
10-24 14:11:37.250  1975  1975 I SystemServer: StartKeyAttestationApplicationIdProviderService
10-24 14:11:37.250  1975  2054 D SystemServerInitThreadPool: Started executing SecondaryZygotePreload
10-24 14:11:37.250  1975  2054 I SystemServer: SecondaryZygotePreload
10-24 14:11:37.251  1975  1975 D SystemServerTiming: StartKeyAttestationApplicationIdProviderService took to complete: 1ms
10-24 14:11:37.251  1975  1975 I SystemServer: StartKeyChainSystemService
10-24 14:11:37.251  1975  1975 I SystemServiceManager: Starting com.android.server.security.KeyChainSystemService
10-24 14:11:37.251  1975  1975 D SystemServerTiming: StartKeyChainSystemService took to complete: 1ms
10-24 14:11:37.252  1975  1975 I SystemServer: StartSchedulingPolicyService
10-24 14:11:37.252  1975  2323 D SystemServerInitThreadPool: Started executing SchedulingPolicyService.<init>
10-24 14:11:37.253  1975  1975 D SystemServerTiming: StartSchedulingPolicyService took to complete: 1ms
10-24 14:11:37.253  1975  1975 I SystemServer: StartTelecomLoaderService
10-24 14:11:37.253  1975  1975 I SystemServiceManager: Starting com.android.server.telecom.TelecomLoaderService
10-24 14:11:37.253  1975  1975 D SystemServerTiming: StartTelecomLoaderService took to complete: 0ms
10-24 14:11:37.253  1975  1975 I SystemServer: StartTelephonyRegistry
10-24 14:11:37.255  1975  1975 D SystemServerTiming: StartTelephonyRegistry took to complete: 2ms
10-24 14:11:37.255  1975  1975 I SystemServer: StartEntropyMixer
10-24 14:11:37.258  1975  1975 W EntropyMixer: Failed to add HW RNG output to entropy pool
10-24 14:11:37.258  1975  1975 W EntropyMixer: java.io.FileNotFoundException: /dev/hw_random (Permission denied)
10-24 14:11:37.258  1975  1975 W EntropyMixer: 	at java.io.FileInputStream.open0(Native Method)
10-24 14:11:37.258  1975  1975 W EntropyMixer: 	at java.io.FileInputStream.open(FileInputStream.java:231)
10-24 14:11:37.258  1975  1975 W EntropyMixer: 	at java.io.FileInputStream.<init>(FileInputStream.java:165)
10-24 14:11:37.258  1975  1975 W EntropyMixer: 	at java.io.FileInputStream.<init>(FileInputStream.java:112)
10-24 14:11:37.258  1975  1975 W EntropyMixer: 	at com.android.server.RandomBlock.fromFile(RandomBlock.java:45)
10-24 14:11:37.258  1975  1975 W EntropyMixer: 	at com.android.server.EntropyMixer.addHwRandomEntropy(EntropyMixer.java:205)
10-24 14:11:37.258  1975  1975 W EntropyMixer: 	at com.android.server.EntropyMixer.<init>(EntropyMixer.java:115)
10-24 14:11:37.258  1975  1975 W EntropyMixer: 	at com.android.server.EntropyMixer.<init>(EntropyMixer.java:97)
10-24 14:11:37.258  1975  1975 W EntropyMixer: 	at com.android.server.SystemServer.startOtherServices(SystemServer.java:848)
10-24 14:11:37.258  1975  1975 W EntropyMixer: 	at com.android.server.SystemServer.run(SystemServer.java:450)
10-24 14:11:37.258  1975  1975 W EntropyMixer: 	at com.android.server.SystemServer.main(SystemServer.java:309)
10-24 14:11:37.258  1975  1975 W EntropyMixer: 	at java.lang.reflect.Method.invoke(Native Method)
10-24 14:11:37.258  1975  1975 W EntropyMixer: 	at com.android.internal.os.RuntimeInit$MethodAndArgsCaller.run(RuntimeInit.java:493)
10-24 14:11:37.258  1975  1975 W EntropyMixer: 	at com.android.internal.os.ZygoteInit.main(ZygoteInit.java:850)
10-24 14:11:37.258  1975  1975 I EntropyMixer: Writing entropy...
10-24 14:11:37.267  1975  1975 D SystemServerTiming: StartEntropyMixer took to complete: 12ms
10-24 14:11:37.267  1975  1975 I SystemServer: StartAccountManagerService
10-24 14:11:37.268  1975  1975 I SystemServiceManager: Starting com.android.server.accounts.AccountManagerService$Lifecycle
10-24 14:11:37.273  1975  1975 D SystemServerTiming: StartAccountManagerService took to complete: 5ms
10-24 14:11:37.273  1975  1975 I SystemServer: StartContentService
10-24 14:11:37.274  1975  1975 I SystemServiceManager: Starting com.android.server.content.ContentService$Lifecycle
10-24 14:11:37.276  1975  1975 D SystemServerTiming: StartContentService took to complete: 2ms
10-24 14:11:37.276  1975  1975 I SystemServer: InstallSystemProviders
10-24 14:11:37.281  1975  2323 D SystemServerInitThreadPool: Finished executing SchedulingPolicyService.<init>
10-24 14:11:37.304   938   938 D ZygoteInitTiming_lazy: BeginIcuCachePinning took to complete: 12ms
10-24 14:11:37.396  1975  1975 D SystemServerTiming: InstallSystemProviders took to complete: 120ms
10-24 14:11:37.396  1975  1975 I SystemServer: StartDropBoxManager
10-24 14:11:37.396  1975  1975 I SystemServiceManager: Starting com.android.server.DropBoxManagerService
10-24 14:11:37.398  1975  1975 D SystemServerTiming: StartDropBoxManager took to complete: 2ms
10-24 14:11:37.398  1975  1975 I SystemServer: StartVibratorService
10-24 14:11:37.409  1975  1975 I VibratorService: motovibrator mHasCustomVibrationFeature: true
10-24 14:11:37.410  1975  1975 D SystemServerTiming: StartVibratorService took to complete: 12ms
10-24 14:11:37.410  1975  1975 I SystemServer: StartConsumerIrService
10-24 14:11:37.414  1975  1975 D SystemServerTiming: StartConsumerIrService took to complete: 3ms
10-24 14:11:37.414  1975  1975 I SystemServer: StartAlarmManagerService
10-24 14:11:37.414  1975  1975 I SystemServiceManager: Starting com.android.server.AlarmManagerService
10-24 14:11:37.422  1975  1975 D SystemServerTiming: StartAlarmManagerService took to complete: 8ms
10-24 14:11:37.422  1975  1975 I SystemServer: InitWatchdog
10-24 14:11:37.422  1975  1975 D SystemServerTiming: InitWatchdog took to complete: 1ms
10-24 14:11:37.422  1975  1975 I SystemServer: StartInputManagerService
10-24 14:11:37.423  1975  1975 I InputManager: Initializing input manager, mUseDevInputEventForAudioJack=true
10-24 14:11:37.432  1975  1975 D SystemServerTiming: StartInputManagerService took to complete: 10ms
10-24 14:11:37.433  1975  1975 I SystemServer: StartWindowManagerService
10-24 14:11:37.439  1975  2094 I WindowManager: No existing display settings /data/system/display_settings.xml; starting empty
10-24 14:11:37.459  1975  1975 D SystemServerTiming: StartWindowManagerService took to complete: 27ms
10-24 14:11:37.460  1975  1975 I SystemServer: SetWindowManagerService
10-24 14:11:37.495  1975  1975 D SystemServerTiming: SetWindowManagerService took to complete: 36ms
10-24 14:11:37.495  1975  1975 I SystemServer: WindowManagerServiceOnInitReady
10-24 14:11:37.563  1975  1975 D SystemServerTiming: WindowManagerServiceOnInitReady took to complete: 67ms
10-24 14:11:37.563  1975  1975 I SystemServer: StartVrManagerService
10-24 14:11:37.563  1975  2323 D SystemServerInitThreadPool: Started executing StartHidlServices
10-24 14:11:37.563  1975  1975 I SystemServiceManager: Starting com.android.server.vr.VrManagerService
10-24 14:11:37.568  1975  1975 D SystemServerTiming: StartVrManagerService took to complete: 5ms
10-24 14:11:37.568  1975  1975 I SystemServer: StartInputManager
10-24 14:11:37.568  1975  1975 I InputManager: Starting input manager
10-24 14:11:37.569  1975  2323 D SystemServerTimingAsync: StartHidlServices took to complete: 6ms
10-24 14:11:37.569  1975  2323 D SystemServerInitThreadPool: Finished executing StartHidlServices
10-24 14:11:37.572  1975  1975 D SystemServerTiming: StartInputManager took to complete: 4ms
10-24 14:11:37.572  1975  1975 I SystemServer: DisplayManagerWindowManagerAndInputReady
10-24 14:11:37.572  1975  1975 D SystemServerTiming: DisplayManagerWindowManagerAndInputReady took to complete: 0ms
10-24 14:11:37.572  1975  1975 I SystemServer: StartBluetoothService
10-24 14:11:37.572  1975  1975 I SystemServiceManager: Starting com.android.server.BluetoothService
10-24 14:11:37.575  1975  1975 D BluetoothManagerService: Loading stored name and address
10-24 14:11:37.575  1975  1975 D BluetoothManagerService: Stored bluetooth Name=moto g(8) plus,Address=8C:F1:12:D5:6C:E3
10-24 14:11:37.575  1975  1975 D BluetoothManagerService: Bluetooth persisted state: 0
10-24 14:11:37.576  1975  1975 D BluetoothManagerService: Detected SystemUiUid: 10042
10-24 14:11:37.576  1975  1975 D SystemServerTiming: StartBluetoothService took to complete: 3ms
10-24 14:11:37.576  1975  1975 I SystemServer: IpConnectivityMetrics
10-24 14:11:37.576  1975  1975 I SystemServiceManager: Starting com.android.server.connectivity.IpConnectivityMetrics
10-24 14:11:37.577  1975  1975 D SystemServerTiming: IpConnectivityMetrics took to complete: 1ms
10-24 14:11:37.577  1975  1975 I SystemServer: NetworkWatchlistService
10-24 14:11:37.577  1975  1975 I SystemServiceManager: Starting com.android.server.net.watchlist.NetworkWatchlistService$Lifecycle
10-24 14:11:37.588  1975  1975 I WatchlistSettings: Reload watchlist settings done
10-24 14:11:37.589  1975  2394 I WatchlistLoggingHandler: Start aggregating watchlist records.
10-24 14:11:37.590  1975  1975 D SystemServerTiming: NetworkWatchlistService took to complete: 13ms
10-24 14:11:37.590  1975  1975 I SystemServer: PinnerService
10-24 14:11:37.590  1975  1975 I SystemServiceManager: Starting com.android.server.PinnerService
10-24 14:11:37.592  1975  1975 D SystemServerTiming: PinnerService took to complete: 2ms
10-24 14:11:37.592  1975  1975 I SystemServer: StartInputMethodManagerLifecycle
10-24 14:11:37.592  1975  1975 I SystemServiceManager: Starting com.android.server.InputMethodManagerService$Lifecycle
10-24 14:11:37.592  1975  2057 D PinnerService: pinRangeStream: null
10-24 14:11:37.600  1975  1975 D SystemServerTiming: StartInputMethodManagerLifecycle took to complete: 8ms
10-24 14:11:37.600  1975  1975 I SystemServer: StartAccessibilityManagerService
10-24 14:11:37.609  1975  1975 D SystemServerTiming: StartAccessibilityManagerService took to complete: 9ms
10-24 14:11:37.609  1975  1975 I SystemServer: MakeDisplayReady
10-24 14:11:37.612  1975  1975 I ActivityManager: Config changes=20005df8 {1.0 ?mcc?mnc [en_US] ldltr sw411dp w411dp h840dp 420dpi nrml long port ?uimode ?night -touch -keyb/v/h -nav/h winConfig={ mBounds=Rect(0, 0 - 0, 0) mAppBounds=Rect(0, 73 - 1080, 2280) mWindowingMode=fullscreen mActivityType=undefined} s.2 ?spn ?gid}
10-24 14:11:37.618  1975  2057 D PinnerService: pinRangeStream: null
10-24 14:11:37.629  1975  2318 D SystemServerTimingAsync: AppDataFixup took to complete: 648ms
10-24 14:11:37.629  1975  1975 I ActivityManager: Override config changes=60007dfc {1.0 ?mcc?mnc [en_US] ldltr sw411dp w411dp h840dp 420dpi nrml long port ?uimode ?night -touch -keyb/v/h -nav/h winConfig={ mBounds=Rect(0, 0 - 1080, 2280) mAppBounds=Rect(0, 73 - 1080, 2280) mWindowingMode=fullscreen mActivityType=undefined} s.2 ?spn ?gid} for displayId=0
10-24 14:11:37.646  1975  1975 I ActivityManager: Config changes=20000408 {1.0 ?mcc?mnc [en_US] ldltr sw411dp w411dp h792dp 420dpi nrml long port ?uimode ?night finger -keyb/v/h -nav/h winConfig={ mBounds=Rect(0, 0 - 0, 0) mAppBounds=Rect(0, 73 - 1080, 2154) mWindowingMode=fullscreen mActivityType=undefined} s.3 ?spn ?gid}
10-24 14:11:37.646  1975  2057 D PinnerService: pinRangeStream: null
10-24 14:11:37.674  1975  1975 I ActivityManager: Override config changes=20000408 {1.0 ?mcc?mnc [en_US] ldltr sw411dp w411dp h792dp 420dpi nrml long port ?uimode ?night finger -keyb/v/h -nav/h winConfig={ mBounds=Rect(0, 0 - 1080, 2280) mAppBounds=Rect(0, 73 - 1080, 2154) mWindowingMode=fullscreen mActivityType=undefined} s.3 ?spn ?gid} for displayId=0
10-24 14:11:37.701  1975  1975 D SystemServerTiming: MakeDisplayReady took to complete: 91ms
10-24 14:11:37.701  1975  1975 I SystemServer: StartStorageManagerService
10-24 14:11:37.702  1975  1975 I SystemServiceManager: Starting com.android.server.StorageManagerService$Lifecycle
10-24 14:11:37.705  1975  2057 D PinnerService: pinRangeStream: null
10-24 14:11:37.713  1975  2415 D StorageManagerService: Thinking about init, mSystemReady=false, mDaemonConnected=true
10-24 14:11:37.713  1975  2415 D StorageManagerService: Thinking about reset, mSystemReady=false, mDaemonConnected=true
10-24 14:11:37.713  1975  1975 D SystemServerTiming: StartStorageManagerService took to complete: 12ms
10-24 14:11:37.713  1975  1975 I SystemServer: StartStorageStatsService
10-24 14:11:37.714  1975  1975 I SystemServiceManager: Starting com.android.server.usage.StorageStatsService$Lifecycle
10-24 14:11:37.720  1975  1975 D SystemServerTiming: StartStorageStatsService took to complete: 6ms
10-24 14:11:37.720  1975  1975 I SystemServer: StartUiModeManager
10-24 14:11:37.720  1975  1975 I SystemServiceManager: Starting com.android.server.UiModeManagerService
10-24 14:11:37.721  1975  2323 D SystemServerInitThreadPool: Started executing UiModeManager.onStart
10-24 14:11:37.722  1975  2323 I ActivityManager: Config changes=200 {1.0 ?mcc?mnc [en_US] ldltr sw411dp w411dp h792dp 420dpi nrml long port finger -keyb/v/h -nav/h winConfig={ mBounds=Rect(0, 0 - 0, 0) mAppBounds=Rect(0, 73 - 1080, 2154) mWindowingMode=fullscreen mActivityType=undefined} s.4 ?spn ?gid}
10-24 14:11:37.723  1975  1975 D SystemServerTiming: StartUiModeManager took to complete: 3ms
10-24 14:11:37.723  1975  1975 I SystemServer: UpdatePackagesIfNeeded
10-24 14:11:37.723  1975  1975 D SystemServerTiming: UpdatePackagesIfNeeded took to complete: 0ms
10-24 14:11:37.723  1975  1975 I SystemServer: PerformFstrimIfNeeded
10-24 14:11:37.724  1975  1975 W PackageManager: No disk maintenance in 2580327724; running immediately
10-24 14:11:37.724  1975  1975 D SystemServerTiming: PerformFstrimIfNeeded took to complete: 1ms
10-24 14:11:37.724  1975  2415 I StorageManagerService: Running fstrim idle maintenance
