10-24 14:11:43.290   505   505 V vold    :     2
10-24 14:11:43.334  1975  2091 V UserDataPreparer: Found /data/user/0 with serial number 0
10-24 14:11:43.335  1975  2091 V UserDataPreparer: Found /data/system_ce/0 with serial number 0
10-24 14:11:43.336  1975  2091 D UserDataPreparer: Setting property: sys.user.0.ce_available=true
10-24 14:11:43.337  1975  2091 V PackageManager: reconcileAppsData for null u0 0x2 migrateAppData=false
10-24 14:11:43.911  1975  2024 D PowerManagerService: releaseWakeLockInternal: lock=160345098 [GsmCellBroadcastHandler], flags=0x0
10-24 14:11:43.920  1975  2024 D PowerManagerService: releaseWakeLockInternal: lock=259129331 [CellBroadcastHandler], flags=0x0
10-24 14:11:43.930  1975  2091 V PackageManager: reconcileAppsData finished 233 packages
10-24 14:11:43.930  1975  2091 I ActivityManager: User 0 state changed from RUNNING_LOCKED to RUNNING_UNLOCKING
10-24 14:11:43.930  1975  2091 D ActivityManager: Unlocking user 0 progress 20
10-24 14:11:43.930  1975  2091 W Looper  : Slow dispatch took 766ms android.fg h=android.os.Handler c=com.android.server.am.-$$Lambda$UserController$o6oQFjGYYIfx-I94cSakTLPLt6s@ed32d6a m=0
10-24 14:11:43.930  1975  2069 I SystemServiceManager: Calling onUnlockUser u0
10-24 14:11:43.930  1975  2091 W Looper  : Slow delivery took 765ms android.fg h=android.os.Handler c=com.android.server.am.-$$Lambda$UserController$qvHU3An7LT0SKBclx4I2epe4KYI@1bcd25b m=0
10-24 14:11:43.930  1975  2024 D PowerManagerService: releaseWakeLockInternal: lock=203082723 [CdmaServiceCategoryProgramHandler], flags=0x0
10-24 14:11:43.931  1975  2069 D BluetoothManagerService: User 0 unlocked
10-24 14:11:43.931  1975  2092 D BluetoothManagerService: MESSAGE_USER_UNLOCKED
10-24 14:11:43.931  1975  2069 D StorageManagerService: onUnlockUser 0
10-24 14:11:43.933   505   505 D vold    : Linking /storage/emulated/0 to /mnt/user/0/primary
10-24 14:11:43.953  1975  2415 D StorageManagerService: Volume emulated broadcasting mounted to UserHandle{0}
10-24 14:11:43.954  1975  2091 W Looper  : Drained
10-24 14:11:43.969  1975  1975 W InputMethodManagerService: Illegal subtype state: old subtype = null, new subtype = android.view.inputmethod.InputMethodSubtype@70bfcd7e
10-24 14:11:43.977  1975  3116 V BackupManagerService: Starting with transport com.google.android.gms/.backup.BackupTransportService
10-24 14:11:44.013  1975  3116 E BackupPasswordManager: Unable to read backup pw version
10-24 14:11:44.013  1975  3116 E BackupPasswordManager: Unable to read saved backup pw hash
10-24 14:11:44.015  1975  2072 I ActivityManager: Start proc 3117:com.google.android.apps.tachyon/u0a151 for service com.google.android.apps.tachyon/.jobs.NativeJobSchedulerJobService
10-24 14:11:44.019  1975  3116 V BackupManagerService: No ancestral data
10-24 14:11:44.035  1975  2069 W SystemServiceManager: Service com.android.server.voiceinteraction.VoiceInteractionManagerService took 59 ms in onUnlockUser 
10-24 14:11:44.036  1975  2072 W ActivityManager: Slow operation: 52ms so far, now at startProcess: returned from zygote!
10-24 14:11:44.037  1975  2072 W ActivityManager: Slow operation: 53ms so far, now at startProcess: done updating battery stats
10-24 14:11:44.037  1975  2072 W ActivityManager: Slow operation: 53ms so far, now at startProcess: building log message
10-24 14:11:44.037  1975  2072 I ActivityManager: Start proc 3123:com.google.process.gservices/u0a33 for content provider com.google.android.gsf/.gservices.GservicesProvider
10-24 14:11:44.037  1975  2072 W ActivityManager: Slow operation: 53ms so far, now at startProcess: starting to update pids map
10-24 14:11:44.037  1975  2072 W ActivityManager: Slow operation: 53ms so far, now at startProcess: done updating pids map
10-24 14:11:44.059  1975  2069 D AutofillManagerServiceImpl: Set component for user 0 as AutofillServiceInfo[ServiceInfo{45bf770 com.google.android.gms.autofill.service.AutofillService}, settings:com.google.android.gms.autofill.ui.AutofillSettingsActivity, hasCompatPckgs:false]
10-24 14:11:44.060  1975  2071 D AutofillUI: destroySaveUiUiThread(): already destroyed
10-24 14:11:44.065  1975  2072 I ActivityManager: Start proc 3139:com.google.android.googlequicksearchbox:interactor/u0a83 for service com.google.android.googlequicksearchbox/com.google.android.voiceinteraction.GsaVoiceInteractionService
10-24 14:11:44.069  1975  2069 D AutofillManagerServiceImpl: Set component for user 0 as AutofillServiceInfo[ServiceInfo{12caae9 com.google.android.gms.autofill.service.AutofillService}, settings:com.google.android.gms.autofill.ui.AutofillSettingsActivity, hasCompatPckgs:false]
10-24 14:11:44.069  1975  2638 D ActivityManager: ActivityStack{e09aed0 stackId=0 type=home mode=fullscreen visible=true translucent=false, 1 tasks} occluded Keyguard false on display 0
10-24 14:11:44.069  1975  2069 I ActivityManager: User 0 state changed from RUNNING_UNLOCKING to RUNNING_UNLOCKED
10-24 14:11:44.070  1975  2069 D SystemServerTiming: SystemUserUnlock took to complete: 906ms
10-24 14:11:44.071  1975  3116 I BackupManagerService: Unlocking system user; mService=com.android.server.backup.BackupManagerService@7705a0f
10-24 14:11:44.098  1975  2069 I ActivityManager: Sending BOOT_COMPLETE user #0
10-24 14:11:44.122  1975  2023 D ActivityManager: ActivityStack{e09aed0 stackId=0 type=home mode=fullscreen visible=true translucent=false, 1 tasks} occluded Keyguard false on display 0
10-24 14:11:44.123  1975  2072 W ActivityManager: Slow operation: 51ms so far, now at startProcess: returned from zygote!
10-24 14:11:44.126  1975  2624 D PowerManagerService: releaseWakeLockInternal: lock=254939168 [GsmCellBroadcastHandler], flags=0x0
10-24 14:11:44.132  1975  2072 W ActivityManager: Slow operation: 60ms so far, now at startProcess: done updating battery stats
10-24 14:11:44.132  1975  2072 W ActivityManager: Slow operation: 60ms so far, now at startProcess: building log message
10-24 14:11:44.132  1975  2072 I ActivityManager: Start proc 3171:com.android.se/1068 for added application com.android.se
10-24 14:11:44.132  1975  2072 W ActivityManager: Slow operation: 60ms so far, now at startProcess: starting to update pids map
10-24 14:11:44.132  1975  2072 W ActivityManager: Slow operation: 60ms so far, now at startProcess: done updating pids map
10-24 14:11:44.132  1975  2072 W ActivityManager: Slow operation: 59ms so far, now at startProcess: asking zygote to start proc
10-24 14:11:44.135  1975  3116 I BackupManagerService: Backup enabled => false
10-24 14:11:44.136  1975  2624 D ActivityManager: ActivityStack{e09aed0 stackId=0 type=home mode=fullscreen visible=true translucent=false, 1 tasks} occluded Keyguard false on display 0
10-24 14:11:44.142  1975  2624 D PowerManagerService: releaseWakeLockInternal: lock=51863313 [CellBroadcastHandler], flags=0x0
10-24 14:11:44.144  1975  1975 W NotificationListeners: Not binding notification listener service ComponentInfo{com.google.android.apps.restore/com.google.android.apps.pixelmigrate.component.NotificationConsolidatorService}: service not found
10-24 14:11:44.144  1975  1975 V NotificationListeners: enabling notification listener for 0: ComponentInfo{com.motorola.launcher3/com.android.launcher3.notification.NotificationListener}
10-24 14:11:44.144  1975  1975 V NotificationListeners: binding: Intent { act=android.service.notification.NotificationListenerService cmp=com.motorola.launcher3/com.android.launcher3.notification.NotificationListener (has extras) }
10-24 14:11:44.147  1975  1975 V NotificationAssistants: disabling notification assistant for user 0: ComponentInfo{com.google.android.ext.services/android.ext.services.notification.Assistant}
10-24 14:11:44.147  1975  1975 D NotificationListeners: Removing active service ComponentInfo{com.google.android.ext.services/android.ext.services.notification.Assistant}
10-24 14:11:44.151  1975  3181 D PowerManagerService: releaseWakeLockInternal: lock=27919874 [CdmaServiceCategoryProgramHandler], flags=0x0
10-24 14:11:44.155  1975  2983 D ActivityManager: found next focusableStack null with top null for current stack ActivityStack{e09aed0 stackId=0 type=home mode=fullscreen visible=true translucent=true, 1 tasks}
10-24 14:11:44.169  1975  2072 W ActivityManager: Slow operation: 96ms so far, now at startProcess: returned from zygote!
10-24 14:11:44.178  1975  1975 V NotificationAssistants: enabling notification assistant for 0: ComponentInfo{com.google.android.ext.services/android.ext.services.notification.Assistant}
10-24 14:11:44.183  1975  2072 W ActivityManager: Slow operation: 110ms so far, now at startProcess: done updating battery stats
10-24 14:11:44.183  1975  1975 V NotificationAssistants: binding: Intent { act=android.service.notification.NotificationAssistantService cmp=com.google.android.ext.services/android.ext.services.notification.Assistant (has extras) }
10-24 14:11:44.183  1975  2072 W ActivityManager: Slow operation: 110ms so far, now at startProcess: building log message
10-24 14:11:44.183  1975  2072 I ActivityManager: Start proc 3188:com.motorola.process.system/1000 for added application com.motorola.process.system
10-24 14:11:44.183  1975  2072 W ActivityManager: Slow operation: 110ms so far, now at startProcess: starting to update pids map
10-24 14:11:44.183  1975  2072 W ActivityManager: Slow operation: 110ms so far, now at startProcess: done updating pids map
10-24 14:11:44.202  1975  2023 I ActivityManager: moveHomeStack, setupComplete:true
10-24 14:11:44.213  1975  2023 D ActivityManager: found next focusableStack null with top null for current stack ActivityStack{e09aed0 stackId=0 type=home mode=fullscreen visible=true translucent=true, 0 tasks}
10-24 14:11:44.216  1975  2023 I ActivityManager: START u0 {act=android.intent.action.MAIN cat=[android.intent.category.HOME] flg=0x10000100 cmp=com.motorola.launcher3/com.android.launcher3.CustomizationPanelLauncher} from uid 0
10-24 14:11:44.231  1975  2072 W ActivityManager: Slow operation: 85ms so far, now at startProcess: returned from zygote!
10-24 14:11:44.238  1975  2023 D ActivityManager: ActivityStack{e09aed0 stackId=0 type=home mode=fullscreen visible=true translucent=false, 1 tasks} occluded Keyguard false on display 0
10-24 14:11:44.239  1975  2023 D ActivityManager: ActivityStack{e09aed0 stackId=0 type=home mode=fullscreen visible=true translucent=false, 1 tasks} occluded Keyguard false on display 0
10-24 14:11:44.243  1975  2069 D ActivityManager: ActivityStack{e09aed0 stackId=0 type=home mode=fullscreen visible=true translucent=false, 1 tasks} occluded Keyguard false on display 0
10-24 14:11:44.244  1975  2069 D ActivityManager: ActivityStack{e09aed0 stackId=0 type=home mode=fullscreen visible=true translucent=false, 1 tasks} occluded Keyguard false on display 0
10-24 14:11:44.247  1975  2983 D ActivityManager: ActivityStack{e09aed0 stackId=0 type=home mode=fullscreen visible=true translucent=false, 1 tasks} occluded Keyguard false on display 0
10-24 14:11:44.249  1975  2072 W ActivityManager: Slow operation: 103ms so far, now at startProcess: done updating battery stats
10-24 14:11:44.249  1975  2072 W ActivityManager: Slow operation: 103ms so far, now at startProcess: building log message
10-24 14:11:44.249  1975  2072 I ActivityManager: Start proc 3211:com.motorola.launcher3/u0a25 for service com.motorola.launcher3/com.android.launcher3.notification.NotificationListener
10-24 14:11:44.249  1975  2072 W ActivityManager: Slow operation: 103ms so far, now at startProcess: starting to update pids map
10-24 14:11:44.249  1975  2072 W ActivityManager: Slow operation: 103ms so far, now at startProcess: done updating pids map
10-24 14:11:44.249  1975  2072 W ActivityManager: Slow operation: 102ms so far, now at startProcess: asking zygote to start proc
10-24 14:11:44.253  1975  2023 D ActivityManager: ActivityStack{e09aed0 stackId=0 type=home mode=fullscreen visible=true translucent=false, 1 tasks} occluded Keyguard false on display 0
10-24 14:11:44.271  1975  2091 I AppWidgetServiceImpl: Async processing of onUserUnlocked u0 took 294 ms
10-24 14:11:44.271  1975  2091 W Looper  : Slow dispatch took 294ms android.fg h=android.os.Handler c=com.android.server.appwidget.-$$Lambda$AppWidgetService$HIwvoPMyKqEhLVIiysgUKH8QJg8@a7ff97e m=0
10-24 14:11:44.271  1975  2091 I ActivityManager: Loading recents for user 0 into memory.
10-24 14:11:44.293  1975  2072 W ActivityManager: Slow operation: 145ms so far, now at startProcess: returned from zygote!
10-24 14:11:44.293  1975  2057 D DeviceIdleController: handleMessage(7)
10-24 14:11:44.293  1975  2072 W ActivityManager: Slow operation: 145ms so far, now at startProcess: done updating battery stats
10-24 14:11:44.293  1975  2072 W ActivityManager: Slow operation: 145ms so far, now at startProcess: building log message
10-24 14:11:44.293  1975  2091 W Looper  : Slow delivery took 202ms android.fg h=android.os.Handler c=com.android.server.am.-$$Lambda$UserController$dpKWakbnwonBpCp5_FOiINcMU6s@8f02d73 m=0
10-24 14:11:44.293  1975  2072 I ActivityManager: Start proc 3229:com.motorola.dolby.dolbyui/u0a97 for service com.motorola.dolby.dolbyui/.AudioEffectTileService
10-24 14:11:44.293  1975  2072 W ActivityManager: Slow operation: 146ms so far, now at startProcess: starting to update pids map
10-24 14:11:44.293  1975  2072 W ActivityManager: Slow operation: 146ms so far, now at startProcess: done updating pids map
10-24 14:11:44.294  1975  2091 W Looper  : Drained
10-24 14:11:44.317  1975  3185 D ActivityManager: ActivityStack{e09aed0 stackId=0 type=home mode=fullscreen visible=true translucent=false, 1 tasks} occluded Keyguard false on display 0
10-24 14:11:44.318  1975  3185 D ActivityManager: ActivityStack{e09aed0 stackId=0 type=home mode=fullscreen visible=true translucent=false, 1 tasks} occluded Keyguard false on display 0
10-24 14:11:44.328  1975  1975 W Looper  : Slow dispatch took 133ms main h=android.app.ActivityThread$H c=android.app.-$$Lambda$LoadedApk$ReceiverDispatcher$Args$_BumDX2UKsnxLVrE6UJsJZkotuA@3e98f3a m=0
10-24 14:11:44.328  1975  2534 D PowerManagerService: acquireWakeLockInternal: lock=252810969, flags=0x1, tag="SyncLoopWakeLock", ws=null, uid=1000, pid=1975
10-24 14:11:44.328  1975  1975 W Looper  : Slow delivery took 200ms main h=com.android.server.accessibility.AccessibilityManagerService$MainHandler c=<recycled PooledLambda@4f1d7eb> m=0
10-24 14:11:44.329  1975  3185 D ActivityManager: ActivityStack{e09aed0 stackId=0 type=home mode=fullscreen visible=true translucent=false, 1 tasks} occluded Keyguard false on display 0
10-24 14:11:44.329  1975  2072 W ActivityManager: Slow operation: 79ms so far, now at startProcess: returned from zygote!
10-24 14:11:44.340  1975  3116 V BackupManagerConstants: getKeyValueBackupIntervalMilliseconds(...) returns 14400000
10-24 14:11:44.340  1975  3116 V BackupManagerConstants: getKeyValueBackupFuzzMilliseconds(...) returns 600000
10-24 14:11:44.340  1975  3116 V BackupManagerConstants: getKeyValueBackupRequiredNetworkType(...) returns 1
10-24 14:11:44.340  1975  3116 V BackupManagerConstants: getKeyValueBackupRequireCharging(...) returns true
10-24 14:11:44.341  1975  3116 V KeyValueBackupJob: Scheduling k/v pass in 244 minutes
10-24 14:11:44.344  1975  2072 W ActivityManager: Slow operation: 94ms so far, now at startProcess: done updating battery stats
10-24 14:11:44.344  1975  2534 I SyncManager: Loaded persisted syncs: 0 periodic syncs, 0 oneshot syncs, 11 total system server jobs, JobStats: FirstLoad: 70/2/0 LastSave: -1/-1/-1
10-24 14:11:44.344  1975  2072 W ActivityManager: Slow operation: 94ms so far, now at startProcess: building log message
10-24 14:11:44.344  1975  2072 I ActivityManager: Start proc 3238:com.motorola.ccc/u0a50 for service com.motorola.ccc.ota/.env.SystemUpdateQSTile
10-24 14:11:44.344  1975  2072 W ActivityManager: Slow operation: 94ms so far, now at startProcess: starting to update pids map
10-24 14:11:44.344  1975  2072 W ActivityManager: Slow operation: 94ms so far, now at startProcess: done updating pids map
10-24 14:11:44.344  1975  2072 W ActivityManager: Slow operation: 83ms so far, now at startProcess: asking zygote to start proc
10-24 14:11:44.345  1975  2534 D PowerManagerService: releaseWakeLockInternal: lock=252810969 [SyncLoopWakeLock], flags=0x0
10-24 14:11:44.378  1975  2072 W ActivityManager: Slow operation: 116ms so far, now at startProcess: returned from zygote!
10-24 14:11:44.378  1975  2072 W ActivityManager: Slow operation: 117ms so far, now at startProcess: done updating battery stats
10-24 14:11:44.379  1975  2072 W ActivityManager: Slow operation: 117ms so far, now at startProcess: building log message
10-24 14:11:44.379  1975  2072 I ActivityManager: Start proc 3267:com.motorola.help/u0a9 for service com.motorola.help/com.motorola.feedback.quicksettings.FeedBackTileService
10-24 14:11:44.379  1975  2072 W ActivityManager: Slow operation: 117ms so far, now at startProcess: starting to update pids map
10-24 14:11:44.379  1975  2072 W ActivityManager: Slow operation: 117ms so far, now at startProcess: done updating pids map
10-24 14:11:44.379  1975  2072 W ActivityManager: Slow operation: 70ms so far, now at startProcess: asking zygote to start proc
10-24 14:11:44.396  1975  1975 W Looper  : Drained
10-24 14:11:44.403  1975  2828 D ActivityManager: ActivityStack{e09aed0 stackId=0 type=home mode=fullscreen visible=true translucent=false, 1 tasks} occluded Keyguard false on display 0
10-24 14:11:44.407  1975  2072 W ActivityManager: Slow operation: 98ms so far, now at startProcess: returned from zygote!
10-24 14:11:44.408  1975  3185 D ActivityManager: ActivityStack{e09aed0 stackId=0 type=home mode=fullscreen visible=true translucent=false, 1 tasks} occluded Keyguard false on display 0
10-24 14:11:44.412  1975  2072 W ActivityManager: Slow operation: 103ms so far, now at startProcess: done updating battery stats
10-24 14:11:44.412  1975  2072 W ActivityManager: Slow operation: 104ms so far, now at startProcess: building log message
10-24 14:11:44.412  1975  2072 I ActivityManager: Start proc 3277:com.android.printspooler/u0a101 for service com.android.printspooler/.model.PrintSpoolerService
10-24 14:11:44.413  1975  2072 W ActivityManager: Slow operation: 104ms so far, now at startProcess: starting to update pids map
10-24 14:11:44.413  1975  2072 W ActivityManager: Slow operation: 104ms so far, now at startProcess: done updating pids map
10-24 14:11:44.455  1975  2828 D ActivityManager: ActivityStack{e09aed0 stackId=0 type=home mode=fullscreen visible=true translucent=false, 1 tasks} occluded Keyguard false on display 0
10-24 14:11:44.499  1975  2828 D ActivityManager: ActivityStack{e09aed0 stackId=0 type=home mode=fullscreen visible=true translucent=false, 1 tasks} occluded Keyguard false on display 0
10-24 14:11:44.547  1975  3181 D PowerManagerService: releaseWakeLockInternal: lock=85526269 [AudioMix], flags=0x0
10-24 14:11:44.555  1975  3181 D PowerManagerService: releaseWakeLockInternal: lock=125048313 [AudioMix], flags=0x0
10-24 14:11:44.557  1975  3181 D PowerManagerService: releaseWakeLockInternal: lock=194422612 [AudioMix], flags=0x0
10-24 14:11:44.567  1975  2072 I ActivityManager: Start proc 3318:com.google.android.gms/u0a33 for service com.google.android.gms/.chimera.GmsBoundBrokerService
10-24 14:11:44.621  1975  2072 I ActivityManager: Start proc 3343:com.android.vending/u0a48 for content provider com.android.vending/com.google.android.finsky.addtohomescreen.AddToHomeScreenSettingProvider
10-24 14:11:44.642  1975  3185 D ActivityManager: ActivityStack{e09aed0 stackId=0 type=home mode=fullscreen visible=true translucent=false, 1 tasks} occluded Keyguard false on display 0
10-24 14:11:44.657  1975  3182 W WallpaperManagerService: Cannot extract colors because wallpaper could not be read.
10-24 14:11:44.657  1975  3182 W WallpaperManagerService: Cannot get theme colors because WallpaperColors is null.
10-24 14:11:44.694  1975  2828 D ActivityManager: ActivityStack{e09aed0 stackId=0 type=home mode=fullscreen visible=true translucent=false, 1 tasks} occluded Keyguard false on display 0
10-24 14:11:44.721  1975  3185 D PowerManagerService: acquireWakeLockInternal: lock=231741883, flags=0x1, tag="fiid-sync", ws=null, uid=10151, pid=3117
10-24 14:11:44.737  1975  2023 D PowerManagerService: releaseWakeLockInternal: lock=231741883 [fiid-sync], flags=0x0
10-24 14:11:44.768  1975  2072 I ActivityManager: Start proc 3386:com.android.keychain/1000 for service com.android.keychain/.KeyChainService
10-24 14:11:44.784  1975  1975 D PowerManagerService: acquireWakeLockInternal: lock=160581870, flags=0x1, tag="*job*/com.google.android.apps.tachyon/.jobs.NativeJobSchedulerJobService", ws=WorkSource{10151}, uid=1000, pid=1975
10-24 14:11:44.829  1975  2023 D ActivityManager: ActivityStack{e09aed0 stackId=0 type=home mode=fullscreen visible=true translucent=false, 1 tasks} occluded Keyguard false on display 0
10-24 14:11:44.833  1975  2069 W ActivityManager: Activity pause timeout for ActivityRecord{6d71bda u0 com.motorola.launcher3/com.android.launcher3.CustomizationPanelLauncher t2}
10-24 14:11:44.835  1975  2069 D ActivityManager: ActivityStack{e09aed0 stackId=0 type=home mode=fullscreen visible=true translucent=false, 1 tasks} occluded Keyguard false on display 0
10-24 14:11:44.858  1975  2023 D PowerManagerService: acquireWakeLockInternal: lock=28764075, flags=0x1, tag="AudioMix", ws=null, uid=1041, pid=0
10-24 14:11:44.859  1975  3182 D PowerManagerService: acquireWakeLockInternal: lock=247000584, flags=0x1, tag="AudioMix", ws=null, uid=1041, pid=0
10-24 14:11:44.860  1975  3185 D PowerManagerService: acquireWakeLockInternal: lock=259258785, flags=0x1, tag="AudioMix", ws=null, uid=1041, pid=0
10-24 14:11:45.037  1975  2071 D DeviceIdleController: Adding AppId 10133 to temp whitelist. New entry: true
10-24 14:11:45.038  1975  2071 D DeviceIdleController: postTempActiveTimeoutMessage: uid=10133, delay=10000
10-24 14:11:45.038  1975  2071 D DeviceIdleController: Setting activity manager temp whitelist to [10133]
10-24 14:11:45.038  1975  2071 D DeviceIdleController: Setting wakelock temp whitelist to [10133]
10-24 14:11:45.059  1975  2072 I ActivityManager: Start proc 3441:com.google.android.googlequicksearchbox:search/u0a83 for service com.google.android.googlequicksearchbox/com.google.android.hotword.service.HotwordService
10-24 14:11:45.087  1975  2072 W ActivityManager: Slow operation: 52ms so far, now at startProcess: returned from zygote!
10-24 14:11:45.087  1975  2072 W ActivityManager: Slow operation: 52ms so far, now at startProcess: done updating battery stats
10-24 14:11:45.087  1975  2072 W ActivityManager: Slow operation: 53ms so far, now at startProcess: building log message
10-24 14:11:45.087  1975  2072 I ActivityManager: Start proc 3451:com.motorola.timeweatherwidget/u0a133 for service com.motorola.timeweatherwidget/com.motorola.commandcenter.weather.WakeUpService
10-24 14:11:45.088  1975  2072 W ActivityManager: Slow operation: 53ms so far, now at startProcess: starting to update pids map
10-24 14:11:45.088  1975  2072 W ActivityManager: Slow operation: 53ms so far, now at startProcess: done updating pids map
10-24 14:11:45.108  1975  2325 D ActivityManager: ActivityStack{e09aed0 stackId=0 type=home mode=fullscreen visible=true translucent=false, 1 tasks} occluded Keyguard false on display 0
10-24 14:11:45.154  1975  2023 D ActivityManager: ActivityStack{e09aed0 stackId=0 type=home mode=fullscreen visible=true translucent=false, 1 tasks} occluded Keyguard false on display 0
10-24 14:11:45.161  1975  3181 D ActivityManager: ActivityStack{e09aed0 stackId=0 type=home mode=fullscreen visible=true translucent=false, 1 tasks} occluded Keyguard false on display 0
10-24 14:11:45.162  1975  3181 I chatty  : uid=1000(system) Binder:1975_A identical 1 line
10-24 14:11:45.231  1975  3181 D ActivityManager: ActivityStack{e09aed0 stackId=0 type=home mode=fullscreen visible=true translucent=false, 1 tasks} occluded Keyguard false on display 0
10-24 14:11:45.368  1975  2094 D ActivityManager: ActivityStack{e09aed0 stackId=0 type=home mode=fullscreen visible=true translucent=false, 1 tasks} occluded Keyguard false on display 0
10-24 14:11:45.433  1975  1975 W Looper  : Slow dispatch took 460ms main h=android.app.ActivityThread$H c=null m=114
10-24 14:11:45.439  1975  1975 W Looper  : Slow delivery took 460ms main h=android.app.ActivityThread$H c=null m=121
10-24 14:11:45.442  1975  1975 W Looper  : Drained
10-24 14:11:45.486  1975  3513 W ActivityManager: Unable to start service Intent { act=android.intent.action.BOOT_COMPLETED cmp=com.qualcomm.location.XT/.XTSrv } U=0: not found
10-24 14:11:45.498  1975  1975 D PowerManagerService: acquireWakeLockInternal: lock=190617745, flags=0x1, tag="LocationService", ws=null, uid=1000, pid=1975
10-24 14:11:45.518  1975  1975 D PowerManagerService: releaseWakeLockInternal: lock=190617745 [LocationService], flags=0x0
10-24 14:11:45.527  1975  3513 W LocationProviderProxy-network: Odd, no component found for service com.android.location.service.v3.NetworkLocationProvider
10-24 14:11:45.619  1975  2072 I ActivityManager: Start proc 3541:com.google.android.partnersetup/u0a43 for content provider com.google.android.partnersetup/.RlzAppProvider
10-24 14:11:45.674  1975  2069 V ActivityManager: Attempted to start a foreground service (ComponentInfo{com.motorola.timeweatherwidget/com.motorola.commandcenter.weather.WakeUpService}) with a broken notification (no icon: Notification(channel=Wakeup pri=0 contentView=null vibrate=null sound=null defaults=0x0 flags=0x50 color=0x00000000 vis=PRIVATE))
10-24 14:11:45.707  1975  2983 D ActivityManager: ActivityStack{e09aed0 stackId=0 type=home mode=fullscreen visible=true translucent=false, 1 tasks} occluded Keyguard false on display 0
10-24 14:11:45.747  1975  2072 I ActivityManager: Start proc 3566:com.android.providers.calendar/u0a90 for content provider com.android.providers.calendar/.CalendarProvider2
10-24 14:11:45.780  1975  1975 I NotificationService: Cannot find enqueued record for key: 0|com.motorola.timeweatherwidget|1|null|10133
10-24 14:11:45.820  1975  2983 D ActivityManager: ActivityStack{e09aed0 stackId=0 type=home mode=fullscreen visible=true translucent=false, 1 tasks} occluded Keyguard false on display 0
10-24 14:11:45.820  1975  2983 D ActivityManager: Raise procstate to external provider: ProcessRecord{15d8b7c 3566:com.android.providers.calendar/u0a90}
10-24 14:11:45.836  1975  3182 D ActivityManager: Raise procstate to external provider: ProcessRecord{15d8b7c 3566:com.android.providers.calendar/u0a90}
10-24 14:11:45.847  1975  3185 D ActivityManager: Raise procstate to external provider: ProcessRecord{15d8b7c 3566:com.android.providers.calendar/u0a90}
10-24 14:11:45.858  1975  2325 D ActivityManager: Raise procstate to external provider: ProcessRecord{15d8b7c 3566:com.android.providers.calendar/u0a90}
10-24 14:11:45.863  3318  3318 W Looper  : Slow dispatch took 1217ms main h=android.app.ActivityThread$H c=null m=110
10-24 14:11:45.863  3034  3034 W Looper  : Slow dispatch took 2824ms main h=android.app.ActivityThread$H c=null m=110
10-24 14:11:45.865  1975  3182 D ActivityManager: Raise procstate to external provider: ProcessRecord{15d8b7c 3566:com.android.providers.calendar/u0a90}
10-24 14:11:45.872  1975  3185 D ActivityManager: Raise procstate to external provider: ProcessRecord{15d8b7c 3566:com.android.providers.calendar/u0a90}
10-24 14:11:45.880  1975  2325 D ActivityManager: Raise procstate to external provider: ProcessRecord{15d8b7c 3566:com.android.providers.calendar/u0a90}
10-24 14:11:45.887  1975  2024 D ActivityManager: Raise procstate to external provider: ProcessRecord{15d8b7c 3566:com.android.providers.calendar/u0a90}
10-24 14:11:45.889  1975  2024 D ActivityManager: Raise procstate to external provider: ProcessRecord{15d8b7c 3566:com.android.providers.calendar/u0a90}
10-24 14:11:45.890  1975  3182 D ActivityManager: Raise procstate to external provider: ProcessRecord{15d8b7c 3566:com.android.providers.calendar/u0a90}
10-24 14:11:45.892  1975  2024 D ActivityManager: Raise procstate to external provider: ProcessRecord{15d8b7c 3566:com.android.providers.calendar/u0a90}
10-24 14:11:45.894  1975  3182 D ActivityManager: Raise procstate to external provider: ProcessRecord{15d8b7c 3566:com.android.providers.calendar/u0a90}
10-24 14:11:45.896  1975  3185 D ActivityManager: Raise procstate to external provider: ProcessRecord{15d8b7c 3566:com.android.providers.calendar/u0a90}
10-24 14:11:45.902  1975  2069 W BroadcastQueue: Permission Denial: receiving Intent { act=com.android.cellbroadcastreceiver.CB_AREA_INFO_RECEIVED flg=0x10 (has extras) } to ProcessRecord{3e55247 2551:com.android.systemui/u0a42} (pid=2551, uid=10042) requires android.permission.READ_PHONE_STATE due to sender com.android.cellbroadcastreceiver (uid 10037)
10-24 14:11:45.905  1975  3181 D ActivityManager: Raise procstate to external provider: ProcessRecord{15d8b7c 3566:com.android.providers.calendar/u0a90}
10-24 14:11:45.906  1975  2024 D ActivityManager: Raise procstate to external provider: ProcessRecord{15d8b7c 3566:com.android.providers.calendar/u0a90}
10-24 14:11:45.907  1975  3182 D ActivityManager: Raise procstate to external provider: ProcessRecord{15d8b7c 3566:com.android.providers.calendar/u0a90}
10-24 14:11:45.908  1975  3182 I chatty  : uid=1000(system) Binder:1975_B identical 1 line
10-24 14:11:45.911  1975  3182 D ActivityManager: Raise procstate to external provider: ProcessRecord{15d8b7c 3566:com.android.providers.calendar/u0a90}
10-24 14:11:45.914  1975  2024 D ActivityManager: Raise procstate to external provider: ProcessRecord{15d8b7c 3566:com.android.providers.calendar/u0a90}
10-24 14:11:45.945  3211  3211 E SchedPolicy: set_timerslack_ns write failed: Operation not permitted
10-24 14:11:46.342  2535  2535 W Looper  : Slow dispatch took 2047ms main h=android.app.ActivityThread$H c=android.app.-$$Lambda$LoadedApk$ReceiverDispatcher$Args$_BumDX2UKsnxLVrE6UJsJZkotuA@86cae20 m=0
10-24 14:11:46.375  1975  2023 D PowerManagerService: acquireWakeLockInternal: lock=76112746, flags=0x1, tag="Wakeful StateMachine: GeofencerStateMachine", ws=WorkSource{10033 com.google.android.gms}, uid=10033, pid=3034
10-24 14:11:46.409  1975  3180 D PowerManagerService: releaseWakeLockInternal: lock=76112746 [Wakeful StateMachine: GeofencerStateMachine], flags=0x0
10-24 14:11:46.462  3211  3368 W Looper  : Slow dispatch took 1459ms launcher-loader h=android.os.Handler c=com.android.launcher3.model.LoaderTask@2e4e39d m=0
10-24 14:11:46.483  1975  3180 D PowerManagerService: releaseWakeLockInternal: lock=160581870 [*job*/com.google.android.apps.tachyon/.jobs.NativeJobSchedulerJobService], flags=0x0
10-24 14:11:46.506  1975  1975 D PowerManagerService: acquireWakeLockInternal: lock=103888936, flags=0x1, tag="*job*/com.google.android.googlequicksearchbox/com.google.android.apps.gsa.tasks.BackgroundTasksJobService", ws=WorkSource{10083}, uid=1000, pid=1975
10-24 14:11:46.587  1975  2464 D PowerManagerService: releaseWakeLockInternal: lock=103888936 [*job*/com.google.android.googlequicksearchbox/com.google.android.apps.gsa.tasks.BackgroundTasksJobService], flags=0x0
10-24 14:11:46.615  1975  2464 D PowerManagerService: acquireWakeLockInternal: lock=208950130, flags=0x1, tag="GCoreFlp", ws=WorkSource{10033 com.google.android.gms}, uid=10033, pid=3034
10-24 14:11:46.616  1975  2638 D PowerManagerService: releaseWakeLockInternal: lock=208950130 [GCoreFlp], flags=0x0
10-24 14:11:46.623  1975  2072 I ActivityManager: Start proc 3641:com.google.android.apps.nbu.files/u0a74 for service com.google.android.apps.nbu.files/.notifications.NotificationService
10-24 14:11:46.627  1975  3182 D PowerManagerService: acquireWakeLockInternal: lock=208950130, flags=0x1, tag="GCoreFlp", ws=WorkSource{10033 com.google.android.gms}, uid=10033, pid=3034
10-24 14:11:46.678  1975  2023 D ActivityManager: ActivityStack{e09aed0 stackId=0 type=home mode=fullscreen visible=true translucent=false, 1 tasks} occluded Keyguard false on display 0
10-24 14:11:46.714  1975  2072 I ActivityManager: Start proc 3659:com.google.process.gapps/u0a33 for content provider com.google.android.gsf/.settings.GoogleSettingsProvider
10-24 14:11:46.757  1975  2325 D PowerManagerService: acquireWakeLockInternal: lock=76112746, flags=0x1, tag="Wakeful StateMachine: GeofencerStateMachine", ws=WorkSource{10033 com.google.android.gms}, uid=10033, pid=3034
10-24 14:11:46.789  1975  3180 D ActivityManager: ActivityStack{e09aed0 stackId=0 type=home mode=fullscreen visible=true translucent=false, 1 tasks} occluded Keyguard false on display 0
10-24 14:11:46.852  1975  2983 D PowerManagerService: acquireWakeLockInternal: lock=205028385, flags=0x1, tag="IntentOp:.common.broadcast.BackgroundBroadcastReceiverSupport$PersistentReceiverIntentOperation", ws=WorkSource{10033 com.google.android.gms}, uid=10033, pid=3034
10-24 14:11:46.859  1975  2983 D PowerManagerService: releaseWakeLockInternal: lock=76112746 [Wakeful StateMachine: GeofencerStateMachine], flags=0x0
10-24 14:11:46.914  1975  3185 D PowerManagerService: acquireWakeLockInternal: lock=207951942, flags=0x1, tag="fiid-sync", ws=null, uid=10074, pid=3641
10-24 14:11:46.944  1975  2464 D PowerManagerService: releaseWakeLockInternal: lock=207951942 [fiid-sync], flags=0x0
10-24 14:11:46.963  1975  2023 D PowerManagerService: releaseWakeLockInternal: lock=205028385 [IntentOp:.common.broadcast.BackgroundBroadcastReceiverSupport$PersistentReceiverIntentOperation], flags=0x0
10-24 14:11:46.975  1975  2072 W ActivityManager: Slow operation: 51ms so far, now at startProcess: returned from zygote!
10-24 14:11:46.975  1975  2072 W ActivityManager: Slow operation: 51ms so far, now at startProcess: done updating battery stats
10-24 14:11:46.975  1975  2072 W ActivityManager: Slow operation: 52ms so far, now at startProcess: building log message
10-24 14:11:46.975  1975  2072 I ActivityManager: Start proc 3694:com.google.android.marvin.talkback/u0a143 for broadcast com.google.android.marvin.talkback/com.google.android.accessibility.talkback.BootReceiver
10-24 14:11:46.976  1975  2072 W ActivityManager: Slow operation: 52ms so far, now at startProcess: starting to update pids map
10-24 14:11:46.976  1975  2072 W ActivityManager: Slow operation: 52ms so far, now at startProcess: done updating pids map
10-24 14:11:46.978  1975  2481 E WifiP2pService: Unhandled message { when=0 what=131203 target=com.android.internal.util.StateMachine$SmHandler hashCode=68216ce }
10-24 14:11:46.978  1975  2482 D ConnectivityService: Got NetworkFactory Messenger for WIFI
10-24 14:11:46.978  1975  2482 D ConnectivityService: Got NetworkFactory Messenger for WIFI_UT
10-24 14:11:46.978  1975  2482 D ConnectivityService: NetworkFactory connected
10-24 14:11:46.979  1975  2482 D ConnectivityService: NetworkFactory connected
10-24 14:11:47.018  1975  1975 D PowerManagerService: acquireWakeLockInternal: lock=180146432, flags=0x1, tag="*job*/com.google.android.apps.nbu.files/.notifications.NotificationService", ws=WorkSource{10074}, uid=1000, pid=1975
10-24 14:11:47.030  1975  3182 D PowerManagerService: releaseWakeLockInternal: lock=208950130 [GCoreFlp], flags=0x0
10-24 14:11:47.060  1975  2828 D ActivityManager: ActivityStack{e09aed0 stackId=0 type=home mode=fullscreen visible=true translucent=false, 1 tasks} occluded Keyguard false on display 0
10-24 14:11:47.090  1975  1975 I TransportClient: LocalTransportService#0: Notifying [TransportManager.registerTransport()] transport = IBackupTransport
10-24 14:11:47.093  1975  3116 D BackupTransportManager: Transport android/com.android.internal.backup.LocalTransportService registered
10-24 14:11:47.093  1975  3116 D BackupManagerService: Transport android/com.android.internal.backup.LocalTransport registered 3027ms after first request (delay = 3000ms)
10-24 14:11:47.144  1975  3185 D PowerManagerService: acquireWakeLockInternal: lock=188380708, flags=0x1, tag="*telephony-radio*", ws=null, uid=1001, pid=2763
10-24 14:11:47.149  1975  2828 D PowerManagerService: releaseWakeLockInternal: lock=188380708 [*telephony-radio*], flags=0x0
10-24 14:11:47.181  1975  1975 I TransportClient: D2dTransportService#1: Notifying [TransportManager.registerTransport()] transport = IBackupTransport
10-24 14:11:47.205  1975  3116 D BackupTransportManager: Transport com.google.android.gms/.backup.component.D2dTransportService registered
10-24 14:11:47.205  1975  3116 D BackupManagerService: Transport com.google.android.gms/.backup.migrate.service.D2dTransport registered 3138ms after first request (delay = 3000ms)
10-24 14:11:47.292  1975  1975 I TransportClient: BackupTransportService#2: Notifying [TransportManager.registerTransport()] transport = IBackupTransport
10-24 14:11:47.312  1975  1975 D PowerManagerService: acquireWakeLockInternal: lock=89097027, flags=0x1, tag="*job*/com.motorola.timeweatherwidget/com.motorola.commandcenter.weather.WeatherService", ws=WorkSource{10133}, uid=1000, pid=1975
10-24 14:11:47.322  1975  2072 I ActivityManager: Start proc 3742:com.google.android.deskclock/u0a121 for broadcast com.google.android.deskclock/com.android.deskclock.AlarmInitReceiver
10-24 14:11:47.327  1975  2828 D PowerManagerService: releaseWakeLockInternal: lock=89097027 [*job*/com.motorola.timeweatherwidget/com.motorola.commandcenter.weather.WeatherService], flags=0x0
10-24 14:11:47.334  1975  3116 D BackupTransportManager: Transport com.google.android.gms/.backup.BackupTransportService registered
10-24 14:11:47.334  1975  3116 D BackupManagerService: Transport com.google.android.gms/.backup.BackupTransportService registered 3267ms after first request (delay = 3000ms)
10-24 14:11:47.367  1975  2464 D ActivityManager: ActivityStack{e09aed0 stackId=0 type=home mode=fullscreen visible=true translucent=false, 1 tasks} occluded Keyguard false on display 0
10-24 14:11:47.417  1975  3116 I BackupManagerService: Found stale backup journal, scheduling
10-24 14:11:47.421  1975  3116 I chatty  : uid=1000(system) backup identical 27 lines
10-24 14:11:47.422  1975  3116 I BackupManagerService: Found stale backup journal, scheduling
10-24 14:11:47.450  1975  2024 D PowerManagerService: acquireWakeLockInternal: lock=76112746, flags=0x1, tag="Wakeful StateMachine: GeofencerStateMachine", ws=WorkSource{10033 com.google.android.gms}, uid=10033, pid=3034
10-24 14:11:47.453  1975  2464 D PowerManagerService: releaseWakeLockInternal: lock=76112746 [Wakeful StateMachine: GeofencerStateMachine], flags=0x0
10-24 14:11:47.524  1975  2828 D PowerManagerService: acquireWakeLockInternal: lock=19316333, flags=0x1, tag="NlpWakeLock", ws=WorkSource{10033 com.google.android.gms}, uid=10033, pid=3034
10-24 14:11:47.559  1975  2024 D PowerManagerService: releaseWakeLockInternal: lock=19316333 [NlpWakeLock], flags=0x0
10-24 14:11:47.569  1975  2023 D PowerManagerService: acquireWakeLockInternal: lock=19316333, flags=0x1, tag="NlpWakeLock", ws=WorkSource{10033 com.google.android.gms}, uid=10033, pid=3034
10-24 14:11:47.579  1975  2983 D PowerManagerService: acquireWakeLockInternal: lock=264073756, flags=0x1, tag="NlpCollectorWakeLock", ws=null, uid=10033, pid=3034
10-24 14:11:47.606  1975  2024 D PowerManagerService: releaseWakeLockInternal: lock=19316333 [NlpWakeLock], flags=0x0
10-24 14:11:47.637  1975  3182 D PowerManagerService: releaseWakeLockInternal: lock=180146432 [*job*/com.google.android.apps.nbu.files/.notifications.NotificationService], flags=0x0
10-24 14:11:47.642  1975  2057 D DeviceIdleController: handleMessage(7)
10-24 14:11:47.859  1975  2325 D PowerManagerService: releaseWakeLockInternal: lock=247000584 [AudioMix], flags=0x0
10-24 14:11:47.860  1975  2325 D PowerManagerService: releaseWakeLockInternal: lock=28764075 [AudioMix], flags=0x0
10-24 14:11:47.864  1975  3180 D PowerManagerService: releaseWakeLockInternal: lock=259258785 [AudioMix], flags=0x0
10-24 14:11:47.919  1975  2464 D PowerManagerService: acquireWakeLockInternal: lock=114033782, flags=0x1, tag="AlarmAsyncTask", ws=null, uid=10121, pid=3742
10-24 14:11:47.922  1975  2325 D PowerManagerService: acquireWakeLockInternal: lock=125700727, flags=0x1, tag="AlarmAsyncTask", ws=null, uid=10121, pid=3742
10-24 14:11:48.011  1975  2464 D PowerManagerService: releaseWakeLockInternal: lock=114033782 [AlarmAsyncTask], flags=0x0
10-24 14:11:48.019  1975  3180 D PowerManagerService: releaseWakeLockInternal: lock=125700727 [AlarmAsyncTask], flags=0x0
10-24 14:11:48.070  1975  2072 I ActivityManager: Start proc 3824:com.motorola.actions/u0a30 for broadcast com.motorola.actions/.BootReceiver
10-24 14:11:48.125  3343  3343 W Looper  : Slow dispatch took 3426ms main h=android.app.ActivityThread$H c=null m=110
10-24 14:11:48.158  1975  3182 D ActivityManager: ActivityStack{e09aed0 stackId=0 type=home mode=fullscreen visible=true translucent=false, 1 tasks} occluded Keyguard false on display 0
10-24 14:11:48.351  1975  2072 I ActivityManager: Start proc 3856:android.process.media/u0a23 for content provider com.android.providers.downloads/.DownloadProvider
10-24 14:11:48.358  1975  2101 I ActivityManager: Load: 7.73 / 1.86 / 0.62
10-24 14:11:48.359  1975  2101 I ActivityManager: CPU usage from 5282ms to 51ms ago (2019-10-24 14:11:43.076 to 2019-10-24 14:11:48.307):
10-24 14:11:48.359  1975  2101 I ActivityManager: 84% TOTAL: 32% user + 40% kernel + 7.2% iowait + 2.8% irq + 1.9% softirq
10-24 14:11:48.359  1975  2101 I ActivityManager:   109% 1975/system_server: 58% user + 51% kernel / faults: 18427 minor 19 major
10-24 14:11:48.359  1975  2101 I ActivityManager:   43% 3034/com.google.android.gms.persistent: 22% user + 21% kernel / faults: 21464 minor 301 major
10-24 14:11:48.359  1975  2101 I ActivityManager:   33% 2535/com.google.android.inputmethod.latin: 23% user + 10% kernel / faults: 10018 minor 23 major
10-24 14:11:48.359  1975  2101 I ActivityManager:   4.4% 150/kswapd0: 0% user + 4.4% kernel
10-24 14:11:48.359  1975  2101 I ActivityManager:   12% 1263/installd: 4.9% user + 7.8% kernel / faults: 146 minor
10-24 14:11:48.398  1975  2464 D ActivityManager: ActivityStack{e09aed0 stackId=0 type=home mode=fullscreen visible=true translucent=false, 1 tasks} occluded Keyguard false on display 0
10-24 14:11:48.584  1975  2464 D PowerManagerService: acquireWakeLockInternal: lock=58285409, flags=0x1, tag="GCM_CONN_ALARM", ws=WorkSource{10033 com.google.android.gms}, uid=10033, pid=3034
10-24 14:11:48.615  1975  2325 D PowerManagerService: releaseWakeLockInternal: lock=58285409 [GCM_CONN_ALARM], flags=0x0
10-24 14:11:48.892  1975  3180 W ActivityManager: Unable to start service Intent { act=com.motorola.mod.action.BIND_MANAGER cmp=com.motorola.modservice/.ModManagerService } U=0: not found
10-24 14:11:48.980  1975  2450 D CountryDetector: The first listener is added
10-24 14:11:49.208  1975  2072 I ActivityManager: Start proc 3904:com.motorola.moto/u0a66 for service com.motorola.moto/com.motorola.mya.MayaManagerService
10-24 14:11:49.235  2698  2698 W ContextImpl: Calling a method in the system process without a qualified user: android.app.ContextImpl.startService:1546 android.content.ContextWrapper.startService:664 android.content.ContextWrapper.startService:664 com.qualcomm.qti.uceShimService.RCSReceiver.onReceive:41 android.app.ActivityThread.handleReceiver:3605 
10-24 14:11:49.237  1975  3182 D PowerManagerService: acquireWakeLockInternal: lock=117434746, flags=0x1, tag="AudioMix", ws=null, uid=1041, pid=0
10-24 14:11:49.237  1975  3182 D PowerManagerService: acquireWakeLockInternal: lock=41272619, flags=0x1, tag="AudioMix", ws=null, uid=1041, pid=0
10-24 14:11:49.238  1975  2983 D PowerManagerService: acquireWakeLockInternal: lock=142228872, flags=0x1, tag="AudioMix", ws=null, uid=1041, pid=0
10-24 14:11:49.241  1975  2464 D PowerManagerService: acquireWakeLockInternal: lock=167498529, flags=0x1, tag="AudioMix", ws=null, uid=1041, pid=0
10-24 14:11:49.242  1975  2828 W BroadcastQueue: Background execution not allowed: receiving Intent { act=android.intent.action.DROPBOX_ENTRY_ADDED flg=0x10 (has extras) } to com.google.android.gms/.stats.service.DropBoxEntryAddedReceiver
10-24 14:11:49.243  1975  2069 W BroadcastQueue: Background execution not allowed: receiving Intent { act=android.intent.action.DROPBOX_ENTRY_ADDED flg=0x10 (has extras) } to com.google.android.gms/.chimera.GmsIntentOperationService$PersistentTrustedReceiver
10-24 14:11:49.318  1975  2325 D ActivityManager: ActivityStack{e09aed0 stackId=0 type=home mode=fullscreen visible=true translucent=false, 1 tasks} occluded Keyguard false on display 0
10-24 14:11:49.362  1975  2072 W ActivityManager: Slow operation: 54ms so far, now at startProcess: returned from zygote!
10-24 14:11:49.362  1975  2072 W ActivityManager: Slow operation: 54ms so far, now at startProcess: done updating battery stats
10-24 14:11:49.362  1975  2072 W ActivityManager: Slow operation: 54ms so far, now at startProcess: building log message
10-24 14:11:49.362  1975  2072 I ActivityManager: Start proc 3927:com.google.android.apps.photos/u0a131 for broadcast com.google.android.apps.photos/.sdcard.envcache.ExternalStorageStateChangeBroadcastReceiver
10-24 14:11:49.362  1975  2072 W ActivityManager: Slow operation: 54ms so far, now at startProcess: starting to update pids map
10-24 14:11:49.362  1975  2072 W ActivityManager: Slow operation: 54ms so far, now at startProcess: done updating pids map
10-24 14:11:49.379  3171  3171 W ActivityThread: serviceCreate lasts for 5029 ms, CreateServiceData = CreateServiceData{token=android.os.BinderProxy@eb379f8 className=com.android.se.SecureElementService packageName=com.android.se intent=null}
10-24 14:11:49.379  3171  3171 W Looper  : Slow dispatch took 5029ms main h=android.app.ActivityThread$H c=null m=114
10-24 14:11:49.379  3171  3171 W ActivityThread: serviceStart starts in 5028 ms, ServiceArgsData = ServiceArgsData{token=android.os.BinderProxy@eb379f8 startId=1 args=Intent { cmp=com.android.se/.SecureElementService }}
10-24 14:11:49.398  1975  2325 D ActivityManager: ActivityStack{e09aed0 stackId=0 type=home mode=fullscreen visible=true translucent=false, 1 tasks} occluded Keyguard false on display 0
10-24 14:11:49.426  1975  2983 D PowerManagerService: acquireWakeLockInternal: lock=230000275, flags=0x1, tag="MediaScannerService", ws=null, uid=10023, pid=3856
10-24 14:11:49.926  2551  2551 W Looper  : Slow delivery took 4035ms main h=android.os.Handler c=com.android.systemui.statusbar.NotificationLogger$2@ed86295 m=0
10-24 14:11:50.107  1975  2325 D PowerManagerService: releaseWakeLockInternal: lock=230000275 [MediaScannerService], flags=0x0
10-24 14:11:50.256  1975  2072 I ActivityManager: Start proc 3968:com.motorola.tools.batterytracer/1000 for broadcast com.motorola.tools.batterytracer/.services.StartOnSDCardMounted
10-24 14:11:50.312  1975  2325 D ActivityManager: ActivityStack{e09aed0 stackId=0 type=home mode=fullscreen visible=true translucent=false, 1 tasks} occluded Keyguard false on display 0
10-24 14:11:50.432  3968  3968 W ContextImpl: Calling a method in the system process without a qualified user: android.app.ContextImpl.startService:1546 android.content.ContextWrapper.startService:664 android.content.ContextWrapper.startService:664 com.motorola.tools.batterytracer.services.BatteryTracerService.launchService:202 com.motorola.tools.batterytracer.services.StartOnSDCardMounted.onReceive:23 
10-24 14:11:50.483  1975  2072 I ActivityManager: Start proc 3992:com.qti.ltebc/u0a111 for broadcast com.qti.ltebc/com.qualcomm.ltebc.LTEBroadcastReceiver
10-24 14:11:50.516  1975  2983 D ActivityManager: ActivityStack{e09aed0 stackId=0 type=home mode=fullscreen visible=true translucent=false, 1 tasks} occluded Keyguard false on display 0
10-24 14:11:50.835  1975  3180 D PowerManagerService: acquireWakeLockInternal: lock=208406716, flags=0x1, tag="RILJ_ACK_WL", ws=null, uid=1001, pid=2763
10-24 14:11:50.840  1975  3180 D PowerManagerService: acquireWakeLockInternal: lock=34680901, flags=0x1, tag="*telephony-radio*", ws=null, uid=1001, pid=2763
10-24 14:11:50.842  1975  2464 D PowerManagerService: acquireWakeLockInternal: lock=34680901, flags=0x1, tag="*telephony-radio*", ws=null, uid=1001, pid=2763
10-24 14:11:50.844  1975  2828 D PowerManagerService: acquireWakeLockInternal: lock=34680901, flags=0x1, tag="*telephony-radio*", ws=null, uid=1001, pid=2763
10-24 14:11:50.846  1975  2464 D PowerManagerService: acquireWakeLockInternal: lock=34680901, flags=0x1, tag="*telephony-radio*", ws=null, uid=1001, pid=2763
10-24 14:11:50.857  1975  2325 D PowerManagerService: releaseWakeLockInternal: lock=34680901 [*telephony-radio*], flags=0x0
10-24 14:11:50.935  2551  2551 W Looper  : Drained
10-24 14:11:51.038  1975  2983 D PowerManagerService: releaseWakeLockInternal: lock=208406716 [RILJ_ACK_WL], flags=0x0
10-24 14:11:51.056  1975  2325 D PowerManagerService: acquireWakeLockInternal: lock=140821402, flags=0x1, tag="NlpWakeLock", ws=WorkSource{10033 com.google.android.gms}, uid=10033, pid=3034
10-24 14:11:51.059  1975  2325 D PowerManagerService: releaseWakeLockInternal: lock=140821402 [NlpWakeLock], flags=0x0
10-24 14:11:51.061  1975  2325 D PowerManagerService: acquireWakeLockInternal: lock=140821402, flags=0x1, tag="NlpWakeLock", ws=WorkSource{10033 com.google.android.gms}, uid=10033, pid=3034
10-24 14:11:51.063  1975  2325 D PowerManagerService: releaseWakeLockInternal: lock=140821402 [NlpWakeLock], flags=0x0
10-24 14:11:51.065  1975  2325 D PowerManagerService: acquireWakeLockInternal: lock=140821402, flags=0x1, tag="NlpWakeLock", ws=WorkSource{10033 com.google.android.gms}, uid=10033, pid=3034
10-24 14:11:51.067  1975  2325 D PowerManagerService: releaseWakeLockInternal: lock=264073756 [NlpCollectorWakeLock], flags=0x0
