10-24 14:11:33.351  1483  2149 I MBN_UTIL: file name: /vendor/fsg/doha/latam/customer/claro_bra.mbn
10-24 14:11:33.351  1483  2149 I MBN_UTIL: type_id: 0
10-24 14:11:33.351  1483  2149 I MBN_UTIL: type_id: 1
10-24 14:11:33.351  1483  2149 I MBN_UTIL: file name: /vendor/fsg/doha/latam/customer/claro_chl.mbn
10-24 14:11:33.352  1483  2149 I MBN_UTIL: type_id: 0
10-24 14:11:33.352  1483  2149 I MBN_UTIL: type_id: 1
10-24 14:11:33.352  1483  2149 I MBN_UTIL: file name: /vendor/fsg/doha/latam/customer/claro_col.mbn
10-24 14:11:33.352  1483  2149 I MBN_UTIL: type_id: 0
10-24 14:11:33.352  1483  2149 I MBN_UTIL: type_id: 1
10-24 14:11:33.352  1483  2149 I MBN_UTIL: file name: /vendor/fsg/doha/latam/customer/claro_gtm_wfc.mbn
10-24 14:11:33.353  1483  2149 I MBN_UTIL: type_id: 0
10-24 14:11:33.353  1483  2149 I MBN_UTIL: type_id: 1
10-24 14:11:33.353  1483  2149 I MBN_UTIL: file name: /vendor/fsg/doha/latam/customer/claro_per.mbn
10-24 14:11:33.354  1483  2149 I MBN_UTIL: type_id: 0
10-24 14:11:33.354  1483  2149 I MBN_UTIL: type_id: 1
10-24 14:11:33.354  1483  2149 I MBN_UTIL: file name: /vendor/fsg/doha/latam/customer/claro_pri.mbn
10-24 14:11:33.354  1483  2149 I MBN_UTIL: type_id: 0
10-24 14:11:33.354  1483  2149 I MBN_UTIL: type_id: 1
10-24 14:11:33.355  1483  2149 I MBN_UTIL: file name: /vendor/fsg/doha/latam/customer/claro_ury_wfc.mbn
10-24 14:11:33.356  1483  2149 I MBN_UTIL: type_id: 0
10-24 14:11:33.356  1483  2149 I MBN_UTIL: type_id: 1
10-24 14:11:33.356  1483  2149 I MBN_UTIL: file name: /vendor/fsg/doha/latam/customer/cmcc_chn.mbn
10-24 14:11:33.356  1483  2149 I MBN_UTIL: type_id: 0
10-24 14:11:33.356  1483  2149 I MBN_UTIL: type_id: 1
10-24 14:11:33.356  1483  2149 I MBN_UTIL: file name: /vendor/fsg/doha/latam/customer/ct_chn.mbn
10-24 14:11:33.357  1483  2149 I MBN_UTIL: type_id: 0
10-24 14:11:33.357  1483  2149 I MBN_UTIL: type_id: 1
10-24 14:11:33.357  1483  2149 I MBN_UTIL: file name: /vendor/fsg/doha/latam/customer/cu_chn.mbn
10-24 14:11:33.357  1483  2149 I MBN_UTIL: type_id: 0
10-24 14:11:33.357  1483  2149 I MBN_UTIL: type_id: 1
10-24 14:11:33.357  1483  2149 I MBN_UTIL: file name: /vendor/fsg/doha/latam/customer/entel_chl.mbn
10-24 14:11:33.358  1483  2149 I MBN_UTIL: type_id: 0
10-24 14:11:33.358  1483  2149 I MBN_UTIL: type_id: 1
10-24 14:11:33.358  1483  2149 I MBN_UTIL: file name: /vendor/fsg/doha/latam/customer/entel_per.mbn
10-24 14:11:33.359  1483  2149 I MBN_UTIL: type_id: 0
10-24 14:11:33.359  1483  2149 I MBN_UTIL: type_id: 1
10-24 14:11:33.359  1483  2149 I MBN_UTIL: file name: /vendor/fsg/doha/latam/customer/movistar_arg.mbn
10-24 14:11:33.360  1483  2149 I MBN_UTIL: type_id: 0
10-24 14:11:33.360  1483  2149 I MBN_UTIL: type_id: 1
10-24 14:11:33.360  1483  2149 I MBN_UTIL: file name: /vendor/fsg/doha/latam/customer/movistar_chl.mbn
10-24 14:11:33.362  1483  2149 I MBN_UTIL: type_id: 0
10-24 14:11:33.362  1483  2149 I MBN_UTIL: type_id: 1
10-24 14:11:33.362  1483  2149 I MBN_UTIL: file name: /vendor/fsg/doha/latam/customer/movistar_col.mbn
10-24 14:11:33.363  1483  2149 I MBN_UTIL: type_id: 0
10-24 14:11:33.363  1483  2149 I MBN_UTIL: type_id: 1
10-24 14:11:33.363  1483  2149 I MBN_UTIL: file name: /vendor/fsg/doha/latam/customer/movistar_ecu_volte.mbn
10-24 14:11:33.363  1483  2149 I MBN_UTIL: type_id: 0
10-24 14:11:33.363  1483  2149 I MBN_UTIL: type_id: 1
10-24 14:11:33.363  1483  2149 I MBN_UTIL: file name: /vendor/fsg/doha/latam/customer/movistar_mex_volte.mbn
10-24 14:11:33.364  1483  2149 I MBN_UTIL: type_id: 0
10-24 14:11:33.364  1483  2149 I MBN_UTIL: type_id: 1
10-24 14:11:33.364  1483  2149 I MBN_UTIL: file name: /vendor/fsg/doha/latam/customer/movistar_per.mbn
10-24 14:11:33.364  1483  2149 I MBN_UTIL: type_id: 0
10-24 14:11:33.364  1483  2149 I MBN_UTIL: type_id: 1
10-24 14:11:33.364  1483  2149 I MBN_UTIL: file name: /vendor/fsg/doha/latam/customer/movistar_ury.mbn
10-24 14:11:33.365  1483  2149 I MBN_UTIL: type_id: 0
10-24 14:11:33.365  1483  2149 I MBN_UTIL: type_id: 1
10-24 14:11:33.365  1483  2149 I MBN_UTIL: file name: /vendor/fsg/doha/latam/customer/personal_arg.mbn
10-24 14:11:33.366  1483  2149 I MBN_UTIL: type_id: 0
10-24 14:11:33.366  1483  2149 I MBN_UTIL: type_id: 1
10-24 14:11:33.366  1483  2149 I MBN_UTIL: file name: /vendor/fsg/doha/latam/customer/super.mbn
10-24 14:11:33.366  1483  2149 I MBN_UTIL: type_id: 0
10-24 14:11:33.366  1483  2149 I MBN_UTIL: type_id: 1
10-24 14:11:33.366  1483  2149 I MBN_UTIL: file name: /vendor/fsg/doha/latam/customer/telcel_mex.mbn
10-24 14:11:33.366  1483  2149 I MBN_UTIL: type_id: 0
10-24 14:11:33.367  1483  2149 I MBN_UTIL: type_id: 1
10-24 14:11:33.367  1483  2149 I MBN_UTIL: file name: /vendor/fsg/doha/latam/customer/tigo_col_volte.mbn
10-24 14:11:33.367  1483  2149 I MBN_UTIL: type_id: 0
10-24 14:11:33.367  1483  2149 I MBN_UTIL: type_id: 1
10-24 14:11:33.367  1483  2149 I MBN_UTIL: file name: /vendor/fsg/doha/latam/customer/tigo_gtm_volte.mbn
10-24 14:11:33.368  1483  2149 I MBN_UTIL: type_id: 0
10-24 14:11:33.368  1483  2149 I MBN_UTIL: type_id: 1
10-24 14:11:33.368  1483  2149 I MBN_UTIL: file name: /vendor/fsg/doha/latam/customer/tim_bra.mbn
10-24 14:11:33.368  1483  2149 I MBN_UTIL: type_id: 0
10-24 14:11:33.368  1483  2149 I MBN_UTIL: type_id: 1
10-24 14:11:33.368  1483  2149 I MBN_UTIL: file name: /vendor/fsg/doha/latam/customer/vivo_bra.mbn
10-24 14:11:33.368  1483  2149 I MBN_UTIL: type_id: 0
10-24 14:11:33.369  1483  2149 I MBN_UTIL: type_id: 1
10-24 14:11:33.369  1483  2149 I MBN_UTIL: file name: /vendor/fsg/doha/latam/customer/wom_chl.mbn
10-24 14:11:33.369  1483  2149 I MBN_UTIL: type_id: 0
10-24 14:11:33.369  1483  2149 I MBN_UTIL: type_id: 1
10-24 14:11:33.369  1483  2149 I MBN_OTA : is_all_in_local_matched: 1
10-24 14:11:33.369  1483  2149 I MBN_OTA : current MBNs in modem EFS:
10-24 14:11:33.369  1483  2149 I MBN_OTA :  0: config_id: /readonly/vendor/fsg/doha/latam/customer/altan_mex_volte.mbn
10-24 14:11:33.369  1483  2149 I MBN_OTA :     config_desc: ALTAN_MEX_VOLTE
10-24 14:11:33.369  1483  2149 I MBN_OTA :     config_version: 0x8010809
10-24 14:11:33.369  1483  2149 I MBN_OTA :  1: config_id: /readonly/vendor/fsg/doha/latam/customer/att_mex.mbn
10-24 14:11:33.369  1483  2149 I MBN_OTA :     config_desc: ATT_MEX
10-24 14:11:33.369  1483  2149 I MBN_OTA :     config_version: 0x8010809
10-24 14:11:33.369  1483  2149 I MBN_OTA :  2: config_id: /readonly/vendor/fsg/doha/latam/customer/avantel_col_volte.mbn
10-24 14:11:33.369  1483  2149 I MBN_OTA :     config_desc: AVANTEL_COL_VOLTE
10-24 14:11:33.369  1483  2149 I MBN_OTA :     config_version: 0x8010809
10-24 14:11:33.369  1483  2149 I MBN_OTA :  3: config_id: /readonly/vendor/fsg/doha/latam/customer/claro_arg.mbn
10-24 14:11:33.369  1483  2149 I MBN_OTA :     config_desc: CLARO_ARG
10-24 14:11:33.369  1483  2149 I MBN_OTA :     config_version: 0x8010809
10-24 14:11:33.369  1483  2149 I MBN_OTA :  4: config_id: /readonly/vendor/fsg/doha/latam/customer/claro_bra.mbn
10-24 14:11:33.369  1483  2149 I MBN_OTA :     config_desc: CLARO_BRA
10-24 14:11:33.369  1483  2149 I MBN_OTA :     config_version: 0x8010809
10-24 14:11:33.369  1483  2149 I MBN_OTA :  5: config_id: /readonly/vendor/fsg/doha/latam/customer/claro_chl.mbn
10-24 14:11:33.369  1483  2149 I MBN_OTA :     config_desc: CLARO_CHL
10-24 14:11:33.369  1483  2149 I MBN_OTA :     config_version: 0x8010809
10-24 14:11:33.370  1483  2149 I MBN_OTA :  6: config_id: /readonly/vendor/fsg/doha/latam/customer/claro_col.mbn
10-24 14:11:33.370  1483  2149 I MBN_OTA :     config_desc: CLARO_COL
10-24 14:11:33.370  1483  2149 I MBN_OTA :     config_version: 0x8011640
10-24 14:11:33.370  1483  2149 I MBN_OTA :  7: config_id: /readonly/vendor/fsg/doha/latam/customer/claro_gtm_wfc.mbn
10-24 14:11:33.370  1483  2149 I MBN_OTA :     config_desc: CLARO_GTM_WFC
10-24 14:11:33.370  1483  2149 I MBN_OTA :     config_version: 0x8010809
10-24 14:11:33.370  1483  2149 I MBN_OTA :  8: config_id: /readonly/vendor/fsg/doha/latam/customer/claro_per.mbn
10-24 14:11:33.370  1483  2149 I MBN_OTA :     config_desc: CLARO_PER
10-24 14:11:33.370  1483  2149 I MBN_OTA :     config_version: 0x8010809
10-24 14:11:33.370  1483  2149 I MBN_OTA :  9: config_id: /readonly/vendor/fsg/doha/latam/customer/claro_pri.mbn
10-24 14:11:33.370  1483  2149 I MBN_OTA :     config_desc: CLARO_PRI
10-24 14:11:33.370  1483  2149 I MBN_OTA :     config_version: 0x8010809
10-24 14:11:33.370  1483  2149 I MBN_OTA : 10: config_id: /readonly/vendor/fsg/doha/latam/customer/claro_ury_wfc.mbn
10-24 14:11:33.370  1483  2149 I MBN_OTA :     config_desc: CLARO_URY_WFC
10-24 14:11:33.370  1483  2149 I MBN_OTA :     config_version: 0x8010809
10-24 14:11:33.370  1483  2149 I MBN_OTA : 11: config_id: /readonly/vendor/fsg/doha/latam/customer/cmcc_chn.mbn
10-24 14:11:33.370  1483  2149 I MBN_OTA :     config_desc: CMCC_CHN
10-24 14:11:33.370  1483  2149 I MBN_OTA :     config_version: 0x8012010
10-24 14:11:33.370  1483  2149 I MBN_OTA : 12: config_id: /readonly/vendor/fsg/doha/latam/customer/ct_chn.mbn
10-24 14:11:33.370  1483  2149 I MBN_OTA :     config_desc: CT_CHN
10-24 14:11:33.370  1483  2149 I MBN_OTA :     config_version: 0x80113e0
10-24 14:11:33.370  1483  2149 I MBN_OTA : 13: config_id: /readonly/vendor/fsg/doha/latam/customer/entel_chl.mbn
10-24 14:11:33.370  1483  2149 I MBN_OTA :     config_desc: ENTEL_CHL
10-24 14:11:33.370  1483  2149 I MBN_OTA :     config_version: 0x8010809
10-24 14:11:33.370  1483  2149 I MBN_OTA : 14: config_id: /readonly/vendor/fsg/doha/latam/customer/entel_per.mbn
10-24 14:11:33.370  1483  2149 I MBN_OTA :     config_desc: ENTEL_PER
10-24 14:11:33.370  1483  2149 I MBN_OTA :     config_version: 0x8010809
10-24 14:11:33.370  1483  2149 I MBN_OTA : 15: config_id: /readonly/vendor/fsg/doha/latam/customer/movistar_arg.mbn
10-24 14:11:33.370  1483  2149 I MBN_OTA :     config_desc: MOVISTAR_ARG
10-24 14:11:33.370  1483  2149 I MBN_OTA :     config_version: 0x8010809
10-24 14:11:33.370  1483  2149 I MBN_OTA : 16: config_id: /readonly/vendor/fsg/doha/latam/customer/movistar_chl.mbn
10-24 14:11:33.370  1483  2149 I MBN_OTA :     config_desc: MOVISTAR_CHL
10-24 14:11:33.370  1483  2149 I MBN_OTA :     config_version: 0x8010809
10-24 14:11:33.370  1483  2149 I MBN_OTA : 17: config_id: /readonly/vendor/fsg/doha/latam/customer/movistar_col.mbn
10-24 14:11:33.370  1483  2149 I MBN_OTA :     config_desc: MOVISTAR_COL
10-24 14:11:33.370  1483  2149 I MBN_OTA :     config_version: 0x8010809
10-24 14:11:33.370  1483  2149 I MBN_OTA : 18: config_id: /readonly/vendor/fsg/doha/latam/customer/movistar_ecu_volte.mbn
10-24 14:11:33.370  1483  2149 I MBN_OTA :     config_desc: MOVISTAR_ECU_VOLTE
10-24 14:11:33.370  1483  2149 I MBN_OTA :     config_version: 0x8010809
10-24 14:11:33.370  1483  2149 I MBN_OTA : 19: config_id: /readonly/vendor/fsg/doha/latam/customer/movistar_mex_volte.mbn
10-24 14:11:33.370  1483  2149 I MBN_OTA :     config_desc: MOVISTAR_MEX_VOLTE
10-24 14:11:33.370  1483  2149 I MBN_OTA :     config_version: 0x8010809
10-24 14:11:33.370  1483  2149 I MBN_OTA : 20: config_id: /readonly/vendor/fsg/doha/latam/customer/movistar_per.mbn
10-24 14:11:33.370  1483  2149 I MBN_OTA :     config_desc: MOVISTAR_PER
10-24 14:11:33.370  1483  2149 I MBN_OTA :     config_version: 0x8010809
10-24 14:11:33.370  1483  2149 I MBN_OTA : 21: config_id: /readonly/vendor/fsg/doha/latam/customer/movistar_ury.mbn
10-24 14:11:33.370  1483  2149 I MBN_OTA :     config_desc: MOVISTAR_URY
10-24 14:11:33.370  1483  2149 I MBN_OTA :     config_version: 0x8010809
10-24 14:11:33.370  1483  2149 I MBN_OTA : 22: config_id: /readonly/vendor/fsg/doha/latam/customer/personal_arg.mbn
10-24 14:11:33.370  1483  2149 I MBN_OTA :     config_desc: PERSONAL_ARG
10-24 14:11:33.371  1483  2149 I MBN_OTA :     config_version: 0x8010809
10-24 14:11:33.371  1483  2149 I MBN_OTA : 23: config_id: /readonly/vendor/fsg/doha/latam/customer/super.mbn
10-24 14:11:33.371  1483  2149 I MBN_OTA :     config_desc: SUPER
10-24 14:11:33.371  1483  2149 I MBN_OTA :     config_version: 0x8010809
10-24 14:11:33.371  1483  2149 I MBN_OTA : 24: config_id: /readonly/vendor/fsg/doha/latam/customer/telcel_mex.mbn
10-24 14:11:33.371  1483  2149 I MBN_OTA :     config_desc: TELCEL_MEX
10-24 14:11:33.371  1483  2149 I MBN_OTA :     config_version: 0x8011600
10-24 14:11:33.371  1483  2149 I MBN_OTA : 25: config_id: /readonly/vendor/fsg/doha/latam/customer/tigo_col_volte.mbn
10-24 14:11:33.371  1483  2149 I MBN_OTA :     config_desc: TIGO_COL_VOLTE
10-24 14:11:33.371  1483  2149 I MBN_OTA :     config_version: 0x8010809
10-24 14:11:33.371  1483  2149 I MBN_OTA : 26: config_id: /readonly/vendor/fsg/doha/latam/customer/tigo_gtm_volte.mbn
10-24 14:11:33.371  1483  2149 I MBN_OTA :     config_desc: TIGO_GTM_VOLTE
10-24 14:11:33.371  1483  2149 I MBN_OTA :     config_version: 0x8010809
10-24 14:11:33.371  1483  2149 I MBN_OTA : 27: config_id: /readonly/vendor/fsg/doha/latam/customer/tim_bra.mbn
10-24 14:11:33.371  1483  2149 I MBN_OTA :     config_desc: TIM_BRA
10-24 14:11:33.371  1483  2149 I MBN_OTA :     config_version: 0x8010809
10-24 14:11:33.371  1483  2149 I MBN_OTA : 28: config_id: /readonly/vendor/fsg/doha/latam/customer/vivo_bra.mbn
10-24 14:11:33.371  1483  2149 I MBN_OTA :     config_desc: VIVO_BRA
10-24 14:11:33.371  1483  2149 I MBN_OTA :     config_version: 0x8010809
10-24 14:11:33.371  1483  2149 I MBN_OTA : 29: config_id: /readonly/vendor/fsg/doha/latam/customer/wom_chl.mbn
10-24 14:11:33.371  1483  2149 I MBN_OTA :     config_desc: WOM_CHL
10-24 14:11:33.371  1483  2149 I MBN_OTA :     config_version: 0x8010809
10-24 14:11:33.371  1483  2149 I MBN_OTA : 30: config_id: /readonly/vendor/fsg/doha/latam/customer/cu_chn.mbn
10-24 14:11:33.371  1483  2149 I MBN_OTA :     config_desc: CU_CHN
10-24 14:11:33.371  1483  2149 I MBN_OTA :     config_version: 0x8011502
10-24 14:11:33.371  1483  2149 I MBN_OTA :     This config is activated with SUBs:
10-24 14:11:33.371  1483  2149 I MBN_OTA :     SUB0
10-24 14:11:33.371  1483  2149 I MBN_OTA : file_name: /vendor/fsg/doha/latam/customer/altan_mex_volte.mbn, config_name: , version: 0x08010809, is_matched: 1
10-24 14:11:33.371  1483  2149 I MBN_OTA : file_name: /vendor/fsg/doha/latam/customer/att_mex.mbn, config_name: , version: 0x08010809, is_matched: 1
10-24 14:11:33.371  1483  2149 I MBN_OTA : file_name: /vendor/fsg/doha/latam/customer/avantel_col_volte.mbn, config_name: , version: 0x08010809, is_matched: 1
10-24 14:11:33.371  1483  2149 I MBN_OTA : file_name: /vendor/fsg/doha/latam/customer/claro_arg.mbn, config_name: , version: 0x08010809, is_matched: 1
10-24 14:11:33.371  1483  2149 I MBN_OTA : file_name: /vendor/fsg/doha/latam/customer/claro_bra.mbn, config_name: , version: 0x08010809, is_matched: 1
10-24 14:11:33.371  1483  2149 I MBN_OTA : file_name: /vendor/fsg/doha/latam/customer/claro_chl.mbn, config_name: , version: 0x08010809, is_matched: 1
10-24 14:11:33.371  1483  2149 I MBN_OTA : file_name: /vendor/fsg/doha/latam/customer/claro_col.mbn, config_name: , version: 0x08011640, is_matched: 1
10-24 14:11:33.371  1483  2149 I MBN_OTA : file_name: /vendor/fsg/doha/latam/customer/claro_gtm_wfc.mbn, config_name: , version: 0x08010809, is_matched: 1
10-24 14:11:33.371  1483  2149 I MBN_OTA : file_name: /vendor/fsg/doha/latam/customer/claro_per.mbn, config_name: , version: 0x08010809, is_matched: 1
10-24 14:11:33.371  1483  2149 I MBN_OTA : file_name: /vendor/fsg/doha/latam/customer/claro_pri.mbn, config_name: , version: 0x08010809, is_matched: 1
10-24 14:11:33.371  1483  2149 I MBN_OTA : file_name: /vendor/fsg/doha/latam/customer/claro_ury_wfc.mbn, config_name: , version: 0x08010809, is_matched: 1
10-24 14:11:33.371  1483  2149 I MBN_OTA : file_name: /vendor/fsg/doha/latam/customer/cmcc_chn.mbn, config_name: , version: 0x08012010, is_matched: 1
10-24 14:11:33.371  1483  2149 I MBN_OTA : file_name: /vendor/fsg/doha/latam/customer/ct_chn.mbn, config_name: , version: 0x080113e0, is_matched: 1
10-24 14:11:33.371  1483  2149 I MBN_OTA : file_name: /vendor/fsg/doha/latam/customer/cu_chn.mbn, config_name: , version: 0x08011502, is_matched: 1
10-24 14:11:33.371  1483  2149 I MBN_OTA : file_name: /vendor/fsg/doha/latam/customer/entel_chl.mbn, config_name: , version: 0x08010809, is_matched: 1
10-24 14:11:33.371  1483  2149 I MBN_OTA : file_name: /vendor/fsg/doha/latam/customer/entel_per.mbn, config_name: , version: 0x08010809, is_matched: 1
10-24 14:11:33.371  1483  2149 I MBN_OTA : file_name: /vendor/fsg/doha/latam/customer/movistar_arg.mbn, config_name: , version: 0x08010809, is_matched: 1
10-24 14:11:33.371  1483  2149 I MBN_OTA : file_name: /vendor/fsg/doha/latam/customer/movistar_chl.mbn, config_name: , version: 0x08010809, is_matched: 1
10-24 14:11:33.371  1483  2149 I MBN_OTA : file_name: /vendor/fsg/doha/latam/customer/movistar_col.mbn, config_name: , version: 0x08010809, is_matched: 1
10-24 14:11:33.371  1483  2149 I MBN_OTA : file_name: /vendor/fsg/doha/latam/customer/movistar_ecu_volte.mbn, config_name: , version: 0x08010809, is_matched: 1
10-24 14:11:33.371  1483  2149 I MBN_OTA : file_name: /vendor/fsg/doha/latam/customer/movistar_mex_volte.mbn, config_name: , version: 0x08010809, is_matched: 1
10-24 14:11:33.371  1483  2149 I MBN_OTA : file_name: /vendor/fsg/doha/latam/customer/movistar_per.mbn, config_name: , version: 0x08010809, is_matched: 1
10-24 14:11:33.371  1483  2149 I MBN_OTA : file_name: /vendor/fsg/doha/latam/customer/movistar_ury.mbn, config_name: , version: 0x08010809, is_matched: 1
10-24 14:11:33.371  1483  2149 I MBN_OTA : file_name: /vendor/fsg/doha/latam/customer/personal_arg.mbn, config_name: , version: 0x08010809, is_matched: 1
10-24 14:11:33.371  1483  2149 I MBN_OTA : file_name: /vendor/fsg/doha/latam/customer/super.mbn, config_name: , version: 0x08010809, is_matched: 1
10-24 14:11:33.371  1483  2149 I MBN_OTA : file_name: /vendor/fsg/doha/latam/customer/telcel_mex.mbn, config_name: , version: 0x08011600, is_matched: 1
10-24 14:11:33.371  1483  2149 I MBN_OTA : file_name: /vendor/fsg/doha/latam/customer/tigo_col_volte.mbn, config_name: , version: 0x08010809, is_matched: 1
10-24 14:11:33.371  1483  2149 I MBN_OTA : file_name: /vendor/fsg/doha/latam/customer/tigo_gtm_volte.mbn, config_name: , version: 0x08010809, is_matched: 1
10-24 14:11:33.371  1483  2149 I MBN_OTA : file_name: /vendor/fsg/doha/latam/customer/tim_bra.mbn, config_name: , version: 0x08010809, is_matched: 1
10-24 14:11:33.372  1483  2149 I MBN_OTA : file_name: /vendor/fsg/doha/latam/customer/vivo_bra.mbn, config_name: , version: 0x08010809, is_matched: 1
10-24 14:11:33.372  1483  2149 I MBN_OTA : file_name: /vendor/fsg/doha/latam/customer/wom_chl.mbn, config_name: , version: 0x08010809, is_matched: 1
10-24 14:11:33.372  1483  2150 I PDC_UTIL: entering mot_pdc_get_feature_ind_hdlr
10-24 14:11:33.372  1483  2150 I PDC_UTIL: Moto: autosel had been enabled!
10-24 14:11:33.372  1483  2150 I PDC_UTIL: entering mot_pdc_get_feature_ind_hdlr
10-24 14:11:33.372  1483  2150 I PDC_UTIL: Moto: autosel had been enabled!
10-24 14:11:33.372  1483  2149 I PDC_UTIL: Release client connection to PDC
10-24 14:11:33.378  1551  1580 I QC-DS-LIB: ds_util.c 2845: ds_exec_internal(): [cpid:2151] Process exited normally with rc=0
10-24 14:11:33.378  1551  1580 I QC-DS-LIB: ds_util.c 2572: ds_exec_internal(): Executing command "ip6tables  -w -t mangle -N nm_mdmprxy_mngl_pre_tee from /system/bin/ip6tables-wrapper-1.0 "
10-24 14:11:33.378  1551  1612 I QC-NETMGR-LIB: netmgr_netlink.c 684: Event=[10] link=[2] devname=[]
10-24 14:11:33.378  1551  1612 I QC-NETMGR-LIB: netmgr_netlink.c 1474: Generated nl msg, sendmsg returned 24
10-24 14:11:33.378  1525  2008 I QC-NETMGR-LIB: netmgr_netlink.c 1547: Received nl msg, recvmsg returned 24
10-24 14:11:33.378  1525  2008 I QC-NETMGR-LIB: netmgr_netlink.c 1325: Processing NETMGR_NL_EVENT
10-24 14:11:33.378  1525  2008 I QC-NETMGR-LIB: netmgr_netlink.c 740: Attribute: Event 0xa
10-24 14:11:33.379  1525  2008 I QC-NETMGR-LIB: netmgr_client.c 218: Notified client: hdl=0x0x75ecf7e0e8 event=10 link=0 flow=0x00000000
10-24 14:11:33.379  1525  1972 D QC-DSI  : dsi_netctrl_netmgr.c 578: dsi_netmgr_map_link: ENTRY
10-24 14:11:33.379  1525  1972 D QC-DSI  : dsi_netctrl_netmgr.c 605: netmgr link [0] maps to  dsi iface [0]
10-24 14:11:33.379  1525  1972 D QC-DSI  : dsi_netctrl_netmgr.c 611: dsi_netmgr_map_link: EXIT
10-24 14:11:33.379  1483  1815 I QC-NETMGR-LIB: netmgr_netlink.c 1547: Received nl msg, recvmsg returned 24
10-24 14:11:33.379  1525  1972 D QC-DSI  : dsi_netctrl_netmgr.c 762: dsi_process_netmgr_ev: ignoring event [10] dsi_inited [0]
10-24 14:11:33.379  1483  1815 I QC-NETMGR-LIB: netmgr_netlink.c 1325: Processing NETMGR_NL_EVENT
10-24 14:11:33.379  1483  1815 I QC-NETMGR-LIB: netmgr_netlink.c 740: Attribute: Event 0xa
10-24 14:11:33.379  1483  1815 I QC-NETMGR-LIB: netmgr_client.c 218: Notified client: hdl=0x0x7aa96bf0e8 event=10 link=0 flow=0x00000000
10-24 14:11:33.379  1483  1740 D QC-DSI  : dsi_netctrl_netmgr.c 578: dsi_netmgr_map_link: ENTRY
10-24 14:11:33.379  1483  1740 D QC-DSI  : dsi_netctrl_netmgr.c 605: netmgr link [0] maps to  dsi iface [0]
10-24 14:11:33.379  1483  1740 D QC-DSI  : dsi_netctrl_netmgr.c 611: dsi_netmgr_map_link: EXIT
10-24 14:11:33.380  1483  1740 D QC-DSI  : dsi_netctrl_netmgr.c 762: dsi_process_netmgr_ev: ignoring event [10] dsi_inited [0]
10-24 14:11:33.382  1551  1580 I QC-DS-LIB: ds_util.c 2661: ds_exec_internal(): [cpid:2152] Spawned child PID(2152) command:"ip6tables  -w -t mangle -N nm_mdmprxy_mngl_pre_tee"
10-24 14:11:33.382  1551  1612 I QC-NETMGR-LIB: netmgr_exec.c 193: Process command: ID=NETMGR_INITED_EV, link=3, state=0
10-24 14:11:33.382  1551  1612 I QC-NETMGR-LIB: netmgr_qmi.c 4703: initing QMI link[3]
10-24 14:11:33.382  1551  1612 I QC-NETMGR-LIB: netmgr_qmi.c 4386: netmgr_qmi_service_init: entry 
10-24 14:11:33.382  1551  1612 I QC-NETMGR-LIB: netmgr_qmi.c 4428: initializing IPv4 WDS client
10-24 14:11:33.382  1551  1612 I QC-DS-LIB: ds_util.c 2287: ds_get_target(): Target: [39] : [msmsteppe]
10-24 14:11:33.385  1551  1612 I QC-DS-LIB: ds_util.c 2287: ds_get_target(): Target: [39] : [msmsteppe]
10-24 14:11:33.385  1551  1612 I QC-DS-LIB: ds_util.c 1483: ds_get_epid(): entry: net_dev rmnet_ipa0
10-24 14:11:33.385  1551  1612 I QC-DS-LIB: ds_util.c 1506: ds_get_epid(): [success]: ep_type[4], epid[0x1]
10-24 14:11:33.387  1551  1612 I QC-NETMGR-LIB: netmgr_qmi.c 3564: netmgr_qmi_wds_service_init(): Successfully initialized WDS client=0x14 on link=3
10-24 14:11:33.388  1525  2009 E QC-DSI  : dsi_netctrl_init.c 116: dsi_init_query_netmgr 15 time
10-24 14:11:33.388  1525  2009 I QC-NETMGR-LIB: netmgr_netlink.c 684: Event=[13] link=[0] devname=[]
10-24 14:11:33.388  1525  2009 I QC-NETMGR-LIB: netmgr_unix.c 178: netmgr_unix_ipc_send_msg(): Successfully created UNIX socket
10-24 14:11:33.388  1525  2009 E QC-NETMGR-LIB: netmgr_unix.c 191: netmgr_unix_ipc_send_msg(): Unable to connect to UNIX socket - No such file or directory
10-24 14:11:33.388  1525  2009 E QC-NETMGR-LIB: netmgr_client.c 380: netmgr_client_send_ping_msg(): netmgr_unix_send_msg failed
10-24 14:11:33.388  1551  1612 I QC-NETMGR-LIB: netmgr_qmi.c 3582: Successfully registered for ext IP config ind on IPv4 clnt_hndl=0x56c5b33720
10-24 14:11:33.389  1551  1612 I QC-NETMGR-LIB: netmgr_qmi.c 4438: initializing IPv6 WDS client
10-24 14:11:33.389  1551  1612 I QC-DS-LIB: ds_util.c 2287: ds_get_target(): Target: [39] : [msmsteppe]
10-24 14:11:33.391  1483  1816 E QC-DSI  : dsi_netctrl_init.c 116: dsi_init_query_netmgr 23 time
10-24 14:11:33.391  1483  1816 I QC-NETMGR-LIB: netmgr_netlink.c 684: Event=[13] link=[0] devname=[]
10-24 14:11:33.391  1483  1816 I QC-NETMGR-LIB: netmgr_unix.c 178: netmgr_unix_ipc_send_msg(): Successfully created UNIX socket
10-24 14:11:33.391  1483  1816 E QC-NETMGR-LIB: netmgr_unix.c 191: netmgr_unix_ipc_send_msg(): Unable to connect to UNIX socket - No such file or directory
10-24 14:11:33.391  1483  1816 E QC-NETMGR-LIB: netmgr_client.c 380: netmgr_client_send_ping_msg(): netmgr_unix_send_msg failed
10-24 14:11:33.392  1551  1612 I QC-DS-LIB: ds_util.c 2287: ds_get_target(): Target: [39] : [msmsteppe]
10-24 14:11:33.392  1551  1612 I QC-DS-LIB: ds_util.c 1483: ds_get_epid(): entry: net_dev rmnet_ipa0
10-24 14:11:33.392  1551  1612 I QC-DS-LIB: ds_util.c 1506: ds_get_epid(): [success]: ep_type[4], epid[0x1]
10-24 14:11:33.393  1551  1612 I QC-NETMGR-LIB: netmgr_qmi.c 3564: netmgr_qmi_wds_service_init(): Successfully initialized WDS client=0x15 on link=3
10-24 14:11:33.398  1551  1612 I QC-NETMGR-LIB: netmgr_qmi.c 3582: Successfully registered for ext IP config ind on IPv6 clnt_hndl=0x56c5b33728
10-24 14:11:33.398  1551  1612 I QC-NETMGR-LIB: netmgr_qmi.c 4452: The wds client ids [0x14/0x15]
10-24 14:11:33.398  1551  1612 I QC-DS-LIB: ds_util.c 2287: ds_get_target(): Target: [39] : [msmsteppe]
10-24 14:11:33.401  1551  1612 I QC-DS-LIB: ds_util.c 2287: ds_get_target(): Target: [39] : [msmsteppe]
10-24 14:11:33.401  1551  1612 I QC-DS-LIB: ds_util.c 1483: ds_get_epid(): entry: net_dev rmnet_ipa0
10-24 14:11:33.401  1551  1612 I QC-DS-LIB: ds_util.c 1506: ds_get_epid(): [success]: ep_type[4], epid[0x1]
10-24 14:11:33.405  1551  1612 I QC-DS-LIB: ds_util.c 2287: ds_get_target(): Target: [39] : [msmsteppe]
10-24 14:11:33.407  1551  1612 I QC-DS-LIB: ds_util.c 2287: ds_get_target(): Target: [39] : [msmsteppe]
10-24 14:11:33.407  1551  1612 I QC-DS-LIB: ds_util.c 1483: ds_get_epid(): entry: net_dev rmnet_ipa0
10-24 14:11:33.407  1551  1612 I QC-DS-LIB: ds_util.c 1506: ds_get_epid(): [success]: ep_type[4], epid[0x1]
10-24 14:11:33.409  1551  1612 I QC-NETMGR-LIB: netmgr_qmi.c 4504: The qos client ids [0x16/0x17]
10-24 14:11:33.410  1551  1612 I QC-NETMGR-LIB: netmgr_kif.c 4977: netmgr_kif link 3, device rmnet_data3 has ifindex 13
10-24 14:11:33.410  1551  1612 I QC-NETMGR-LIB: netmgr_kif.c 2439: netmgr_kif_extended_ioctl(): Calling extended IOCTL 0000 on [rmnet_ipa0]
10-24 14:11:33.410  1551  1612 I QC-NETMGR-LIB: netmgr_kif.c 2439: netmgr_kif_extended_ioctl(): Calling extended IOCTL 0005 on [rmnet_ipa0]
10-24 14:11:33.410  1551  1580 I QC-DS-LIB: ds_util.c 2845: ds_exec_internal(): [cpid:2152] Process exited normally with rc=0
10-24 14:11:33.410  1551  1580 I QC-DS-LIB: ds_util.c 2572: ds_exec_internal(): Executing command "ip6tables  -w -t filter -N nm_mdmprxy_iface_pkt_fwder from /system/bin/ip6tables-wrapper-1.0 "
10-24 14:11:33.414  1551  1580 I QC-DS-LIB: ds_util.c 2661: ds_exec_internal(): [cpid:2157] Spawned child PID(2157) command:"ip6tables  -w -t filter -N nm_mdmprxy_iface_pkt_fwder"
10-24 14:11:33.436  1551  1580 I QC-DS-LIB: ds_util.c 2845: ds_exec_internal(): [cpid:2157] Process exited normally with rc=0
10-24 14:11:33.436  1551  1580 I QC-DS-LIB: ds_util.c 2572: ds_exec_internal(): Executing command "iptables  -w -I OUTPUT -o rmnet_data3 -p udp --dport 1900 -j DROP from /system/bin/iptables-wrapper-1.0 "
10-24 14:11:33.440  1551  1580 I QC-DS-LIB: ds_util.c 2661: ds_exec_internal(): [cpid:2158] Spawned child PID(2158) command:"iptables  -w -I OUTPUT -o rmnet_data3 -p udp --dport 1900 -j DROP"
10-24 14:11:33.463  1551  1580 I QC-DS-LIB: ds_util.c 2845: ds_exec_internal(): [cpid:2158] Process exited normally with rc=0
10-24 14:11:33.463  1551  1580 I QC-DS-LIB: ds_util.c 2572: ds_exec_internal(): Executing command "ip6tables  -w -t filter -N nm_mdmprxy_doze_mode_skip from /system/bin/ip6tables-wrapper-1.0 "
10-24 14:11:33.463  1551  1612 I QC-NETMGR-LIB: netmgr_kif.c 10824: netmgr_kif_set_ssdp_rule_on_iface(): Command returns 0. cmd: iptables  -w -I OUTPUT -o rmnet_data3 -p udp --dport 1900 -j DROP
10-24 14:11:33.467  1551  1580 I QC-DS-LIB: ds_util.c 2661: ds_exec_internal(): [cpid:2159] Spawned child PID(2159) command:"ip6tables  -w -t filter -N nm_mdmprxy_doze_mode_skip"
10-24 14:11:33.488  1525  2009 E QC-DSI  : dsi_netctrl_init.c 116: dsi_init_query_netmgr 16 time
10-24 14:11:33.488  1525  2009 I QC-NETMGR-LIB: netmgr_netlink.c 684: Event=[13] link=[0] devname=[]
10-24 14:11:33.488  1551  1580 I QC-DS-LIB: ds_util.c 2845: ds_exec_internal(): [cpid:2159] Process exited normally with rc=0
10-24 14:11:33.488  1525  2009 I QC-NETMGR-LIB: netmgr_unix.c 178: netmgr_unix_ipc_send_msg(): Successfully created UNIX socket
10-24 14:11:33.489  1525  2009 E QC-NETMGR-LIB: netmgr_unix.c 191: netmgr_unix_ipc_send_msg(): Unable to connect to UNIX socket - No such file or directory
10-24 14:11:33.489  1525  2009 E QC-NETMGR-LIB: netmgr_client.c 380: netmgr_client_send_ping_msg(): netmgr_unix_send_msg failed
10-24 14:11:33.489  1551  1580 I QC-DS-LIB: ds_util.c 2572: ds_exec_internal(): Executing command "ip6tables  -w -t mangle -N nm_mdmprxy_pkt_skmark from /system/bin/ip6tables-wrapper-1.0 "
10-24 14:11:33.492  1483  1816 E QC-DSI  : dsi_netctrl_init.c 116: dsi_init_query_netmgr 24 time
10-24 14:11:33.492  1483  1816 I QC-NETMGR-LIB: netmgr_netlink.c 684: Event=[13] link=[0] devname=[]
10-24 14:11:33.492  1483  1816 I QC-NETMGR-LIB: netmgr_unix.c 178: netmgr_unix_ipc_send_msg(): Successfully created UNIX socket
10-24 14:11:33.492  1483  1816 E QC-NETMGR-LIB: netmgr_unix.c 191: netmgr_unix_ipc_send_msg(): Unable to connect to UNIX socket - No such file or directory
10-24 14:11:33.492  1483  1816 E QC-NETMGR-LIB: netmgr_client.c 380: netmgr_client_send_ping_msg(): netmgr_unix_send_msg failed
10-24 14:11:33.492  1551  1580 I QC-DS-LIB: ds_util.c 2661: ds_exec_internal(): [cpid:2160] Spawned child PID(2160) command:"ip6tables  -w -t mangle -N nm_mdmprxy_pkt_skmark"
10-24 14:11:33.513  1551  1580 I QC-DS-LIB: ds_util.c 2845: ds_exec_internal(): [cpid:2160] Process exited normally with rc=0
10-24 14:11:33.514  1551  1580 I QC-DS-LIB: ds_util.c 2572: ds_exec_internal(): Executing command "ip6tables  -w -t mangle -N nm_mdmprxy_mngl_pre from /system/bin/ip6tables-wrapper-1.0 "
10-24 14:11:33.518  1551  1608 I QC-NETMGR-LIB: netmgr_netlink.c 1547: Received nl msg, recvmsg returned 1328
10-24 14:11:33.518  1551  1580 I QC-DS-LIB: ds_util.c 2661: ds_exec_internal(): [cpid:2161] Spawned child PID(2161) command:"ip6tables  -w -t mangle -N nm_mdmprxy_mngl_pre"
10-24 14:11:33.518  1551  1608 I QC-NETMGR-LIB: netmgr_exec.c 386: Received command: ID=NETMGR_KIF_MSG_CMD, link=0
10-24 14:11:33.518  1551  1608 I QC-NETMGR-LIB: netmgr_netlink.c 1547: Received nl msg, recvmsg returned 1328
10-24 14:11:33.518  1551  1608 I QC-NETMGR-LIB: netmgr_exec.c 386: Received command: ID=NETMGR_KIF_MSG_CMD, link=0
10-24 14:11:33.518  1551  1608 I QC-NETMGR-LIB: netmgr_netlink.c 1547: Received nl msg, recvmsg returned 1328
10-24 14:11:33.518  1551  1608 I QC-NETMGR-LIB: netmgr_exec.c 386: Received command: ID=NETMGR_KIF_MSG_CMD, link=0
10-24 14:11:33.539  1551  1580 I QC-DS-LIB: ds_util.c 2845: ds_exec_internal(): [cpid:2161] Process exited normally with rc=0
10-24 14:11:33.539  1551  1580 I QC-DS-LIB: ds_util.c 2572: ds_exec_internal(): Executing command "ip6tables  -w -t raw -A nm_mdmprxy_raw_pre -p tcp --match multiport --ports 5060 -j NOTRACK from /system/bin/ip6tables-wrapper-1.0 "
10-24 14:11:33.543  1551  1580 I QC-DS-LIB: ds_util.c 2661: ds_exec_internal(): [cpid:2162] Spawned child PID(2162) command:"ip6tables  -w -t raw -A nm_mdmprxy_raw_pre -p tcp --match multiport --ports 5060 -j NOTRACK"
10-24 14:11:33.564  1551  1580 I QC-DS-LIB: ds_util.c 2845: ds_exec_internal(): [cpid:2162] Process exited normally with rc=0
10-24 14:11:33.565  1551  1580 I QC-DS-LIB: ds_util.c 2572: ds_exec_internal(): Executing command "ip6tables  -w -t raw -A nm_mdmprxy_raw_pre -p udp --match multiport --ports 5060 -j NOTRACK from /system/bin/ip6tables-wrapper-1.0 "
10-24 14:11:33.568  1551  1580 I QC-DS-LIB: ds_util.c 2661: ds_exec_internal(): [cpid:2163] Spawned child PID(2163) command:"ip6tables  -w -t raw -A nm_mdmprxy_raw_pre -p udp --match multiport --ports 5060 -j NOTRACK"
10-24 14:11:33.589  1525  2009 E QC-DSI  : dsi_netctrl_init.c 116: dsi_init_query_netmgr 17 time
10-24 14:11:33.589  1525  2009 I QC-NETMGR-LIB: netmgr_netlink.c 684: Event=[13] link=[0] devname=[]
10-24 14:11:33.589  1525  2009 I QC-NETMGR-LIB: netmgr_unix.c 178: netmgr_unix_ipc_send_msg(): Successfully created UNIX socket
10-24 14:11:33.589  1525  2009 E QC-NETMGR-LIB: netmgr_unix.c 191: netmgr_unix_ipc_send_msg(): Unable to connect to UNIX socket - No such file or directory
10-24 14:11:33.589  1525  2009 E QC-NETMGR-LIB: netmgr_client.c 380: netmgr_client_send_ping_msg(): netmgr_unix_send_msg failed
10-24 14:11:33.591  1551  1580 I QC-DS-LIB: ds_util.c 2845: ds_exec_internal(): [cpid:2163] Process exited normally with rc=0
10-24 14:11:33.592  1483  1816 E QC-DSI  : dsi_netctrl_init.c 116: dsi_init_query_netmgr 25 time
10-24 14:11:33.592  1483  1816 I QC-NETMGR-LIB: netmgr_netlink.c 684: Event=[13] link=[0] devname=[]
10-24 14:11:33.592  1551  1551 I QC-NETMGR-LIB: nm_mdmprxy_hal_route_provider.c 148: nm_mdmprxy_hal_prov_register_network(): Successfully created new network, [handle : 0x2cafed00d] [mark : 0xf0002]
10-24 14:11:33.592  1483  1816 I QC-NETMGR-LIB: netmgr_unix.c 178: netmgr_unix_ipc_send_msg(): Successfully created UNIX socket
10-24 14:11:33.592  1483  1816 E QC-NETMGR-LIB: netmgr_unix.c 191: netmgr_unix_ipc_send_msg(): Unable to connect to UNIX socket - No such file or directory
10-24 14:11:33.592  1483  1816 E QC-NETMGR-LIB: netmgr_client.c 380: netmgr_client_send_ping_msg(): netmgr_unix_send_msg failed
10-24 14:11:33.593  1551  1612 I QC-NETMGR-LIB: netmgr_kif.c 7797: netmgr_kif_init_iface(): Disabling IPv6 on interface [rmnet_data3] : status [SUCCESS]
10-24 14:11:33.593  1551  1612 I QC-NETMGR-LIB: netmgr_netlink.c 684: Event=[10] link=[3] devname=[]
10-24 14:11:33.593  1551  1612 I QC-NETMGR-LIB: netmgr_netlink.c 1474: Generated nl msg, sendmsg returned 24
10-24 14:11:33.593  1551  1612 I QC-NETMGR-LIB: netmgr_exec.c 193: Process command: ID=NETMGR_INITED_EV, link=4, state=0
10-24 14:11:33.593  1551  1612 I QC-NETMGR-LIB: netmgr_qmi.c 4703: initing QMI link[4]
10-24 14:11:33.593  1551  1612 I QC-NETMGR-LIB: netmgr_qmi.c 4386: netmgr_qmi_service_init: entry 
10-24 14:11:33.593  1551  1612 I QC-NETMGR-LIB: netmgr_qmi.c 4428: initializing IPv4 WDS client
10-24 14:11:33.593  1551  1612 I QC-DS-LIB: ds_util.c 2287: ds_get_target(): Target: [39] : [msmsteppe]
10-24 14:11:33.593  1525  2008 I QC-NETMGR-LIB: netmgr_netlink.c 1547: Received nl msg, recvmsg returned 24
10-24 14:11:33.593  1525  2008 I QC-NETMGR-LIB: netmgr_netlink.c 1325: Processing NETMGR_NL_EVENT
10-24 14:11:33.593  1525  2008 I QC-NETMGR-LIB: netmgr_netlink.c 740: Attribute: Event 0xa
10-24 14:11:33.594  1525  2008 I QC-NETMGR-LIB: netmgr_client.c 218: Notified client: hdl=0x0x75ecf7e0e8 event=10 link=0 flow=0x00000000
10-24 14:11:33.594  1483  1815 I QC-NETMGR-LIB: netmgr_netlink.c 1547: Received nl msg, recvmsg returned 24
10-24 14:11:33.594  1525  1972 D QC-DSI  : dsi_netctrl_netmgr.c 578: dsi_netmgr_map_link: ENTRY
10-24 14:11:33.594  1483  1815 I QC-NETMGR-LIB: netmgr_netlink.c 1325: Processing NETMGR_NL_EVENT
10-24 14:11:33.594  1525  1972 D QC-DSI  : dsi_netctrl_netmgr.c 605: netmgr link [0] maps to  dsi iface [0]
10-24 14:11:33.594  1483  1815 I QC-NETMGR-LIB: netmgr_netlink.c 740: Attribute: Event 0xa
10-24 14:11:33.594  1525  1972 D QC-DSI  : dsi_netctrl_netmgr.c 611: dsi_netmgr_map_link: EXIT
10-24 14:11:33.594  1525  1972 D QC-DSI  : dsi_netctrl_netmgr.c 762: dsi_process_netmgr_ev: ignoring event [10] dsi_inited [0]
10-24 14:11:33.594  1483  1815 I QC-NETMGR-LIB: netmgr_client.c 218: Notified client: hdl=0x0x7aa96bf0e8 event=10 link=0 flow=0x00000000
10-24 14:11:33.594  1483  1740 D QC-DSI  : dsi_netctrl_netmgr.c 578: dsi_netmgr_map_link: ENTRY
10-24 14:11:33.594  1483  1740 D QC-DSI  : dsi_netctrl_netmgr.c 605: netmgr link [0] maps to  dsi iface [0]
10-24 14:11:33.594  1483  1740 D QC-DSI  : dsi_netctrl_netmgr.c 611: dsi_netmgr_map_link: EXIT
10-24 14:11:33.594  1483  1740 D QC-DSI  : dsi_netctrl_netmgr.c 762: dsi_process_netmgr_ev: ignoring event [10] dsi_inited [0]
10-24 14:11:33.598  1551  1612 I QC-DS-LIB: ds_util.c 2287: ds_get_target(): Target: [39] : [msmsteppe]
10-24 14:11:33.598  1551  1612 I QC-DS-LIB: ds_util.c 1483: ds_get_epid(): entry: net_dev rmnet_ipa0
10-24 14:11:33.598  1551  1612 I QC-DS-LIB: ds_util.c 1506: ds_get_epid(): [success]: ep_type[4], epid[0x1]
10-24 14:11:33.600  1551  1580 I QC-DS-LIB: ds_util.c 2572: ds_exec_internal(): Executing command "iptables  -w -t mangle -A PREROUTING -m socket --nowildcard --restore-skmark -j ACCEPT from /system/bin/iptables-wrapper-1.0 "
10-24 14:11:33.600  1551  1612 I QC-NETMGR-LIB: netmgr_qmi.c 3564: netmgr_qmi_wds_service_init(): Successfully initialized WDS client=0x19 on link=4
10-24 14:11:33.604  1551  1580 I QC-DS-LIB: ds_util.c 2661: ds_exec_internal(): [cpid:2170] Spawned child PID(2170) command:"iptables  -w -t mangle -A PREROUTING -m socket --nowildcard --restore-skmark -j ACCEPT"
10-24 14:11:33.604  1551  1612 I QC-NETMGR-LIB: netmgr_qmi.c 3582: Successfully registered for ext IP config ind on IPv4 clnt_hndl=0x56c5b34b88
10-24 14:11:33.605  1551  1612 I QC-NETMGR-LIB: netmgr_qmi.c 4438: initializing IPv6 WDS client
10-24 14:11:33.605  1551  1612 I QC-DS-LIB: ds_util.c 2287: ds_get_target(): Target: [39] : [msmsteppe]
10-24 14:11:33.608  1551  1612 I QC-DS-LIB: ds_util.c 2287: ds_get_target(): Target: [39] : [msmsteppe]
10-24 14:11:33.608  1551  1612 I QC-DS-LIB: ds_util.c 1483: ds_get_epid(): entry: net_dev rmnet_ipa0
10-24 14:11:33.608  1551  1612 I QC-DS-LIB: ds_util.c 1506: ds_get_epid(): [success]: ep_type[4], epid[0x1]
10-24 14:11:33.609  1551  1612 I QC-NETMGR-LIB: netmgr_qmi.c 3564: netmgr_qmi_wds_service_init(): Successfully initialized WDS client=0x1a on link=4
10-24 14:11:33.609  1551  1612 I QC-NETMGR-LIB: netmgr_qmi.c 3582: Successfully registered for ext IP config ind on IPv6 clnt_hndl=0x56c5b34b90
10-24 14:11:33.610  1551  1612 I QC-NETMGR-LIB: netmgr_qmi.c 4452: The wds client ids [0x19/0x1a]
10-24 14:11:33.610  1551  1612 I QC-DS-LIB: ds_util.c 2287: ds_get_target(): Target: [39] : [msmsteppe]
10-24 14:11:33.613  1551  1612 I QC-DS-LIB: ds_util.c 2287: ds_get_target(): Target: [39] : [msmsteppe]
10-24 14:11:33.613  1551  1612 I QC-DS-LIB: ds_util.c 1483: ds_get_epid(): entry: net_dev rmnet_ipa0
10-24 14:11:33.613  1551  1612 I QC-DS-LIB: ds_util.c 1506: ds_get_epid(): [success]: ep_type[4], epid[0x1]
10-24 14:11:33.614  1551  1612 I QC-DS-LIB: ds_util.c 2287: ds_get_target(): Target: [39] : [msmsteppe]
10-24 14:11:33.617  1551  1612 I QC-DS-LIB: ds_util.c 2287: ds_get_target(): Target: [39] : [msmsteppe]
10-24 14:11:33.618  1551  1612 I QC-DS-LIB: ds_util.c 1483: ds_get_epid(): entry: net_dev rmnet_ipa0
10-24 14:11:33.618  1551  1612 I QC-DS-LIB: ds_util.c 1506: ds_get_epid(): [success]: ep_type[4], epid[0x1]
10-24 14:11:33.622  1551  1612 I QC-NETMGR-LIB: netmgr_qmi.c 4504: The qos client ids [0x1b/0x1c]
10-24 14:11:33.623  1551  1612 I QC-NETMGR-LIB: netmgr_kif.c 4977: netmgr_kif link 4, device rmnet_data4 has ifindex 14
10-24 14:11:33.623  1551  1612 I QC-NETMGR-LIB: netmgr_kif.c 2439: netmgr_kif_extended_ioctl(): Calling extended IOCTL 0000 on [rmnet_ipa0]
10-24 14:11:33.623  1551  1612 I QC-NETMGR-LIB: netmgr_kif.c 2439: netmgr_kif_extended_ioctl(): Calling extended IOCTL 0005 on [rmnet_ipa0]
10-24 14:11:33.634  1551  1580 I QC-DS-LIB: ds_util.c 2845: ds_exec_internal(): [cpid:2170] Process exited normally with rc=0
10-24 14:11:33.634  1551  1580 I QC-DS-LIB: ds_util.c 2572: ds_exec_internal(): Executing command "iptables  -w -I OUTPUT -o rmnet_data4 -p udp --dport 1900 -j DROP from /system/bin/iptables-wrapper-1.0 "
10-24 14:11:33.639  1551  1580 I QC-DS-LIB: ds_util.c 2661: ds_exec_internal(): [cpid:2180] Spawned child PID(2180) command:"iptables  -w -I OUTPUT -o rmnet_data4 -p udp --dport 1900 -j DROP"
10-24 14:11:33.661  1551  1580 I QC-DS-LIB: ds_util.c 2845: ds_exec_internal(): [cpid:2180] Process exited normally with rc=0
10-24 14:11:33.661  1551  1580 I QC-DS-LIB: ds_util.c 2572: ds_exec_internal(): Executing command "iptables  -w -t mangle -D PREROUTING -m socket --nowildcard --restore-skmark -j ACCEPT from /system/bin/iptables-wrapper-1.0 "
10-24 14:11:33.661  1551  1612 I QC-NETMGR-LIB: netmgr_kif.c 10824: netmgr_kif_set_ssdp_rule_on_iface(): Command returns 0. cmd: iptables  -w -I OUTPUT -o rmnet_data4 -p udp --dport 1900 -j DROP
10-24 14:11:33.665  1551  1580 I QC-DS-LIB: ds_util.c 2661: ds_exec_internal(): [cpid:2181] Spawned child PID(2181) command:"iptables  -w -t mangle -D PREROUTING -m socket --nowildcard --restore-skmark -j ACCEPT"
10-24 14:11:33.688  1551  1580 I QC-DS-LIB: ds_util.c 2845: ds_exec_internal(): [cpid:2181] Process exited normally with rc=0
10-24 14:11:33.688  1551  1551 I QC-NETMGR-LIB: nm_mdmprxy_mark_provider_factory.c 170: nm_mdmprxy_query_modem_capability(): Releasing qmi dfs handle returned rc [0]
10-24 14:11:33.689  1551  1580 I QC-DS-LIB: ds_util.c 2572: ds_exec_internal(): Executing command "iptables  -w -t mangle -A nm_mdmprxy_pkt_marker -m mark --mark 0xf0002 -j nm_mdmprxy_pkt_forwarder from /system/bin/iptables-wrapper-1.0 "
10-24 14:11:33.689  1525  2009 E QC-DSI  : dsi_netctrl_init.c 116: dsi_init_query_netmgr 18 time
10-24 14:11:33.689  1525  2009 I QC-NETMGR-LIB: netmgr_netlink.c 684: Event=[13] link=[0] devname=[]
10-24 14:11:33.690  1525  2009 I QC-NETMGR-LIB: netmgr_unix.c 178: netmgr_unix_ipc_send_msg(): Successfully created UNIX socket
10-24 14:11:33.690  1525  2009 E QC-NETMGR-LIB: netmgr_unix.c 191: netmgr_unix_ipc_send_msg(): Unable to connect to UNIX socket - No such file or directory
10-24 14:11:33.691  1525  2009 E QC-NETMGR-LIB: netmgr_client.c 380: netmgr_client_send_ping_msg(): netmgr_unix_send_msg failed
10-24 14:11:33.693  1483  1816 E QC-DSI  : dsi_netctrl_init.c 116: dsi_init_query_netmgr 26 time
10-24 14:11:33.693  1483  1816 I QC-NETMGR-LIB: netmgr_netlink.c 684: Event=[13] link=[0] devname=[]
10-24 14:11:33.693  1483  1816 I QC-NETMGR-LIB: netmgr_unix.c 178: netmgr_unix_ipc_send_msg(): Successfully created UNIX socket
10-24 14:11:33.693  1483  1816 E QC-NETMGR-LIB: netmgr_unix.c 191: netmgr_unix_ipc_send_msg(): Unable to connect to UNIX socket - No such file or directory
10-24 14:11:33.693  1483  1816 E QC-NETMGR-LIB: netmgr_client.c 380: netmgr_client_send_ping_msg(): netmgr_unix_send_msg failed
10-24 14:11:33.694  1551  1608 I QC-NETMGR-LIB: netmgr_netlink.c 1547: Received nl msg, recvmsg returned 1328
10-24 14:11:33.694  1551  1580 I QC-DS-LIB: ds_util.c 2661: ds_exec_internal(): [cpid:2182] Spawned child PID(2182) command:"iptables  -w -t mangle -A nm_mdmprxy_pkt_marker -m mark --mark 0xf0002 -j nm_mdmprxy_pkt_forwarder"
10-24 14:11:33.694  1551  1608 I QC-NETMGR-LIB: netmgr_exec.c 386: Received command: ID=NETMGR_KIF_MSG_CMD, link=0
10-24 14:11:33.694  1551  1608 I QC-NETMGR-LIB: netmgr_netlink.c 1547: Received nl msg, recvmsg returned 1328
10-24 14:11:33.694  1551  1608 I QC-NETMGR-LIB: netmgr_exec.c 386: Received command: ID=NETMGR_KIF_MSG_CMD, link=0
10-24 14:11:33.694  1551  1608 I QC-NETMGR-LIB: netmgr_netlink.c 1547: Received nl msg, recvmsg returned 1328
10-24 14:11:33.694  1551  1608 I QC-NETMGR-LIB: netmgr_exec.c 386: Received command: ID=NETMGR_KIF_MSG_CMD, link=0
10-24 14:11:33.716  1551  1580 I QC-DS-LIB: ds_util.c 2845: ds_exec_internal(): [cpid:2182] Process exited normally with rc=0
10-24 14:11:33.717  1551  1580 I QC-DS-LIB: ds_util.c 2572: ds_exec_internal(): Executing command "iptables  -w -t mangle -A nm_mdmprxy_pkt_marker ! -p icmp -m mark --mark 0xf0002 -j DROP from /system/bin/iptables-wrapper-1.0 "
10-24 14:11:33.721  1551  1580 I QC-DS-LIB: ds_util.c 2661: ds_exec_internal(): [cpid:2188] Spawned child PID(2188) command:"iptables  -w -t mangle -A nm_mdmprxy_pkt_marker ! -p icmp -m mark --mark 0xf0002 -j DROP"
10-24 14:11:33.743  1551  1580 I QC-DS-LIB: ds_util.c 2845: ds_exec_internal(): [cpid:2188] Process exited normally with rc=0
10-24 14:11:33.744  1551  1580 I QC-DS-LIB: ds_util.c 2572: ds_exec_internal(): Executing command "iptables  -w -t mangle -A nm_mdmprxy_mngl_post -m mark --mark 0xf0002 -j MARK --set-mark 0x0 from /system/bin/iptables-wrapper-1.0 "
10-24 14:11:33.748  1551  1580 I QC-DS-LIB: ds_util.c 2661: ds_exec_internal(): [cpid:2189] Spawned child PID(2189) command:"iptables  -w -t mangle -A nm_mdmprxy_mngl_post -m mark --mark 0xf0002 -j MARK --set-mark 0x0"
10-24 14:11:33.771  1551  1580 I QC-DS-LIB: ds_util.c 2845: ds_exec_internal(): [cpid:2189] Process exited normally with rc=0
10-24 14:11:33.771  1551  1580 I QC-DS-LIB: ds_util.c 2572: ds_exec_internal(): Executing command "ip6tables  -w -t mangle -A nm_mdmprxy_pkt_marker -m mark --mark 0xf0002 -j nm_mdmprxy_pkt_forwarder from /system/bin/ip6tables-wrapper-1.0 "
10-24 14:11:33.775  1551  1580 I QC-DS-LIB: ds_util.c 2661: ds_exec_internal(): [cpid:2190] Spawned child PID(2190) command:"ip6tables  -w -t mangle -A nm_mdmprxy_pkt_marker -m mark --mark 0xf0002 -j nm_mdmprxy_pkt_forwarder"
10-24 14:11:33.791  1525  2009 E QC-DSI  : dsi_netctrl_init.c 116: dsi_init_query_netmgr 19 time
10-24 14:11:33.791  1525  2009 I QC-NETMGR-LIB: netmgr_netlink.c 684: Event=[13] link=[0] devname=[]
10-24 14:11:33.791  1525  2009 I QC-NETMGR-LIB: netmgr_unix.c 178: netmgr_unix_ipc_send_msg(): Successfully created UNIX socket
10-24 14:11:33.791  1525  2009 E QC-NETMGR-LIB: netmgr_unix.c 191: netmgr_unix_ipc_send_msg(): Unable to connect to UNIX socket - No such file or directory
10-24 14:11:33.792  1525  2009 E QC-NETMGR-LIB: netmgr_client.c 380: netmgr_client_send_ping_msg(): netmgr_unix_send_msg failed
10-24 14:11:33.793  1483  1816 E QC-DSI  : dsi_netctrl_init.c 116: dsi_init_query_netmgr 27 time
10-24 14:11:33.793  1483  1816 I QC-NETMGR-LIB: netmgr_netlink.c 684: Event=[13] link=[0] devname=[]
10-24 14:11:33.793  1483  1816 I QC-NETMGR-LIB: netmgr_unix.c 178: netmgr_unix_ipc_send_msg(): Successfully created UNIX socket
10-24 14:11:33.793  1483  1816 E QC-NETMGR-LIB: netmgr_unix.c 191: netmgr_unix_ipc_send_msg(): Unable to connect to UNIX socket - No such file or directory
10-24 14:11:33.793  1483  1816 E QC-NETMGR-LIB: netmgr_client.c 380: netmgr_client_send_ping_msg(): netmgr_unix_send_msg failed
10-24 14:11:33.799  1551  1580 I QC-DS-LIB: ds_util.c 2845: ds_exec_internal(): [cpid:2190] Process exited normally with rc=0
10-24 14:11:33.799  1551  1580 I QC-DS-LIB: ds_util.c 2572: ds_exec_internal(): Executing command "ip6tables  -w -t mangle -A nm_mdmprxy_pkt_marker ! -p ipv6-icmp -m mark --mark 0xf0002 -j DROP from /system/bin/ip6tables-wrapper-1.0 "
10-24 14:11:33.799  1551  1612 I QC-NETMGR-LIB: netmgr_kif.c 7797: netmgr_kif_init_iface(): Disabling IPv6 on interface [rmnet_data4] : status [SUCCESS]
10-24 14:11:33.803  1551  1580 I QC-DS-LIB: ds_util.c 2661: ds_exec_internal(): [cpid:2191] Spawned child PID(2191) command:"ip6tables  -w -t mangle -A nm_mdmprxy_pkt_marker ! -p ipv6-icmp -m mark --mark 0xf0002 -j DROP"
10-24 14:11:33.826  1551  1580 I QC-DS-LIB: ds_util.c 2845: ds_exec_internal(): [cpid:2191] Process exited normally with rc=0
10-24 14:11:33.826  1551  1580 I QC-DS-LIB: ds_util.c 2572: ds_exec_internal(): Executing command "ip6tables  -w -t mangle -A nm_mdmprxy_mngl_post -m mark --mark 0xf0002 -j MARK --set-mark 0x0 from /system/bin/ip6tables-wrapper-1.0 "
10-24 14:11:33.826  1551  1612 I QC-NETMGR-LIB: netmgr_netlink.c 684: Event=[10] link=[4] devname=[]
10-24 14:11:33.826  1551  1612 I QC-NETMGR-LIB: netmgr_netlink.c 1474: Generated nl msg, sendmsg returned 24
10-24 14:11:33.826  1525  2008 I QC-NETMGR-LIB: netmgr_netlink.c 1547: Received nl msg, recvmsg returned 24
10-24 14:11:33.827  1525  2008 I QC-NETMGR-LIB: netmgr_netlink.c 1325: Processing NETMGR_NL_EVENT
10-24 14:11:33.827  1525  2008 I QC-NETMGR-LIB: netmgr_netlink.c 740: Attribute: Event 0xa
10-24 14:11:33.827  1525  2008 I QC-NETMGR-LIB: netmgr_client.c 218: Notified client: hdl=0x0x75ecf7e0e8 event=10 link=0 flow=0x00000000
10-24 14:11:33.827  1525  1972 D QC-DSI  : dsi_netctrl_netmgr.c 578: dsi_netmgr_map_link: ENTRY
10-24 14:11:33.827  1525  1972 D QC-DSI  : dsi_netctrl_netmgr.c 605: netmgr link [0] maps to  dsi iface [0]
10-24 14:11:33.827  1483  1815 I QC-NETMGR-LIB: netmgr_netlink.c 1547: Received nl msg, recvmsg returned 24
10-24 14:11:33.827  1525  1972 D QC-DSI  : dsi_netctrl_netmgr.c 611: dsi_netmgr_map_link: EXIT
10-24 14:11:33.827  1483  1815 I QC-NETMGR-LIB: netmgr_netlink.c 1325: Processing NETMGR_NL_EVENT
10-24 14:11:33.827  1525  1972 D QC-DSI  : dsi_netctrl_netmgr.c 762: dsi_process_netmgr_ev: ignoring event [10] dsi_inited [0]
10-24 14:11:33.827  1483  1815 I QC-NETMGR-LIB: netmgr_netlink.c 740: Attribute: Event 0xa
10-24 14:11:33.827  1483  1815 I QC-NETMGR-LIB: netmgr_client.c 218: Notified client: hdl=0x0x7aa96bf0e8 event=10 link=0 flow=0x00000000
10-24 14:11:33.828  1483  1740 D QC-DSI  : dsi_netctrl_netmgr.c 578: dsi_netmgr_map_link: ENTRY
10-24 14:11:33.828  1483  1740 D QC-DSI  : dsi_netctrl_netmgr.c 605: netmgr link [0] maps to  dsi iface [0]
10-24 14:11:33.828  1483  1740 D QC-DSI  : dsi_netctrl_netmgr.c 611: dsi_netmgr_map_link: EXIT
10-24 14:11:33.828  1483  1740 D QC-DSI  : dsi_netctrl_netmgr.c 762: dsi_process_netmgr_ev: ignoring event [10] dsi_inited [0]
10-24 14:11:33.831  1551  1580 I QC-DS-LIB: ds_util.c 2661: ds_exec_internal(): [cpid:2192] Spawned child PID(2192) command:"ip6tables  -w -t mangle -A nm_mdmprxy_mngl_post -m mark --mark 0xf0002 -j MARK --set-mark 0x0"
10-24 14:11:33.832  1551  1612 I QC-NETMGR-LIB: netmgr_exec.c 193: Process command: ID=NETMGR_INITED_EV, link=5, state=0
10-24 14:11:33.832  1551  1612 I QC-NETMGR-LIB: netmgr_qmi.c 4703: initing QMI link[5]
10-24 14:11:33.832  1551  1612 I QC-NETMGR-LIB: netmgr_qmi.c 4386: netmgr_qmi_service_init: entry 
10-24 14:11:33.832  1551  1612 I QC-NETMGR-LIB: netmgr_qmi.c 4428: initializing IPv4 WDS client
10-24 14:11:33.832  1551  1612 I QC-DS-LIB: ds_util.c 2287: ds_get_target(): Target: [39] : [msmsteppe]
10-24 14:11:33.836  1551  1612 I QC-DS-LIB: ds_util.c 2287: ds_get_target(): Target: [39] : [msmsteppe]
