=aplogcat= Dumping /data/vendor/aplogd/Boot-0000000002_Set-0000000001_Stream-e.txt.gz to aplogcat-events.txt
03-31 10:46:52.713   916   916 I auditd  : type=2000 audit(0.0:1): state=initialized audit_enabled=0 res=1
03-31 10:46:53.993   916   916 I auditd  : type=1403 audit(0.0:2): policy loaded auid=4294967295 ses=4294967295
03-31 10:46:53.993   916   916 I auditd  : type=1404 audit(0.0:3): enforcing=1 old_enforcing=0 auid=4294967295 ses=4294967295
03-31 10:47:02.260     1     1 I auditd  : type=1400 audit(0.0:4): avc: denied { relabelfrom } for comm="init" name="bimc_clk" dev="debugfs" ino=20026 scontext=u:r:init:s0 tcontext=u:object_r:qti_debugfs:s0 tclass=dir permissive=0
03-31 10:47:02.260     1     1 I auditd  : type=1400 audit(0.0:4): avc: denied { relabelfrom } for comm="init" name="bimc_clk" dev="debugfs" ino=20026 scontext=u:r:init:s0 tcontext=u:object_r:qti_debugfs:s0 tclass=dir permissive=0
03-31 10:47:02.260     1     1 I auditd  : type=1400 audit(0.0:5): avc: denied { relabelfrom } for comm="init" name="clk_measure" dev="debugfs" ino=20037 scontext=u:r:init:s0 tcontext=u:object_r:qti_debugfs:s0 tclass=file permissive=0
03-31 10:47:02.260     1     1 I auditd  : type=1400 audit(0.0:5): avc: denied { relabelfrom } for comm="init" name="clk_measure" dev="debugfs" ino=20037 scontext=u:r:init:s0 tcontext=u:object_r:qti_debugfs:s0 tclass=file permissive=0
03-31 10:47:02.260     1     1 I auditd  : type=1400 audit(0.0:6): avc: denied { relabelfrom } for comm="init" name="clk_duty_cycle" dev="debugfs" ino=20036 scontext=u:r:init:s0 tcontext=u:object_r:qti_debugfs:s0 tclass=file permissive=0
03-31 10:47:02.260     1     1 I auditd  : type=1400 audit(0.0:6): avc: denied { relabelfrom } for comm="init" name="clk_duty_cycle" dev="debugfs" ino=20036 scontext=u:r:init:s0 tcontext=u:object_r:qti_debugfs:s0 tclass=file permissive=0
03-31 10:47:02.263     1     1 I auditd  : type=1400 audit(0.0:7): avc: denied { relabelfrom } for comm="init" name="clk_print_regs" dev="debugfs" ino=20035 scontext=u:r:init:s0 tcontext=u:object_r:qti_debugfs:s0 tclass=file permissive=0
03-31 10:47:02.263     1     1 I auditd  : type=1400 audit(0.0:7): avc: denied { relabelfrom } for comm="init" name="clk_print_regs" dev="debugfs" ino=20035 scontext=u:r:init:s0 tcontext=u:object_r:qti_debugfs:s0 tclass=file permissive=0
03-31 10:47:02.263     1     1 I auditd  : type=1400 audit(0.0:8): avc: denied { relabelfrom } for comm="init" name="clk_parent" dev="debugfs" ino=20034 scontext=u:r:init:s0 tcontext=u:object_r:qti_debugfs:s0 tclass=file permissive=0
03-31 10:47:02.263     1     1 I auditd  : type=1400 audit(0.0:8): avc: denied { relabelfrom } for comm="init" name="clk_parent" dev="debugfs" ino=20034 scontext=u:r:init:s0 tcontext=u:object_r:qti_debugfs:s0 tclass=file permissive=0
03-31 10:47:02.263     1     1 I auditd  : type=1400 audit(0.0:9): avc: denied { relabelfrom } for comm="init" name="clk_notifier_count" dev="debugfs" ino=20033 scontext=u:r:init:s0 tcontext=u:object_r:qti_debugfs:s0 tclass=file permissive=0
03-31 10:47:02.263     1     1 I auditd  : type=1400 audit(0.0:9): avc: denied { relabelfrom } for comm="init" name="clk_notifier_count" dev="debugfs" ino=20033 scontext=u:r:init:s0 tcontext=u:object_r:qti_debugfs:s0 tclass=file permissive=0
03-31 10:47:02.263     1     1 I auditd  : type=1400 audit(0.0:10): avc: denied { relabelfrom } for comm="init" name="clk_enable_count" dev="debugfs" ino=20032 scontext=u:r:init:s0 tcontext=u:object_r:qti_debugfs:s0 tclass=file permissive=0
03-31 10:47:02.263     1     1 I auditd  : type=1400 audit(0.0:10): avc: denied { relabelfrom } for comm="init" name="clk_enable_count" dev="debugfs" ino=20032 scontext=u:r:init:s0 tcontext=u:object_r:qti_debugfs:s0 tclass=file permissive=0
03-31 10:47:02.263     1     1 I auditd  : type=1400 audit(0.0:11): avc: denied { relabelfrom } for comm="init" name="clk_prepare_count" dev="debugfs" ino=20031 scontext=u:r:init:s0 tcontext=u:object_r:qti_debugfs:s0 tclass=file permissive=0
03-31 10:47:02.263     1     1 I auditd  : type=1400 audit(0.0:11): avc: denied { relabelfrom } for comm="init" name="clk_prepare_count" dev="debugfs" ino=20031 scontext=u:r:init:s0 tcontext=u:object_r:qti_debugfs:s0 tclass=file permissive=0
03-31 10:47:02.263     1     1 I auditd  : type=1400 audit(0.0:12): avc: denied { relabelfrom } for comm="init" name="clk_flags" dev="debugfs" ino=20030 scontext=u:r:init:s0 tcontext=u:object_r:qti_debugfs:s0 tclass=file permissive=0
03-31 10:47:03.280   454   454 I auditd  : type=1400 audit(0.0:19): avc: denied { write } for comm="init" name="/" dev="mmcblk0p80" ino=3 scontext=u:r:vendor_init:s0 tcontext=u:object_r:system_data_file:s0 tclass=dir permissive=0
03-31 10:47:03.676   889   889 I snet_event_log: [121035042,-1,]
03-31 10:47:03.677   889   889 I chatty  : uid=1000(system) hwservicemanage identical 1 line
03-31 10:47:03.962   889   889 I snet_event_log: [121035042,-1,]
03-31 10:47:04.160  1005  1005 I auditd  : type=1400 audit(0.0:20): avc: denied { map } for comm="init.qti.can.sh" path="/system/bin/sh" dev="dm-0" ino=139 scontext=u:r:qti_init_shell:s0 tcontext=u:object_r:shell_exec:s0 tclass=file permissive=0
03-31 10:47:04.388   889   889 I snet_event_log: [121035042,-1,]
03-31 10:47:04.746   889   889 I chatty  : uid=1000(system) hwservicemanage identical 50 lines
03-31 10:47:04.749   889   889 I snet_event_log: [121035042,-1,]
03-31 10:47:04.752   937   937 I boot_progress_start: 13179
03-31 10:47:04.762   889   889 I snet_event_log: [121035042,-1,]
03-31 10:47:04.876   889   889 I chatty  : uid=1000(system) hwservicemanage identical 30 lines
03-31 10:47:04.877   889   889 I snet_event_log: [121035042,-1,]
03-31 10:47:04.890  1126  1126 I auditd  : type=1400 audit(0.0:21): avc: denied { read } for comm="getprop" name="u:object_r:default_prop:s0" dev="tmpfs" ino=15758 scontext=u:r:qti_init_shell:s0 tcontext=u:object_r:default_prop:s0 tclass=file permissive=0
03-31 10:47:04.914   889   889 I snet_event_log: [121035042,-1,]
03-31 10:47:06.213   889   889 I chatty  : uid=1000(system) hwservicemanage identical 39 lines
03-31 10:47:06.214   889   889 I snet_event_log: [121035042,-1,]
03-31 10:47:06.266  1233  1233 I auditd  : type=1400 audit(0.0:22): avc: denied { read } for comm="getprop" name="u:object_r:default_prop:s0" dev="tmpfs" ino=15758 scontext=u:r:init_touch:s0 tcontext=u:object_r:default_prop:s0 tclass=file permissive=0
03-31 10:47:06.633   889   889 I snet_event_log: [121035042,-1,]
10-24 14:11:29.303   889   889 I snet_event_log: [121035042,-1,]
10-24 14:11:29.431   889   889 I chatty  : uid=1000(system) hwservicemanage identical 18 lines
10-24 14:11:29.567   889   889 I snet_event_log: [121035042,-1,]
10-24 14:11:29.578  1391  1391 I auditd  : type=1400 audit(0.0:23): avc: denied { read } for comm="getprop" name="u:object_r:default_prop:s0" dev="tmpfs" ino=15758 scontext=u:r:init_usb:s0 tcontext=u:object_r:default_prop:s0 tclass=file permissive=0
10-24 14:11:29.579   889   889 I snet_event_log: [121035042,-1,]
10-24 14:11:29.612   889   889 I chatty  : uid=1000(system) hwservicemanage identical 9 lines
10-24 14:11:29.624   889   889 I snet_event_log: [121035042,-1,]
10-24 14:11:29.664   938   938 I sysui_histogram: [boot_zygote_init,15587]
10-24 14:11:29.668   937   937 I sysui_histogram: [boot_zygote_init,15591]
10-24 14:11:29.671   937   937 I sysui_multi_action: [757,804,799,boot_zygote_init,801,15591,802,1]
10-24 14:11:29.671   938   938 I sysui_multi_action: [757,804,799,boot_zygote_init,801,15587,802,1]
10-24 14:11:29.682   937   937 I boot_progress_preload_start: 15605
10-24 14:11:29.777   889   889 I snet_event_log: [121035042,-1,]
10-24 14:11:31.133   889   889 I chatty  : uid=1000(system) hwservicemanage identical 32 lines
10-24 14:11:31.160   889   889 I snet_event_log: [121035042,-1,]
10-24 14:11:31.185  1299  1299 I auditd  : type=1400 audit(0.0:24): avc: denied { read } for comm="mbm_spy" name="u:object_r:default_prop:s0" dev="tmpfs" ino=15758 scontext=u:r:mbm_spy:s0 tcontext=u:object_r:default_prop:s0 tclass=file permissive=0
10-24 14:11:31.247   889   889 I snet_event_log: [121035042,-1,]
10-24 14:11:31.743   889   889 I chatty  : uid=1000(system) hwservicemanage identical 4 lines
10-24 14:11:31.746   889   889 I snet_event_log: [121035042,-1,]
10-24 14:11:31.778   937   937 I boot_progress_preload_end: 17701
10-24 14:11:31.788   889   889 I snet_event_log: [121035042,-1,]
10-24 14:11:31.938   889   889 I chatty  : uid=1000(system) hwservicemanage identical 17 lines
10-24 14:11:31.940   889   889 I snet_event_log: [121035042,-1,]
10-24 14:11:32.173  1975  1975 I boot_progress_system_run: 18096
10-24 14:11:32.174  1975  1975 I sysui_histogram: [boot_system_server_init,18096]
10-24 14:11:32.174  1975  1975 I sysui_multi_action: [757,804,799,boot_system_server_init,801,18096,802,1]
10-24 14:11:32.416   889   889 I snet_event_log: [121035042,-1,]
10-24 14:11:32.577   889   889 I chatty  : uid=1000(system) hwservicemanage identical 5 lines
10-24 14:11:32.578   889   889 I snet_event_log: [121035042,-1,]
10-24 14:11:32.690  1975  2057 I commit_sys_config_file: [batterystats-daily,19]
10-24 14:11:32.703   889   889 I snet_event_log: [121035042,-1,]
10-24 14:11:32.704   889   889 I snet_event_log: [121035042,-1,]
10-24 14:11:32.727  1975  2057 I commit_sys_config_file: [batterystats,18]
10-24 14:11:32.751   889   889 I snet_event_log: [121035042,-1,]
10-24 14:11:32.931   889   889 I chatty  : uid=1000(system) hwservicemanage identical 7 lines
10-24 14:11:32.931   889   889 I snet_event_log: [121035042,-1,]
10-24 14:11:32.932  1975  1975 I rescue_note: [0,1,18853]
10-24 14:11:32.933   889   889 I snet_event_log: [121035042,-1,]
10-24 14:11:32.956   889   889 I chatty  : uid=1000(system) hwservicemanage identical 2 lines
10-24 14:11:32.957   889   889 I snet_event_log: [121035042,-1,]
10-24 14:11:32.971  1975  1975 I sysui_histogram: [boot_package_manager_init_start,18895]
10-24 14:11:32.972  1975  1975 I sysui_multi_action: [757,804,799,boot_package_manager_init_start,801,18895,802,1]
10-24 14:11:32.974  1975  1975 I boot_progress_pms_start: 18897
10-24 14:11:33.000   889   889 I snet_event_log: [121035042,-1,]
10-24 14:11:33.001   889   889 I snet_event_log: [121035042,-1,]
10-24 14:11:33.109  1975  2101 I cpu     : [55,16,35,2,0,0]
10-24 14:11:33.572  1975  1975 I boot_progress_pms_system_scan_start: 19496
10-24 14:11:36.838  1975  1975 I boot_progress_pms_data_scan_start: 22761
10-24 14:11:36.855  1975  1975 I boot_progress_pms_scan_end: 22778
10-24 14:11:37.072  1975  1975 I commit_sys_config_file: [package-user-0,7]
10-24 14:11:37.072  1975  1975 I commit_sys_config_file: [package,91]
10-24 14:11:37.072  1975  1975 I boot_progress_pms_ready: 22995
10-24 14:11:37.091  1975  1975 I dvm_lock_sample: [system_server,0,main,3998,PackageManagerService.java,3449,void com.android.server.pm.PackageManagerService.<init>(android.content.Context, com.android.server.pm.Installer, boolean, boolean),-,2624,void com.android.server.pm.PackageManagerService.<init>(android.content.Context, com.android.server.pm.Installer, boolean, boolean),150]
10-24 14:11:37.167  1975  1975 I sysui_histogram: [boot_package_manager_init_ready,23090]
10-24 14:11:37.167  1975  1975 I sysui_multi_action: [757,804,799,boot_package_manager_init_ready,801,23090,802,1]
10-24 14:11:37.175  1975  1975 I am_uid_running: 1000
10-24 14:11:37.177  1975  1975 I am_uid_active: 1000
10-24 14:11:37.184   889   889 I snet_event_log: [121035042,-1,]
10-24 14:11:37.199   889   889 I chatty  : uid=1000(system) hwservicemanage identical 12 lines
10-24 14:11:37.200   889   889 I snet_event_log: [121035042,-1,]
10-24 14:11:37.202  1975  2108 I battery_status: [3,2,1,0,Li-ion]
10-24 14:11:37.202  1975  2108 I battery_level: [79,3999,241]
10-24 14:11:37.204   889   889 I snet_event_log: [121035042,-1,]
10-24 14:11:37.214   889   889 I chatty  : uid=1000(system) hwservicemanage identical 4 lines
10-24 14:11:37.215   889   889 I snet_event_log: [121035042,-1,]
10-24 14:11:37.229  1269  2116 I dc_mmlog: e=play,c=video/mp4,fs=970414,pt=0,am=audio/mp4a-latm,ac=2,as=48000,ab=0,ad=4053333,vm=video/avc,vw=1080,vh=2280,vb=0,vd=4000000
10-24 14:11:37.237   889   889 I snet_event_log: [121035042,-1,]
10-24 14:11:37.280   889   889 I chatty  : uid=1000(system) hwservicemanage identical 6 lines
10-24 14:11:37.281   889   889 I snet_event_log: [121035042,-1,]
10-24 14:11:37.286  1975  2057 I commit_sys_config_file: [package-perms-0,5]
10-24 14:11:37.321   889   889 I snet_event_log: [121035042,-1,]
10-24 14:11:37.459   889   889 I chatty  : uid=1000(system) hwservicemanage identical 41 lines
10-24 14:11:37.460   889   889 I snet_event_log: [121035042,-1,]
10-24 14:11:37.493  1975  1975 I wm_stack_created: 0
10-24 14:11:37.564   889   889 I snet_event_log: [121035042,-1,]
10-24 14:11:37.601   889   889 I chatty  : uid=1000(system) hwservicemanage identical 5 lines
10-24 14:11:37.602   889   889 I snet_event_log: [121035042,-1,]
10-24 14:11:37.611  1975  1975 I configuration_changed: 536894968
10-24 14:11:37.635   889   889 I snet_event_log: [121035042,-1,]
10-24 14:11:37.636   889   889 I snet_event_log: [121035042,-1,]
10-24 14:11:37.645  1975  1975 I configuration_changed: 536871944
10-24 14:11:37.655   889   889 I snet_event_log: [121035042,-1,]
10-24 14:11:37.700   889   889 I chatty  : uid=1000(system) hwservicemanage identical 4 lines
10-24 14:11:37.701   889   889 I snet_event_log: [121035042,-1,]
10-24 14:11:37.722  1975  2323 I configuration_changed: 512
10-24 14:11:37.745   889   889 I snet_event_log: [121035042,-1,]
10-24 14:11:37.984   889   889 I chatty  : uid=1000(system) hwservicemanage identical 21 lines
10-24 14:11:37.984   889   889 I snet_event_log: [121035042,-1,]
10-24 14:11:38.015   505   505 I auditd  : type=1400 audit(0.0:25): avc: denied { search } for comm="Binder:505_2" name="vendor" dev="tmpfs" ino=16643 scontext=u:r:vold:s0 tcontext=u:object_r:mnt_vendor_file:s0 tclass=dir permissive=0
10-24 14:11:38.045   889   889 I snet_event_log: [121035042,-1,]
10-24 14:11:38.065   889   889 I chatty  : uid=1000(system) hwservicemanage identical 2 lines
10-24 14:11:38.066   889   889 I snet_event_log: [121035042,-1,]
10-24 14:11:38.080  1975  2346 I commit_sys_config_file: [settings-0-0,271]
10-24 14:11:38.093   889   889 I snet_event_log: [121035042,-1,]
10-24 14:11:38.143   889   889 I chatty  : uid=1000(system) hwservicemanage identical 6 lines
10-24 14:11:38.144   889   889 I snet_event_log: [121035042,-1,]
10-24 14:11:38.175  1975  2092 I commit_sys_config_file: [overlays,25]
10-24 14:11:38.184   889   889 I snet_event_log: [121035042,-1,]
10-24 14:11:38.193   889   889 I chatty  : uid=1000(system) hwservicemanage identical 4 lines
10-24 14:11:38.196   889   889 I snet_event_log: [121035042,-1,]
10-24 14:11:38.200  1975  2500 I storage_state: [41217664-9172-527a-b3d5-edabb50a7d69,0,0,45585321984,48928632832]
10-24 14:11:38.201   889   889 I snet_event_log: [121035042,-1,]
10-24 14:11:38.229   889   889 I chatty  : uid=1000(system) hwservicemanage identical 6 lines
10-24 14:11:38.229   889   889 I snet_event_log: [121035042,-1,]
10-24 14:11:38.231  1975  1975 I stream_devices_changed: [0,0,1]
10-24 14:11:38.231  1975  1975 I stream_devices_changed: [2,0,2]
10-24 14:11:38.232  1975  1975 I stream_devices_changed: [3,0,2]
10-24 14:11:38.232  1975  1975 I stream_devices_changed: [4,0,2]
10-24 14:11:38.232  1975  1975 I stream_devices_changed: [6,0,1]
10-24 14:11:38.245   889   889 I snet_event_log: [121035042,-1,]
10-24 14:11:38.476   889   889 I chatty  : uid=1000(system) hwservicemanage identical 25 lines
10-24 14:11:38.478   889   889 I snet_event_log: [121035042,-1,]
10-24 14:11:38.503  1975  1975 I service_manager_stats: [100,60,24426]
10-24 14:11:38.518   889   889 I snet_event_log: [121035042,-1,]
10-24 14:11:38.544   889   889 I chatty  : uid=1000(system) hwservicemanage identical 8 lines
10-24 14:11:38.547   889   889 I snet_event_log: [121035042,-1,]
10-24 14:11:38.556  1975  2346 I commit_sys_config_file: [settings-0-0,173]
10-24 14:11:38.557   889   889 I snet_event_log: [121035042,-1,]
10-24 14:11:38.614   889   889 I chatty  : uid=1000(system) hwservicemanage identical 5 lines
10-24 14:11:38.614   889   889 I snet_event_log: [121035042,-1,]
10-24 14:11:38.638  1975  1975 I boot_progress_ams_ready: 24562
10-24 14:11:38.643  1975  1975 I configuration_changed: 256
10-24 14:11:38.647  1975  2094 I configuration_changed: 256
10-24 14:11:38.664  1975  1975 I commit_sys_config_file: [sync-accounts,3]
10-24 14:11:38.666  1975  1975 I commit_sys_config_file: [sync-status,1]
10-24 14:11:38.668  1975  1975 I commit_sys_config_file: [sync-stats,2]
10-24 14:11:38.962  1975  1975 I am_uid_running: 10153
10-24 14:11:38.981  1975  2072 I am_proc_start: [0,2535,10153,com.google.android.inputmethod.latin,service,com.google.android.inputmethod.latin/com.android.inputmethod.latin.LatinIME]
10-24 14:11:38.994  1975  1975 I am_uid_running: 10042
10-24 14:11:39.004  1975  2323 I am_uid_running: 1037
10-24 14:11:39.041  1975  2072 I am_proc_start: [0,2551,10042,com.android.systemui,service,com.android.systemui/.SystemUIService]
10-24 14:11:39.059   889   889 I snet_event_log: [121035042,-1,]
10-24 14:11:39.060   889   889 I snet_event_log: [121035042,-1,]
10-24 14:11:39.064  1975  2325 I am_proc_bound: [0,2535,com.google.android.inputmethod.latin]
10-24 14:11:39.068   889   889 I snet_event_log: [121035042,-1,]
10-24 14:11:39.070   889   889 I snet_event_log: [121035042,-1,]
10-24 14:11:39.073  1975  2325 I am_uid_active: 10153
10-24 14:11:39.074   889   889 I snet_event_log: [121035042,-1,]
10-24 14:11:39.091   889   889 I chatty  : uid=1000(system) hwservicemanage identical 2 lines
10-24 14:11:39.092   889   889 I snet_event_log: [121035042,-1,]
10-24 14:11:39.097  1975  2431 I commit_sys_config_file: [net-policy,5]
10-24 14:11:39.101  1975  2024 I am_proc_bound: [0,2551,com.android.systemui]
10-24 14:11:39.110   889   889 I snet_event_log: [121035042,-1,]
10-24 14:11:39.110   889   889 I snet_event_log: [121035042,-1,]
10-24 14:11:39.130  1975  2024 I am_uid_active: 10042
10-24 14:11:39.132   889   889 I snet_event_log: [121035042,-1,]
10-24 14:11:39.153   889   889 I chatty  : uid=1000(system) hwservicemanage identical 2 lines
10-24 14:11:39.154   889   889 I snet_event_log: [121035042,-1,]
10-24 14:11:39.162  1975  2072 I am_proc_start: [0,2586,1037,WebViewLoader-armeabi-v7a,,]
10-24 14:11:39.174  1975  2346 I commit_sys_config_file: [settings-0-0,373]
10-24 14:11:39.182  1975  2057 I commit_sys_config_file: [package-perms-0,271]
10-24 14:11:39.189  1975  2072 I am_proc_start: [0,2595,1037,WebViewLoader-arm64-v8a,,]
10-24 14:11:39.199   889   889 I snet_event_log: [121035042,-1,]
10-24 14:11:39.213   889   889 I chatty  : uid=1000(system) hwservicemanage identical 5 lines
10-24 14:11:39.227   889   889 I snet_event_log: [121035042,-1,]
10-24 14:11:39.227  1975  2024 I am_proc_bound: [0,2595,WebViewLoader-arm64-v8a]
10-24 14:11:39.227   889   889 I snet_event_log: [121035042,-1,]
10-24 14:11:39.228  1975  2024 I am_uid_active: 1037
10-24 14:11:39.230  1975  2024 I am_proc_bound: [0,2586,WebViewLoader-armeabi-v7a]
10-24 14:11:39.283   889   889 I snet_event_log: [121035042,-1,]
10-24 14:11:39.571   889   889 I chatty  : uid=1000(system) hwservicemanage identical 28 lines
10-24 14:11:39.572   889   889 I snet_event_log: [121035042,-1,]
10-24 14:11:39.777  1975  2638 I am_proc_died: [0,2595,WebViewLoader-arm64-v8a,-700,0]
10-24 14:11:39.779  1975  2638 I am_mem_factor: [3,0]
10-24 14:11:39.780  1975  2638 I am_low_memory: 4
10-24 14:11:39.795  1975  2638 I am_proc_died: [0,2586,WebViewLoader-armeabi-v7a,-700,0]
10-24 14:11:39.795  1975  2638 I am_uid_stopped: 1037
10-24 14:11:39.797  1975  2638 I am_low_memory: 3
10-24 14:11:39.813   889   889 I snet_event_log: [121035042,-1,]
10-24 14:11:39.913   889   889 I chatty  : uid=1000(system) hwservicemanage identical 11 lines
10-24 14:11:39.914   889   889 I snet_event_log: [121035042,-1,]
10-24 14:11:39.932  1975  2429 I netstats_mobile_sample: [0,0,0,0,0,0,0,0,0,0,0,0,1571897499932]
10-24 14:11:39.932  1975  2429 I netstats_wifi_sample: [0,0,0,0,0,0,0,0,0,0,0,0,1571897499932]
10-24 14:11:39.953   889   889 I snet_event_log: [121035042,-1,]
10-24 14:11:40.046   889   889 I chatty  : uid=1000(system) hwservicemanage identical 8 lines
10-24 14:11:40.054   889   889 I snet_event_log: [121035042,-1,]
10-24 14:11:40.057  1975  1975 I am_uid_running: 1001
10-24 14:11:40.059  1975  1975 I am_uid_running: 10051
10-24 14:11:40.059   889   889 I snet_event_log: [121035042,-1,]
10-24 14:11:40.060  1975  1975 I am_uid_running: 1007
10-24 14:11:40.060   889   889 I snet_event_log: [121035042,-1,]
10-24 14:11:40.073   889   889 I chatty  : uid=1000(system) hwservicemanage identical 1 line
10-24 14:11:40.074   889   889 I snet_event_log: [121035042,-1,]
10-24 14:11:40.089  1975  1975 I wm_task_created: [1,0]
10-24 14:11:40.092  1975  1975 I wm_task_moved: [1,0,2147483647]
10-24 14:11:40.092  1975  1975 I am_create_task: [0,1]
10-24 14:11:40.092  1975  1975 I am_create_activity: [0,232696352,1,com.android.settings/.FallbackHome,android.intent.action.MAIN,NULL,NULL,276824320]
10-24 14:11:40.093  1975  1975 I wm_task_moved: [1,0,2147483647]
10-24 14:11:40.127   889   889 I snet_event_log: [121035042,-1,]
10-24 14:11:40.149   889   889 I chatty  : uid=1000(system) hwservicemanage identical 6 lines
10-24 14:11:40.149   889   889 I snet_event_log: [121035042,-1,]
10-24 14:11:40.167  1975  2072 I dvm_lock_sample: [system_server,1,ActivityManager:procStart,109,ActivityManagerService.java,4742,void com.android.server.am.ActivityManagerService.lambda$startProcessLocked$0(com.android.server.am.ActivityManagerService, com.android.server.am.ProcessRecord, long, java.lang.String, java.lang.String, int[], int, int, java.lang.String, java.lang.String),-,15871,void com.android.server.am.ActivityManagerService.systemReady(java.lang.Runnable, android.util.TimingsTraceLog),21]
10-24 14:11:40.167  1975  1975 I sysui_histogram: [boot_system_server_ready,26090]
10-24 14:11:40.167  1975  1975 I sysui_multi_action: [757,804,799,boot_system_server_ready,801,26090,802,1]
10-24 14:11:40.214  1975  2072 I am_proc_start: [0,2698,1000,.dataservices,added application,.dataservices]
10-24 14:11:40.250  1975  2346 I commit_sys_config_file: [settings-0-0,136]
10-24 14:11:40.258  1975  2072 I am_proc_start: [0,2713,1001,com.qualcomm.qti.telephonyservice,added application,com.qualcomm.qti.telephonyservice]
10-24 14:11:40.268   889   889 I snet_event_log: [121035042,-1,]
10-24 14:11:40.270   889   889 I snet_event_log: [121035042,-1,]
10-24 14:11:40.273  2551  2718 I sysui_action: [213,2]
10-24 14:11:40.275  2551  2718 I sysui_multi_action: [757,213,758,4,759,2]
10-24 14:11:40.278   889   889 I snet_event_log: [121035042,-1,]
10-24 14:11:40.279   889   889 I snet_event_log: [121035042,-1,]
10-24 14:11:40.283  1975  2325 I am_proc_bound: [0,2698,.dataservices]
10-24 14:11:40.290   889   889 I snet_event_log: [121035042,-1,]
10-24 14:11:40.291   889   889 I snet_event_log: [121035042,-1,]
10-24 14:11:40.295  1975  2072 I am_proc_start: [0,2728,10051,com.dolby.daxservice,added application,com.dolby.daxservice]
10-24 14:11:40.311   889   889 I snet_event_log: [121035042,-1,]
10-24 14:11:40.312   889   889 I snet_event_log: [121035042,-1,]
10-24 14:11:40.342  1975  2072 I am_proc_start: [0,2749,1007,com.motorola.android.nativedropboxagent,added application,com.motorola.android.nativedropboxagent]
10-24 14:11:40.361  1975  2325 I am_proc_bound: [0,2713,com.qualcomm.qti.telephonyservice]
10-24 14:11:40.364  1975  2325 I am_uid_active: 1001
10-24 14:11:40.378  1975  2325 I am_proc_bound: [0,2728,com.dolby.daxservice]
10-24 14:11:40.383  1975  2325 I am_uid_active: 10051
10-24 14:11:40.388  1975  2072 I am_proc_start: [0,2763,1001,com.android.phone,added application,com.android.phone]
10-24 14:11:40.416  1975  2624 I am_proc_bound: [0,2749,com.motorola.android.nativedropboxagent]
10-24 14:11:40.419  1975  2624 I am_uid_active: 1007
10-24 14:11:40.426  1975  2072 I am_proc_start: [0,2788,1000,com.android.settings,activity,com.android.settings/.FallbackHome]
10-24 14:11:40.451  1975  2624 I am_proc_bound: [0,2763,com.android.phone]
10-24 14:11:40.470  1975  1975 I notification_cancel_all: [1000,1975,com.android.systemui,0,0,0,17,NULL]
10-24 14:11:40.508   889   889 I snet_event_log: [121035042,-1,]
10-24 14:11:40.535   889   889 I chatty  : uid=1000(system) hwservicemanage identical 4 lines
10-24 14:11:40.535   889   889 I snet_event_log: [121035042,-1,]
10-24 14:11:40.551  1975  2464 I am_proc_bound: [0,2788,com.android.settings]
10-24 14:11:40.563  1975  2464 I am_restart_activity: [0,232696352,1,com.android.settings/.FallbackHome]
10-24 14:11:40.566  1975  2464 I am_set_resumed_activity: [0,com.android.settings/.FallbackHome,minimalResumeActivityLocked]
10-24 14:11:40.569  1975  2464 I am_pause_activity: [0,232696352,com.android.settings/.FallbackHome,userLeaving=false]
10-24 14:11:40.570  1975  2638 I dvm_lock_sample: [system_server,1,Binder:1975_6,18,ActivityManagerService.java,12451,java.lang.String com.android.server.am.ActivityManagerService.checkContentProviderAccess(java.lang.String, int),-,8408,void com.android.server.am.ActivityManagerService.attachApplication(android.app.IApplicationThread, long),3]
10-24 14:11:40.599  1975  1975 I am_uid_running: 10081
10-24 14:11:40.601  1975  1975 I am_uid_running: 10077
10-24 14:11:40.606  1975  1975 I am_uid_running: 10084
10-24 14:11:40.629  1975  2072 I am_proc_start: [0,2831,10081,com.google.android.apps.wellbeing,service,com.google.android.apps.wellbeing/.dnd.impl.DndConditionProviderService]
10-24 14:11:40.662  1975  1975 I commit_sys_config_file: [notification-policy,5]
10-24 14:11:40.666  1975  2072 I am_proc_start: [0,2842,10077,com.motorola.motodisplay,service,com.motorola.motodisplay/.notification.DisplayNotifListenerService]
10-24 14:11:40.697  1975  2072 I am_proc_start: [0,2857,10084,com.google.android.ext.services,service,com.google.android.ext.services/android.ext.services.notification.Assistant]
10-24 14:11:40.712  1975  2325 I am_proc_bound: [0,2831,com.google.android.apps.wellbeing]
10-24 14:11:40.717  1975  2325 I am_uid_active: 10081
10-24 14:11:40.771  1975  2023 I am_proc_bound: [0,2857,com.google.android.ext.services]
10-24 14:11:40.773  1975  2023 I am_uid_active: 10084
10-24 14:11:40.803   889   889 I snet_event_log: [121035042,-1,]
10-24 14:11:40.805   889   889 I snet_event_log: [121035042,-1,]
10-24 14:11:40.808  1975  2023 I am_proc_bound: [0,2842,com.motorola.motodisplay]
10-24 14:11:40.810  1975  2023 I am_uid_active: 10077
10-24 14:11:40.821   889   889 I snet_event_log: [121035042,-1,]
10-24 14:11:40.839   889   889 I chatty  : uid=1000(system) hwservicemanage identical 10 lines
10-24 14:11:40.840   889   889 I snet_event_log: [121035042,-1,]
10-24 14:11:40.850  2551  2551 I sysui_multi_action: [757,1093,758,4,1094,0,1095,0,1359,0]
10-24 14:11:40.867   889   889 I snet_event_log: [121035042,-1,]
10-24 14:11:40.937   889   889 I chatty  : uid=1000(system) hwservicemanage identical 2 lines
10-24 14:11:40.938   889   889 I snet_event_log: [121035042,-1,]
10-24 14:11:41.075  1975  2069 I am_stop_activity: [0,232696352,com.android.settings/.FallbackHome]
10-24 14:11:41.076  1975  2069 I sysui_count: [window_time_0,8]
10-24 14:11:41.076  1975  2069 I sysui_multi_action: [757,803,799,window_time_0,802,8]
10-24 14:11:41.222  1975  1975 I commit_sys_config_file: [notification-policy,78]
10-24 14:11:41.218  2788  2788 I am_on_create_called: [0,com.android.settings.FallbackHome,performCreate]
10-24 14:11:41.237  2788  2788 I am_on_start_called: [0,com.android.settings.FallbackHome,handleStartActivity]
10-24 14:11:41.238  2788  2788 I am_on_resume_called: [0,com.android.settings.FallbackHome,RESUME_ACTIVITY]
10-24 14:11:41.276  2788  2788 I am_on_paused_called: [0,com.android.settings.FallbackHome,performPause]
10-24 14:11:41.276  1975  2828 I am_failed_to_pause: [0,232696352,com.android.settings/.FallbackHome,(none)]
10-24 14:11:41.279  2788  2788 I am_on_stop_called: [0,com.android.settings.FallbackHome,STOP_ACTIVITY_ITEM]
10-24 14:11:41.296  1975  2069 I boot_progress_enable_screen: 27219
10-24 14:11:41.297  1975  2069 I screen_toggled: 1
10-24 14:11:41.338   889   889 I snet_event_log: [121035042,-1,]
10-24 14:11:41.339   889   889 I snet_event_log: [121035042,-1,]
10-24 14:11:41.465  1975  2072 I am_proc_start: [0,2946,1001,com.qualcomm.qcrilmsgtunnel,service,com.qualcomm.qcrilmsgtunnel/.QcrilMsgTunnelService]
10-24 14:11:41.482  1975  1975 I commit_sys_config_file: [notification-policy,36]
10-24 14:11:41.515  1975  2023 I am_proc_bound: [0,2946,com.qualcomm.qcrilmsgtunnel]
10-24 14:11:41.524  1975  1975 I commit_sys_config_file: [notification-policy,42]
10-24 14:11:41.574   889   889 I snet_event_log: [121035042,-1,]
10-24 14:11:41.630   889   889 I chatty  : uid=1000(system) hwservicemanage identical 5 lines
10-24 14:11:41.632   889   889 I snet_event_log: [121035042,-1,]
10-24 14:11:41.631  2763  2763 I service_manager_stats: [100,57,27555]
10-24 14:11:41.637   889   889 I snet_event_log: [121035042,-1,]
10-24 14:11:41.640   889   889 I chatty  : uid=1000(system) hwservicemanage identical 3 lines
10-24 14:11:41.642   889   889 I snet_event_log: [121035042,-1,]
10-24 14:11:41.979  1975  2346 I commit_sys_config_file: [settings-1-0,45]
10-24 14:11:42.033   889   889 I snet_event_log: [121035042,-1,]
10-24 14:11:42.037   889   889 I chatty  : uid=1000(system) hwservicemanage identical 2 lines
10-24 14:11:42.038   889   889 I snet_event_log: [121035042,-1,]
10-24 14:11:42.147  2551  2655 I sysui_multi_action: [757,1093,758,4,1094,-1073741822,1095,3,1359,1297]
10-24 14:11:42.216   889   889 I snet_event_log: [121035042,-1,]
10-24 14:11:42.234   889   889 I chatty  : uid=1000(system) hwservicemanage identical 8 lines
10-24 14:11:42.235   889   889 I snet_event_log: [121035042,-1,]
10-24 14:11:42.235  2551  2551 I sysui_view_visibility: [111,100]
10-24 14:11:42.235  2551  2551 I sysui_multi_action: [757,111,758,1]
10-24 14:11:42.236  2551  2551 I sysui_multi_action: [757,126,758,1,759,126,833,0,927,0,928,1]
10-24 14:11:42.236  2551  2551 I sysui_multi_action: [757,113,758,1,759,113,833,0,927,1,928,0]
10-24 14:11:42.236  2551  2551 I sysui_multi_action: [757,118,758,1,759,118,833,0,927,2,928,0]
10-24 14:11:42.236  2551  2551 I sysui_multi_action: [757,119,758,1,759,119,833,0,927,3,928,0]
10-24 14:11:42.236  2551  2551 I sysui_multi_action: [757,268,758,1,759,268,806,com.motorola.dolby.dolbyui,833,0,871,com.motorola.dolby.dolbyui.AudioEffectTileService,927,4]
10-24 14:11:42.236  2551  2551 I sysui_multi_action: [757,123,758,1,759,123,833,0,927,5,928,0]
10-24 14:11:42.258  1975  2983 I sysui_view_visibility: [127,100]
10-24 14:11:42.258  1975  2983 I sysui_multi_action: [757,127,758,1]
10-24 14:11:42.259  1975  2983 I sysui_histogram: [note_load,0]
10-24 14:11:42.259  1975  2983 I sysui_multi_action: [757,804,799,note_load,801,0,802,1]
10-24 14:11:42.259  1975  2983 I notification_panel_revealed: 0
10-24 14:11:42.259  2551  2551 I sysui_multi_action: [757,196,758,1,759,0]
10-24 14:11:42.259  2551  2551 I sysui_status_bar_state: [1,1,0,0,0,1]
10-24 14:11:42.305  1975  2094 I user_activity_timeout_override: 10000
10-24 14:11:42.350  1975  2069 I am_uid_running: 10037
10-24 14:11:42.362  1975  2057 I service_manager_slow: [12,isub]
10-24 14:11:42.380  1975  2072 I am_proc_start: [0,2993,10037,com.android.cellbroadcastreceiver,broadcast,com.android.cellbroadcastreceiver/.CellBroadcastAreaInfoReceiver]
10-24 14:11:42.381  2763  2763 I cdma_service_state_change: [1,1,3,3]
10-24 14:11:42.443  2763  2763 I cdma_service_state_change: [1,1,3,3]
10-24 14:11:42.452  1975  2024 I am_proc_bound: [0,2993,com.android.cellbroadcastreceiver]
10-24 14:11:42.545  1975  1975 I commit_sys_config_file: [notification-policy,12]
10-24 14:11:42.575  1975  1975 I commit_sys_config_file: [notification-policy,16]
10-24 14:11:42.687  1975  2638 I am_wtf  : [0,1975,system_server,-1,ActivityManager,Sending non-protected broadcast org.codeaurora.intent.action.ACTION_RADIO_CAPABILITY_UPDATED from system 2763:com.android.phone/1001 pkg com.android.phone]
10-24 14:11:42.751  1269  2116 I dc_mmlog: e=stop,c=video/mp4,fs=970414,pt=4,am=audio/mp4a-latm,ac=2,as=48000,ab=0,ad=4053333,vm=video/avc,vw=1080,vh=2280,vb=0,vd=4000000
10-24 14:11:42.780  1975  2346 I commit_sys_config_file: [settings-0-0,57]
10-24 14:11:42.824   889   889 I snet_event_log: [121035042,-1,]
10-24 14:11:42.825   889   889 I snet_event_log: [121035042,-1,]
10-24 14:11:42.944  1975  2638 I am_uid_running: 10033
10-24 14:11:42.946  1975  2638 I am_wtf  : [0,1975,system_server,-1,ActivityManager,Sending non-protected broadcast org.codeaurora.intent.action.ACTION_RADIO_CAPABILITY_UPDATED from system 2763:com.android.phone/1001 pkg com.android.phone]
10-24 14:11:42.981  1975  2638 I am_wtf  : [0,1975,system_server,-1,ActivityManager,Sending non-protected broadcast org.codeaurora.intent.action.ACTION_RADIO_CAPABILITY_UPDATED from system 2763:com.android.phone/1001 pkg com.android.phone]
10-24 14:11:42.986  1975  2072 I am_proc_start: [0,3034,10033,com.google.android.gms.persistent,broadcast,com.google.android.gms/.chimera.GmsIntentOperationService$PersistentTrustedReceiver]
10-24 14:11:42.994  1975  2024 I am_wtf  : [0,1975,system_server,-1,ActivityManager,Sending non-protected broadcast com.verizon.net.IMS_REGISTRATION from system 2763:com.android.phone/1001 pkg com.android.phone]
10-24 14:11:43.031  1975  2024 I am_proc_bound: [0,3034,com.google.android.gms.persistent]
10-24 14:11:43.032  1080  1160 I sf_stop_bootanim: 28955
10-24 14:11:43.034  1975  2094 I wm_boot_animation_done: 28957
10-24 14:11:43.115  1975  2094 I am_user_state_changed: [0,1]
10-24 14:11:43.115  1975  2094 I sysui_histogram: [framework_locked_boot_completed,29]
10-24 14:11:43.115  1975  2094 I sysui_multi_action: [757,804,799,framework_locked_boot_completed,801,29,802,1]
10-24 14:11:43.130  1975  2101 I cpu     : [53,17,25,7,1,1]
10-24 14:11:43.131   889   889 I snet_event_log: [121035042,-1,]
10-24 14:11:43.134   889   889 I chatty  : uid=1000(system) hwservicemanage identical 5 lines
10-24 14:11:43.134   889   889 I snet_event_log: [121035042,-1,]
10-24 14:11:43.260  1975  2346 I commit_sys_config_file: [settings-1-0,5]
10-24 14:11:43.291   454   454 I auditd  : type=1400 audit(0.0:26): avc: denied { read } for comm="init" name="u:object_r:default_prop:s0" dev="tmpfs" ino=15758 scontext=u:r:vendor_init:s0 tcontext=u:object_r:default_prop:s0 tclass=file permissive=0
10-24 14:11:43.291   454   454 I auditd  : type=1400 audit(0.0:27): avc: denied { read } for comm="init" name="u:object_r:default_prop:s0" dev="tmpfs" ino=15758 scontext=u:r:vendor_init:s0 tcontext=u:object_r:default_prop:s0 tclass=file permissive=0
10-24 14:11:43.352  1975  2346 I commit_sys_config_file: [settings-0-0,32]
10-24 14:11:43.369  3056  3056 I sysui_multi_action: [757,1098,758,4,1099,power_key_press]
10-24 14:11:43.371  3056  3056 I sysui_multi_action: [757,804,799,factory_reset_current_time,801,1571897503,802,1]
10-24 14:11:43.371  3056  3056 I sysui_multi_action: [757,804,799,factory_reset_record_value,801,1569317177,802,1]
10-24 14:11:43.372  3056  3056 I sysui_multi_action: [757,804,799,last_boot_time_utc,801,1571897503,802,1]
10-24 14:11:43.372  3056  3056 I sysui_multi_action: [757,804,799,build_date,801,1569304844,802,1]
10-24 14:11:43.372  3056  3056 I sysui_multi_action: [757,804,799,factory_reset_boot_complete_no_encryption,801,73,802,1]
10-24 14:11:43.372  3056  3056 I sysui_multi_action: [757,804,799,factory_reset_boot_complete,801,73,802,1]
10-24 14:11:43.372  3056  3056 I sysui_multi_action: [757,804,799,ro.boottime.init,801,2010,802,1]
10-24 14:11:43.372  3056  3056 I sysui_multi_action: [757,804,799,ro.boottime.init.selinux,801,239,802,1]
10-24 14:11:43.372  3056  3056 I sysui_multi_action: [757,804,799,ro.boottime.init.cold_boot_wait,801,0,802,1]
10-24 14:11:43.372  3056  3056 I sysui_multi_action: [757,804,799,boottime.bootloader.total,801,0,802,1]
10-24 14:11:43.372  3056  3056 I sysui_multi_action: [757,804,799,absolute_boot_time,801,29,802,1]
10-24 14:11:43.372  3056  3056 I sysui_multi_action: [757,804,799,boot_reason,801,112,802,1]
10-24 14:11:43.372  3056  3056 I sysui_multi_action: [757,804,799,system_boot_reason,801,46,802,1]
10-24 14:11:43.372  3056  3056 I sysui_multi_action: [757,804,799,factory_reset_current_time,801,1571897503,802,1]
10-24 14:11:43.372  3056  3056 I sysui_multi_action: [757,804,799,factory_reset,801,1569317177,802,1]
10-24 14:11:43.372  3056  3056 I sysui_multi_action: [757,804,799,time_since_last_boot,801,2580326,802,1]
10-24 14:11:43.372  3056  3056 I sysui_multi_action: [757,804,799,boot_complete_no_encryption,801,29,802,1]
10-24 14:11:43.372  3056  3056 I sysui_multi_action: [757,804,799,boot_complete,801,29,802,1]
10-24 14:11:43.372  3056  3056 I sysui_multi_action: [757,804,799,factory_reset_record_value,801,1569317177,802,1]
10-24 14:11:43.372  3056  3056 I sysui_multi_action: [757,804,799,time_since_factory_reset,801,2580326,802,1]
10-24 14:11:43.930  1975  2091 I am_user_state_changed: [0,2]
10-24 14:11:43.947   889   889 I snet_event_log: [121035042,-1,]
10-24 14:11:43.949   889   889 I snet_event_log: [121035042,-1,]
10-24 14:11:43.971  1975  1975 I service_manager_stats: [327,261,5468]
10-24 14:11:43.980  1975  1975 I am_uid_running: 10151
10-24 14:11:44.015  1975  2072 I am_proc_start: [0,3117,10151,com.google.android.apps.tachyon,service,com.google.android.apps.tachyon/.jobs.NativeJobSchedulerJobService]
10-24 14:11:44.031  1975  2069 I am_uid_running: 10083
10-24 14:11:44.037  1975  2072 I am_proc_start: [0,3123,10033,com.google.process.gservices,content provider,com.google.android.gsf/.gservices.GservicesProvider]
10-24 14:11:44.062  1975  2072 I am_proc_start: [0,3139,10083,com.google.android.googlequicksearchbox:interactor,service,com.google.android.googlequicksearchbox/com.google.android.voiceinteraction.GsaVoiceInteractionService]
10-24 14:11:44.068  1975  2638 I am_proc_bound: [0,3117,com.google.android.apps.tachyon]
10-24 14:11:44.069  1975  2069 I am_user_state_changed: [0,3]
10-24 14:11:44.071  1975  2069 I am_uid_running: 1068
10-24 14:11:44.098  1975  2069 I sysui_histogram: [framework_boot_completed,30]
10-24 14:11:44.099  1975  2069 I sysui_multi_action: [757,804,799,framework_boot_completed,801,30,802,1]
10-24 14:11:44.120  1975  2023 I am_proc_bound: [0,3123,com.google.process.gservices]
10-24 14:11:44.132  1975  2072 I am_proc_start: [0,3171,1068,com.android.se,added application,com.android.se]
10-24 14:11:44.134  1975  2624 I am_proc_bound: [0,3139,com.google.android.googlequicksearchbox:interactor]
10-24 14:11:44.137  1975  2624 I am_uid_active: 10083
10-24 14:11:44.146  1975  1975 I am_uid_running: 10025
10-24 14:11:44.144  2698  2814 I service_manager_slow: [12,isub]
10-24 14:11:44.147  1975  2828 I am_uid_running: 10097
10-24 14:11:44.154  1975  2983 I am_finish_activity: [0,232696352,1,com.android.settings/.FallbackHome,app-request]
10-24 14:11:44.157  1975  2983 I wm_task_moved: [1,0,2147483647]
10-24 14:11:44.158  1975  2983 I am_destroy_activity: [0,232696352,1,com.android.settings/.FallbackHome,finish-imm:finishActivityLocked]
10-24 14:11:44.179  1975  2069 I sysui_count: [window_time_0,4]
10-24 14:11:44.179  1975  2069 I sysui_multi_action: [757,803,799,window_time_0,802,4]
10-24 14:11:44.181  2788  2788 I am_on_destroy_called: [0,com.android.settings.FallbackHome,performDestroy]
10-24 14:11:44.183  1975  2072 I am_proc_start: [0,3188,1000,com.motorola.process.system,added application,com.motorola.process.system]
10-24 14:11:44.195  1975  2072 I dvm_lock_sample: [system_server,1,ActivityManager:procStart,12,ActivityManagerService.java,4742,void com.android.server.am.ActivityManagerService.lambda$startProcessLocked$0(com.android.server.am.ActivityManagerService, com.android.server.am.ProcessRecord, long, java.lang.String, java.lang.String, int[], int, int, java.lang.String, java.lang.String),-,21676,void com.android.server.am.ActivityManagerService.unregisterReceiver(android.content.IIntentReceiver),2]
10-24 14:11:44.197  1975  2023 I wm_task_removed: [1,removeAppToken: last token]
10-24 14:11:44.198  1975  2023 I am_remove_task: [1,0]
10-24 14:11:44.198  1975  2023 I wm_task_removed: [1,removeTask]
10-24 14:11:44.223  1975  2023 I wm_task_created: [2,0]
10-24 14:11:44.225  1975  2023 I wm_task_moved: [2,0,2147483647]
10-24 14:11:44.226  1975  2023 I am_create_task: [0,2]
10-24 14:11:44.226  1975  2023 I am_create_activity: [0,114760666,2,com.motorola.launcher3/com.android.launcher3.CustomizationPanelLauncher,android.intent.action.MAIN,NULL,NULL,268435712]
10-24 14:11:44.229  1975  2023 I wm_task_moved: [2,0,2147483647]
10-24 14:11:44.241  1975  3185 I dvm_lock_sample: [system_server,1,Binder:1975_C,42,ActivityManagerService.java,12451,java.lang.String com.android.server.am.ActivityManagerService.checkContentProviderAccess(java.lang.String, int),-,8682,void com.android.server.am.ActivityManagerService.activityDestroyed(android.os.IBinder),8]
10-24 14:11:44.245  1975  2983 I am_proc_bound: [0,3171,com.android.se]
10-24 14:11:44.248  1975  2983 I am_uid_active: 1068
10-24 14:11:44.249  1975  2072 I am_proc_start: [0,3211,10025,com.motorola.launcher3,service,com.motorola.launcher3/com.android.launcher3.notification.NotificationListener]
10-24 14:11:44.250  1975  3182 I am_uid_running: 10050
10-24 14:11:44.251  1975  2023 I am_proc_bound: [0,3188,com.motorola.process.system]
10-24 14:11:44.262  1975  3185 I am_uid_running: 10009
10-24 14:11:44.293  1975  2072 I am_proc_start: [0,3229,10097,com.motorola.dolby.dolbyui,service,com.motorola.dolby.dolbyui/.AudioEffectTileService]
10-24 14:11:44.308  1975  2057 I am_uid_running: 10101
10-24 14:11:44.311  1975  3185 I am_proc_bound: [0,3211,com.motorola.launcher3]
10-24 14:11:44.325  1975  3185 I am_restart_activity: [0,114760666,2,com.motorola.launcher3/com.android.launcher3.CustomizationPanelLauncher]
10-24 14:11:44.328  1975  3185 I am_set_resumed_activity: [0,com.motorola.launcher3/com.android.launcher3.CustomizationPanelLauncher,minimalResumeActivityLocked]
10-24 14:11:44.330  1975  3185 I am_pause_activity: [0,114760666,com.motorola.launcher3/com.android.launcher3.CustomizationPanelLauncher,userLeaving=false]
10-24 14:11:44.339  1975  3185 I am_uid_active: 10025
10-24 14:11:44.344  1975  2072 I am_proc_start: [0,3238,10050,com.motorola.ccc,service,com.motorola.ccc.ota/.env.SystemUpdateQSTile]
10-24 14:11:44.351  1975  1975 I commit_sys_config_file: [notification-policy,8]
10-24 14:11:44.379  1975  2072 I am_proc_start: [0,3267,10009,com.motorola.help,service,com.motorola.help/com.motorola.feedback.quicksettings.FeedBackTileService]
10-24 14:11:44.400  1975  2828 I am_proc_bound: [0,3238,com.motorola.ccc]
10-24 14:11:44.404  1975  2828 I am_uid_active: 10050
10-24 14:11:44.406  1975  3185 I am_proc_bound: [0,3229,com.motorola.dolby.dolbyui]
10-24 14:11:44.409  1975  3185 I am_uid_active: 10097
10-24 14:11:44.412  1975  2072 I am_proc_start: [0,3277,10101,com.android.printspooler,service,com.android.printspooler/.model.PrintSpoolerService]
10-24 14:11:44.453  1975  2828 I am_proc_bound: [0,3277,com.android.printspooler]
10-24 14:11:44.456  1975  2828 I am_uid_active: 10101
10-24 14:11:44.497  1975  2828 I am_proc_bound: [0,3267,com.motorola.help]
10-24 14:11:44.499  1975  2828 I am_uid_active: 10009
10-24 14:11:44.567  1975  2072 I am_proc_start: [0,3318,10033,com.google.android.gms,service,com.google.android.gms/.chimera.GmsBoundBrokerService]
10-24 14:11:44.589  1975  3181 I am_uid_running: 10048
10-24 14:11:44.612   889   889 I snet_event_log: [121035042,-1,]
10-24 14:11:44.614   889   889 I snet_event_log: [121035042,-1,]
10-24 14:11:44.621  1975  2072 I am_proc_start: [0,3343,10048,com.android.vending,content provider,com.android.vending/com.google.android.finsky.addtohomescreen.AddToHomeScreenSettingProvider]
10-24 14:11:44.631  1975  3185 I am_proc_bound: [0,3318,com.google.android.gms]
10-24 14:11:44.637  1975  1975 I commit_sys_config_file: [notification-policy,47]
10-24 14:11:44.692  1975  2828 I am_proc_bound: [0,3343,com.android.vending]
10-24 14:11:44.695  1975  2828 I am_uid_active: 10048
10-24 14:11:44.719  1975  1975 I commit_sys_config_file: [notification-policy,81]
10-24 14:11:44.768  1975  2072 I am_proc_start: [0,3386,1000,com.android.keychain,service,com.android.keychain/.KeyChainService]
10-24 14:11:44.774  1975  2983 I am_uid_active: 10033
10-24 14:11:44.783  1975  1975 I commit_sys_config_file: [notification-policy,61]
10-24 14:11:44.827  1975  2023 I am_proc_bound: [0,3386,com.android.keychain]
10-24 14:11:44.838  1975  2069 I am_stop_activity: [0,114760666,com.motorola.launcher3/com.android.launcher3.CustomizationPanelLauncher]
10-24 14:11:44.839  1975  2069 I sysui_count: [window_time_0,0]
10-24 14:11:44.839  1975  2069 I sysui_multi_action: [757,803,799,window_time_0,802,0]
10-24 14:11:44.861   889   889 I snet_event_log: [121035042,-1,]
10-24 14:11:44.863  1975  2092 I commit_sys_config_file: [jobs,17]
10-24 14:11:44.863   889   889 I snet_event_log: [121035042,-1,]
10-24 14:11:44.873  1975  2092 I commit_sys_config_file: [jobs,8]
10-24 14:11:44.876   889   889 I snet_event_log: [121035042,-1,]
10-24 14:11:44.878   889   889 I snet_event_log: [121035042,-1,]
10-24 14:11:45.014  3211  3211 I am_on_create_called: [0,com.android.launcher3.CustomizationPanelLauncher,performCreate]
10-24 14:11:45.015  1975  1975 I auditd  : type=1400 audit(0.0:28): avc: denied { execute } for comm="system_server" path="/data/dalvik-cache/arm64/system@priv-app@com.qualcomm.location@com.qualcomm.location.apk@classes.dex" dev="mmcblk0p80" ino=6353 scontext=u:r:system_server:s0 tcontext=u:object_r:dalvikcache_data_file:s0 tclass=file permissive=0
10-24 14:11:45.015  1975  1975 I auditd  : type=1400 audit(0.0:29): avc: denied { execute } for comm="system_server" path="/data/dalvik-cache/arm64/system@priv-app@com.qualcomm.location@com.qualcomm.location.apk@classes.dex" dev="mmcblk0p80" ino=6353 scontext=u:r:system_server:s0 tcontext=u:object_r:dalvikcache_data_file:s0 tclass=file permissive=0
10-24 14:11:45.021  1975  1975 I auditd  : type=1400 audit(0.0:30): avc: denied { write } for comm="system_server" name="system@priv-app@com.qualcomm.location@com.qualcomm.location.apk@classes.vdex" dev="mmcblk0p80" ino=6352 scontext=u:r:system_server:s0 tcontext=u:object_r:dalvikcache_data_file:s0 tclass=file permissive=0
10-24 14:11:45.029  3211  3211 I am_on_start_called: [0,com.android.launcher3.CustomizationPanelLauncher,handleStartActivity]
10-24 14:11:45.034  1975  2464 I am_uid_running: 10133
10-24 14:11:45.035  1975  2464 I am_uid_active: 10133
10-24 14:11:45.042  3211  3211 I am_on_resume_called: [0,com.android.launcher3.CustomizationPanelLauncher,RESUME_ACTIVITY]
10-24 14:11:45.058  1975  2072 I am_proc_start: [0,3441,10083,com.google.android.googlequicksearchbox:search,service,com.google.android.googlequicksearchbox/com.google.android.hotword.service.HotwordService]
10-24 14:11:45.087  1975  2072 I am_proc_start: [0,3451,10133,com.motorola.timeweatherwidget,service,com.motorola.timeweatherwidget/com.motorola.commandcenter.weather.WakeUpService]
10-24 14:11:45.106  3211  3211 I am_on_paused_called: [0,com.android.launcher3.CustomizationPanelLauncher,performPause]
10-24 14:11:45.107  1975  2325 I am_failed_to_pause: [0,114760666,com.motorola.launcher3/com.android.launcher3.CustomizationPanelLauncher,(none)]
10-24 14:11:45.151  3211  3211 I am_on_stop_called: [0,com.android.launcher3.CustomizationPanelLauncher,STOP_ACTIVITY_ITEM]
10-24 14:11:45.151  1975  2023 I am_proc_bound: [0,3441,com.google.android.googlequicksearchbox:search]
10-24 14:11:45.229  1975  3181 I am_proc_bound: [0,3451,com.motorola.timeweatherwidget]
10-24 14:11:45.244   889   889 I snet_event_log: [121035042,-1,]
10-24 14:11:45.510   889   889 I chatty  : uid=1000(system) hwservicemanage identical 16 lines
10-24 14:11:45.513   889   889 I snet_event_log: [121035042,-1,]
10-24 14:11:45.594  1975  2464 I am_uid_running: 10043
10-24 14:11:45.618  1975  2072 I am_proc_start: [0,3541,10043,com.google.android.partnersetup,content provider,com.google.android.partnersetup/.RlzAppProvider]
10-24 14:11:45.674  1975  1975 I commit_sys_config_file: [notification-policy,10]
10-24 14:11:45.678  1975  1975 I notification_enqueue: [10133,3451,com.motorola.timeweatherwidget,1,NULL,0,Notification(channel=Wakeup pri=0 contentView=null vibrate=null sound=null defaults=0x0 flags=0x40 color=0xff607d8b vis=PRIVATE),0]
10-24 14:11:45.686  1975  1975 I sysui_multi_action: [757,128,758,5,759,8,793,10,794,0,795,10,796,1,806,com.motorola.timeweatherwidget,857,Wakeup,858,2,947,0]
10-24 14:11:45.686  1975  1975 I notification_canceled: [0|com.motorola.timeweatherwidget|1|null|10133,8,10,10,0,-1,-1,NULL]
10-24 14:11:45.699  1975  2983 I am_proc_bound: [0,3541,com.google.android.partnersetup]
10-24 14:11:45.720  1975  2023 I am_uid_running: 10090
10-24 14:11:45.747  1975  2072 I am_proc_start: [0,3566,10090,com.android.providers.calendar,content provider,com.android.providers.calendar/.CalendarProvider2]
10-24 14:11:45.818  1975  2983 I am_proc_bound: [0,3566,com.android.providers.calendar]
10-24 14:11:45.821  1975  2983 I am_uid_active: 10090
10-24 14:11:46.075  1975  2638 I dvm_lock_sample: [system_server,1,Binder:1975_6,7,PackageManagerService.java,5526,int com.android.server.pm.PackageManagerService.checkUidPermission(java.lang.String, int),-,8129,android.content.pm.ParceledListSlice com.android.server.pm.PackageManagerService.getInstalledPackages(int, int),1]
10-24 14:11:46.164  1975  2464 I am_mem_factor: [2,3]
