10-24 15:30:54.918  1975  2072 I am_proc_start: [0,9951,10043,com.google.android.partnersetup,service,com.google.android.partnersetup/.InstalledAppJobService]
10-24 15:30:54.944  1975  4997 I am_proc_bound: [0,9940,com.google.android.ims]
10-24 15:30:54.951  1975  2072 I am_proc_start: [0,9967,10027,com.google.android.apps.turbo:aab,service,com.google.android.apps.turbo/com.google.android.libraries.smartbattery.appusage.library.InferAppBucketsJob]
10-24 15:30:54.973  9863  9918 I dvm_lock_sample: [com.android.vending,0,FinskyApp,253,SourceFile,2,ddd dcp.a(android.accounts.Account),Binder.java,-2,boolean android.os.BinderProxy.transactNative(int, android.os.Parcel, android.os.Parcel, int),50]
10-24 15:30:54.982  1975  2983 I am_proc_bound: [0,9951,com.google.android.partnersetup]
10-24 15:30:54.989  1975  4971 I am_proc_bound: [0,9967,com.google.android.apps.turbo:aab]
10-24 15:30:55.119  1975  3182 I am_kill : [0,8645,com.motorola.android.settings.aplogd,906,empty #17]
10-24 15:30:55.170  1975  3182 I am_kill : [0,7412,com.motorola.timeweatherwidget,906,empty #17]
10-24 15:30:55.193  1975  3182 I am_proc_died: [0,8645,com.motorola.android.settings.aplogd,906,18]
10-24 15:30:55.252  1975  2983 I am_proc_died: [0,7412,com.motorola.timeweatherwidget,906,18]
10-24 15:30:55.252  1975  2983 I am_uid_stopped: 10133
10-24 15:30:55.682  3034  3608 I service_manager_stats: [200,173,423474]
10-24 15:30:55.928  1975  2072 I am_proc_start: [0,10066,10033,com.google.process.gapps,content provider,com.google.android.gsf/.settings.GoogleSettingsProvider]
10-24 15:30:55.954  1975  2101 I cpu     : [41,18,20,0,1,0]
10-24 15:30:55.974  1975  4432 I am_proc_bound: [0,10066,com.google.process.gapps]
10-24 15:30:56.689  9863  9900 I google_http_request: [113,-1,Android-Finsky/16.1.23-all%20%5B0%5D%20%5BPR%5D%20262206441 (api=3,versionCode=81612300,sdk=28,device=doha,hardware=qcom,product=doha,platformVersionRelease=9,model=moto%20g%288%29%20plus,buildId=PPI29.65-19,isWideScreen=0,supportedAbis=arm64-v8a;armeabi-v7a;armeabi),0]
10-24 15:30:56.880  1975  2057 I device_idle_light_step: 
10-24 15:30:56.884  1975  2057 I device_idle_light: [4,s:early]
10-24 15:30:56.887  1975  2057 I device_idle_on_start: 
10-24 15:30:56.914  9863  9900 I google_http_request: [2,-1,Android-Finsky/16.1.23-all%20%5B0%5D%20%5BPR%5D%20262206441 (api=3,versionCode=81612300,sdk=28,device=doha,hardware=qcom,product=doha,platformVersionRelease=9,model=moto%20g%288%29%20plus,buildId=PPI29.65-19,isWideScreen=0,supportedAbis=arm64-v8a;armeabi-v7a;armeabi),0]
10-24 15:30:56.920  1975  2057 I device_idle_on_phase: net
10-24 15:30:56.922  1975  2057 I device_idle_on_complete: 
10-24 15:30:56.927  1975  1975 I battery_saving_stats: [0,0,0,5064,0,0,422346,40890,1]
10-24 15:30:56.952  1975  2983 I am_kill : [0,7544,com.motorola.help,906,empty #17]
10-24 15:30:57.009  1975  4997 I am_proc_died: [0,7544,com.motorola.help,906,18]
10-24 15:30:57.010  1975  4997 I am_uid_stopped: 10009
10-24 15:30:57.028  9863  9900 I google_http_request: [2,-1,Android-Finsky/16.1.23-all%20%5B0%5D%20%5BPR%5D%20262206441 (api=3,versionCode=81612300,sdk=28,device=doha,hardware=qcom,product=doha,platformVersionRelease=9,model=moto%20g%288%29%20plus,buildId=PPI29.65-19,isWideScreen=0,supportedAbis=arm64-v8a;armeabi-v7a;armeabi),0]
10-24 15:31:11.524  1975  4432 I am_kill : [0,7720,com.motorola.carriersettingsext,906,empty #17]
10-24 15:31:11.559  1975  3182 I am_proc_died: [0,7720,com.motorola.carriersettingsext,906,18]
10-24 15:31:11.560  1975  3182 I am_uid_stopped: 10021
10-24 15:32:08.628  1975  2069 I cpu     : [-71,-25,-40,1,-4,-2]
10-24 15:35:11.799  9863  9900 I google_http_request: [71,-1,Android-Finsky/16.1.23-all%20%5B0%5D%20%5BPR%5D%20262206441 (api=3,versionCode=81612300,sdk=28,device=doha,hardware=qcom,product=doha,platformVersionRelease=9,model=moto%20g%288%29%20plus,buildId=PPI29.65-19,isWideScreen=0,supportedAbis=arm64-v8a;armeabi-v7a;armeabi),0]
10-24 15:35:11.863  1975  1975 I notification_enqueue: [10048,9863,com.android.vending,951340667,NULL,0,Notification(channel=1.high-priority-notifications pri=2 contentView=null vibrate=null sound=null tick defaults=0x0 flags=0x110 color=0xff01875f category=status vis=PRIVATE),1]
10-24 15:35:11.865  9863  9900 I google_http_request: [2,-1,Android-Finsky/16.1.23-all%20%5B0%5D%20%5BPR%5D%20262206441 (api=3,versionCode=81612300,sdk=28,device=doha,hardware=qcom,product=doha,platformVersionRelease=9,model=moto%20g%288%29%20plus,buildId=PPI29.65-19,isWideScreen=0,supportedAbis=arm64-v8a;armeabi-v7a;armeabi),0]
10-24 15:35:56.356  1975  1975 I sysui_multi_action: [757,199,758,1,759,2,793,5038310,794,4792962,795,44494,796,951340667,806,com.android.vending,857,1.high-priority-notifications,858,3,947,0]
10-24 15:35:56.356  1975  1975 I notification_alert: [0|com.android.vending|951340667|null|10048,0,1,0]
10-24 15:35:56.401   889   889 I snet_event_log: [121035042,-1,]
10-24 15:35:56.404   889   889 I snet_event_log: [121035042,-1,]
10-24 15:35:56.939  2551 10111 I dvm_lock_sample: [com.android.systemui,0,Thread-6,567,NotificationPlayer.java,161,void com.android.systemui.media.NotificationPlayer$CreationAndCompletionThread.run(),-,89,void com.android.systemui.media.NotificationPlayer$CreationAndCompletionThread.run(),150]
10-24 15:35:56.972   889   889 I snet_event_log: [121035042,-1,]
10-24 15:36:11.599   889   889 I chatty  : uid=1000(system) hwservicemanage identical 10 lines
10-24 15:36:11.601   889   889 I snet_event_log: [121035042,-1,]
10-24 15:36:12.592  1975  2057 I am_pss  : [9269,10144,com.google.android.youtube,51627008,43687936,67584,161730560,0,18,31]
10-24 15:36:12.719  1975  2069 I cpu     : [48,13,29,1,2,1]
10-24 15:36:14.189   889   889 I snet_event_log: [121035042,-1,]
10-24 15:36:18.312   889   889 I chatty  : uid=1000(system) hwservicemanage identical 2 lines
10-24 15:36:18.331   889   889 I snet_event_log: [121035042,-1,]
10-24 15:36:18.393  1975  2101 I cpu     : [11,4,6,0,0,0]
10-24 15:36:18.556  1975  2094 I dvm_lock_sample: [system_server,1,android.display,222,WindowManagerService.java,5845,void com.android.server.wm.WindowManagerService.requestTraversal(),WindowSurfacePlacer.java,117,void com.android.server.wm.WindowSurfacePlacer.lambda$new$0(com.android.server.wm.WindowSurfacePlacer),44]
10-24 15:40:11.511  1975  2069 I cpu     : [-17,-2,-11,-1,-1,0]
10-24 15:41:59.940   889   889 I snet_event_log: [121035042,-1,]
10-24 15:41:59.942   889   889 I snet_event_log: [121035042,-1,]
10-24 15:41:59.965  1975  8370 I battery_level: [75,4061,248]
10-24 15:41:59.967   889   889 I snet_event_log: [121035042,-1,]
10-24 15:41:59.969   889   889 I snet_event_log: [121035042,-1,]
10-24 15:41:59.986  1975  2069 I am_kill : [0,8835,com.android.settings.intelligence,906,empty #17]
10-24 15:41:59.986  1975  2069 I am_kill : [0,7359,com.motorola.config.wifi,906,empty #18]
10-24 15:41:59.993  1975  4997 I am_kill : [0,7784,com.google.android.gms.unstable,906,empty #17]
10-24 15:42:00.044  1975  8567 I am_proc_died: [0,7359,com.motorola.config.wifi,906,18]
10-24 15:42:00.045  1975  8567 I am_uid_stopped: 10069
10-24 15:42:00.050  1975  2071 I dvm_lock_sample: [system_server,1,android.ui,5,ActivityManagerService.java,28209,void com.android.server.am.ActivityManagerService.handleMediaProfileProcessDied(int),-,2084,void com.android.server.am.ActivityManagerService$AppDeathRecipient.binderDied(),1]
10-24 15:42:00.057  1975  8567 I am_proc_died: [0,8835,com.android.settings.intelligence,906,18]
10-24 15:42:00.058  1975  8567 I am_uid_stopped: 10013
10-24 15:42:00.079  1975  3185 I am_proc_died: [0,7784,com.google.android.gms.unstable,906,18]
10-24 15:45:43.771  1975  2057 I am_pss  : [9627,10048,com.android.vending:instant_app_installer,23879680,7155712,445440,93130752,0,18,9]
10-24 15:45:43.791  1975  2101 I cpu     : [65,10,47,2,4,1]
10-24 15:45:43.797  3034 10157 I gtalk_connection: 16777985
10-24 15:45:43.827  3034 10159 I gtalk_connection: 16777985
10-24 15:45:57.749  1975  2057 I device_idle_step: 
10-24 15:45:57.757  1975  2057 I device_idle: [3,s:alarm]
10-24 15:45:57.775  1975  2429 I netstats_mobile_sample: [0,0,0,0,0,0,0,0,0,0,0,0,1571903157775]
10-24 15:45:57.775  1975  2429 I netstats_wifi_sample: [79718,1194,83874,1214,79758,1195,83874,1214,68408,1061,83938,1215,1571903157775]
10-24 15:45:57.792  1975  2057 I device_idle_light_step: 
10-24 15:45:57.794  1975  2057 I device_idle_light: [6,s:alarm]
10-24 15:45:57.795  1975  2057 I device_idle_off_start: unknown
10-24 15:45:57.818  1975  2057 I device_idle_off_phase: net
10-24 15:45:57.819  1975  2057 I device_idle_off_complete: 
10-24 15:45:57.833  1975  1975 I battery_saving_stats: [0,0,1,900906,0,1,4967050,0,2]
10-24 15:45:58.165  3318  5994 I aggregation: 1571903158165
10-24 15:46:00.735  1975  2057 I am_pss  : [8669,1000,com.android.settings,109495296,100114432,72704,213872640,0,11,22]
10-24 15:46:01.994  1975  2069 I cpu     : [28,14,11,0,1,0]
10-24 15:46:02.866  1975  2057 I device_idle_light_step: 
10-24 15:46:02.873  1975  2057 I device_idle_light: [4,s:early]
10-24 15:46:02.879  1975  2057 I device_idle_on_start: 
10-24 15:46:02.942  1975  2057 I device_idle_on_phase: net
10-24 15:46:02.944  1975  2057 I device_idle_on_complete: 
10-24 15:46:02.946  1975  1975 I battery_saving_stats: [0,0,0,5113,0,0,427459,40890,1]
10-24 15:46:07.899  1975  1975 I device_idle_step: 
10-24 15:46:07.899  1975  1975 I device_idle: [4,s:stationary]
10-24 15:46:07.991  1975  2057 I am_pss  : [3034,10033,com.google.android.gms.persistent,67223552,39776256,72704,190861312,0,4,14]
10-24 15:46:07.998  1975  2069 I cpu     : [3,1,1,0,0,0]
10-24 15:46:08.008  1975  2057 I am_pss  : [2535,10153,com.google.android.inputmethod.latin,46644224,42090496,72704,142794752,0,6,12]
10-24 15:46:08.020  1975  2057 I am_pss  : [2946,1001,com.qualcomm.qcrilmsgtunnel,5378048,3231744,72704,76959744,0,5,8]
10-24 15:46:08.031  1975  2057 I am_pss  : [2857,10084,com.google.android.ext.services,6819840,4579328,73728,81723392,0,4,8]
10-24 15:46:08.046  1975  2057 I am_pss  : [3139,10083,com.google.android.googlequicksearchbox:interactor,21538816,9068544,73728,106749952,0,4,11]
10-24 15:46:33.725  1975  2057 I device_idle_step: 
10-24 15:46:33.750  1975  2057 I device_idle: [5,s:alarm]
10-24 15:46:33.752  1975  2057 I device_idle_on_start: 
10-24 15:46:33.752  1975  2057 I device_idle_on_phase: power
10-24 15:46:33.758  1975  1975 I battery_saving_stats: [0,0,1,30812,0,0,4997862,0,2]
10-24 15:46:33.764  1975  2057 I device_idle_on_complete: 
10-24 15:50:11.804  1975  2069 I cpu     : [-11,-1,-8,0,0,0]
10-24 15:57:11.693  1975  2069 I am_uid_idle: 10141
10-24 15:57:11.693  1975  2069 I am_uid_idle: 10071
10-24 15:57:11.693  1975  2069 I am_uid_idle: 10048
10-24 15:58:18.858   889   889 I snet_event_log: [121035042,-1,]
10-24 15:58:18.859   889   889 I snet_event_log: [121035042,-1,]
10-24 15:58:18.935  1975  2101 I cpu     : [64,12,45,0,3,1]
10-24 16:00:44.749  1975  2057 I am_pss  : [9940,10054,com.google.android.ims,17214464,13058048,73728,113000448,0,18,12]
10-24 16:00:44.763  1975  2057 I am_pss  : [9967,10027,com.google.android.apps.turbo:aab,12666880,7360512,73728,109088768,0,18,10]
10-24 16:00:44.771  3034 10212 I gtalk_connection: 16777985
10-24 16:00:44.773  1975  2057 I am_pss  : [9951,10043,com.google.android.partnersetup,5610496,3489792,73728,79790080,0,18,8]
10-24 16:00:44.786  1975  2057 I am_pss  : [9796,10141,com.google.android.videos,31880192,19177472,439296,98959360,0,18,9]
10-24 16:00:44.797  1975  2057 I am_pss  : [9808,10081,com.google.android.apps.wellbeing,13084672,10657792,73728,93204480,0,18,9]
10-24 16:00:44.805  3034 10214 I gtalk_connection: 16777985
10-24 16:00:44.809  1975  2057 I am_pss  : [9765,10018,com.motorola.lifetimedata,4934656,2863104,73728,78073856,0,18,9]
10-24 16:03:46.935  1975  2069 I cpu     : [68,11,47,4,4,1]
10-24 16:10:17.030  1975  2101 I cpu     : [62,13,40,3,3,1]
10-24 16:15:45.741  1975  2057 I am_pss  : [3968,1000,com.motorola.tools.batterytracer,17724416,15351808,72704,96145408,0,3,11]
10-24 16:15:45.753  1975  2057 I am_pss  : [3904,10066,com.motorola.moto,28759040,26230784,72704,96243712,0,5,9]
10-24 16:15:45.759  1975  2101 I cpu     : [75,11,50,6,4,2]
10-24 16:15:45.765  3034 10223 I gtalk_connection: 16777985
10-24 16:15:45.765  1975  2057 I am_pss  : [3824,10030,com.motorola.actions,17799168,15507456,72704,83816448,0,5,8]
10-24 16:15:45.777  1975  2057 I am_pss  : [3188,1000,com.motorola.process.system,18268160,15458304,72704,102678528,0,0,10]
10-24 16:15:45.787  1975  2057 I am_pss  : [3171,1068,com.android.se,4667392,2826240,72704,72073216,0,0,8]
10-24 16:15:45.803  1975  2057 I am_pss  : [2763,1001,com.android.phone,29784064,25354240,72704,124907520,0,0,11]
10-24 16:15:45.813  3034 10225 I gtalk_connection: 16777985
10-24 16:15:45.813  1975  2057 I am_pss  : [2749,1007,com.motorola.android.nativedropboxagent,5296128,3502080,87040,72630272,0,0,8]
10-24 16:15:45.826  1975  2057 I am_pss  : [2728,10051,com.dolby.daxservice,5678080,3624960,73728,78024704,0,0,10]
10-24 16:15:45.837  1975  2057 I am_pss  : [2713,1001,com.qualcomm.qti.telephonyservice,5066752,3088384,73728,76324864,0,0,9]
10-24 16:15:45.849  1975  2057 I am_pss  : [2698,1000,.dataservices,8540160,6340608,73728,84705280,0,0,9]
10-24 16:15:45.876  1975  2057 I am_pss  : [1975,1000,system,205063168,158027776,1312768,352616448,0,0,23]
10-24 16:17:16.281  3968  3968 I service_manager_stats: [100,110,105889]
10-24 16:19:11.764  1975  2069 I cpu     : [59,9,40,4,3,1]
10-24 16:22:11.818  1975  2057 I am_pss  : [10066,10033,com.google.process.gapps,6345728,3551232,72704,84492288,0,18,10]
10-24 16:22:11.830  1975  2057 I am_pss  : [9588,10023,android.process.media,7226368,4849664,72704,85803008,0,18,8]
10-24 16:22:11.835  1975  2101 I cpu     : [73,9,52,4,4,2]
10-24 16:30:46.773  1975  2057 I am_pss  : [9863,10048,com.android.vending,37747712,18726912,443392,112521216,0,18,14]
10-24 16:30:46.797  1975  2101 I cpu     : [67,13,44,3,3,1]
10-24 16:30:46.800  3034 10233 I gtalk_connection: 16777985
10-24 16:30:46.835  3034 10235 I gtalk_connection: 16777985
10-24 16:33:55.410  1975  2069 I cpu     : [63,10,44,2,4,1]
10-24 16:41:27.828  1975  2101 I cpu     : [61,9,45,0,4,1]
10-24 16:44:42.201   889   889 I snet_event_log: [121035042,-1,]
10-24 16:44:42.204   889   889 I snet_event_log: [121035042,-1,]
10-24 16:45:13.749  1975  2057 I device_idle_step: 
10-24 16:45:13.757  1975  2429 I netstats_mobile_sample: [0,0,0,0,0,0,0,0,0,0,0,0,1571906713757]
10-24 16:45:13.758  1975  2429 I netstats_wifi_sample: [87456,1299,93544,1319,87496,1300,93544,1319,70764,1097,93608,1320,1571906713757]
10-24 16:45:13.765  1975  2057 I device_idle: [6,s:alarm]
10-24 16:45:13.765  1975  2057 I device_idle_off_start: unknown
10-24 16:45:13.765  1975  2057 I device_idle_off_phase: power
10-24 16:45:13.778  1975  2429 I netstats_mobile_sample: [0,0,0,0,0,0,0,0,0,0,0,0,1571906713778]
10-24 16:45:13.779  1975  2429 I netstats_wifi_sample: [87456,1299,93544,1319,87496,1300,93544,1319,70764,1097,93608,1320,1571906713778]
10-24 16:45:13.794  1975  2057 I device_idle_off_phase: net
10-24 16:45:13.801  1975  2828 I am_uid_active: 10071
10-24 16:45:13.804  1975  2057 I device_idle_off_complete: 
10-24 16:45:13.810  1975  1975 I notification_enqueue: [10071,9568,com.motorola.survey,1,NULL,0,Notification(channel=com.motorola.survey.ServiceNotificationChannelId pri=0 contentView=null vibrate=null sound=null defaults=0x0 flags=0x48 color=0x00000000 vis=PRIVATE),0]
10-24 16:45:13.819  1975  1975 I notification_enqueue: [10071,9568,com.motorola.survey,1,NULL,0,Notification(channel=com.motorola.survey.ServiceNotificationChannelId pri=0 contentView=null vibrate=null sound=null defaults=0x0 flags=0x48 color=0x00000000 vis=PRIVATE),0]
10-24 16:45:13.832  1975  1975 I sysui_multi_action: [757,128,758,5,759,8,793,23,794,0,795,23,796,1,806,com.motorola.survey,857,com.motorola.survey.Service-432009c0,858,2,947,0]
10-24 16:45:13.832  1975  1975 I notification_canceled: [0|com.motorola.survey|1|null|10071,8,23,23,0,-1,-1,NULL]
10-24 16:45:13.842  1975  2057 I am_pss  : [9940,10054,com.google.android.ims,17213440,13058048,73728,113000448,0,18,11]
10-24 16:45:13.856  1975  2057 I am_pss  : [9967,10027,com.google.android.apps.turbo:aab,12354560,7208960,73728,108617728,0,18,10]
10-24 16:45:13.861  1975  1975 I battery_saving_stats: [0,0,2,3520103,40890,0,3520103,40890,0]
10-24 16:45:13.870  1975  2057 I am_pss  : [9951,10043,com.google.android.partnersetup,5610496,3489792,73728,79790080,0,18,8]
10-24 16:45:13.885  1975  2057 I am_pss  : [9796,10141,com.google.android.videos,31880192,19177472,440320,98955264,0,18,10]
10-24 16:45:13.901  1975  2057 I am_pss  : [9808,10081,com.google.android.apps.wellbeing,13084672,10657792,73728,93204480,0,18,9]
10-24 16:45:13.913  1975  2057 I am_pss  : [9765,10018,com.motorola.lifetimedata,4938752,2867200,73728,78077952,0,18,8]
10-24 16:45:14.275  3318  8340 I aggregation: 1571906714275
10-24 16:45:14.583  1975  2072 I am_proc_start: [0,10263,10033,com.google.android.gms.unstable,service,com.google.android.gms/.droidguard.DroidGuardService]
10-24 16:45:14.603  1975  2101 I cpu     : [57,19,33,0,2,1]
10-24 16:45:14.634  1975  2828 I am_proc_bound: [0,10263,com.google.android.gms.unstable]
10-24 16:45:15.493  1975  2500 I storage_state: [41217664-9172-527a-b3d5-edabb50a7d69,0,0,45366931456,48928632832]
10-24 16:45:17.255  9863 10304 I google_http_request: [32,-1,Android-Finsky/16.1.23-all%20%5B0%5D%20%5BPR%5D%20262206441 (api=3,versionCode=81612300,sdk=28,device=doha,hardware=qcom,product=doha,platformVersionRelease=9,model=moto%20g%288%29%20plus,buildId=PPI29.65-19,isWideScreen=0,supportedAbis=arm64-v8a;armeabi-v7a;armeabi),0]
10-24 16:45:17.325  9863 10304 I google_http_request: [1,-1,Android-Finsky/16.1.23-all%20%5B0%5D%20%5BPR%5D%20262206441 (api=3,versionCode=81612300,sdk=28,device=doha,hardware=qcom,product=doha,platformVersionRelease=9,model=moto%20g%288%29%20plus,buildId=PPI29.65-19,isWideScreen=0,supportedAbis=arm64-v8a;armeabi-v7a;armeabi),0]
10-24 16:45:17.398  9863 10304 I google_http_request: [2,-1,Android-Finsky/16.1.23-all%20%5B0%5D%20%5BPR%5D%20262206441 (api=3,versionCode=81612300,sdk=28,device=doha,hardware=qcom,product=doha,platformVersionRelease=9,model=moto%20g%288%29%20plus,buildId=PPI29.65-19,isWideScreen=0,supportedAbis=arm64-v8a;armeabi-v7a;armeabi),0]
10-24 16:45:19.737  1975  2069 I cpu     : [13,5,6,0,0,0]
10-24 16:45:27.889  1975  2069 I cpu     : [2,0,1,0,0,0]
10-24 16:45:37.864  1975  2101 I cpu     : [2,1,1,0,0,0]
10-24 16:45:44.125  1975  2057 I device_idle_step: 
10-24 16:45:44.133  1975  2057 I device_idle: [5,s:early]
10-24 16:45:44.139  1975  2057 I device_idle_on_start: 
10-24 16:45:44.139  1975  2057 I device_idle_on_phase: power
10-24 16:45:44.191  1975  2057 I device_idle_on_phase: net
10-24 16:45:44.192  1975  2057 I device_idle_on_complete: 
10-24 16:45:44.194  1975  1975 I battery_saving_stats: [0,0,0,30333,0,0,457792,40890,1]
10-24 16:45:44.209  1975  2464 I am_kill : [0,9269,com.google.android.youtube,906,empty #17]
10-24 16:45:44.264  1975  2101 I cpu     : [1,0,0,0,0,0]
10-24 16:45:44.308  1975  2624 I am_proc_died: [0,9269,com.google.android.youtube,906,18]
10-24 16:45:44.311  1975  2624 I am_uid_stopped: 10144
10-24 16:45:46.870  1975  2057 I am_pss  : [10066,10033,com.google.process.gapps,6463488,3588096,72704,84492288,0,18,17]
10-24 16:45:46.885  1975  2057 I am_pss  : [9588,10023,android.process.media,7228416,4849664,72704,85803008,0,18,10]
10-24 16:45:46.896  3034 10333 I gtalk_connection: 16777985
10-24 16:45:46.935  3034 10335 I gtalk_connection: 16777985
10-24 16:50:00.573  1975  2069 I cpu     : [-3,0,-2,0,0,0]
10-24 16:53:09.126  1975  2057 I am_pss  : [3238,10050,com.motorola.ccc,56167424,47267840,760832,164048896,0,5,25]
10-24 16:53:09.142  1975  2057 I am_pss  : [6002,10016,com.motorola.motocare,15141888,12324864,72704,101609472,0,0,12]
10-24 16:58:42.932  1975  2101 I cpu     : [65,13,43,2,3,1]
10-24 16:59:12.037  1975  2106 I dvm_lock_sample: [system_server,0,BatteryStats_wakeupReason,5,BatteryStatsService.java,1179,void com.android.server.am.BatteryStatsService$WakeupReasonThread.run(),BatteryExternalStatsWorker.java,443,void com.android.server.am.BatteryExternalStatsWorker.updateExternalStatsLocked(java.lang.String, int, boolean, boolean, boolean),1]

=aplogcat= Finished dumping /data/vendor/aplogd/Boot-0000000002_Set-0000000002_Stream-e.txt.gz

=aplogcat= Dumping /data/vendor/aplogd/Boot-0000000002_Set-0000000003_Stream-e.txt.gz to aplogcat-events.txt
10-24 17:00:48.887  3034 10345 I gtalk_connection: 16777985
10-24 17:00:48.940  3034 10347 I gtalk_connection: 16777985
10-24 17:03:50.629  1975  2069 I cpu     : [67,10,46,3,4,1]
10-24 17:07:02.413  1975  2069 I am_uid_idle: 10071
10-24 17:07:12.113   889   889 I snet_event_log: [121035042,-1,]
10-24 17:07:12.114   889   889 I snet_event_log: [121035042,-1,]
10-24 17:08:06.068  1975  2101 I cpu     : [66,16,41,3,3,1]
10-24 17:15:50.722  1975  2429 I netstats_mobile_sample: [0,0,0,0,0,0,0,0,0,0,0,0,1571908550722]
10-24 17:15:50.723  1975  2429 I netstats_wifi_sample: [93520,1383,100734,1405,93560,1384,100734,1405,74020,1145,100736,1405,1571908550722]
10-24 17:15:50.738  1975  2057 I am_pss  : [10263,10033,com.google.android.gms.unstable,25192448,9940992,72704,138727424,0,18,10]
10-24 17:15:50.747  1975  2101 I cpu     : [64,12,43,2,3,1]
10-24 17:15:50.792  3034 10353 I gtalk_connection: 16777985
10-24 17:15:50.860  3034 10355 I gtalk_connection: 16777985
10-24 17:16:12.377  3968  3968 I service_manager_stats: [100,98,105826]
10-24 17:19:09.548  1975  2069 I cpu     : [67,11,45,4,4,1]
10-24 17:27:38.407  1975  2101 I cpu     : [63,12,44,0,3,1]
10-24 17:29:11.594   889   889 I snet_event_log: [121035042,-1,]
10-24 17:29:15.703   889   889 I chatty  : uid=1000(system) hwservicemanage identical 2 lines
10-24 17:29:15.706   889   889 I snet_event_log: [121035042,-1,]
10-24 17:29:15.768  1975  2101 I cpu     : [17,5,9,0,1,0]
10-24 17:30:51.771  3034 10383 I gtalk_connection: 16777985
10-24 17:30:51.813  3034 10386 I gtalk_connection: 16777985
10-24 17:33:00.017  1975  2069 I cpu     : [-36,-6,-25,0,-2,0]
10-24 17:35:56.455  1975  2101 I cpu     : [59,9,41,2,4,1]
10-24 17:38:03.953   889   889 I snet_event_log: [121035042,-1,]
10-24 17:38:03.954   889   889 I snet_event_log: [121035042,-1,]
10-24 17:38:03.961  1975  8370 I battery_level: [74,4040,251]
10-24 17:38:03.962   889   889 I snet_event_log: [121035042,-1,]
10-24 17:38:03.967   889   889 I snet_event_log: [121035042,-1,]
10-24 17:43:45.388  1975  2101 I cpu     : [68,14,46,2,3,1]
10-24 17:45:52.696  1975  2057 I am_pss  : [4089,1000,com.qti.diagservices,6881280,1368064,3371008,76173312,0,9,9]
10-24 17:45:52.697  1975  2429 I netstats_mobile_sample: [0,0,0,0,0,0,0,0,0,0,0,0,1571910352697]
10-24 17:45:52.698  1975  2429 I netstats_wifi_sample: [97698,1440,105948,1462,97738,1441,105948,1462,75312,1165,106012,1463,1571910352697]
10-24 17:45:52.699  1975  2431 I service_manager_stats: [100,121,484993]
10-24 17:45:52.731  3034 10394 I gtalk_connection: 16777985
10-24 17:45:52.789  3034 10396 I gtalk_connection: 16777985
10-24 17:48:54.201  1975  2069 I cpu     : [66,10,45,4,4,1]
10-24 17:50:10.878   889   889 I snet_event_log: [121035042,-1,]
10-24 17:50:10.880   889   889 I snet_event_log: [121035042,-1,]
10-24 17:52:11.259  1975  2057 I am_pss  : [8669,1000,com.android.settings,109556736,100147200,72704,213954560,0,11,17]
10-24 17:57:11.421  1975  2101 I cpu     : [64,13,43,1,3,1]
10-24 18:00:53.721  1975  2057 I am_pss  : [10263,10033,com.google.android.gms.unstable,25192448,9940992,72704,138727424,0,18,11]
10-24 18:00:53.757  3034 10410 I gtalk_connection: 16777985
10-24 18:00:53.857  3034 10412 I gtalk_connection: 16777985
10-24 18:04:11.631  1975  2069 I cpu     : [61,10,44,1,3,1]
10-24 18:08:51.478  1975  2057 I am_pss  : [6238,1001,com.qualcomm.qti.modemtestmode,6363136,1638400,2605056,73834496,0,9,9]
10-24 18:08:51.502  1975  2101 I cpu     : [69,9,49,3,4,2]
10-24 18:11:40.715  1975  2429 I netstats_mobile_sample: [0,0,0,0,0,0,0,0,0,0,0,0,1571911900714]
10-24 18:11:40.715  1975  2429 I netstats_wifi_sample: [102180,1503,111236,1524,102220,1504,111236,1524,77376,1197,111300,1525,1571911900714]
10-24 18:15:54.685  3034 10420 I gtalk_connection: 16777985
10-24 18:15:54.707  1975  2101 I cpu     : [67,14,45,1,3,1]
10-24 18:15:54.719  3034 10422 I gtalk_connection: 16777985
10-24 18:18:45.870  1975  2069 I cpu     : [56,11,38,1,3,1]
10-24 18:22:19.762  1975  2101 I cpu     : [68,10,49,1,4,2]
10-24 18:30:55.744  3034 10431 I gtalk_connection: 16777985
10-24 18:30:55.747  1975  2101 I cpu     : [66,12,45,3,3,1]
10-24 18:30:55.776  3034 10433 I gtalk_connection: 16777985
10-24 18:35:12.976  3968  3968 I service_manager_stats: [100,79,105809]
10-24 18:35:13.450  1975  2069 I cpu     : [55,8,37,3,3,1]
10-24 18:38:34.545  1975  2500 I storage_state: [41217664-9172-527a-b3d5-edabb50a7d69,0,0,45299109888,48928632832]
10-24 18:39:36.651  1975  2057 I device_idle_step: 
10-24 18:39:36.685  1975  2101 I cpu     : [76,12,57,0,4,2]
10-24 18:39:36.693  1975  2057 I dvm_lock_sample: [system_server,1,android.bg,42,AlarmManagerService.java,2525,long com.android.server.AlarmManagerService.getNextWakeFromIdleTimeImpl(),-,3529,void com.android.server.AlarmManagerService$AlarmThread.run(),8]
10-24 18:39:36.699   889   889 I snet_event_log: [121035042,-1,]
10-24 18:39:36.700   889   889 I snet_event_log: [121035042,-1,]
10-24 18:39:36.706  1975  2057 I device_idle: [6,s:alarm]
10-24 18:39:36.706  1975  2057 I device_idle_off_start: unknown
10-24 18:39:36.706  1975  2057 I device_idle_off_phase: power
10-24 18:39:36.717  1975  1975 I battery_saving_stats: [0,0,2,6832523,40890,1,10352626,81780,1]
10-24 18:39:36.736  1975  5856 I am_uid_active: 10071
10-24 18:39:36.742  1975  2057 I device_idle_off_phase: net
10-24 18:39:36.745  1975  2057 I device_idle_off_complete: 
10-24 18:39:36.746  1975  1975 I notification_enqueue: [10071,9568,com.motorola.survey,1,NULL,0,Notification(channel=com.motorola.survey.ServiceNotificationChannelId pri=0 contentView=null vibrate=null sound=null defaults=0x0 flags=0x48 color=0x00000000 vis=PRIVATE),0]
10-24 18:39:36.749  1975  1975 I notification_enqueue: [10071,9568,com.motorola.survey,1,NULL,0,Notification(channel=com.motorola.survey.ServiceNotificationChannelId pri=0 contentView=null vibrate=null sound=null defaults=0x0 flags=0x48 color=0x00000000 vis=PRIVATE),0]
10-24 18:39:36.751  1975  1975 I sysui_multi_action: [757,128,758,5,759,8,793,5,794,0,795,5,796,1,806,com.motorola.survey,857,com.motorola.survey.Service-432009c0,858,2,947,0]
10-24 18:39:36.751  1975  1975 I notification_canceled: [0|com.motorola.survey|1|null|10071,8,5,5,0,-1,-1,NULL]
10-24 18:39:36.891  1975  2092 I commit_sys_config_file: [jobs,13]
10-24 18:39:36.917  1975  2092 I commit_sys_config_file: [jobs,11]
10-24 18:39:36.980  1975  2092 I commit_sys_config_file: [jobs,51]
10-24 18:39:36.996  1975  2092 I commit_sys_config_file: [jobs,13]
10-24 18:39:37.056  1975  2624 I dvm_lock_sample: [system_server,1,Binder:1975_5,10,ActivityManagerService.java,21207,boolean com.android.server.am.ActivityManagerService.unbindService(android.app.IServiceConnection),-,21238,void com.android.server.am.ActivityManagerService.serviceDoneExecuting(android.os.IBinder, int, int, int),2]
10-24 18:39:37.111  1975  2092 I commit_sys_config_file: [jobs,8]
10-24 18:39:37.131  1975  2092 I commit_sys_config_file: [jobs,16]
10-24 18:39:37.131  1975  2828 I am_uid_running: 10074
10-24 18:39:37.147  1975  2092 I commit_sys_config_file: [jobs,11]
10-24 18:39:37.161  1975  2072 I am_proc_start: [0,10482,10074,com.google.android.apps.nbu.files,service,com.google.android.apps.nbu.files/com.firebase.jobdispatcher.GooglePlayReceiver]
10-24 18:39:37.196  1975  2092 I commit_sys_config_file: [jobs,7]
10-24 18:39:37.201  1975  2464 I am_proc_bound: [0,10482,com.google.android.apps.nbu.files]
10-24 18:39:37.208  1975  2092 I commit_sys_config_file: [jobs,7]
10-24 18:39:37.309  3318  8340 I aggregation: 1571913577309
10-24 18:39:37.812  3034 10294 I dvm_lock_sample: [com.google.android.gms.persisten,0,lowpool[5],40,:com.google.android.gms@17785039@17.7.85 (100408-253824076),1,int aqqb.c(aqnm),-,146,void aqqb.a(aqpy, aawt),8]
10-24 18:39:38.706  1975  6466 I am_uid_running: 10122
10-24 18:39:38.745  1975  2072 I am_proc_start: [0,10547,10122,com.google.android.calendar,service,com.google.android.calendar/com.firebase.jobdispatcher.GooglePlayReceiver]
10-24 18:39:38.788  1975  2464 I am_proc_bound: [0,10547,com.google.android.calendar]
10-24 18:39:38.835  1975  2828 I am_uid_running: 10104
10-24 18:39:38.858  1975  2072 I am_proc_start: [0,10563,10104,com.google.android.contacts,service,com.google.android.contacts/com.firebase.jobdispatcher.GooglePlayReceiver]
10-24 18:39:38.923  1975  5856 I am_proc_bound: [0,10563,com.google.android.contacts]
10-24 18:39:39.024  1975  2828 I am_uid_running: 10063
10-24 18:39:39.070  1975  2072 I am_proc_start: [0,10590,10063,android.process.acore,content provider,com.android.providers.contacts/.ContactsProvider2]
10-24 18:39:39.095  1975  1975 I commit_sys_config_file: [notification-policy,8]
10-24 18:39:39.102  1975  5856 I am_uid_running: 10090
10-24 18:39:39.119  1975  2624 I dvm_lock_sample: [system_server,1,Binder:1975_5,5,ActivityManagerService.java,12451,java.lang.String com.android.server.am.ActivityManagerService.checkContentProviderAccess(java.lang.String, int),-,21218,void com.android.server.am.ActivityManagerService.publishService(android.os.IBinder, android.content.Intent, android.os.IBinder),1]
10-24 18:39:39.147  1975  2072 I am_proc_start: [0,10613,10090,com.android.providers.calendar,content provider,com.android.providers.calendar/.CalendarProvider2]
10-24 18:39:39.149  1975  2983 I am_proc_bound: [0,10590,android.process.acore]
10-24 18:39:39.154  1975  2983 I am_uid_active: 10063
10-24 18:39:39.211  1975  2983 I am_proc_bound: [0,10613,com.android.providers.calendar]
10-24 18:39:39.741  1975  5856 I am_kill : [0,9588,android.process.media,906,empty #17]
10-24 18:39:39.783  1975  2464 I am_proc_died: [0,9588,android.process.media,906,18]
10-24 18:39:39.783  1975  2464 I am_uid_stopped: 10023
10-24 18:39:40.147  3034  6891 I dvm_lock_sample: [com.google.android.gms.persisten,0,lowpool[4],36,:com.google.android.gms@17785039@17.7.85 (100408-253824076),64,void aqqb.a(boolean, aqnr),-,146,void aqqb.a(aqpy, aawt),7]
10-24 18:39:41.814  1975  2069 I cpu     : [37,17,16,0,1,0]
10-24 18:39:44.593  1975  3181 I am_kill : [0,10066,com.google.process.gapps,906,empty #17]
10-24 18:39:44.651  1975  6466 I am_proc_died: [0,10066,com.google.process.gapps,906,18]
10-24 18:39:49.114  1975  2101 I cpu     : [2,0,0,0,0,0]
10-24 18:39:54.506  1975  2069 I cpu     : [2,0,1,0,0,0]
10-24 18:39:59.470  1975  6466 I am_kill : [0,9940,com.google.android.ims,906,empty #17]
10-24 18:39:59.534  1975  3181 I am_proc_died: [0,9940,com.google.android.ims,906,18]
10-24 18:39:59.535  1975  3181 I am_uid_stopped: 10054
10-24 18:40:04.494  1975  2101 I cpu     : [2,1,1,0,0,0]
10-24 18:40:06.937  1975  2057 I device_idle_step: 
10-24 18:40:06.945  1975  2057 I device_idle: [5,s:early]
10-24 18:40:06.949  1975  2057 I device_idle_on_start: 
10-24 18:40:06.949  1975  2057 I device_idle_on_phase: power
10-24 18:40:06.987  1975  2057 I device_idle_on_phase: net
10-24 18:40:06.988  1975  2057 I device_idle_on_complete: 
10-24 18:40:06.993  1975  1975 I battery_saving_stats: [0,0,0,30276,0,0,488068,40890,1]
10-24 18:40:07.001  1975  4548 I am_kill : [0,10263,com.google.android.gms.unstable,906,empty #17]
10-24 18:40:07.055  1975  4548 I am_proc_died: [0,10263,com.google.android.gms.unstable,906,18]
10-24 18:44:02.208  1975  2069 I cpu     : [-3,0,-2,0,0,0]
10-24 18:44:41.865  1975  4548 I am_kill : [0,9796,com.google.android.videos,906,empty #17]
10-24 18:44:41.927  1975  3181 I am_proc_died: [0,9796,com.google.android.videos,906,18]
10-24 18:44:41.927  1975  3181 I am_uid_stopped: 10141
10-24 18:45:56.645  1975  2429 I netstats_mobile_sample: [0,0,0,0,0,0,0,0,0,0,0,0,1571913956645]
10-24 18:45:56.645  1975  2429 I netstats_wifi_sample: [107352,1575,117528,1596,107392,1576,117528,1596,79428,1229,117592,1597,1571913956645]
10-24 18:45:56.710  3034 10710 I gtalk_connection: 16777985
10-24 18:45:56.776  3034 10712 I gtalk_connection: 16777985
10-24 18:52:15.089  1975  2069 I cpu     : [62,10,44,1,3,1]
10-24 18:57:15.444  1975  2057 I am_pss  : [9049,10027,com.google.android.apps.turbo,9081856,4292608,577536,96321536,0,18,19]
10-24 19:00:57.708  1975  2101 I cpu     : [65,12,44,3,3,1]
10-24 19:00:57.725  3034 10718 I gtalk_connection: 16777985
10-24 19:00:57.797  3034 10720 I gtalk_connection: 16777985
10-24 19:03:44.155  1975  2069 I cpu     : [64,10,45,2,4,2]
10-24 19:05:40.286  1975  2069 I am_uid_idle: 10071
10-24 19:05:40.286  1975  2069 I am_uid_idle: 10063
10-24 19:06:31.268   889   889 I snet_event_log: [121035042,-1,]
10-24 19:06:31.270   889   889 I snet_event_log: [121035042,-1,]
10-24 19:07:15.883  1975  2057 I am_pss  : [10482,10074,com.google.android.apps.nbu.files,17162240,14532608,71680,100114432,0,18,21]
10-24 19:08:16.017  1975  2101 I cpu     : [64,10,45,2,3,1]
10-24 19:08:16.018  1975  2057 I am_pss  : [10547,10122,com.google.android.calendar,27639808,21581824,71680,130166784,0,18,12]
10-24 19:15:58.683  1975  2429 I netstats_mobile_sample: [0,0,0,0,0,0,0,0,0,0,0,0,1571915758683]
10-24 19:15:58.683  1975  2429 I netstats_wifi_sample: [110958,1624,122120,1646,110998,1625,122058,1645,80460,1245,122122,1646,1571915758683]
10-24 19:15:58.719  1975  2101 I cpu     : [67,15,43,2,3,1]
10-24 19:15:58.735  3034 10731 I gtalk_connection: 16777985
10-24 19:15:58.774  3034 10733 I gtalk_connection: 16777985
10-24 19:19:56.342  1975  2069 I cpu     : [67,15,45,0,3,1]
10-24 19:20:16.486  1975  2057 I am_pss  : [10563,10104,com.google.android.contacts,21146624,13778944,71680,127913984,0,18,25]
10-24 19:27:57.387  1975  2101 I cpu     : [60,9,42,2,3,1]
10-24 19:30:59.637  1975  2057 I am_pss  : [10590,10063,android.process.acore,11860992,9269248,71680,93761536,0,18,12]
10-24 19:30:59.649  1975  2057 I am_pss  : [10613,10090,com.android.providers.calendar,6060032,3751936,71680,83968000,0,18,8]
10-24 19:30:59.664  3034 10745 I gtalk_connection: 16777985
10-24 19:30:59.700  3034 10747 I gtalk_connection: 16777985
10-24 19:34:11.657  1975  2101 I cpu     : [69,13,47,2,4,1]
10-24 19:34:17.037  3968  3968 I service_manager_stats: [100,109,104444]
10-24 19:45:17.580  1975  2101 I cpu     : [62,10,45,0,3,1]
10-24 19:46:00.612  1975  2429 I netstats_mobile_sample: [0,0,0,0,0,0,0,0,0,0,0,0,1571917560612]
10-24 19:46:00.612  1975  2429 I netstats_wifi_sample: [115118,1680,127288,1702,115158,1681,127288,1702,81812,1265,127290,1702,1571917560612]
10-24 19:46:00.641  3034 10752 I gtalk_connection: 16777985
10-24 19:46:00.674  3034 10754 I gtalk_connection: 16777985
10-24 19:48:47.861  1975  2069 I cpu     : [62,15,40,0,3,1]
10-24 19:53:17.954  1975  2057 I am_pss  : [8583,1007,com.motorola.bug2go,14650368,11051008,71680,103145472,0,9,10]
10-24 19:53:17.983  1975  2101 I cpu     : [64,9,47,1,4,1]
10-24 19:58:18.378   889   889 I snet_event_log: [121035042,-1,]
10-24 19:58:18.380   889   889 I snet_event_log: [121035042,-1,]
10-24 19:58:18.434  1975  2101 I cpu     : [49,8,33,2,2,1]
10-24 20:01:02.617  1975  2057 I am_pss  : [10547,10122,com.google.android.calendar,27639808,21581824,71680,130166784,0,18,14]
10-24 20:01:02.630  1975  2057 I am_pss  : [10482,10074,com.google.android.apps.nbu.files,17162240,14532608,71680,100114432,0,18,9]
10-24 20:01:02.655  3034 10763 I gtalk_connection: 16777985
10-24 20:01:02.690  3034 10765 I gtalk_connection: 16777985
10-24 20:01:28.666  1975  2069 I cpu     : [97,16,70,1,6,2]
10-24 20:10:18.814  1975  2057 I am_pss  : [9222,10077,com.motorola.motodisplay,97260544,90456064,70656,144248832,0,4,13]
10-24 20:10:18.858  1975  2101 I cpu     : [61,14,40,1,3,1]
10-24 20:10:30.272   889   889 I snet_event_log: [121035042,-1,]
10-24 20:10:30.279   889   889 I snet_event_log: [121035042,-1,]
10-24 20:10:30.606  1975  2103 I sysui_multi_action: [757,198,758,1,759,0,1359,27]
10-24 20:10:30.606  1975  2103 I power_screen_state: [1,0,0,0,27]
10-24 20:10:30.608  1975  2091 I sysui_view_visibility: [223,0]
10-24 20:10:30.608  1975  2091 I sysui_multi_action: [757,223,758,2]
10-24 20:10:30.608  1975  2091 I sysui_histogram: [dozing_minutes,350]
10-24 20:10:30.608  1975  2091 I sysui_multi_action: [757,804,799,dozing_minutes,801,350,802,1]
10-24 20:10:30.630  1975  1975 I screen_toggled: 1
10-24 20:10:30.637  1975  1975 I power_screen_broadcast_send: 1
10-24 20:10:30.639  1975  5933 I sysui_view_visibility: [127,100]
10-24 20:10:30.639  1975  5933 I sysui_multi_action: [757,127,758,1]
10-24 20:10:30.639  1975  5933 I sysui_histogram: [note_load,5]
10-24 20:10:30.639  1975  5933 I sysui_multi_action: [757,804,799,note_load,801,5,802,1]
10-24 20:10:30.639  1975  5933 I notification_panel_revealed: 5
10-24 20:10:30.648  1975  1975 I device_idle: [0,screen]
10-24 20:10:30.648  1975  1975 I device_idle_light: [0,screen]
10-24 20:10:30.649  1975  2057 I am_pss  : [10563,10104,com.google.android.contacts,21144576,13778944,71680,127852544,0,18,12]
10-24 20:10:30.651  1975  2057 I device_idle_off_start: screen
10-24 20:10:30.651  1975  2057 I device_idle_off_phase: power
10-24 20:10:30.672  1975  2069 I am_uid_running: 10124
10-24 20:10:30.682  1975  1975 I battery_saving_stats: [0,0,2,5423689,40890,0,15776315,122670,1]
10-24 20:10:30.688  1975  2057 I device_idle_off_phase: net
10-24 20:10:30.702  1975  2071 I dvm_lock_sample: [system_server,1,android.ui,17,ActivityManagerService.java,5288,void com.android.server.am.ActivityManagerService.dispatchUidsChanged(),-,22785,void com.android.server.am.ActivityManagerService.finishReceiver(android.os.IBinder, int, java.lang.String, android.os.Bundle, boolean, int),3]
10-24 20:10:30.703  1975  2057 I device_idle_off_complete: 
10-24 20:10:30.708  1975  2072 I am_proc_start: [0,10790,10124,com.google.android.apps.wallpaper,broadcast,com.google.android.apps.wallpaper/com.android.wallpaper.module.DailyLoggingAlarmReceiver]
10-24 20:10:30.778  1080  1080 I sf_frame_dur: [AOD#0,0,0,1,0,0,0,0]
10-24 20:10:30.799  1975  1975 I power_screen_broadcast_done: [1,162,1]
10-24 20:10:30.815  1975  4548 I am_proc_bound: [0,10790,com.google.android.apps.wallpaper]
10-24 20:10:30.837  3318  8340 I aggregation: 1571919030837
10-24 20:10:30.998  1975  2346 I commit_sys_config_file: [settings-1-0,3]
10-24 20:10:31.171  1975  2638 I sysui_multi_action: [757,128,758,1,793,21485302,794,0,795,21485095,796,20,798,0,806,com.motorola.setup,857,SetupWizardService,858,4,947,0,1395,5]
10-24 20:10:31.171  1975  2638 I sysui_histogram: [note_freshness,21485095]
10-24 20:10:31.171  1975  2638 I sysui_multi_action: [757,804,799,note_freshness,801,21485095,802,1]
10-24 20:10:31.171  1975  2638 I notification_visibility: [0|com.motorola.setup|20|null|10059,1,21485302,21485095,0,0]
10-24 20:10:31.171  1975  2638 I sysui_multi_action: [757,128,758,1,793,21513125,794,0,795,16519309,796,951340667,798,1,806,com.android.vending,857,1.high-priority-notifications,858,3,947,0,1395,5]
10-24 20:10:31.171  1975  2638 I sysui_histogram: [note_freshness,16519309]
10-24 20:10:31.171  1975  2638 I sysui_multi_action: [757,804,799,note_freshness,801,16519309,802,1]
10-24 20:10:31.171  1975  2638 I notification_visibility: [0|com.android.vending|951340667|null|10048,1,21513125,16519309,0,1]
10-24 20:10:31.172  1975  2638 I sysui_multi_action: [757,128,758,1,793,21493250,794,0,795,21493250,796,2130903040,798,2,806,com.motorola.ccc.internal,857,internal_channel,858,2,947,0,1395,5]
10-24 20:10:31.172  1975  2638 I sysui_histogram: [note_freshness,21493250]
10-24 20:10:31.172  1975  2638 I sysui_multi_action: [757,804,799,note_freshness,801,21493250,802,1]
10-24 20:10:31.172  1975  2638 I notification_visibility: [0|com.motorola.ccc.internal|2130903040|null|10050,1,21493250,21493250,0,2]
10-24 20:10:32.561  1975  3185 I am_wtf  : [0,1975,system_server,-1,ActivityManager,Sending non-protected broadcast DISMISS_DIALOGS_GLOBAL_ACTIONS from system 2551:com.android.systemui/u0a42 pkg com.android.systemui]
10-24 20:10:32.563  1975  3185 I am_wtf  : [0,1975,system_server,-1,ActivityManager,Sending non-protected broadcast DISMISS_DIALOGS_GLOBAL_ACTIONS from system 2551:com.android.systemui/u0a42 pkg com.android.systemui]
10-24 20:10:32.565  1975  3185 I am_wtf  : [0,1975,system_server,-1,ActivityManager,Sending non-protected broadcast com.android.systemui.quit.enhance.screenshot from system 2551:com.android.systemui/u0a42 pkg com.android.systemui]
10-24 20:10:32.569  1975  3185 I am_wtf  : [0,1975,system_server,-1,ActivityManager,Sending non-protected broadcast DISMISS_DIALOGS_GLOBAL_ACTIONS from system 2551:com.android.systemui/u0a42 pkg com.android.systemui]
10-24 20:10:32.570  1975  3185 I am_wtf  : [0,1975,system_server,-1,ActivityManager,Sending non-protected broadcast DISMISS_DIALOGS_GLOBAL_ACTIONS from system 2551:com.android.systemui/u0a42 pkg com.android.systemui]
10-24 20:10:32.679  1975  1975 I commit_sys_config_file: [sync-status,3]
10-24 20:10:32.681  1975  1975 I commit_sys_config_file: [sync-stats,2]
10-24 20:10:32.767  1975  3513 I dvm_lock_sample: [system_server,0,IzatProvider,6,ActivityManagerService.java,22785,void com.android.server.am.ActivityManagerService.finishReceiver(android.os.IBinder, int, java.lang.String, android.os.Bundle, boolean, int),-,22785,void com.android.server.am.ActivityManagerService.finishReceiver(android.os.IBinder, int, java.lang.String, android.os.Bundle, boolean, int),1]
10-24 20:10:32.823  3238  3238 I auditd  : type=1400 audit(0.0:33): avc: denied { read } for comm="pool-3-thread-1" name="u:object_r:vendor_default_prop:s0" dev="tmpfs" ino=15878 scontext=u:r:platform_app:s0:c512,c768 tcontext=u:object_r:vendor_default_prop:s0 tclass=file permissive=0
10-24 20:10:32.832  1975 10848 I commit_sys_config_file: [appops,12]
10-24 20:10:32.931  1975 10848 I commit_sys_config_file: [batterystats,9]
10-24 20:10:32.940  1975 10848 I commit_sys_config_file: [procstats,9]
10-24 20:10:32.995  2763  2763 I service_manager_stats: [100,88,524096]
10-24 20:10:33.011  1975  1975 I notification_enqueue: [1000,3968,com.motorola.tools.batterytracer,13579,NULL,0,Notification(channel=bt_shades_channel pri=-2 contentView=null vibrate=null sound=null defaults=0x0 flags=0x2 color=0x00000000 vis=PRIVATE),1]
10-24 20:10:33.051  2763  2763 I gsm_service_state_change: [1,1,3,3]
10-24 20:10:33.107  2763  2763 I gsm_service_state_change: [1,1,3,3]
10-24 20:10:33.132  1975  2057 I service_manager_stats: [100,132,208251]
10-24 20:10:33.252  1975  2069 I am_uid_running: 10021
10-24 20:10:33.289  1975  2072 I am_proc_start: [0,10871,10021,com.motorola.carriersettingsext,broadcast,com.motorola.carriersettingsext/.wfc.WFCReceiver]
10-24 20:10:33.346  1975  2638 I am_proc_bound: [0,10871,com.motorola.carriersettingsext]

=aplogcat= Finished dumping /data/vendor/aplogd/Boot-0000000002_Set-0000000003_Stream-e.txt.gz

=aplogcat= Dumping /data/vendor/aplogd/Boot-0000000003_Set-0000000001_Stream-e.txt.gz to aplogcat-events.txt
04-01 14:39:57.715   916   916 I auditd  : type=2000 audit(0.0:1): state=initialized audit_enabled=0 res=1
04-01 14:39:58.980   916   916 I auditd  : type=1403 audit(0.0:2): policy loaded auid=4294967295 ses=4294967295
04-01 14:39:58.983   916   916 I auditd  : type=1404 audit(0.0:3): enforcing=1 old_enforcing=0 auid=4294967295 ses=4294967295
04-01 14:40:07.246     1     1 I auditd  : type=1400 audit(0.0:4): avc: denied { relabelfrom } for comm="init" name="bimc_clk" dev="debugfs" ino=21173 scontext=u:r:init:s0 tcontext=u:object_r:qti_debugfs:s0 tclass=dir permissive=0
04-01 14:40:07.246     1     1 I auditd  : type=1400 audit(0.0:4): avc: denied { relabelfrom } for comm="init" name="bimc_clk" dev="debugfs" ino=21173 scontext=u:r:init:s0 tcontext=u:object_r:qti_debugfs:s0 tclass=dir permissive=0
04-01 14:40:07.246     1     1 I auditd  : type=1400 audit(0.0:5): avc: denied { relabelfrom } for comm="init" name="clk_measure" dev="debugfs" ino=21184 scontext=u:r:init:s0 tcontext=u:object_r:qti_debugfs:s0 tclass=file permissive=0
04-01 14:40:07.246     1     1 I auditd  : type=1400 audit(0.0:5): avc: denied { relabelfrom } for comm="init" name="clk_measure" dev="debugfs" ino=21184 scontext=u:r:init:s0 tcontext=u:object_r:qti_debugfs:s0 tclass=file permissive=0
04-01 14:40:07.250     1     1 I auditd  : type=1400 audit(0.0:6): avc: denied { relabelfrom } for comm="init" name="clk_duty_cycle" dev="debugfs" ino=21183 scontext=u:r:init:s0 tcontext=u:object_r:qti_debugfs:s0 tclass=file permissive=0
04-01 14:40:07.250     1     1 I auditd  : type=1400 audit(0.0:6): avc: denied { relabelfrom } for comm="init" name="clk_duty_cycle" dev="debugfs" ino=21183 scontext=u:r:init:s0 tcontext=u:object_r:qti_debugfs:s0 tclass=file permissive=0
04-01 14:40:07.250     1     1 I auditd  : type=1400 audit(0.0:7): avc: denied { relabelfrom } for comm="init" name="clk_print_regs" dev="debugfs" ino=21182 scontext=u:r:init:s0 tcontext=u:object_r:qti_debugfs:s0 tclass=file permissive=0
04-01 14:40:07.250     1     1 I auditd  : type=1400 audit(0.0:7): avc: denied { relabelfrom } for comm="init" name="clk_print_regs" dev="debugfs" ino=21182 scontext=u:r:init:s0 tcontext=u:object_r:qti_debugfs:s0 tclass=file permissive=0
04-01 14:40:07.250     1     1 I auditd  : type=1400 audit(0.0:8): avc: denied { relabelfrom } for comm="init" name="clk_parent" dev="debugfs" ino=21181 scontext=u:r:init:s0 tcontext=u:object_r:qti_debugfs:s0 tclass=file permissive=0
04-01 14:40:07.250     1     1 I auditd  : type=1400 audit(0.0:8): avc: denied { relabelfrom } for comm="init" name="clk_parent" dev="debugfs" ino=21181 scontext=u:r:init:s0 tcontext=u:object_r:qti_debugfs:s0 tclass=file permissive=0
04-01 14:40:07.250     1     1 I auditd  : type=1400 audit(0.0:9): avc: denied { relabelfrom } for comm="init" name="clk_notifier_count" dev="debugfs" ino=21180 scontext=u:r:init:s0 tcontext=u:object_r:qti_debugfs:s0 tclass=file permissive=0
04-01 14:40:07.250     1     1 I auditd  : type=1400 audit(0.0:9): avc: denied { relabelfrom } for comm="init" name="clk_notifier_count" dev="debugfs" ino=21180 scontext=u:r:init:s0 tcontext=u:object_r:qti_debugfs:s0 tclass=file permissive=0
04-01 14:40:07.250     1     1 I auditd  : type=1400 audit(0.0:10): avc: denied { relabelfrom } for comm="init" name="clk_enable_count" dev="debugfs" ino=21179 scontext=u:r:init:s0 tcontext=u:object_r:qti_debugfs:s0 tclass=file permissive=0
04-01 14:40:07.250     1     1 I auditd  : type=1400 audit(0.0:10): avc: denied { relabelfrom } for comm="init" name="clk_enable_count" dev="debugfs" ino=21179 scontext=u:r:init:s0 tcontext=u:object_r:qti_debugfs:s0 tclass=file permissive=0
04-01 14:40:07.250     1     1 I auditd  : type=1400 audit(0.0:11): avc: denied { relabelfrom } for comm="init" name="clk_prepare_count" dev="debugfs" ino=21178 scontext=u:r:init:s0 tcontext=u:object_r:qti_debugfs:s0 tclass=file permissive=0
04-01 14:40:07.250     1     1 I auditd  : type=1400 audit(0.0:11): avc: denied { relabelfrom } for comm="init" name="clk_prepare_count" dev="debugfs" ino=21178 scontext=u:r:init:s0 tcontext=u:object_r:qti_debugfs:s0 tclass=file permissive=0
04-01 14:40:07.250     1     1 I auditd  : type=1400 audit(0.0:12): avc: denied { relabelfrom } for comm="init" name="clk_flags" dev="debugfs" ino=21177 scontext=u:r:init:s0 tcontext=u:object_r:qti_debugfs:s0 tclass=file permissive=0
04-01 14:40:08.263   455   455 I auditd  : type=1400 audit(0.0:19): avc: denied { write } for comm="init" name="/" dev="mmcblk0p80" ino=3 scontext=u:r:vendor_init:s0 tcontext=u:object_r:system_data_file:s0 tclass=dir permissive=0
04-01 14:40:08.356   887   887 I snet_event_log: [121035042,-1,]
04-01 14:40:08.357   887   887 I chatty  : uid=1000(system) hwservicemanage identical 1 line
04-01 14:40:08.704   887   887 I snet_event_log: [121035042,-1,]
04-01 14:40:08.930  1006  1006 I auditd  : type=1400 audit(0.0:20): avc: denied { map } for comm="init.qti.can.sh" path="/system/bin/sh" dev="dm-0" ino=139 scontext=u:r:qti_init_shell:s0 tcontext=u:object_r:shell_exec:s0 tclass=file permissive=0
04-01 14:40:09.176   887   887 I snet_event_log: [121035042,-1,]
04-01 14:40:09.535   887   887 I chatty  : uid=1000(system) hwservicemanage identical 63 lines
04-01 14:40:09.540   887   887 I snet_event_log: [121035042,-1,]
04-01 14:40:09.540   936   936 I boot_progress_start: 13091
04-01 14:40:09.543   887   887 I snet_event_log: [121035042,-1,]
04-01 14:40:09.640   887   887 I chatty  : uid=1000(system) hwservicemanage identical 19 lines
04-01 14:40:09.649   887   887 I snet_event_log: [121035042,-1,]
04-01 14:40:09.666  1132  1132 I auditd  : type=1400 audit(0.0:21): avc: denied { read } for comm="getprop" name="u:object_r:default_prop:s0" dev="tmpfs" ino=17273 scontext=u:r:qti_init_shell:s0 tcontext=u:object_r:default_prop:s0 tclass=file permissive=0
04-01 14:40:09.698   887   887 I snet_event_log: [121035042,-1,]
04-01 14:40:11.652   887   887 I chatty  : uid=1000(system) hwservicemanage identical 37 lines
04-01 14:40:11.653   887   887 I snet_event_log: [121035042,-1,]
04-01 14:40:11.706  1252  1252 I auditd  : type=1400 audit(0.0:22): avc: denied { read } for comm="getprop" name="u:object_r:default_prop:s0" dev="tmpfs" ino=17273 scontext=u:r:init_touch:s0 tcontext=u:object_r:default_prop:s0 tclass=file permissive=0
04-01 14:40:12.026   887   887 I snet_event_log: [121035042,-1,]
04-01 14:40:12.276   887   887 I chatty  : uid=1000(system) hwservicemanage identical 12 lines
04-01 14:40:12.278   887   887 I snet_event_log: [121035042,-1,]
10-25 18:04:35.323   937   937 I sysui_histogram: [boot_zygote_init,16107]
