10-24 14:12:28.512  1975  5126 D PowerManagerService: releaseWakeLockInternal: lock=147132902 [*net_scheduler*], flags=0x0
10-24 14:12:28.513  1975  5126 D PowerManagerService: acquireWakeLockInternal: lock=147132902, flags=0x1, tag="*net_scheduler*", ws=WorkSource{10033 com.google.android.gms}, uid=10033, pid=3034
10-24 14:12:28.525  1975  2072 I ActivityManager: Start proc 6575:com.google.android.apps.wellbeing/u0a81 for service com.google.android.apps.wellbeing/com.firebase.jobdispatcher.GooglePlayReceiver
10-24 14:12:28.533  1975  2325 D PowerManagerService: releaseWakeLockInternal: lock=147132902 [*net_scheduler*], flags=0x0
10-24 14:12:28.551  1975  2325 D PowerManagerService: releaseWakeLockInternal: lock=220445995 [*net_scheduler*], flags=0x0
10-24 14:12:28.552  1975  2325 D PowerManagerService: acquireWakeLockInternal: lock=147132902, flags=0x1, tag="*net_scheduler*", ws=WorkSource{10033 com.google.android.gms}, uid=10033, pid=3034
10-24 14:12:28.560  1975  2325 D PowerManagerService: releaseWakeLockInternal: lock=147132902 [*net_scheduler*], flags=0x0
10-24 14:12:28.562  1975  2325 D PowerManagerService: acquireWakeLockInternal: lock=147132902, flags=0x1, tag="*net_scheduler*", ws=WorkSource{10033 com.google.android.gms}, uid=10033, pid=3034
10-24 14:12:28.594  1975  2325 D ActivityManager: ActivityStack{e09aed0 stackId=0 type=home mode=fullscreen visible=true translucent=false, 1 tasks} occluded Keyguard false on display 0
10-24 14:12:28.603  1975  5126 D PowerManagerService: acquireWakeLockInternal: lock=122889164, flags=0x1, tag="*net_scheduler*", ws=WorkSource{10033 com.google.android.gms}, uid=10033, pid=3034
10-24 14:12:28.621  1975  2325 D PowerManagerService: releaseWakeLockInternal: lock=147132902 [*net_scheduler*], flags=0x0
10-24 14:12:28.716  1975  2325 D PowerManagerService: releaseWakeLockInternal: lock=122889164 [*net_scheduler*], flags=0x0
10-24 14:12:28.719  1975  2325 D PowerManagerService: acquireWakeLockInternal: lock=147132902, flags=0x1, tag="*net_scheduler*", ws=WorkSource{10033 com.google.android.gms}, uid=10033, pid=3034
10-24 14:12:28.731  1975  6466 D PowerManagerService: releaseWakeLockInternal: lock=216670616 [AudioMix], flags=0x0
10-24 14:12:28.733  1975  6466 D PowerManagerService: releaseWakeLockInternal: lock=147132902 [*net_scheduler*], flags=0x0
10-24 14:12:28.737  1975  4971 D PowerManagerService: acquireWakeLockInternal: lock=147132902, flags=0x1, tag="*net_scheduler*", ws=WorkSource{10033 com.google.android.gms}, uid=10033, pid=3034
10-24 14:12:28.766  1975  2325 D PowerManagerService: acquireWakeLockInternal: lock=86260215, flags=0x1, tag="*net_scheduler*", ws=WorkSource{10153 com.google.android.inputmethod.latin}, uid=10033, pid=3034
10-24 14:12:28.783  1975  2325 D PowerManagerService: releaseWakeLockInternal: lock=147132902 [*net_scheduler*], flags=0x0
10-24 14:12:28.844  1975  4971 I ActivityManager: Killing 6272:com.qualcomm.qti.qms.service.telemetry/u0a155 (adj 906): empty #17
10-24 14:12:28.849  1975  2325 D PowerManagerService: releaseWakeLockInternal: lock=86260215 [*net_scheduler*], flags=0x0
10-24 14:12:28.852  1975  5126 D PowerManagerService: acquireWakeLockInternal: lock=147132902, flags=0x1, tag="*net_scheduler*", ws=WorkSource{10033 com.google.android.gms}, uid=10033, pid=3034
10-24 14:12:28.856  1975  2325 D PowerManagerService: releaseWakeLockInternal: lock=147132902 [*net_scheduler*], flags=0x0
10-24 14:12:28.858  1975  2325 D PowerManagerService: acquireWakeLockInternal: lock=147132902, flags=0x1, tag="*net_scheduler*", ws=WorkSource{10033 com.google.android.gms}, uid=10033, pid=3034
10-24 14:12:28.887  1975  4971 D PowerManagerService: acquireWakeLockInternal: lock=265402344, flags=0x1, tag="*net_scheduler*", ws=WorkSource{10153 com.google.android.inputmethod.latin}, uid=10033, pid=3034
10-24 14:12:28.927  1975  5126 D PowerManagerService: acquireWakeLockInternal: lock=234542386, flags=0x1, tag="SyncFirebaseRootTrace -> SyncFirebaseJob", ws=null, uid=10081, pid=6575
10-24 14:12:28.933  1975  4971 D PowerManagerService: releaseWakeLockInternal: lock=147132902 [*net_scheduler*], flags=0x0
10-24 14:12:28.958  1975  2023 D PowerManagerService: acquireWakeLockInternal: lock=251466366, flags=0x1, tag="SyncFirebaseRootTrace -> SyncFirebaseJob", ws=null, uid=10081, pid=6575
10-24 14:12:29.020  1975  2023 D PowerManagerService: acquireWakeLockInternal: lock=21356235, flags=0x1, tag="Icing", ws=WorkSource{10081 com.google.android.apps.wellbeing}, uid=10033, pid=3318
10-24 14:12:29.050  1975  2325 D PowerManagerService: releaseWakeLockInternal: lock=21356235 [Icing], flags=0x0
10-24 14:12:29.158  1975  6466 D PowerManagerService: acquireWakeLockInternal: lock=21356235, flags=0x1, tag="Icing", ws=WorkSource{10081 com.google.android.apps.wellbeing}, uid=10033, pid=3318
10-24 14:12:29.205  1975  6466 D PowerManagerService: releaseWakeLockInternal: lock=265402344 [*net_scheduler*], flags=0x0
10-24 14:12:29.213  1975  2075 W KernelCpuProcReader: File not exist: /proc/uid_cpupower/concurrent_active_time
10-24 14:12:29.214  1975  2075 W KernelCpuProcReader: File not exist: /proc/uid_cpupower/concurrent_policy_time
10-24 14:12:29.223  1975  4548 D PowerManagerService: acquireWakeLockInternal: lock=147132902, flags=0x1, tag="*net_scheduler*", ws=WorkSource{10033 com.google.android.gms}, uid=10033, pid=3034
10-24 14:12:29.230  1975  2983 D PowerManagerService: releaseWakeLockInternal: lock=147132902 [*net_scheduler*], flags=0x0
10-24 14:12:29.256  1975  2983 D PowerManagerService: releaseWakeLockInternal: lock=21356235 [Icing], flags=0x0
10-24 14:12:29.277  1975  2069 I ActivityManager: Load: 8.08 / 2.74 / 0.97
10-24 14:12:29.278  1975  2069 I ActivityManager: CPU usage from 5210ms to 57ms ago (2019-10-24 14:12:24.068 to 2019-10-24 14:12:29.221):
10-24 14:12:29.278  1975  2069 I ActivityManager: 34% TOTAL: 14% user + 17% kernel + 0.3% iowait + 1.5% irq + 0.6% softirq
10-24 14:12:29.278  1975  2069 I ActivityManager:   49% 1975/system_server: 24% user + 24% kernel / faults: 2110 minor 1 major
10-24 14:12:29.278  1975  2069 I ActivityManager:   4.9% 1049/motorola.hardware.audio@2.0-service: 0.5% user + 4.4% kernel / faults: 78 minor
10-24 14:12:29.278  1975  2069 I ActivityManager:   14% 1269/mediaserver: 6.8% user + 7.3% kernel / faults: 370 minor
10-24 14:12:29.278  1975  2069 I ActivityManager:   10% 1280/media.codec: 5% user + 5.6% kernel / faults: 160 minor
10-24 14:12:29.278  1975  2069 I ActivityManager:   10% 3318/com.google.android.gms: 5.8% user + 4.2% kernel / faults: 1035 minor
10-24 14:12:29.321  1975  2983 D PowerManagerService: releaseWakeLockInternal: lock=251466366 [SyncFirebaseRootTrace -> SyncFirebaseJob], flags=0x0
10-24 14:12:29.366  1975  4548 D PowerManagerService: releaseWakeLockInternal: lock=161415431 [*net_scheduler*], flags=0x0
10-24 14:12:29.370  1975  4971 D PowerManagerService: acquireWakeLockInternal: lock=147132902, flags=0x1, tag="*net_scheduler*", ws=WorkSource{10033 com.google.android.gms}, uid=10033, pid=3034
10-24 14:12:29.374  1975  4971 D PowerManagerService: releaseWakeLockInternal: lock=147132902 [*net_scheduler*], flags=0x0
10-24 14:12:29.426  1975  4548 D PowerManagerService: acquireWakeLockInternal: lock=147132902, flags=0x1, tag="*net_scheduler*", ws=WorkSource{10033 com.google.android.gms}, uid=10033, pid=3034
10-24 14:12:29.469  1975  5126 D PowerManagerService: releaseWakeLockInternal: lock=234542386 [SyncFirebaseRootTrace -> SyncFirebaseJob], flags=0x0
10-24 14:12:29.476  1975  2325 D PowerManagerService: releaseWakeLockInternal: lock=147132902 [*net_scheduler*], flags=0x0
10-24 14:12:29.482  1975  3185 D PowerManagerService: acquireWakeLockInternal: lock=147132902, flags=0x1, tag="*net_scheduler*", ws=WorkSource{10033 com.google.android.gms}, uid=10033, pid=3034
10-24 14:12:29.520  1975  2325 D PowerManagerService: releaseWakeLockInternal: lock=147132902 [*net_scheduler*], flags=0x0
10-24 14:12:29.522  1975  2325 D PowerManagerService: acquireWakeLockInternal: lock=147132902, flags=0x1, tag="*net_scheduler*", ws=WorkSource{10033 com.google.android.gms}, uid=10033, pid=3034
10-24 14:12:29.529  1975  2325 W BroadcastQueue: Background execution not allowed: receiving Intent { act=android.intent.action.DROPBOX_ENTRY_ADDED flg=0x10 (has extras) } to com.google.android.gms/.stats.service.DropBoxEntryAddedReceiver
10-24 14:12:29.532  1975  2069 W BroadcastQueue: Background execution not allowed: receiving Intent { act=android.intent.action.DROPBOX_ENTRY_ADDED flg=0x10 (has extras) } to com.google.android.gms/.chimera.GmsIntentOperationService$PersistentTrustedReceiver
10-24 14:12:29.534  1975  5126 D PowerManagerService: acquireWakeLockInternal: lock=53423715, flags=0x1, tag="GCM_CONN_ALARM", ws=WorkSource{10033 com.google.android.gms}, uid=10033, pid=3034
10-24 14:12:29.534  1975  2071 D DeviceIdleController: Adding AppId 10033 to temp whitelist. New entry: true
10-24 14:12:29.534  1975  2071 D DeviceIdleController: postTempActiveTimeoutMessage: uid=10033, delay=10000
10-24 14:12:29.534  1975  2071 D DeviceIdleController: Setting activity manager temp whitelist to [10033]
10-24 14:12:29.534  1975  2071 D DeviceIdleController: Setting wakelock temp whitelist to [10033]
10-24 14:12:29.537  1975  5126 W BroadcastQueue: Background execution not allowed: receiving Intent { act=android.intent.action.DROPBOX_ENTRY_ADDED flg=0x10 (has extras) } to com.google.android.gms/.stats.service.DropBoxEntryAddedReceiver
10-24 14:12:29.538  1975  2069 W BroadcastQueue: Background execution not allowed: receiving Intent { act=android.intent.action.DROPBOX_ENTRY_ADDED flg=0x10 (has extras) } to com.google.android.gms/.chimera.GmsIntentOperationService$PersistentTrustedReceiver
10-24 14:12:29.538  1975  2069 W BroadcastQueue: Background execution not allowed: receiving Intent { act=android.intent.action.DROPBOX_ENTRY_ADDED flg=0x10 (has extras) } to com.google.android.gms/.stats.service.DropBoxEntryAddedReceiver
10-24 14:12:29.538  1975  2069 W BroadcastQueue: Background execution not allowed: receiving Intent { act=android.intent.action.DROPBOX_ENTRY_ADDED flg=0x10 (has extras) } to com.google.android.gms/.chimera.GmsIntentOperationService$PersistentTrustedReceiver
10-24 14:12:29.540  1975  2069 W BroadcastQueue: Background execution not allowed: receiving Intent { act=android.intent.action.DROPBOX_ENTRY_ADDED flg=0x10 (has extras) } to com.google.android.gms/.stats.service.DropBoxEntryAddedReceiver
10-24 14:12:29.541  1975  2069 W BroadcastQueue: Background execution not allowed: receiving Intent { act=android.intent.action.DROPBOX_ENTRY_ADDED flg=0x10 (has extras) } to com.google.android.gms/.chimera.GmsIntentOperationService$PersistentTrustedReceiver
10-24 14:12:29.541  1975  2069 W BroadcastQueue: Background execution not allowed: receiving Intent { act=android.intent.action.DROPBOX_ENTRY_ADDED flg=0x10 (has extras) } to com.google.android.gms/.stats.service.DropBoxEntryAddedReceiver
10-24 14:12:29.542  1975  2069 W BroadcastQueue: Background execution not allowed: receiving Intent { act=android.intent.action.DROPBOX_ENTRY_ADDED flg=0x10 (has extras) } to com.google.android.gms/.chimera.GmsIntentOperationService$PersistentTrustedReceiver
10-24 14:12:29.542  1975  2069 W BroadcastQueue: Background execution not allowed: receiving Intent { act=android.intent.action.DROPBOX_ENTRY_ADDED flg=0x10 (has extras) } to com.google.android.gms/.stats.service.DropBoxEntryAddedReceiver
10-24 14:12:29.543  1975  2069 W BroadcastQueue: Background execution not allowed: receiving Intent { act=android.intent.action.DROPBOX_ENTRY_ADDED flg=0x10 (has extras) } to com.google.android.gms/.chimera.GmsIntentOperationService$PersistentTrustedReceiver
10-24 14:12:29.544  1975  2069 W BroadcastQueue: Background execution not allowed: receiving Intent { act=android.intent.action.DROPBOX_ENTRY_ADDED flg=0x10 (has extras) } to com.google.android.gms/.stats.service.DropBoxEntryAddedReceiver
10-24 14:12:29.544  1975  2069 W BroadcastQueue: Background execution not allowed: receiving Intent { act=android.intent.action.DROPBOX_ENTRY_ADDED flg=0x10 (has extras) } to com.google.android.gms/.chimera.GmsIntentOperationService$PersistentTrustedReceiver
10-24 14:12:29.545  1975  2069 W BroadcastQueue: Background execution not allowed: receiving Intent { act=android.intent.action.DROPBOX_ENTRY_ADDED flg=0x10 (has extras) } to com.google.android.gms/.stats.service.DropBoxEntryAddedReceiver
10-24 14:12:29.545  1975  2069 W BroadcastQueue: Background execution not allowed: receiving Intent { act=android.intent.action.DROPBOX_ENTRY_ADDED flg=0x10 (has extras) } to com.google.android.gms/.chimera.GmsIntentOperationService$PersistentTrustedReceiver
10-24 14:12:29.546  1975  2069 W BroadcastQueue: Background execution not allowed: receiving Intent { act=android.intent.action.DROPBOX_ENTRY_ADDED flg=0x10 (has extras) } to com.google.android.gms/.stats.service.DropBoxEntryAddedReceiver
10-24 14:12:29.547  1975  2069 W BroadcastQueue: Background execution not allowed: receiving Intent { act=android.intent.action.DROPBOX_ENTRY_ADDED flg=0x10 (has extras) } to com.google.android.gms/.chimera.GmsIntentOperationService$PersistentTrustedReceiver
10-24 14:12:29.548  1975  2069 W BroadcastQueue: Background execution not allowed: receiving Intent { act=android.intent.action.DROPBOX_ENTRY_ADDED flg=0x10 (has extras) } to com.google.android.gms/.stats.service.DropBoxEntryAddedReceiver
10-24 14:12:29.548  1975  2069 W BroadcastQueue: Background execution not allowed: receiving Intent { act=android.intent.action.DROPBOX_ENTRY_ADDED flg=0x10 (has extras) } to com.google.android.gms/.chimera.GmsIntentOperationService$PersistentTrustedReceiver
10-24 14:12:29.549  1975  2069 W BroadcastQueue: Background execution not allowed: receiving Intent { act=android.intent.action.DROPBOX_ENTRY_ADDED flg=0x10 (has extras) } to com.google.android.gms/.stats.service.DropBoxEntryAddedReceiver
10-24 14:12:29.549  1975  2069 W BroadcastQueue: Background execution not allowed: receiving Intent { act=android.intent.action.DROPBOX_ENTRY_ADDED flg=0x10 (has extras) } to com.google.android.gms/.chimera.GmsIntentOperationService$PersistentTrustedReceiver
10-24 14:12:29.550  1975  2069 W BroadcastQueue: Background execution not allowed: receiving Intent { act=android.intent.action.DROPBOX_ENTRY_ADDED flg=0x10 (has extras) } to com.google.android.gms/.stats.service.DropBoxEntryAddedReceiver
10-24 14:12:29.551  1975  2069 W BroadcastQueue: Background execution not allowed: receiving Intent { act=android.intent.action.DROPBOX_ENTRY_ADDED flg=0x10 (has extras) } to com.google.android.gms/.chimera.GmsIntentOperationService$PersistentTrustedReceiver
10-24 14:12:29.551  1975  2069 W BroadcastQueue: Background execution not allowed: receiving Intent { act=android.intent.action.DROPBOX_ENTRY_ADDED flg=0x10 (has extras) } to com.google.android.gms/.stats.service.DropBoxEntryAddedReceiver
10-24 14:12:29.552  1975  2069 W BroadcastQueue: Background execution not allowed: receiving Intent { act=android.intent.action.DROPBOX_ENTRY_ADDED flg=0x10 (has extras) } to com.google.android.gms/.chimera.GmsIntentOperationService$PersistentTrustedReceiver
10-24 14:12:29.556  1975  6466 D PowerManagerService: releaseWakeLockInternal: lock=53423715 [GCM_CONN_ALARM], flags=0x0
10-24 14:12:29.561  1975  6466 D PowerManagerService: releaseWakeLockInternal: lock=147132902 [*net_scheduler*], flags=0x0
10-24 14:12:29.574  1975  5126 D PowerManagerService: acquireWakeLockInternal: lock=63416286, flags=0x1, tag="NlpWakeLock", ws=WorkSource{10033 com.google.android.gms}, uid=10033, pid=3034
10-24 14:12:29.578  1975  2325 D PowerManagerService: releaseWakeLockInternal: lock=63416286 [NlpWakeLock], flags=0x0
10-24 14:12:29.580  1975  5126 D PowerManagerService: acquireWakeLockInternal: lock=63416286, flags=0x1, tag="NlpWakeLock", ws=WorkSource{10033 com.google.android.gms}, uid=10033, pid=3034
10-24 14:12:29.600  1975  6466 D PowerManagerService: acquireWakeLockInternal: lock=165339093, flags=0x1, tag="NlpCollectorWakeLock", ws=WorkSource{10069 com.motorola.config.wifi}, uid=10033, pid=3034
10-24 14:12:29.642  1975  3185 D PowerManagerService: releaseWakeLockInternal: lock=63416286 [NlpWakeLock], flags=0x0
10-24 14:12:29.701  1975  2072 W ActivityManager: Slow operation: 60ms so far, now at startProcess: returned from zygote!
10-24 14:12:29.702  1975  2072 W ActivityManager: Slow operation: 61ms so far, now at startProcess: done updating battery stats
10-24 14:12:29.702  1975  2072 W ActivityManager: Slow operation: 61ms so far, now at startProcess: building log message
10-24 14:12:29.702  1975  2072 I ActivityManager: Start proc 6636:com.google.android.apps.maps/u0a105 for broadcast com.google.android.apps.maps/com.google.android.apps.gmm.ugc.ataplace.AtAPlaceService
10-24 14:12:29.702  1975  2072 W ActivityManager: Slow operation: 61ms so far, now at startProcess: starting to update pids map
10-24 14:12:29.702  1975  2072 W ActivityManager: Slow operation: 61ms so far, now at startProcess: done updating pids map
10-24 14:12:29.760  1975  2983 D ActivityManager: ActivityStack{e09aed0 stackId=0 type=home mode=fullscreen visible=true translucent=false, 1 tasks} occluded Keyguard false on display 0
10-24 14:12:30.305  1975  2069 I ActivityManager: Waited long enough for: ServiceRecord{a19481 u0 com.motorola.bug2go/.log.DropBoxEventHandler}
10-24 14:12:30.539  1975  3185 I ActivityManager: Killing 6295:com.qualcomm.qti.radioconfiginterface/1001 (adj 906): empty #17
10-24 14:12:30.553  1975  4548 D PowerManagerService: acquireWakeLockInternal: lock=147132902, flags=0x1, tag="*net_scheduler*", ws=WorkSource{10033 com.google.android.gms}, uid=10033, pid=3034
10-24 14:12:30.582  1975  2325 D PowerManagerService: releaseWakeLockInternal: lock=147132902 [*net_scheduler*], flags=0x0
10-24 14:12:30.584  1975  6466 D PowerManagerService: acquireWakeLockInternal: lock=147132902, flags=0x1, tag="*net_scheduler*", ws=WorkSource{10033 com.google.android.gms}, uid=10033, pid=3034
10-24 14:12:30.616  1975  5126 D PowerManagerService: releaseWakeLockInternal: lock=147132902 [*net_scheduler*], flags=0x0
10-24 14:12:30.647  1975  6466 D PowerManagerService: acquireWakeLockInternal: lock=91844568, flags=0x1, tag="Wakeful StateMachine: GeofencerStateMachine", ws=WorkSource{10033 com.google.android.gms}, uid=10033, pid=3034
10-24 14:12:30.655  1975  2023 D PowerManagerService: releaseWakeLockInternal: lock=91844568 [Wakeful StateMachine: GeofencerStateMachine], flags=0x0
10-24 14:12:30.707  1975  2072 I ActivityManager: Start proc 6682:com.google.android.apps.messaging/u0a125 for broadcast com.google.android.apps.messaging/.shared.datamodel.action.execution.PendingActionReceiver
10-24 14:12:30.760  1975  5126 D ActivityManager: ActivityStack{e09aed0 stackId=0 type=home mode=fullscreen visible=true translucent=false, 1 tasks} occluded Keyguard false on display 0
10-24 14:12:30.960  1975  6466 D PowerManagerService: acquireWakeLockInternal: lock=8051607, flags=0x1, tag="fiid-sync", ws=null, uid=10125, pid=6682
10-24 14:12:30.971  1975  2023 D PowerManagerService: releaseWakeLockInternal: lock=8051607 [fiid-sync], flags=0x0
10-24 14:12:31.102  1975  2325 I ActivityManager: Killing 4101:android.process.acore/u0a63 (adj 906): empty #17
10-24 14:12:31.377  1975  1975 D PowerManagerService: acquireWakeLockInternal: lock=81224350, flags=0x1, tag="*job*/com.google.android.googlequicksearchbox/com.google.android.apps.gsa.tasks.BackgroundTasksJobService", ws=WorkSource{10083}, uid=1000, pid=1975
10-24 14:12:31.555  1975  4971 W ActivityManager: Background start not allowed: service Intent { cmp=com.google.android.apps.messaging/.shared.datamodel.action.execution.ActionExecutorImpl$EmptyService } to com.google.android.apps.messaging/.shared.datamodel.action.execution.ActionExecutorImpl$EmptyService from pid=6682 uid=10125 pkg=com.google.android.apps.messaging startFg?=false
10-24 14:12:31.603  6636  6670 W Looper  : Slow dispatch took 1295ms Sensors h=android.os.Handler c=sro@e6248b6 m=0
10-24 14:12:31.608  1975  5126 D PowerManagerService: acquireWakeLockInternal: lock=244210214, flags=0x1, tag="fiid-sync", ws=null, uid=10105, pid=6636
10-24 14:12:31.623  1975  2325 D PowerManagerService: releaseWakeLockInternal: lock=244210214 [fiid-sync], flags=0x0
10-24 14:12:31.725  1975  2983 D PowerManagerService: releaseWakeLockInternal: lock=81224350 [*job*/com.google.android.googlequicksearchbox/com.google.android.apps.gsa.tasks.BackgroundTasksJobService], flags=0x0
10-24 14:12:31.961  1975  2069 I ActivityManager: Waited long enough for: ServiceRecord{38fd747 u0 com.motorola.ccc.devicemanagement/com.motorola.blur.service.blur.BlurServiceMother}
10-24 14:12:31.993  1975  2325 D PowerManagerService: acquireWakeLockInternal: lock=21356235, flags=0x1, tag="Icing", ws=WorkSource{10125 com.google.android.apps.messaging}, uid=10033, pid=3318
10-24 14:12:31.995  1975  2325 W ActivityManager: Background start not allowed: service Intent { cmp=com.google.android.apps.messaging/.shared.datamodel.action.execution.ActionExecutorImpl$EmptyService } to com.google.android.apps.messaging/.shared.datamodel.action.execution.ActionExecutorImpl$EmptyService from pid=6682 uid=10125 pkg=com.google.android.apps.messaging startFg?=false
10-24 14:12:32.005  1975  2057 D DeviceIdleController: handleMessage(7)
10-24 14:12:32.040  1975  4971 D PowerManagerService: releaseWakeLockInternal: lock=21356235 [Icing], flags=0x0
10-24 14:12:32.055  1975  1975 D PowerManagerService: acquireWakeLockInternal: lock=60819465, flags=0x1, tag="*job*/com.google.android.apps.messaging/.shared.datamodel.action.execution.ActionJobService", ws=WorkSource{10125}, uid=1000, pid=1975
10-24 14:12:32.103  1975  2325 W ActivityManager: Background start not allowed: service Intent { cmp=com.google.android.apps.messaging/.shared.datamodel.action.execution.ActionExecutorImpl$EmptyService } to com.google.android.apps.messaging/.shared.datamodel.action.execution.ActionExecutorImpl$EmptyService from pid=6682 uid=10125 pkg=com.google.android.apps.messaging startFg?=false
10-24 14:12:32.109  1975  2325 D PowerManagerService: releaseWakeLockInternal: lock=60819465 [*job*/com.google.android.apps.messaging/.shared.datamodel.action.execution.ActionJobService], flags=0x0
10-24 14:12:32.123  1975  2057 D DeviceIdleController: handleMessage(7)
10-24 14:12:32.127  1975  2325 I ActivityManager: Killing 6313:com.android.sprint.hiddenmenuapp/u0a78 (adj 906): empty #17
10-24 14:12:32.132  1975  2072 I ActivityManager: Start proc 6772:com.google.android.gms.unstable/u0a33 for service com.google.android.gms/.droidguard.DroidGuardService
10-24 14:12:32.193  1975  5889 D ActivityManager: ActivityStack{e09aed0 stackId=0 type=home mode=fullscreen visible=true translucent=false, 1 tasks} occluded Keyguard false on display 0
10-24 14:12:32.823  1975  2325 I ActivityManager: Killing 2993:com.android.cellbroadcastreceiver/u0a37 (adj 906): empty #17
10-24 14:12:33.081  1975  2983 D PowerManagerService: acquireWakeLockInternal: lock=63416286, flags=0x1, tag="NlpWakeLock", ws=WorkSource{10033 com.google.android.gms}, uid=10033, pid=3034
10-24 14:12:33.086  1975  6466 D PowerManagerService: releaseWakeLockInternal: lock=63416286 [NlpWakeLock], flags=0x0
10-24 14:12:33.089  1975  2325 D PowerManagerService: acquireWakeLockInternal: lock=63416286, flags=0x1, tag="NlpWakeLock", ws=WorkSource{10033 com.google.android.gms}, uid=10033, pid=3034
10-24 14:12:33.090  1975  2983 D PowerManagerService: acquireWakeLockInternal: lock=147132902, flags=0x1, tag="*net_scheduler*", ws=WorkSource{10033 com.google.android.gms}, uid=10033, pid=3034
10-24 14:12:33.094  1975  6466 D PowerManagerService: releaseWakeLockInternal: lock=165339093 [NlpCollectorWakeLock], flags=0x0
10-24 14:12:33.102  1975  2983 D PowerManagerService: releaseWakeLockInternal: lock=63416286 [NlpWakeLock], flags=0x0
10-24 14:12:33.125  1975  2072 I ActivityManager: Start proc 6802:com.google.android.apps.turbo:aab/u0a27 for broadcast com.google.android.apps.turbo/com.google.android.libraries.smartbattery.appusage.library.PhenotypeUpdatedReceiver
10-24 14:12:33.129  1975  6466 D PowerManagerService: releaseWakeLockInternal: lock=147132902 [*net_scheduler*], flags=0x0
10-24 14:12:33.192  1975  6466 D ActivityManager: ActivityStack{e09aed0 stackId=0 type=home mode=fullscreen visible=true translucent=false, 1 tasks} occluded Keyguard false on display 0
10-24 14:12:33.553  1975  6466 I ActivityManager: Killing 6337:com.motorola.android.provisioning/u0a57 (adj 906): empty #17
10-24 14:12:33.595  1975  2072 I ActivityManager: Start proc 6842:com.google.android.calendar/u0a122 for broadcast com.google.android.calendar/com.google.android.apps.calendar.config.phenotypesupport.broadcast.PhenotypeBroadcastReceiver
10-24 14:12:33.659  1975  5126 D ActivityManager: ActivityStack{e09aed0 stackId=0 type=home mode=fullscreen visible=true translucent=false, 1 tasks} occluded Keyguard false on display 0
10-24 14:12:34.250  1975  5126 I ActivityManager: Killing 5654:android.process.media/u0a23 (adj 906): empty #17
10-24 14:12:34.346  1975  5889 I ActivityManager: Killing 6378:com.motorola.carriersettingsext/u0a21 (adj 906): empty #17
10-24 14:12:34.397  1975  2072 I ActivityManager: Start proc 6892:com.google.android.gm/u0a120 for broadcast com.google.android.gm/.widget.GmailWidgetProvider
10-24 14:12:34.397  1975  2069 I ActivityManager: Load: 7.67 / 2.74 / 0.98
10-24 14:12:34.397  1975  2069 I ActivityManager: CPU usage from 5176ms to 69ms ago (2019-10-24 14:12:29.221 to 2019-10-24 14:12:34.327):
10-24 14:12:34.397  1975  2069 I ActivityManager: 40% TOTAL: 21% user + 16% kernel + 0.1% iowait + 1.3% irq + 0.6% softirq
10-24 14:12:34.397  1975  2069 I ActivityManager:   53% 1975/system_server: 24% user + 29% kernel / faults: 799 minor
10-24 14:12:34.397  1975  2069 I ActivityManager:   24% 3034/com.google.android.gms.persistent: 13% user + 11% kernel / faults: 4291 minor
10-24 14:12:34.397  1975  2069 I ActivityManager:   18% 3123/com.google.process.gservices: 8.7% user + 9.9% kernel / faults: 1031 minor
10-24 14:12:34.397  1975  2069 I ActivityManager:   9.2% 3968/com.motorola.tools.batterytracer: 5.5% user + 3.7% kernel / faults: 12141 minor
10-24 14:12:34.397  1975  2069 I ActivityManager:   8.9% 6480/com.google.android.googlequicksearchbox:search: 7% user + 1.9% kernel / faults: 3488 minor
10-24 14:12:34.452  1975  2325 D ActivityManager: ActivityStack{e09aed0 stackId=0 type=home mode=fullscreen visible=true translucent=false, 1 tasks} occluded Keyguard false on display 0
10-24 14:12:34.885  1975  2057 D DeviceIdleController: handleMessage(7)
10-24 14:12:34.905  1975  1975 D PowerManagerService: acquireWakeLockInternal: lock=92894090, flags=0x1, tag="*job*/com.google.android.gm/com.android.mail.job.NotifyDatasetChangedJob$NotifyDatasetChangedJobService", ws=WorkSource{10120}, uid=1000, pid=1975
10-24 14:12:34.927  1975  1975 D PowerManagerService: acquireWakeLockInternal: lock=61629380, flags=0x1, tag="*job*/com.google.android.gm/.job.ProviderCreatedJob$ProviderCreatedJobService", ws=WorkSource{10120}, uid=1000, pid=1975
10-24 14:12:34.949  1975  2325 D PowerManagerService: releaseWakeLockInternal: lock=92894090 [*job*/com.google.android.gm/com.android.mail.job.NotifyDatasetChangedJob$NotifyDatasetChangedJobService], flags=0x0
10-24 14:12:34.972  1975  2325 D PowerManagerService: releaseWakeLockInternal: lock=61629380 [*job*/com.google.android.gm/.job.ProviderCreatedJob$ProviderCreatedJobService], flags=0x0
10-24 14:12:34.983  1975  2057 D DeviceIdleController: handleMessage(7)
10-24 14:12:34.987  1975  5889 I ActivityManager: Killing 6121:com.motorola.omadm.service/u0a55 (adj 906): empty #17
10-24 14:12:35.004  1975  5126 W ActivityManager: Unable to start service Intent { cmp=com.google.android.gm/com.android.email.service.AttachmentService } U=0: not found
10-24 14:12:36.681  1975  4548 I ActivityManager: Killing 5789:com.motorola.android.settings.aplogd/1007 (adj 906): empty #17
10-24 14:12:36.686  1975  4548 I ActivityManager: Killing 5773:com.motorola.android.settings.modemdebug/1007 (adj 906): empty #18
10-24 14:12:36.692  1975  4548 I ActivityManager: Killing 5757:com.motorola.android.settings.diag_mdlog/1007 (adj 906): empty #19
10-24 14:12:37.024  1975  5889 D PowerManagerService: acquireWakeLockInternal: lock=147132902, flags=0x1, tag="*net_scheduler*", ws=WorkSource{10033 com.google.android.gms}, uid=10033, pid=3034
10-24 14:12:37.083  1975  4548 W BroadcastQueue: Background execution not allowed: receiving Intent { act=android.intent.action.DROPBOX_ENTRY_ADDED flg=0x10 (has extras) } to com.google.android.gms/.stats.service.DropBoxEntryAddedReceiver
10-24 14:12:37.087  1975  2069 W BroadcastQueue: Background execution not allowed: receiving Intent { act=android.intent.action.DROPBOX_ENTRY_ADDED flg=0x10 (has extras) } to com.google.android.gms/.chimera.GmsIntentOperationService$PersistentTrustedReceiver
10-24 14:12:37.092  1975  5126 D PowerManagerService: releaseWakeLockInternal: lock=147132902 [*net_scheduler*], flags=0x0
10-24 14:12:37.094  1975  5889 D PowerManagerService: acquireWakeLockInternal: lock=147132902, flags=0x1, tag="*net_scheduler*", ws=WorkSource{10033 com.google.android.gms}, uid=10033, pid=3034
10-24 14:12:37.145  1975  5889 D PowerManagerService: releaseWakeLockInternal: lock=147132902 [*net_scheduler*], flags=0x0
10-24 14:12:37.157  1975  5126 D PowerManagerService: acquireWakeLockInternal: lock=147132902, flags=0x1, tag="*net_scheduler*", ws=WorkSource{10033 com.google.android.gms}, uid=10033, pid=3034
10-24 14:12:37.199  1975  2983 W BroadcastQueue: Permission Denial: broadcasting Intent { act=com.google.android.checkin.CHECKIN_COMPLETE flg=0x1000010 (has extras) } from com.google.android.gms (pid=3318, uid=10033) is not exported from uid 10048 due to receiver com.android.vending/com.google.android.finsky.checkin.CheckinReceiver
10-24 14:12:37.203  1975  5126 D PowerManagerService: releaseWakeLockInternal: lock=147132902 [*net_scheduler*], flags=0x0
10-24 14:12:37.217  1273  1522 E storaged: getDiskStats failed with result NOT_SUPPORTED and size 0
10-24 14:12:37.269  1975  4548 W ActivityManager: Background start not allowed: service Intent { cmp=com.google.android.apps.messaging/.shared.datamodel.action.execution.ActionExecutorImpl$EmptyService } to com.google.android.apps.messaging/.shared.datamodel.action.execution.ActionExecutorImpl$EmptyService from pid=6682 uid=10125 pkg=com.google.android.apps.messaging startFg?=false
10-24 14:12:37.277  1975  4548 W ActivityManager: Background start not allowed: service Intent { cmp=com.google.android.apps.messaging/.shared.datamodel.action.execution.ActionExecutorImpl$EmptyService } to com.google.android.apps.messaging/.shared.datamodel.action.execution.ActionExecutorImpl$EmptyService from pid=6682 uid=10125 pkg=com.google.android.apps.messaging startFg?=false
10-24 14:12:37.279  1975  5889 D PowerManagerService: acquireWakeLockInternal: lock=147132902, flags=0x1, tag="*net_scheduler*", ws=WorkSource{10033 com.google.android.gms}, uid=10033, pid=3034
10-24 14:12:37.305  1975  2072 I ActivityManager: Start proc 6945:com.google.android.apps.turbo/u0a27 for broadcast com.google.android.apps.turbo/.nudges.broadcasts.BatteryStatusChangedReceiver
10-24 14:12:37.312  1975  4548 D PowerManagerService: releaseWakeLockInternal: lock=147132902 [*net_scheduler*], flags=0x0
10-24 14:12:37.314  1975  4548 D PowerManagerService: acquireWakeLockInternal: lock=147132902, flags=0x1, tag="*net_scheduler*", ws=WorkSource{10033 com.google.android.gms}, uid=10033, pid=3034
10-24 14:12:37.330  1975  5889 D PowerManagerService: releaseWakeLockInternal: lock=147132902 [*net_scheduler*], flags=0x0
10-24 14:12:37.333  1975  4548 D PowerManagerService: acquireWakeLockInternal: lock=147132902, flags=0x1, tag="*net_scheduler*", ws=WorkSource{10033 com.google.android.gms}, uid=10033, pid=3034
10-24 14:12:37.343  1975  4548 D ActivityManager: ActivityStack{e09aed0 stackId=0 type=home mode=fullscreen visible=true translucent=false, 1 tasks} occluded Keyguard false on display 0
10-24 14:12:37.348  1975  4548 D PowerManagerService: releaseWakeLockInternal: lock=147132902 [*net_scheduler*], flags=0x0
10-24 14:12:37.614  1975  2983 I ActivityManager: Killing 6436:com.motorola.omadm.sprint/1001 (adj 906): empty #17
10-24 14:12:37.628  1975  2983 D PowerManagerService: acquireWakeLockInternal: lock=147132902, flags=0x1, tag="*net_scheduler*", ws=WorkSource{10033 com.google.android.gms}, uid=10033, pid=3034
10-24 14:12:37.643  1975  1975 D PowerManagerService: acquireWakeLockInternal: lock=149418614, flags=0x1, tag="*job*/com.motorola.ccc.devicemanagement/.BRBJobIntentService", ws=WorkSource{10050}, uid=1000, pid=1975
10-24 14:12:37.658  1975  2983 D PowerManagerService: releaseWakeLockInternal: lock=147132902 [*net_scheduler*], flags=0x0
10-24 14:12:37.659  1975  2983 D PowerManagerService: acquireWakeLockInternal: lock=147132902, flags=0x1, tag="*net_scheduler*", ws=WorkSource{10033 com.google.android.gms}, uid=10033, pid=3034
10-24 14:12:37.685  1975  5126 D PowerManagerService: releaseWakeLockInternal: lock=147132902 [*net_scheduler*], flags=0x0
10-24 14:12:37.699  1975  5889 D PowerManagerService: releaseWakeLockInternal: lock=149418614 [*job*/com.motorola.ccc.devicemanagement/.BRBJobIntentService], flags=0x0
10-24 14:12:37.858  1975  2057 D DeviceIdleController: handleMessage(7)
10-24 14:12:37.860  1975  1975 D PowerManagerService: acquireWakeLockInternal: lock=194832512, flags=0x1, tag="*job*/com.google.android.apps.messaging/.shared.datamodel.action.execution.ActionJobService", ws=WorkSource{10125}, uid=1000, pid=1975
10-24 14:12:37.875  1975  4548 W ActivityManager: Background start not allowed: service Intent { cmp=com.google.android.apps.messaging/.shared.datamodel.action.execution.ActionExecutorImpl$EmptyService } to com.google.android.apps.messaging/.shared.datamodel.action.execution.ActionExecutorImpl$EmptyService from pid=6682 uid=10125 pkg=com.google.android.apps.messaging startFg?=false
10-24 14:12:37.896  1975  4548 W ActivityManager: Background start not allowed: service Intent { cmp=com.google.android.apps.messaging/.shared.datamodel.action.execution.ActionExecutorImpl$EmptyService } to com.google.android.apps.messaging/.shared.datamodel.action.execution.ActionExecutorImpl$EmptyService from pid=6682 uid=10125 pkg=com.google.android.apps.messaging startFg?=false
10-24 14:12:37.909  1975  3185 D PowerManagerService: releaseWakeLockInternal: lock=194832512 [*job*/com.google.android.apps.messaging/.shared.datamodel.action.execution.ActionJobService], flags=0x0
10-24 14:12:37.927  1975  2057 D DeviceIdleController: handleMessage(7)
10-24 14:12:38.094  3188  3188 W ContextImpl: Calling a method in the system process without a qualified user: android.app.ContextImpl.startService:1546 android.content.ContextWrapper.startService:664 android.content.ContextWrapper.startService:664 com.motorola.ccc.main.StartUpReceiver.onReceive:21 android.app.ActivityThread.handleReceiver:3605 
10-24 14:12:38.146  1975  2983 D PowerManagerService: acquireWakeLockInternal: lock=53423715, flags=0x1, tag="GCM_CONN_ALARM", ws=WorkSource{10033 com.google.android.gms}, uid=10033, pid=3034
10-24 14:12:38.149  1975  2071 D DeviceIdleController: Adding AppId 10033 to temp whitelist. New entry: false
10-24 14:12:38.165  1975  6466 D PowerManagerService: releaseWakeLockInternal: lock=53423715 [GCM_CONN_ALARM], flags=0x0
10-24 14:12:38.194  1975  2069 I ActivityManager: Waited long enough for: ServiceRecord{5787b43 u0 com.qualcomm.qti.modemtestmode/.MbnSystemService}
10-24 14:12:38.266  1975  2071 D DeviceIdleController: Adding AppId 10111 to temp whitelist. New entry: true
10-24 14:12:38.266  1975  2071 D DeviceIdleController: postTempActiveTimeoutMessage: uid=10111, delay=10000
10-24 14:12:38.266  1975  2071 D DeviceIdleController: Setting activity manager temp whitelist to [10033, 10111]
10-24 14:12:38.268  1975  2071 D DeviceIdleController: Setting wakelock temp whitelist to [10033, 10111]
10-24 14:12:38.295  1975  2072 I ActivityManager: Start proc 7000:com.qti.ltebc/u0a111 for broadcast com.qti.ltebc/com.qualcomm.ltebc.LTEBroadcastAlarmReceiver
10-24 14:12:38.349  1975  4548 D ActivityManager: ActivityStack{e09aed0 stackId=0 type=home mode=fullscreen visible=true translucent=false, 1 tasks} occluded Keyguard false on display 0
10-24 14:12:38.419  1975  1975 D PowerManagerService: acquireWakeLockInternal: lock=62854460, flags=0x1, tag="*job*/android/com.android.server.pm.BackgroundDexOptService", ws=WorkSource{1000}, uid=1000, pid=1975
10-24 14:12:38.425  1975  7018 D PowerManagerService: acquireWakeLockInternal: lock=154960581, flags=0x1, tag="*dexopt*", ws=WorkSource{10155}, uid=1000, pid=1975
10-24 14:12:38.429  1975  7018 D PowerManagerService: releaseWakeLockInternal: lock=154960581 [*dexopt*], flags=0x0
10-24 14:12:38.430  1975  7018 D PowerManagerService: acquireWakeLockInternal: lock=154960581, flags=0x1, tag="*dexopt*", ws=WorkSource{10144}, uid=1000, pid=1975
10-24 14:12:38.471  1975  7018 D PowerManagerService: releaseWakeLockInternal: lock=154960581 [*dexopt*], flags=0x0
10-24 14:12:38.472  1975  7018 D PowerManagerService: acquireWakeLockInternal: lock=154960581, flags=0x1, tag="*dexopt*", ws=WorkSource{1000}, uid=1000, pid=1975
10-24 14:12:38.479  1975  7018 D PowerManagerService: releaseWakeLockInternal: lock=154960581 [*dexopt*], flags=0x0
10-24 14:12:38.479  1975  7018 D PowerManagerService: acquireWakeLockInternal: lock=154960581, flags=0x1, tag="*dexopt*", ws=WorkSource{10084}, uid=1000, pid=1975
10-24 14:12:38.481  1975  7018 D PowerManagerService: releaseWakeLockInternal: lock=154960581 [*dexopt*], flags=0x0
10-24 14:12:38.481  1975  7018 D PowerManagerService: acquireWakeLockInternal: lock=154960581, flags=0x1, tag="*dexopt*", ws=WorkSource{10016}, uid=1000, pid=1975
10-24 14:12:38.483  1975  7018 D PowerManagerService: releaseWakeLockInternal: lock=154960581 [*dexopt*], flags=0x0
10-24 14:12:38.484  1975  7018 D PowerManagerService: acquireWakeLockInternal: lock=154960581, flags=0x1, tag="*dexopt*", ws=WorkSource{1001}, uid=1000, pid=1975
10-24 14:12:38.486  1975  7018 D PowerManagerService: releaseWakeLockInternal: lock=154960581 [*dexopt*], flags=0x0
10-24 14:12:38.487  1975  7018 D PowerManagerService: acquireWakeLockInternal: lock=154960581, flags=0x1, tag="*dexopt*", ws=WorkSource{10083}, uid=1000, pid=1975
10-24 14:12:38.629  1975  7018 D PowerManagerService: releaseWakeLockInternal: lock=154960581 [*dexopt*], flags=0x0
10-24 14:12:38.629  1975  7018 D PowerManagerService: acquireWakeLockInternal: lock=154960581, flags=0x1, tag="*dexopt*", ws=WorkSource{10090}, uid=1000, pid=1975
10-24 14:12:38.631  1975  7018 D PowerManagerService: releaseWakeLockInternal: lock=154960581 [*dexopt*], flags=0x0
10-24 14:12:38.631  1975  7018 D PowerManagerService: acquireWakeLockInternal: lock=154960581, flags=0x1, tag="*dexopt*", ws=WorkSource{1001}, uid=1000, pid=1975
10-24 14:12:38.638  1975  7018 D PowerManagerService: releaseWakeLockInternal: lock=154960581 [*dexopt*], flags=0x0
10-24 14:12:38.638  1975  7018 D PowerManagerService: acquireWakeLockInternal: lock=154960581, flags=0x1, tag="*dexopt*", ws=WorkSource{10023}, uid=1000, pid=1975
10-24 14:12:38.640  1975  7018 D PowerManagerService: releaseWakeLockInternal: lock=154960581 [*dexopt*], flags=0x0
10-24 14:12:38.640  1975  7018 D PowerManagerService: acquireWakeLockInternal: lock=154960581, flags=0x1, tag="*dexopt*", ws=WorkSource{1000}, uid=1000, pid=1975
10-24 14:12:38.647  1975  7018 D PowerManagerService: releaseWakeLockInternal: lock=154960581 [*dexopt*], flags=0x0
10-24 14:12:38.648  1975  7018 D PowerManagerService: acquireWakeLockInternal: lock=154960581, flags=0x1, tag="*dexopt*", ws=WorkSource{10089}, uid=1000, pid=1975
10-24 14:12:38.649  1975  7018 D PowerManagerService: releaseWakeLockInternal: lock=154960581 [*dexopt*], flags=0x0
10-24 14:12:38.650  1975  7018 D PowerManagerService: acquireWakeLockInternal: lock=154960581, flags=0x1, tag="*dexopt*", ws=WorkSource{10110}, uid=1000, pid=1975
10-24 14:12:38.652  1975  7018 D PowerManagerService: releaseWakeLockInternal: lock=154960581 [*dexopt*], flags=0x0
10-24 14:12:38.653  1975  7018 D PowerManagerService: acquireWakeLockInternal: lock=154960581, flags=0x1, tag="*dexopt*", ws=WorkSource{10006}, uid=1000, pid=1975
10-24 14:12:38.665  1975  7018 D PowerManagerService: releaseWakeLockInternal: lock=154960581 [*dexopt*], flags=0x0
10-24 14:12:38.666  1975  7018 D PowerManagerService: acquireWakeLockInternal: lock=154960581, flags=0x1, tag="*dexopt*", ws=WorkSource{1007}, uid=1000, pid=1975
10-24 14:12:38.686  1975  7018 D PowerManagerService: releaseWakeLockInternal: lock=154960581 [*dexopt*], flags=0x0
10-24 14:12:38.687  1975  7018 D PowerManagerService: acquireWakeLockInternal: lock=154960581, flags=0x1, tag="*dexopt*", ws=WorkSource{1001}, uid=1000, pid=1975
10-24 14:12:38.709  1975  7018 D PowerManagerService: releaseWakeLockInternal: lock=154960581 [*dexopt*], flags=0x0
10-24 14:12:38.710  1975  7018 D PowerManagerService: acquireWakeLockInternal: lock=154960581, flags=0x1, tag="*dexopt*", ws=WorkSource{10011}, uid=1000, pid=1975
10-24 14:12:38.716  1975  7018 D PowerManagerService: releaseWakeLockInternal: lock=154960581 [*dexopt*], flags=0x0
10-24 14:12:38.716  1975  7018 D PowerManagerService: acquireWakeLockInternal: lock=154960581, flags=0x1, tag="*dexopt*", ws=WorkSource{1000}, uid=1000, pid=1975
10-24 14:12:38.732  1975  7018 D PowerManagerService: releaseWakeLockInternal: lock=154960581 [*dexopt*], flags=0x0
10-24 14:12:38.732  1975  7018 D PowerManagerService: acquireWakeLockInternal: lock=154960581, flags=0x1, tag="*dexopt*", ws=WorkSource{10050}, uid=1000, pid=1975
10-24 14:12:38.749  1975  7018 D PowerManagerService: releaseWakeLockInternal: lock=154960581 [*dexopt*], flags=0x0
10-24 14:12:38.749  1975  7018 D PowerManagerService: acquireWakeLockInternal: lock=154960581, flags=0x1, tag="*dexopt*", ws=WorkSource{1000}, uid=1000, pid=1975
10-24 14:12:38.754  1975  7018 D PowerManagerService: releaseWakeLockInternal: lock=154960581 [*dexopt*], flags=0x0
10-24 14:12:38.754  1975  7018 D PowerManagerService: acquireWakeLockInternal: lock=154960581, flags=0x1, tag="*dexopt*", ws=WorkSource{10038}, uid=1000, pid=1975
10-24 14:12:38.771  1975  7018 D PowerManagerService: releaseWakeLockInternal: lock=154960581 [*dexopt*], flags=0x0
10-24 14:12:38.772  1975  7018 D PowerManagerService: acquireWakeLockInternal: lock=154960581, flags=0x1, tag="*dexopt*", ws=WorkSource{10068}, uid=1000, pid=1975
10-24 14:12:38.781  1975  7018 D PowerManagerService: releaseWakeLockInternal: lock=154960581 [*dexopt*], flags=0x0
10-24 14:12:38.782  1975  7018 D PowerManagerService: acquireWakeLockInternal: lock=154960581, flags=0x1, tag="*dexopt*", ws=WorkSource{1007}, uid=1000, pid=1975
10-24 14:12:38.784  1975  7018 D PowerManagerService: releaseWakeLockInternal: lock=154960581 [*dexopt*], flags=0x0
10-24 14:12:38.785  1975  7018 D PowerManagerService: acquireWakeLockInternal: lock=154960581, flags=0x1, tag="*dexopt*", ws=WorkSource{10073}, uid=1000, pid=1975
10-24 14:12:38.788  1975  7018 D PowerManagerService: releaseWakeLockInternal: lock=154960581 [*dexopt*], flags=0x0
10-24 14:12:38.788  1975  7018 D PowerManagerService: acquireWakeLockInternal: lock=154960581, flags=0x1, tag="*dexopt*", ws=WorkSource{10055}, uid=1000, pid=1975
10-24 14:12:38.790  1975  7018 D PowerManagerService: releaseWakeLockInternal: lock=154960581 [*dexopt*], flags=0x0
10-24 14:12:38.791  1975  7018 D PowerManagerService: acquireWakeLockInternal: lock=154960581, flags=0x1, tag="*dexopt*", ws=WorkSource{1001}, uid=1000, pid=1975
10-24 14:12:38.798  1975  7018 D PowerManagerService: releaseWakeLockInternal: lock=154960581 [*dexopt*], flags=0x0
10-24 14:12:38.799  1975  7018 D PowerManagerService: acquireWakeLockInternal: lock=154960581, flags=0x1, tag="*dexopt*", ws=WorkSource{10130}, uid=1000, pid=1975
10-24 14:12:38.815  1975  7018 D PowerManagerService: releaseWakeLockInternal: lock=154960581 [*dexopt*], flags=0x0
10-24 14:12:38.816  1975  7018 D PowerManagerService: acquireWakeLockInternal: lock=154960581, flags=0x1, tag="*dexopt*", ws=WorkSource{1000}, uid=1000, pid=1975
10-24 14:12:38.831  1975  7018 D PowerManagerService: releaseWakeLockInternal: lock=154960581 [*dexopt*], flags=0x0
10-24 14:12:38.832  1975  7018 D PowerManagerService: acquireWakeLockInternal: lock=154960581, flags=0x1, tag="*dexopt*", ws=WorkSource{10139}, uid=1000, pid=1975
10-24 14:12:38.837  1975  7018 D PowerManagerService: releaseWakeLockInternal: lock=154960581 [*dexopt*], flags=0x0
10-24 14:12:38.837  1975  7018 D PowerManagerService: acquireWakeLockInternal: lock=154960581, flags=0x1, tag="*dexopt*", ws=WorkSource{1001}, uid=1000, pid=1975
10-24 14:12:38.841  1975  7018 D PowerManagerService: releaseWakeLockInternal: lock=154960581 [*dexopt*], flags=0x0
10-24 14:12:38.842  1975  7018 D PowerManagerService: acquireWakeLockInternal: lock=154960581, flags=0x1, tag="*dexopt*", ws=WorkSource{10156}, uid=1000, pid=1975
10-24 14:12:38.843  1975  7018 D PowerManagerService: releaseWakeLockInternal: lock=154960581 [*dexopt*], flags=0x0
10-24 14:12:38.844  1975  7018 D PowerManagerService: acquireWakeLockInternal: lock=154960581, flags=0x1, tag="*dexopt*", ws=WorkSource{10023}, uid=1000, pid=1975
10-24 14:12:38.845  1975  7018 D PowerManagerService: releaseWakeLockInternal: lock=154960581 [*dexopt*], flags=0x0
10-24 14:12:38.846  1975  4971 I ActivityManager: Killing 6413:com.motorola.contacts.preloadcontacts/u0a20 (adj 906): empty #17
10-24 14:12:38.847  1975  7018 D PowerManagerService: acquireWakeLockInternal: lock=154960581, flags=0x1, tag="*dexopt*", ws=WorkSource{10022}, uid=1000, pid=1975
10-24 14:12:38.856  1975  7018 D PowerManagerService: releaseWakeLockInternal: lock=154960581 [*dexopt*], flags=0x0
10-24 14:12:38.858  1975  7018 D PowerManagerService: acquireWakeLockInternal: lock=154960581, flags=0x1, tag="*dexopt*", ws=WorkSource{10125}, uid=1000, pid=1975
10-24 14:12:38.875  1975  7018 D PowerManagerService: releaseWakeLockInternal: lock=154960581 [*dexopt*], flags=0x0
10-24 14:12:38.876  1975  7018 D PowerManagerService: acquireWakeLockInternal: lock=154960581, flags=0x1, tag="*dexopt*", ws=WorkSource{1007}, uid=1000, pid=1975
10-24 14:12:38.879  1975  7018 D PowerManagerService: releaseWakeLockInternal: lock=154960581 [*dexopt*], flags=0x0
10-24 14:12:38.879  1975  7018 D PowerManagerService: acquireWakeLockInternal: lock=154960581, flags=0x1, tag="*dexopt*", ws=WorkSource{10138}, uid=1000, pid=1975
10-24 14:12:38.886  1975  7018 D PowerManagerService: releaseWakeLockInternal: lock=154960581 [*dexopt*], flags=0x0
10-24 14:12:38.887  1975  7018 D PowerManagerService: acquireWakeLockInternal: lock=154960581, flags=0x1, tag="*dexopt*", ws=WorkSource{10032}, uid=1000, pid=1975
10-24 14:12:38.892  1975  7018 D PowerManagerService: releaseWakeLockInternal: lock=154960581 [*dexopt*], flags=0x0
10-24 14:12:38.892  1975  7018 D PowerManagerService: acquireWakeLockInternal: lock=154960581, flags=0x1, tag="*dexopt*", ws=WorkSource{10071}, uid=1000, pid=1975
10-24 14:12:38.908  1975  7018 D PowerManagerService: releaseWakeLockInternal: lock=154960581 [*dexopt*], flags=0x0
10-24 14:12:38.909  1975  7018 D PowerManagerService: acquireWakeLockInternal: lock=154960581, flags=0x1, tag="*dexopt*", ws=WorkSource{1000}, uid=1000, pid=1975
10-24 14:12:38.924  1975  7018 D PowerManagerService: releaseWakeLockInternal: lock=154960581 [*dexopt*], flags=0x0
10-24 14:12:38.925  1975  7018 D PowerManagerService: acquireWakeLockInternal: lock=154960581, flags=0x1, tag="*dexopt*", ws=WorkSource{1001}, uid=1000, pid=1975
10-24 14:12:38.926  1975  4548 W ActivityManager: Unable to start service Intent { act=com.qualcomm.qti.qms.service.trustzoneaccess.TZAccessService pkg=com.qualcomm.qti.qms.service.trustzoneaccess } U=0: not found
10-24 14:12:38.928  1975  7018 D PowerManagerService: releaseWakeLockInternal: lock=154960581 [*dexopt*], flags=0x0
10-24 14:12:38.929  1975  7018 D PowerManagerService: acquireWakeLockInternal: lock=154960581, flags=0x1, tag="*dexopt*", ws=WorkSource{1001}, uid=1000, pid=1975
10-24 14:12:38.949  1975  7018 D PowerManagerService: releaseWakeLockInternal: lock=154960581 [*dexopt*], flags=0x0
10-24 14:12:38.951  1975  7018 D PowerManagerService: acquireWakeLockInternal: lock=154960581, flags=0x1, tag="*dexopt*", ws=WorkSource{10060}, uid=1000, pid=1975
10-24 14:12:38.952  1975  4548 W ActivityManager: Unable to start service Intent { act=com.google.android.gms.analytics.service.START cmp=com.google.android.gms/.analytics.service.AnalyticsService (has extras) } U=0: not found
10-24 14:12:38.954  1975  7018 D PowerManagerService: releaseWakeLockInternal: lock=154960581 [*dexopt*], flags=0x0
10-24 14:12:38.955  1975  7018 D PowerManagerService: acquireWakeLockInternal: lock=154960581, flags=0x1, tag="*dexopt*", ws=WorkSource{1000}, uid=1000, pid=1975
10-24 14:12:38.958  1975  7018 D PowerManagerService: releaseWakeLockInternal: lock=154960581 [*dexopt*], flags=0x0
10-24 14:12:38.959  1975  7018 D PowerManagerService: acquireWakeLockInternal: lock=154960581, flags=0x1, tag="*dexopt*", ws=WorkSource{1000}, uid=1000, pid=1975
10-24 14:12:38.960  1975  7018 D PowerManagerService: releaseWakeLockInternal: lock=154960581 [*dexopt*], flags=0x0
10-24 14:12:38.961  1975  7018 D PowerManagerService: acquireWakeLockInternal: lock=154960581, flags=0x1, tag="*dexopt*", ws=WorkSource{10026}, uid=1000, pid=1975
10-24 14:12:38.962  1975  7018 D PowerManagerService: releaseWakeLockInternal: lock=154960581 [*dexopt*], flags=0x0
