10-24 14:19:12.568  1975  2094 I dvm_lock_sample: [system_server,1,android.display,36,ActivityManagerService.java,27236,void com.android.server.am.ActivityManagerService$LocalService.notifyAppTransitionFinished(),ActivityStackSupervisor.java,4846,void com.android.server.am.ActivityStackSupervisor$ActivityStackSupervisorHandler.activityIdleInternal(com.android.server.am.ActivityRecord, boolean),7]
10-24 14:19:12.568  8669  8669 I am_on_stop_called: [0,com.android.settings.SubSettings,LIFECYCLER_STOP_ACTIVITY]
10-24 14:19:12.576  8669  8669 I am_on_destroy_called: [0,com.android.settings.SubSettings,performDestroy]
10-24 14:19:13.552  1975  3182 I am_create_activity: [0,197136994,17,com.android.settings/.SubSettings,android.intent.action.MAIN,NULL,NULL,0]
10-24 14:19:13.556  1975  3182 I am_pause_activity: [0,222265609,com.android.settings/.SubSettings,userLeaving=true]
10-24 14:19:13.564  8669  8669 I sysui_view_visibility: [103,0]
10-24 14:19:13.564  8669  8669 I sysui_multi_action: [757,103,758,2]
10-24 14:19:13.566  8669  8669 I am_on_paused_called: [0,com.android.settings.SubSettings,performPause]
10-24 14:19:13.568  1975  2024 I am_restart_activity: [0,197136994,17,com.android.settings/.SubSettings]
10-24 14:19:13.569  1975  2024 I am_set_resumed_activity: [0,com.android.settings/.SubSettings,minimalResumeActivityLocked]
10-24 14:19:13.573  1975  2069 I sysui_count: [window_time_0,2]
10-24 14:19:13.573  1975  2069 I sysui_multi_action: [757,803,799,window_time_0,802,2]
10-24 14:19:13.608  8669  8669 I am_on_create_called: [0,com.android.settings.SubSettings,performCreate]
10-24 14:19:13.617  8669  8669 I am_on_start_called: [0,com.android.settings.SubSettings,handleStartActivity]
10-24 14:19:13.619  8669  8669 I am_on_resume_called: [0,com.android.settings.SubSettings,RESUME_ACTIVITY]
10-24 14:19:13.626  8669  8669 I sysui_multi_action: [757,849,758,1,833,103]
10-24 14:19:13.628  8669  8688 I sysui_count: [wifi.details.WifiNetworkDetailsFragment/metered|0,1]
10-24 14:19:13.628  8669  8688 I sysui_multi_action: [757,803,799,wifi.details.WifiNetworkDetailsFragment/metered|0,802,1]
10-24 14:19:13.726  1975  2094 I am_activity_launch_time: [0,197136994,com.android.settings/.SubSettings,155,155]
10-24 14:19:14.154  1975  2069 I am_stop_activity: [0,222265609,com.android.settings/.SubSettings]
10-24 14:19:14.175  8669  8669 I am_on_stop_called: [0,com.android.settings.SubSettings,STOP_ACTIVITY_ITEM]
10-24 14:19:14.549  1975  2101 I cpu     : [20,8,10,0,1,0]
10-24 14:19:14.652  2551  2551 I sysui_multi_action: [757,931,758,4,759,4,932,0,933,0]
10-24 14:19:14.652  1975  4432 I sysui_count: [key_back_down,1]
10-24 14:19:14.653  1975  4432 I sysui_multi_action: [757,803,799,key_back_down,802,1]
10-24 14:19:14.715  2551  2551 I sysui_multi_action: [757,931,758,4,759,4,932,0,933,1]
10-24 14:19:14.718  1975  4432 I am_finish_activity: [0,197136994,17,com.android.settings/.SubSettings,app-request]
10-24 14:19:14.719  1975  4432 I am_pause_activity: [0,197136994,com.android.settings/.SubSettings,userLeaving=false]
10-24 14:19:14.723  1975  2069 I sysui_count: [window_time_0,1]
10-24 14:19:14.723  1975  2069 I sysui_multi_action: [757,803,799,window_time_0,802,1]
10-24 14:19:14.723  8669  8669 I sysui_view_visibility: [849,0]
10-24 14:19:14.723  8669  8669 I sysui_multi_action: [757,849,758,2]
10-24 14:19:14.725  8669  8669 I am_on_paused_called: [0,com.android.settings.SubSettings,performPause]
10-24 14:19:14.728  1975  3182 I am_set_resumed_activity: [0,com.android.settings/.SubSettings,resumeTopActivityInnerLocked]
10-24 14:19:14.729  1975  3182 I am_resume_activity: [0,222265609,17,com.android.settings/.SubSettings]
10-24 14:19:14.732  1975  2069 I sysui_count: [window_time_0,0]
10-24 14:19:14.733  1975  2069 I sysui_multi_action: [757,803,799,window_time_0,802,0]
10-24 14:19:14.733  8669  8669 I am_on_restart_called: [0,com.android.settings.SubSettings,performRestartActivity]
10-24 14:19:14.734  8669  8669 I am_on_start_called: [0,com.android.settings.SubSettings,handleStartActivity]
10-24 14:19:14.782  8669  8669 I sysui_histogram: [settings_wifi_speed_labels,0]
10-24 14:19:14.783  8669  8669 I sysui_multi_action: [757,804,799,settings_wifi_speed_labels,801,0,802,1]
10-24 14:19:14.789  8669  8669 I am_on_resume_called: [0,com.android.settings.SubSettings,RESUME_ACTIVITY]
10-24 14:19:14.790  8669  8669 I sysui_multi_action: [757,103,758,1,833,746]
10-24 14:19:14.885  8669  8669 I sysui_histogram: [settings_wifi_speed_labels,0]
10-24 14:19:14.886  8669  8669 I sysui_multi_action: [757,804,799,settings_wifi_speed_labels,801,0,802,1]
10-24 14:19:14.891  8669  8669 I sysui_histogram: [settings_wifi_speed_labels,0]
10-24 14:19:14.891  8669  8669 I sysui_multi_action: [757,804,799,settings_wifi_speed_labels,801,0,802,1]
10-24 14:19:15.201  2551  2551 I sysui_multi_action: [757,931,758,4,759,4,932,0,933,0]
10-24 14:19:15.201  1975  2024 I sysui_count: [key_back_down,1]
10-24 14:19:15.202  1975  2024 I sysui_multi_action: [757,803,799,key_back_down,802,1]
10-24 14:19:15.258  2551  2551 I sysui_multi_action: [757,931,758,4,759,4,932,0,933,1]
10-24 14:19:15.260  1975  2024 I am_finish_activity: [0,222265609,17,com.android.settings/.SubSettings,app-request]
10-24 14:19:15.261  1975  2024 I am_pause_activity: [0,222265609,com.android.settings/.SubSettings,userLeaving=false]
10-24 14:19:15.264  1975  2069 I sysui_count: [window_time_0,1]
10-24 14:19:15.264  1975  2069 I sysui_multi_action: [757,803,799,window_time_0,802,1]
10-24 14:19:15.268  8669  8669 I sysui_view_visibility: [103,0]
10-24 14:19:15.268  8669  8669 I sysui_multi_action: [757,103,758,2]
10-24 14:19:15.271  8669  8669 I am_on_paused_called: [0,com.android.settings.SubSettings,performPause]
10-24 14:19:15.273  1975  3181 I am_set_resumed_activity: [0,com.android.settings/.Settings$NetworkDashboardActivity,resumeTopActivityInnerLocked]
10-24 14:19:15.274  1975  3181 I am_resume_activity: [0,156064863,17,com.android.settings/.Settings$NetworkDashboardActivity]
10-24 14:19:15.278  1975  2069 I sysui_count: [window_time_0,0]
10-24 14:19:15.278  1975  2069 I sysui_multi_action: [757,803,799,window_time_0,802,0]
10-24 14:19:15.286  8669  8669 I am_on_restart_called: [0,com.android.settings.Settings$NetworkDashboardActivity,performRestartActivity]
10-24 14:19:15.287  8669  8669 I am_on_start_called: [0,com.android.settings.Settings$NetworkDashboardActivity,handleStartActivity]
10-24 14:19:15.299  8669  8669 I am_on_resume_called: [0,com.android.settings.Settings$NetworkDashboardActivity,RESUME_ACTIVITY]
10-24 14:19:15.309  8669  8669 I sysui_multi_action: [757,746,758,1,833,35]
10-24 14:19:15.791  1975  2069 I am_destroy_activity: [0,222265609,17,com.android.settings/.SubSettings,finish-imm:activityIdleInternalLocked]
10-24 14:19:15.791  1975  2069 I am_destroy_activity: [0,197136994,17,com.android.settings/.SubSettings,finish-imm:activityIdleInternalLocked]
10-24 14:19:15.812  8669  8669 I am_on_stop_called: [0,com.android.settings.SubSettings,LIFECYCLER_STOP_ACTIVITY]
10-24 14:19:15.814  8669  8669 I am_on_destroy_called: [0,com.android.settings.SubSettings,performDestroy]
10-24 14:19:15.819  8669  8669 I am_on_stop_called: [0,com.android.settings.SubSettings,LIFECYCLER_STOP_ACTIVITY]
10-24 14:19:15.821  8669  8669 I am_on_destroy_called: [0,com.android.settings.SubSettings,performDestroy]
10-24 14:19:16.003  2551  2551 I sysui_multi_action: [757,931,758,4,759,4,932,0,933,0]
10-24 14:19:16.004  1975  2024 I sysui_count: [key_back_down,1]
10-24 14:19:16.004  1975  2024 I sysui_multi_action: [757,803,799,key_back_down,802,1]
10-24 14:19:16.069  2551  2551 I sysui_multi_action: [757,931,758,4,759,4,932,0,933,1]
10-24 14:19:16.071  1975  2024 I am_finish_activity: [0,156064863,17,com.android.settings/.Settings$NetworkDashboardActivity,app-request]
10-24 14:19:16.072  1975  2024 I am_pause_activity: [0,156064863,com.android.settings/.Settings$NetworkDashboardActivity,userLeaving=false]
10-24 14:19:16.075  1975  2069 I sysui_count: [window_time_0,0]
10-24 14:19:16.075  1975  2069 I sysui_multi_action: [757,803,799,window_time_0,802,0]
10-24 14:19:16.075  8669  8669 I sysui_view_visibility: [746,0]
10-24 14:19:16.075  8669  8669 I sysui_multi_action: [757,746,758,2]
10-24 14:19:16.081  8669  8669 I am_on_paused_called: [0,com.android.settings.Settings$NetworkDashboardActivity,performPause]
10-24 14:19:16.083  1975  2638 I am_set_resumed_activity: [0,com.android.settings/.Settings,resumeTopActivityInnerLocked]
10-24 14:19:16.084  1975  2638 I am_resume_activity: [0,156632457,17,com.android.settings/.Settings]
10-24 14:19:16.089  8669  8669 I am_on_activity_result_called: [0,com.android.settings.Settings,ACTIVITY_RESULT]
10-24 14:19:16.089  8669  8669 I am_on_restart_called: [0,com.android.settings.Settings,performRestartActivity]
10-24 14:19:16.089  1975  2069 I sysui_count: [window_time_0,1]
10-24 14:19:16.089  1975  2069 I sysui_multi_action: [757,803,799,window_time_0,802,1]
10-24 14:19:16.090  8669  8669 I am_on_start_called: [0,com.android.settings.Settings,handleStartActivity]
10-24 14:19:16.094  1975  4432 I am_uid_active: 10013
10-24 14:19:16.098  8669  8669 I am_on_resume_called: [0,com.android.settings.Settings,RESUME_ACTIVITY]
10-24 14:19:16.101  8669  8669 I sysui_multi_action: [757,35,758,1,833,0]
10-24 14:19:16.165  3034  9146 I gtalk_connection: 16777985
10-24 14:19:16.182  3034  9152 I gtalk_connection: 16777985
10-24 14:19:16.661  1975  2069 I am_destroy_activity: [0,156064863,17,com.android.settings/.Settings$NetworkDashboardActivity,finish-imm:activityIdleInternalLocked]
10-24 14:19:16.676  8669  8669 I am_on_stop_called: [0,com.android.settings.Settings$NetworkDashboardActivity,LIFECYCLER_STOP_ACTIVITY]
10-24 14:19:16.679  8669  8669 I am_on_destroy_called: [0,com.android.settings.Settings$NetworkDashboardActivity,performDestroy]
10-24 14:19:17.236  1975  1975 I notification_enqueue: [1000,3968,com.motorola.tools.batterytracer,13579,NULL,0,Notification(channel=bt_shades_channel pri=-2 contentView=null vibrate=null sound=null defaults=0x0 flags=0x2 color=0x00000000 vis=PRIVATE),1]
10-24 14:19:17.578  1975  2024 I am_create_activity: [0,15355677,17,com.android.settings/.Settings$NetworkDashboardActivity,NULL,NULL,NULL,32768]
10-24 14:19:17.582  1975  2024 I am_pause_activity: [0,156632457,com.android.settings/.Settings,userLeaving=true]
10-24 14:19:17.586  8669  8669 I sysui_view_visibility: [35,0]
10-24 14:19:17.586  8669  8669 I sysui_multi_action: [757,35,758,2]
10-24 14:19:17.589  8669  8669 I am_on_paused_called: [0,com.android.settings.Settings,performPause]
10-24 14:19:17.591  1975  4432 I am_restart_activity: [0,15355677,17,com.android.settings/.Settings$NetworkDashboardActivity]
10-24 14:19:17.593  1975  4432 I am_set_resumed_activity: [0,com.android.settings/.Settings$NetworkDashboardActivity,minimalResumeActivityLocked]
10-24 14:19:17.599  1975  2069 I sysui_count: [window_time_0,1]
10-24 14:19:17.599  1975  2069 I sysui_multi_action: [757,803,799,window_time_0,802,1]
10-24 14:19:17.639  8669  8669 I service_manager_stats: [100,72,68725]
10-24 14:19:17.660  8669  8669 I am_on_create_called: [0,com.android.settings.Settings$NetworkDashboardActivity,performCreate]
10-24 14:19:17.671  8669  8669 I am_on_start_called: [0,com.android.settings.Settings$NetworkDashboardActivity,handleStartActivity]
10-24 14:19:17.680  8669  8669 I am_on_resume_called: [0,com.android.settings.Settings$NetworkDashboardActivity,RESUME_ACTIVITY]
10-24 14:19:17.689  8669  8669 I sysui_multi_action: [757,746,758,1,833,35]
10-24 14:19:17.789  1975  2094 I am_activity_launch_time: [0,15355677,com.android.settings/.Settings$NetworkDashboardActivity,195,195]
10-24 14:19:18.214  1975  2069 I am_stop_activity: [0,156632457,com.android.settings/.Settings]
10-24 14:19:18.237  8669  8669 I am_on_stop_called: [0,com.android.settings.Settings,STOP_ACTIVITY_ITEM]
10-24 14:19:18.477  8669  8669 I sysui_multi_action: [757,830,758,4,806,android.settings.WIFI_SETTINGS,833,746]
10-24 14:19:18.480  1975  3182 I am_create_activity: [0,146896662,17,com.android.settings/.SubSettings,android.intent.action.MAIN,NULL,NULL,0]
10-24 14:19:18.483  1975  3182 I am_pause_activity: [0,15355677,com.android.settings/.Settings$NetworkDashboardActivity,userLeaving=true]
10-24 14:19:18.487  8669  8669 I sysui_view_visibility: [746,0]
10-24 14:19:18.487  8669  8669 I sysui_multi_action: [757,746,758,2]
10-24 14:19:18.492  8669  8669 I am_on_paused_called: [0,com.android.settings.Settings$NetworkDashboardActivity,performPause]
10-24 14:19:18.495  1975  3182 I am_restart_activity: [0,146896662,17,com.android.settings/.SubSettings]
10-24 14:19:18.496  1975  3182 I am_set_resumed_activity: [0,com.android.settings/.SubSettings,minimalResumeActivityLocked]
10-24 14:19:18.500  1975  2069 I sysui_count: [window_time_0,1]
10-24 14:19:18.500  1975  2069 I sysui_multi_action: [757,803,799,window_time_0,802,1]
10-24 14:19:18.539  8669  8669 I am_on_create_called: [0,com.android.settings.SubSettings,performCreate]
10-24 14:19:18.555  8669  8669 I am_on_start_called: [0,com.android.settings.SubSettings,handleStartActivity]
10-24 14:19:18.591  8669  8669 I sysui_histogram: [settings_wifi_speed_labels,0]
10-24 14:19:18.591  8669  8669 I sysui_multi_action: [757,804,799,settings_wifi_speed_labels,801,0,802,1]
10-24 14:19:18.593  8669  8669 I sysui_histogram: [settings_wifi_speed_labels,0]
10-24 14:19:18.593  8669  8669 I sysui_multi_action: [757,804,799,settings_wifi_speed_labels,801,0,802,1]
10-24 14:19:18.593  8669  8669 I sysui_histogram: [settings_wifi_speed_labels,0]
10-24 14:19:18.593  8669  8669 I sysui_multi_action: [757,804,799,settings_wifi_speed_labels,801,0,802,1]
10-24 14:19:18.594  8669  8669 I sysui_histogram: [settings_wifi_speed_labels,0]
10-24 14:19:18.594  8669  8669 I sysui_multi_action: [757,804,799,settings_wifi_speed_labels,801,0,802,1]
10-24 14:19:18.595  8669  8669 I sysui_histogram: [settings_wifi_speed_labels,0]
10-24 14:19:18.595  8669  8669 I sysui_multi_action: [757,804,799,settings_wifi_speed_labels,801,0,802,1]
10-24 14:19:18.595  8669  8669 I sysui_histogram: [settings_wifi_speed_labels,0]
10-24 14:19:18.595  8669  8669 I sysui_multi_action: [757,804,799,settings_wifi_speed_labels,801,0,802,1]
10-24 14:19:18.596  8669  8669 I sysui_histogram: [settings_wifi_speed_labels,0]
10-24 14:19:18.596  8669  8669 I sysui_multi_action: [757,804,799,settings_wifi_speed_labels,801,0,802,1]
10-24 14:19:18.597  8669  8669 I sysui_histogram: [settings_wifi_speed_labels,0]
10-24 14:19:18.598  8669  8669 I sysui_multi_action: [757,804,799,settings_wifi_speed_labels,801,0,802,1]
10-24 14:19:18.598  8669  8669 I sysui_histogram: [settings_wifi_speed_labels,0]
10-24 14:19:18.598  8669  8669 I sysui_multi_action: [757,804,799,settings_wifi_speed_labels,801,0,802,1]
10-24 14:19:18.598  8669  8669 I sysui_histogram: [settings_wifi_speed_labels,0]
10-24 14:19:18.598  8669  8669 I sysui_multi_action: [757,804,799,settings_wifi_speed_labels,801,0,802,1]
10-24 14:19:18.599  8669  8669 I sysui_histogram: [settings_wifi_speed_labels,0]
10-24 14:19:18.599  8669  8669 I sysui_multi_action: [757,804,799,settings_wifi_speed_labels,801,0,802,1]
10-24 14:19:18.599  8669  8669 I sysui_histogram: [settings_wifi_speed_labels,0]
10-24 14:19:18.599  8669  8669 I sysui_multi_action: [757,804,799,settings_wifi_speed_labels,801,0,802,1]
10-24 14:19:18.599  8669  8669 I sysui_histogram: [settings_wifi_speed_labels,0]
10-24 14:19:18.600  8669  8669 I sysui_multi_action: [757,804,799,settings_wifi_speed_labels,801,0,802,1]
10-24 14:19:18.600  8669  8669 I sysui_histogram: [settings_wifi_speed_labels,0]
10-24 14:19:18.600  8669  8669 I sysui_multi_action: [757,804,799,settings_wifi_speed_labels,801,0,802,1]
10-24 14:19:18.600  8669  8669 I sysui_histogram: [settings_wifi_speed_labels,0]
10-24 14:19:18.600  8669  8669 I sysui_multi_action: [757,804,799,settings_wifi_speed_labels,801,0,802,1]
10-24 14:19:18.601  8669  8669 I sysui_histogram: [settings_wifi_speed_labels,0]
10-24 14:19:18.601  8669  8669 I sysui_multi_action: [757,804,799,settings_wifi_speed_labels,801,0,802,1]
10-24 14:19:18.601  8669  8669 I sysui_histogram: [settings_wifi_speed_labels,0]
10-24 14:19:18.601  8669  8669 I sysui_multi_action: [757,804,799,settings_wifi_speed_labels,801,0,802,1]
10-24 14:19:18.602  8669  8669 I sysui_histogram: [settings_wifi_speed_labels,0]
10-24 14:19:18.602  8669  8669 I sysui_multi_action: [757,804,799,settings_wifi_speed_labels,801,0,802,1]
10-24 14:19:18.602  8669  8669 I sysui_histogram: [settings_wifi_speed_labels,0]
10-24 14:19:18.603  8669  8669 I sysui_multi_action: [757,804,799,settings_wifi_speed_labels,801,0,802,1]
10-24 14:19:18.609  8669  8669 I am_on_resume_called: [0,com.android.settings.SubSettings,RESUME_ACTIVITY]
10-24 14:19:18.609  8669  8669 I sysui_multi_action: [757,103,758,1,833,746]
10-24 14:19:18.675  1975  2094 I dvm_lock_sample: [system_server,1,android.display,10,WindowManagerService.java,5139,void com.android.server.wm.WindowManagerService$H.handleMessage(android.os.Message),WindowSurfacePlacer.java,117,void com.android.server.wm.WindowSurfacePlacer.lambda$new$0(com.android.server.wm.WindowSurfacePlacer),2]
10-24 14:19:18.679  1975  2094 I am_activity_launch_time: [0,146896662,com.android.settings/.SubSettings,177,177]
10-24 14:19:19.100  1975  2069 I am_stop_activity: [0,15355677,com.android.settings/.Settings$NetworkDashboardActivity]
10-24 14:19:19.122  8669  8669 I am_on_stop_called: [0,com.android.settings.Settings$NetworkDashboardActivity,STOP_ACTIVITY_ITEM]
10-24 14:19:19.315  1975  3182 I am_create_activity: [0,268222281,17,com.android.settings/.SubSettings,android.intent.action.MAIN,NULL,NULL,0]
10-24 14:19:19.318  1975  3182 I am_pause_activity: [0,146896662,com.android.settings/.SubSettings,userLeaving=true]
10-24 14:19:19.322  8669  8669 I sysui_view_visibility: [103,0]
10-24 14:19:19.322  8669  8669 I sysui_multi_action: [757,103,758,2]
10-24 14:19:19.323  8669  8669 I am_on_paused_called: [0,com.android.settings.SubSettings,performPause]
10-24 14:19:19.326  1975  2024 I am_restart_activity: [0,268222281,17,com.android.settings/.SubSettings]
10-24 14:19:19.329  1975  2024 I am_set_resumed_activity: [0,com.android.settings/.SubSettings,minimalResumeActivityLocked]
10-24 14:19:19.334  1975  2069 I sysui_count: [window_time_0,1]
10-24 14:19:19.334  1975  2069 I sysui_multi_action: [757,803,799,window_time_0,802,1]
10-24 14:19:19.345  1975  2057 I am_pss  : [9049,10027,com.google.android.apps.turbo,11326464,7700480,190464,97673216,0,18,10]
10-24 14:19:19.378  8669  8669 I am_on_create_called: [0,com.android.settings.SubSettings,performCreate]
10-24 14:19:19.390  8669  8669 I am_on_start_called: [0,com.android.settings.SubSettings,handleStartActivity]
10-24 14:19:19.392  8669  8669 I am_on_resume_called: [0,com.android.settings.SubSettings,RESUME_ACTIVITY]
10-24 14:19:19.399  8669  8669 I sysui_multi_action: [757,849,758,1,833,103]
10-24 14:19:19.401  8669  9126 I sysui_count: [wifi.details.WifiNetworkDetailsFragment/metered|0,1]
10-24 14:19:19.401  8669  9126 I sysui_multi_action: [757,803,799,wifi.details.WifiNetworkDetailsFragment/metered|0,802,1]
10-24 14:19:19.488  1975  3182 I dvm_lock_sample: [system_server,1,Binder:1975_B,10,WindowManagerService.java,5289,boolean com.android.server.wm.WindowManagerService.inputMethodClientHasFocus(com.android.internal.view.IInputMethodClient),WindowSurfacePlacer.java,117,void com.android.server.wm.WindowSurfacePlacer.lambda$new$0(com.android.server.wm.WindowSurfacePlacer),2]
10-24 14:19:19.488  1975  2094 I am_activity_launch_time: [0,268222281,com.android.settings/.SubSettings,159,159]
10-24 14:19:19.919  1975  2069 I am_stop_activity: [0,146896662,com.android.settings/.SubSettings]
10-24 14:19:19.943  8669  8669 I am_on_stop_called: [0,com.android.settings.SubSettings,STOP_ACTIVITY_ITEM]
10-24 14:19:20.985  1975  2101 I cpu     : [17,8,8,0,0,0]
10-24 14:19:26.176  1975  2101 I cpu     : [7,2,3,0,0,0]
10-24 14:19:27.505  1975  1975 I notification_enqueue: [1000,3968,com.motorola.tools.batterytracer,13579,NULL,0,Notification(channel=bt_shades_channel pri=-2 contentView=null vibrate=null sound=null defaults=0x0 flags=0x2 color=0x00000000 vis=PRIVATE),1]
10-24 14:19:28.656  1975  2057 I am_pss  : [8669,1000,com.android.settings,154803200,145006592,67584,223682560,0,2,27]
10-24 14:19:28.693  3034  9196 I gtalk_connection: 16777985
10-24 14:19:28.738  3034  9198 I gtalk_connection: 16777985
10-24 14:19:33.713  1975  2101 I cpu     : [10,4,4,0,0,0]
10-24 14:19:37.606  1975  2024 I service_manager_stats: [100,106,52844]
10-24 14:19:37.649   889   889 I snet_event_log: [121035042,-1,]
10-24 14:19:37.651   889   889 I snet_event_log: [121035042,-1,]
10-24 14:19:37.781  1975  1975 I notification_enqueue: [1000,3968,com.motorola.tools.batterytracer,13579,NULL,0,Notification(channel=bt_shades_channel pri=-2 contentView=null vibrate=null sound=null defaults=0x0 flags=0x2 color=0x00000000 vis=PRIVATE),1]
10-24 14:19:38.642  1975  2057 I am_kill : [0,8194,com.motorola.coresettingsext,906,empty #17]
10-24 14:19:38.681  1975  3181 I am_proc_died: [0,8194,com.motorola.coresettingsext,906,18]
10-24 14:19:38.681  1975  3181 I am_uid_stopped: 10022
10-24 14:19:39.554  1975  2057 I am_pss  : [9049,10027,com.google.android.apps.turbo,11330560,7684096,149504,97665024,0,18,21]
10-24 14:19:39.833  1975  2101 I cpu     : [6,2,3,0,0,0]
10-24 14:19:45.968  1975  2101 I cpu     : [6,2,2,0,0,0]
10-24 14:19:48.041  1975  1975 I notification_enqueue: [1000,3968,com.motorola.tools.batterytracer,13579,NULL,0,Notification(channel=bt_shades_channel pri=-2 contentView=null vibrate=null sound=null defaults=0x0 flags=0x2 color=0x00000000 vis=PRIVATE),1]
10-24 14:19:49.289  1975  2103 I power_sleep_requested: 0
10-24 14:19:49.835   889   889 I snet_event_log: [121035042,-1,]
10-24 14:19:49.838   889   889 I snet_event_log: [121035042,-1,]
10-24 14:19:49.863  1975  2103 I am_pause_activity: [0,268222281,com.android.settings/.SubSettings,userLeaving=false]
10-24 14:19:49.869  8669  8669 I sysui_view_visibility: [849,0]
10-24 14:19:49.869  8669  8669 I sysui_multi_action: [757,849,758,2]
10-24 14:19:49.879  1975  1975 I battery_saving_stats: [0,1,0,253632,0,1,267806,0,1]
10-24 14:19:49.893  8669  8669 I am_on_paused_called: [0,com.android.settings.SubSettings,performPause]
10-24 14:19:49.901  1975  2069 I am_stop_activity: [0,268222281,com.android.settings/.SubSettings]
10-24 14:19:49.903  1975  2069 I sysui_count: [window_time_0,30]
10-24 14:19:49.903  1975  2069 I sysui_multi_action: [757,803,799,window_time_0,802,30]
10-24 14:19:49.928  8669  8669 I am_on_stop_called: [0,com.android.settings.SubSettings,sleeping]
10-24 14:19:50.117  1975  2638 I dvm_lock_sample: [system_server,0,Binder:1975_6,184,WindowManagerService.java,2972,boolean com.android.server.wm.WindowManagerService.containsShowWhenLockedWindow(android.os.IBinder),WindowSurfacePlacer.java,117,void com.android.server.wm.WindowSurfacePlacer.lambda$new$0(com.android.server.wm.WindowSurfacePlacer),36]
10-24 14:19:50.139  1975  2091 I sysui_view_visibility: [223,100]
10-24 14:19:50.139  1975  2091 I sysui_multi_action: [757,223,758,1]
10-24 14:19:50.182  2551  2551 I sysui_multi_action: [757,196,758,2,759,0]
10-24 14:19:50.182  2551  2551 I sysui_status_bar_state: [1,0,0,0,0,1]
10-24 14:19:50.185  1975  3181 I notification_expansion: [0|com.motorola.setup|20|null|10059,0,0,444316,444109,63083]
10-24 14:19:50.199  2551  2551 I sysui_view_visibility: [111,100]
10-24 14:19:50.199  2551  2551 I sysui_multi_action: [757,111,758,1]
10-24 14:19:50.200  2551  2551 I sysui_multi_action: [757,126,758,1,759,126,833,0,927,0,928,1]
10-24 14:19:50.200  2551  2551 I sysui_multi_action: [757,113,758,1,759,113,833,0,927,1,928,0]
10-24 14:19:50.200  2551  2551 I sysui_multi_action: [757,118,758,1,759,118,833,0,927,2,928,0]
10-24 14:19:50.200  2551  2551 I sysui_multi_action: [757,119,758,1,759,119,833,0,927,3,928,0]
10-24 14:19:50.200  2551  2551 I sysui_multi_action: [757,268,758,1,759,268,806,com.motorola.dolby.dolbyui,833,0,871,com.motorola.dolby.dolbyui.AudioEffectTileService,927,4]
10-24 14:19:50.200  2551  2551 I sysui_multi_action: [757,123,758,1,759,123,833,0,927,5,928,0]
10-24 14:19:50.226  1975  3181 I sysui_view_visibility: [127,100]
10-24 14:19:50.226  1975  3181 I sysui_multi_action: [757,127,758,1]
10-24 14:19:50.226  1975  3181 I sysui_histogram: [note_load,5]
10-24 14:19:50.226  1975  3181 I sysui_multi_action: [757,804,799,note_load,801,5,802,1]
10-24 14:19:50.227  1975  3181 I notification_panel_revealed: 5
10-24 14:19:50.249  1975  1975 I sysui_multi_action: [757,198,758,2,759,3]
10-24 14:19:50.249  1975  1975 I power_screen_state: [0,3,0,0,0]
10-24 14:19:50.249  1975  1975 I screen_toggled: 0
10-24 14:19:50.250  1975  1975 I sysui_histogram: [screen_timeout,30]
10-24 14:19:50.250  1975  1975 I sysui_multi_action: [757,804,799,screen_timeout,801,30,802,1]
10-24 14:19:50.250  1975  1975 I power_screen_broadcast_send: 1
10-24 14:19:50.310  1975  1975 I device_idle: [1,no activity]
10-24 14:19:50.311  1975  1975 I device_idle_light: [1,no activity]
10-24 14:19:50.351  1975  2638 I am_uid_running: 10077
10-24 14:19:50.375  1975  2638 I sysui_view_visibility: [127,0]
10-24 14:19:50.376  1975  2638 I sysui_multi_action: [757,127,758,2]
10-24 14:19:50.376  1975  2638 I notification_panel_hidden: 
10-24 14:19:50.398  1975  2072 I am_proc_start: [0,9222,10077,com.motorola.motodisplay,service,com.motorola.motodisplay/.MotoDisplayService]
10-24 14:19:50.470  1975  1975 I power_screen_broadcast_done: [0,219,1]
10-24 14:19:50.500  1975  3181 I am_proc_bound: [0,9222,com.motorola.motodisplay]
10-24 14:19:50.503  1975  3181 I am_uid_active: 10077
10-24 14:19:50.676   889   889 I snet_event_log: [121035042,-1,]
10-24 14:19:51.478   889   889 I chatty  : uid=1000(system) hwservicemanage identical 4 lines
10-24 14:19:51.483   889   889 I snet_event_log: [121035042,-1,]
10-24 14:19:51.523  1975  1975 I commit_sys_config_file: [notification-policy,16]
10-24 14:19:52.544  1975  2101 I cpu     : [16,7,7,0,0,0]
10-24 14:19:53.636  3034  9261 I gtalk_connection: 16777985
10-24 14:19:53.678  3034  9263 I gtalk_connection: 16777985
10-24 14:19:53.889  1975  5672 I am_uid_running: 10144
10-24 14:19:53.952  1975  2072 I am_proc_start: [0,9269,10144,com.google.android.youtube,service,com.google.android.youtube/com.google.android.libraries.youtube.common.gcore.gcoreclient.gcm.impl.GcmTaskServiceDelegator]
10-24 14:19:54.021  1975  4432 I am_proc_bound: [0,9269,com.google.android.youtube]
10-24 14:19:54.471  2551  2551 I sysui_multi_action: [757,196,758,1,759,0]
10-24 14:19:54.471  2551  2551 I sysui_status_bar_state: [1,1,0,0,0,1]
10-24 14:19:54.486  1975  2094 I user_activity_timeout_override: 10000
10-24 14:19:54.676  9269  9304 I dvm_lock_sample: [com.google.android.youtube,0,yt-background1-7,383,SourceFile,6,java.lang.Object bcgu.get(),Binder.java,-2,boolean android.os.BinderProxy.transactNative(int, android.os.Parcel, android.os.Parcel, int),76]
10-24 14:19:54.725  9269  9293 I dvm_lock_sample: [com.google.android.youtube,0,yt-background1-2,440,LoadedApk.java,817,java.lang.ClassLoader android.app.LoadedApk.getClassLoader(),DexFile.java,-2,java.lang.Object dalvik.system.DexFile.openDexFileNative(java.lang.String, java.lang.String, int, java.lang.ClassLoader, dalvik.system.DexPathList$Element[]),88]
10-24 14:19:55.053  1975  1975 I notification_cancel_all: [1000,1975,com.google.android.youtube,0,0,0,17,NULL]
10-24 14:19:55.061  1975  1975 I commit_sys_config_file: [notification-policy,8]
10-24 14:19:55.083  1975  1975 I commit_sys_config_file: [notification-policy,6]
10-24 14:19:55.141  1975  1975 I commit_sys_config_file: [notification-policy,8]
10-24 14:19:55.474  9269  9314 I dvm_lock_sample: [com.google.android.youtube,0,cronet9-1,93,SourceFile,14,java.lang.Object yih.get(),Throwable.java,-2,java.lang.Object java.lang.Throwable.nativeFillInStackTrace(),18]
10-24 14:20:02.023  1975  2069 I cpu     : [0,0,0,0,0,0]
10-24 14:20:02.421  3968  3968 I service_manager_stats: [100,103,102092]
10-24 14:20:04.879  1975  2057 I am_pss  : [7359,10069,com.motorola.config.wifi,8830976,6406144,260096,86310912,0,18,15]
10-24 14:20:07.963  1975  2057 I am_pss  : [4089,1000,com.qti.diagservices,6155264,1368064,2690048,76214272,0,9,17]
10-24 14:20:07.990  1975  2101 I cpu     : [4,1,2,0,0,0]
10-24 14:20:18.004  1975  2101 I cpu     : [3,1,1,0,0,0]
10-24 14:20:18.243  1975  2069 I am_uid_idle: 10013
10-24 14:20:19.103  1975  2069 I am_uid_idle: 10090
10-24 14:20:23.677  1975  1975 I dvm_lock_sample: [system_server,0,main,8,AlarmManagerService.java,1511,void com.android.server.AlarmManagerService.setImpl(int, long, long, long, android.app.PendingIntent, android.app.IAlarmListener, java.lang.String, int, android.os.WorkSource, android.app.AlarmManager$AlarmClockInfo, int, java.lang.String),-,3529,void com.android.server.AlarmManagerService$AlarmThread.run(),1]
10-24 14:20:23.726  1975  2101 I cpu     : [2,0,1,0,0,0]
10-24 14:20:23.791  1975  2682 I ntp_failure: [time.android.com,java.net.UnknownHostException: Unable to resolve host "time.android.com": No address associated with hostname]
10-24 14:20:23.818  1975  2682 I ntp_failure: [2.android.pool.ntp.org,java.net.UnknownHostException: Unable to resolve host "2.android.pool.ntp.org": No address associated with hostname]
10-24 14:20:28.851  1975  2069 I cpu     : [5,1,2,0,0,0]
10-24 14:20:29.592  1975  2057 I am_pss  : [9222,10077,com.motorola.motodisplay,69925888,63643648,66560,136421376,0,4,23]
10-24 14:20:34.608  1975  2069 I cpu     : [4,1,1,0,0,0]
10-24 14:20:38.635  1975  2069 I am_uid_idle: 10069
10-24 14:20:39.903  1975  2057 I am_pss  : [9269,10144,com.google.android.youtube,52461568,44089344,66560,162181120,0,7,32]
10-24 14:20:39.919  1975  2057 I am_pss  : [6238,1001,com.qualcomm.qti.modemtestmode,5662720,1638400,1976320,73875456,0,9,13]
10-24 14:20:43.414   889   889 I snet_event_log: [121035042,-1,]
10-24 14:20:43.415   889   889 I snet_event_log: [121035042,-1,]
10-24 14:20:43.416  3034  9453 I gtalk_connection: 16777985
10-24 14:20:43.443  1975  2101 I cpu     : [1,0,0,0,0,0]
10-24 14:20:43.450  3034  9456 I gtalk_connection: 16777985
10-24 14:20:48.557  1975  2069 I cpu     : [2,0,1,0,0,0]
10-24 14:20:52.455  9269  9314 I dvm_lock_sample: [com.google.android.youtube,1,cronet9-1,52338,SourceFile,-1,agql agqh.c(),Thread.java,-2,void java.lang.Thread.sleep(java.lang.Object, long, int),100]
10-24 14:20:53.884  1975  2101 I cpu     : [1,0,1,0,0,0]
10-24 14:20:59.015  1975  2069 I cpu     : [4,2,2,0,0,0]
10-24 14:21:07.053  1975  2057 I am_pss  : [9222,10077,com.motorola.motodisplay,69925888,63643648,66560,136421376,0,4,17]
10-24 14:21:07.068  1975  2057 I am_pss  : [7359,10069,com.motorola.config.wifi,8830976,6406144,260096,86310912,0,18,10]
10-24 14:21:09.017  1975  2101 I cpu     : [1,0,0,0,0,0]
10-24 14:21:18.987  1975  2101 I cpu     : [2,1,1,0,0,0]
10-24 14:21:23.962  1975  2057 I am_pss  : [9269,10144,com.google.android.youtube,51895296,43495424,66560,161714176,0,7,26]
10-24 14:21:23.999  1975  2101 I cpu     : [1,0,1,0,0,0]
10-24 14:21:24.011  1975  2682 I ntp_failure: [time.android.com,java.net.UnknownHostException: Unable to resolve host "time.android.com": No address associated with hostname]
10-24 14:21:24.281  1975  2682 I ntp_failure: [2.android.pool.ntp.org,java.net.UnknownHostException: Unable to resolve host "2.android.pool.ntp.org": No address associated with hostname]
10-24 14:21:29.133  1975  2069 I cpu     : [5,1,3,0,0,0]
10-24 14:21:34.698  1975  2069 I cpu     : [0,0,0,0,0,0]
10-24 14:21:37.347  9269  9314 I dvm_lock_sample: [com.google.android.youtube,1,cronet9-1,44890,SourceFile,53,agql agqh.c(),-,-1,agql agqh.c(),150]
10-24 14:22:23.861  1975  2101 I cpu     : [0,0,0,0,0,0]
10-24 14:22:23.872  3034  9520 I gtalk_connection: 16777985
10-24 14:22:23.912  3034  9523 I gtalk_connection: 16777985
10-24 14:22:50.327  1975  2057 I device_idle_light_step: 
10-24 14:22:50.338  1975  2057 I device_idle_light: [4,s:alarm]
10-24 14:22:50.345  1975  2057 I device_idle_on_start: 
10-24 14:22:50.416  1975  2682 I ntp_failure: [time.android.com,java.net.UnknownHostException: Unable to resolve host "time.android.com": No address associated with hostname]
10-24 14:22:50.418  1975  2057 I device_idle_on_phase: net
10-24 14:22:50.420  1975  2057 I device_idle_on_complete: 
10-24 14:22:50.424  1975  1975 I battery_saving_stats: [0,0,0,180545,40890,0,401987,40890,1]
10-24 14:22:50.452  1975  2682 I ntp_failure: [2.android.pool.ntp.org,java.net.UnknownHostException: Unable to resolve host "2.android.pool.ntp.org": No address associated with hostname]
10-24 14:22:54.855   889   889 I snet_event_log: [121035042,-1,]
10-24 14:22:54.858   889   889 I snet_event_log: [121035042,-1,]
10-24 14:23:05.403  3968  3968 I service_manager_stats: [100,131,103019]
10-24 14:24:05.511  1975  2069 I cpu     : [56,13,36,1,3,1]
10-24 14:25:43.882  3034  9533 I gtalk_connection: 16777985
10-24 14:25:43.924  3034  9535 I gtalk_connection: 16777985
10-24 14:27:51.790  1975  2057 I device_idle_light_step: 
10-24 14:27:51.794  1975  2057 I device_idle_light: [6,s:alarm]
10-24 14:27:51.795  1975  2057 I device_idle_off_start: unknown
10-24 14:27:51.827  1975  2057 I device_idle_off_phase: net
10-24 14:27:51.829  1975  2057 I device_idle_off_complete: 
10-24 14:27:51.848  1975  1975 I battery_saving_stats: [0,0,1,301424,0,0,301424,0,0]
10-24 14:27:51.991  1975  2101 I cpu     : [64,11,44,2,3,1]
10-24 14:27:56.891  1975  2057 I device_idle_light_step: 
10-24 14:27:56.896  1975  2057 I device_idle_light: [4,s:early]
10-24 14:27:56.899  1975  2057 I device_idle_on_start: 
10-24 14:27:56.944  1975  2057 I device_idle_on_phase: net
10-24 14:27:56.946  1975  2057 I device_idle_on_complete: 
10-24 14:27:56.948  1975  1975 I battery_saving_stats: [0,0,0,5100,0,0,407087,40890,1]
10-24 14:27:56.995  1975  2101 I cpu     : [5,3,2,0,0,0]
10-24 14:32:22.851  1975  2101 I cpu     : [-37,-7,-25,-1,-2,-1]
10-24 14:32:22.851  3034  9554 I gtalk_connection: 16777985
10-24 14:32:22.889  3034  9556 I gtalk_connection: 16777985
10-24 14:37:12.245  1975  2069 I cpu     : [67,13,44,4,3,1]
10-24 14:38:58.905   889   889 I snet_event_log: [121035042,-1,]
10-24 14:38:58.907   889   889 I snet_event_log: [121035042,-1,]
10-24 14:38:58.928  1975  2396 I battery_level: [76,4066,253]
10-24 14:38:58.934   889   889 I snet_event_log: [121035042,-1,]
10-24 14:38:58.944   889   889 I snet_event_log: [121035042,-1,]
10-24 14:38:58.952  1975  2069 I dvm_lock_sample: [system_server,1,ActivityManager,19,BatteryStatsService.java,362,void com.android.server.am.BatteryStatsService.noteUidProcessState(int, int),BatteryExternalStatsWorker.java,443,void com.android.server.am.BatteryExternalStatsWorker.updateExternalStatsLocked(java.lang.String, int, boolean, boolean, boolean),3]
10-24 14:38:58.987  1975  2057 I am_pss  : [8669,1000,com.android.settings,109476864,100085760,66560,213889024,0,11,15]
10-24 14:41:08.770  1975  2101 I cpu     : [63,8,47,1,3,1]
10-24 14:44:14.761  1975  2057 I device_idle_light_step: 
10-24 14:44:14.782  1975  2429 I netstats_mobile_sample: [0,0,0,0,0,0,0,0,0,0,0,0,1571899454782]
10-24 14:44:14.782  1975  2429 I netstats_wifi_sample: [67826,1026,69798,1045,67866,1027,69798,1045,62444,969,69862,1046,1571899454782]
10-24 14:44:14.797  1975  2057 I device_idle_light: [6,s:alarm]
10-24 14:44:14.797  1975  2429 I am_uid_running: 10071
10-24 14:44:14.797  1975  2057 I device_idle_off_start: unknown
10-24 14:44:14.829  1975  2072 I am_proc_start: [0,9568,10071,com.motorola.survey,broadcast,com.motorola.survey/.datasync.service.DownloadReceiver]
10-24 14:44:14.837  1975  2057 I device_idle_off_phase: net
10-24 14:44:14.839  1975  2057 I device_idle_off_complete: 
10-24 14:44:14.840  1975  1975 I battery_saving_stats: [0,0,1,977892,0,1,1279316,0,1]
10-24 14:44:14.887  1975  3182 I am_proc_bound: [0,9568,com.motorola.survey]
10-24 14:44:14.909  1975  4432 I am_uid_running: 10023
10-24 14:44:14.939  1975  2072 I am_proc_start: [0,9588,10023,android.process.media,content provider,com.android.providers.downloads/.DownloadProvider]
10-24 14:44:14.981  1975  1975 I commit_sys_config_file: [notification-policy,5]
10-24 14:44:14.987  1975  1975 I commit_sys_config_file: [notification-policy,6]
10-24 14:44:14.993  1975  2024 I am_proc_bound: [0,9588,android.process.media]
10-24 14:44:15.008  1975  3182 I am_uid_active: 10071
10-24 14:44:15.025  1975  1975 I notification_enqueue: [10071,9568,com.motorola.survey,1,NULL,0,Notification(channel=com.motorola.survey.ServiceNotificationChannelId pri=0 contentView=null vibrate=null sound=null defaults=0x0 flags=0x48 color=0x00000000 vis=PRIVATE),0]
10-24 14:44:15.026  1975  1975 I notification_enqueue: [10071,9568,com.motorola.survey,1,NULL,0,Notification(channel=com.motorola.survey.ServiceNotificationChannelId pri=0 contentView=null vibrate=null sound=null defaults=0x0 flags=0x48 color=0x00000000 vis=PRIVATE),0]
10-24 14:44:15.044  1975  1975 I sysui_multi_action: [757,128,758,5,759,8,793,27,794,0,795,27,796,1,806,com.motorola.survey,857,com.motorola.survey.Service-432009c0,858,2,947,0]
10-24 14:44:15.045  1975  1975 I notification_canceled: [0|com.motorola.survey|1|null|10071,8,27,27,0,-1,-1,NULL]
10-24 14:44:15.243  3318  5994 I aggregation: 1571899455243
10-24 14:44:15.392  1975  2091 I dvm_lock_sample: [system_server,0,android.fg,13,ActivityManagerService.java,22673,int com.android.server.am.ActivityManagerService.broadcastIntent(android.app.IApplicationThread, android.content.Intent, java.lang.String, android.content.IIntentReceiver, int, java.lang.String, android.os.Bundle, java.lang.String[], int, android.os.Bundle, boolean, boolean, int),-,21238,void com.android.server.am.ActivityManagerService.serviceDoneExecuting(android.os.IBinder, int, int, int),2]
10-24 14:44:15.533  1975  2101 I cpu     : [71,22,42,1,3,1]
10-24 14:44:15.539  3034  3608 I dvm_lock_sample: [com.google.android.gms.persisten,0,lowpool[0],20,,6,void aqqa.a(aqnv, int),:com.google.android.gms@17785039@17.7.85 (100408-253824076),146,void aqqb.a(aqpy, aawt),4]
10-24 14:44:17.846  1975  1975 I am_uid_running: 10048
10-24 14:44:17.904  1975  2072 I am_proc_start: [0,9627,10048,com.android.vending:instant_app_installer,service,com.android.vending/com.google.android.finsky.instantapps.metrics.LogFlushJob]
10-24 14:44:17.976  1975  4997 I am_proc_bound: [0,9627,com.android.vending:instant_app_installer]
10-24 14:44:18.149  1975  2057 I am_pss  : [7400,10083,com.google.android.googlequicksearchbox:search,60688384,42831872,1157120,178536448,0,9,16]
10-24 14:44:19.859  1975  2057 I device_idle_light_step: 
10-24 14:44:19.867  1975  2057 I device_idle_light: [4,s:early]
10-24 14:44:19.877  1975  2057 I device_idle_on_start: 
10-24 14:44:19.919  1975  2057 I device_idle_on_phase: net
10-24 14:44:19.921  1975  2057 I device_idle_on_complete: 
10-24 14:44:19.924  1975  1975 I battery_saving_stats: [0,0,0,5084,0,0,412171,40890,1]
10-24 14:44:57.929  1975  2069 I cpu     : [58,26,27,0,2,1]
10-24 14:45:38.833  3034  9658 I gtalk_connection: 16777985
10-24 14:45:38.863  3034  9660 I gtalk_connection: 16777985
10-24 14:45:44.172  1975  4432 I am_kill : [0,7512,com.google.process.gapps,906,empty #17]
10-24 14:45:44.217  1975  4997 I am_proc_died: [0,7512,com.google.process.gapps,906,18]
10-24 14:48:08.830  1975  2069 I cpu     : [62,12,41,3,3,1]
10-24 14:48:47.022   889   889 I snet_event_log: [121035042,-1,]
10-24 14:48:47.025   889   889 I snet_event_log: [121035042,-1,]
10-24 14:48:47.153  2763  2763 I service_manager_stats: [100,104,476510]
10-24 14:48:51.694  1975  2101 I cpu     : [10,3,5,0,0,0]
10-24 14:48:53.863   889   889 I snet_event_log: [121035042,-1,]
10-24 14:49:11.494   889   889 I chatty  : uid=1000(system) hwservicemanage identical 4 lines
10-24 14:49:11.500   889   889 I snet_event_log: [121035042,-1,]
10-24 14:49:11.567  1975  2101 I cpu     : [91,37,45,0,6,2]
10-24 14:49:11.731  1975  2094 I dvm_lock_sample: [system_server,1,android.display,203,WindowManagerService.java,5845,void com.android.server.wm.WindowManagerService.requestTraversal(),WindowSurfacePlacer.java,117,void com.android.server.wm.WindowSurfacePlacer.lambda$new$0(com.android.server.wm.WindowSurfacePlacer),40]
10-24 14:50:08.719   889   889 I snet_event_log: [121035042,-1,]
10-24 14:50:08.720   889   889 I snet_event_log: [121035042,-1,]
10-24 14:51:26.609  1975  2069 I cpu     : [-46,-7,-31,-2,-2,-1]
10-24 14:53:21.637  1975  2500 I storage_state: [41217664-9172-527a-b3d5-edabb50a7d69,0,0,45446250496,48928632832]
10-24 14:54:08.727  1975  2101 I cpu     : [145,23,107,0,9,5]
10-24 15:00:39.736  1975  2069 I am_kill : [0,8612,com.motorola.android.settings.diag_mdlog,906,empty #17]
10-24 15:00:39.737  1975  2069 I am_kill : [0,8282,com.android.providers.calendar,906,empty #18]
10-24 15:00:39.788  1975  2057 I am_pss  : [7400,10083,com.google.android.googlequicksearchbox:search,60650496,42721280,1160192,178421760,0,9,13]
10-24 15:00:39.792  1975  8567 I am_proc_died: [0,8612,com.motorola.android.settings.diag_mdlog,906,18]
10-24 15:00:39.792  1975  2101 I cpu     : [68,14,44,3,3,1]
10-24 15:00:39.800  3034  9707 I gtalk_connection: 16777985
10-24 15:00:39.803  1975  2057 I am_pss  : [9269,10144,com.google.android.youtube,52049920,43700224,68608,161812480,0,18,13]
10-24 15:00:39.819  1975  4997 I am_proc_died: [0,8282,com.android.providers.calendar,906,18]
10-24 15:00:39.819  1975  4997 I am_uid_stopped: 10090
10-24 15:00:39.883  3034  9709 I gtalk_connection: 16777985
10-24 15:04:23.470  1975  2069 I cpu     : [63,11,43,3,3,1]
10-24 15:05:29.476   889   889 I snet_event_log: [121035042,-1,]
10-24 15:05:29.478   889   889 I snet_event_log: [121035042,-1,]
10-24 15:05:33.257  1975  2057 I device_idle_step: 
10-24 15:05:33.297  1975  2057 I device_idle: [2,s:alarm]
10-24 15:05:33.299  1975  2057 I device_idle_light_step: 
10-24 15:05:33.302  1975  2057 I device_idle_light: [6,s:alarm]
10-24 15:05:33.303  1975  2057 I device_idle_off_start: unknown
10-24 15:05:33.317  1975  2101 I cpu     : [17,5,9,0,1,0]
10-24 15:05:33.335  1975  2057 I device_idle_off_phase: net
10-24 15:05:33.337  1975  2057 I device_idle_off_complete: 
10-24 15:05:33.363  1975  1975 I battery_saving_stats: [0,0,1,1273439,0,0,2552755,0,1]
10-24 15:05:33.609   889   889 I snet_event_log: [121035042,-1,]
10-24 15:05:33.611   889   889 I snet_event_log: [121035042,-1,]
10-24 15:05:33.818  3318  5994 I aggregation: 1571900733818
10-24 15:05:38.396  1975  2057 I device_idle_light_step: 
10-24 15:05:38.403  1975  2057 I device_idle_light: [4,s:early]
10-24 15:05:38.409  1975  2057 I device_idle_on_start: 
10-24 15:05:38.468  1975  2057 I device_idle_on_phase: net
10-24 15:05:38.471  1975  2057 I device_idle_on_complete: 
10-24 15:05:38.474  1975  1975 I battery_saving_stats: [0,0,0,5111,0,0,417282,40890,1]
10-24 15:05:38.531  1975  2101 I cpu     : [7,2,3,0,0,0]
10-24 15:06:08.895  1975  2057 I am_pss  : [8583,1007,com.motorola.bug2go,14450688,10883072,68608,103288832,0,9,22]
10-24 15:08:05.723  1975  2069 I am_uid_idle: 10071
10-24 15:08:05.757  1975  2057 I am_pss  : [9568,10071,com.motorola.survey,8155136,6041600,69632,82628608,0,18,10]
10-24 15:12:03.829  1975  2057 I am_pss  : [9627,10048,com.android.vending:instant_app_installer,39853056,25665536,740352,93360128,0,18,9]
10-24 15:12:03.847  1975  2101 I cpu     : [-16,-3,-11,0,0,0]
10-24 15:12:39.791  1975  2429 I netstats_mobile_sample: [0,0,0,0,0,0,0,0,0,0,0,0,1571901159791]
10-24 15:12:39.792  1975  2429 I netstats_wifi_sample: [72414,1090,75450,1110,72454,1091,75450,1110,64224,997,75514,1111,1571901159791]
10-24 15:15:40.831  1975  2101 I cpu     : [64,11,45,1,3,2]
10-24 15:15:40.839  3034  9745 I gtalk_connection: 16777985
10-24 15:15:40.923  3034  9747 I gtalk_connection: 16777985
10-24 15:17:50.113  3968  3968 I service_manager_stats: [100,117,104960]
10-24 15:18:58.795  1975  2069 I cpu     : [66,10,45,4,4,2]
10-24 15:23:05.965  1975  2101 I cpu     : [61,9,44,1,4,1]
10-24 15:30:42.816  3034  9761 I gtalk_connection: 16777985
10-24 15:30:42.821  1975  2101 I cpu     : [65,14,43,2,3,1]
10-24 15:30:42.851  3034  9763 I gtalk_connection: 16777985
10-24 15:30:51.768  1975  2057 I device_idle_light_step: 
10-24 15:30:51.789  1975  2069 I am_uid_running: 10018
10-24 15:30:51.797  1975  2057 I device_idle_light: [6,s:alarm]
10-24 15:30:51.805  1975  2057 I device_idle_off_start: unknown
10-24 15:30:51.827  1975  2072 I am_proc_start: [0,9765,10018,com.motorola.lifetimedata,broadcast,com.motorola.lifetimedata/.LifetimeDataReceiver]
10-24 15:30:51.833  1975  2057 I device_idle_off_phase: net
10-24 15:30:51.835  1975  2057 I device_idle_off_complete: 
10-24 15:30:51.863  1975  1975 I battery_saving_stats: [0,0,1,1513389,0,0,4066144,0,1]
10-24 15:30:51.906  1975  4432 I am_proc_bound: [0,9765,com.motorola.lifetimedata]
10-24 15:30:51.952  1975  2092 I commit_sys_config_file: [jobs,17]
10-24 15:30:51.980  1975  2092 I commit_sys_config_file: [jobs,26]
10-24 15:30:52.019  1975  8567 I am_uid_active: 10071
10-24 15:30:52.047  1975  1975 I notification_enqueue: [10071,9568,com.motorola.survey,1,NULL,0,Notification(channel=com.motorola.survey.ServiceNotificationChannelId pri=0 contentView=null vibrate=null sound=null defaults=0x0 flags=0x48 color=0x00000000 vis=PRIVATE),0]
10-24 15:30:52.048  1975  1975 I notification_enqueue: [10071,9568,com.motorola.survey,1,NULL,0,Notification(channel=com.motorola.survey.ServiceNotificationChannelId pri=0 contentView=null vibrate=null sound=null defaults=0x0 flags=0x48 color=0x00000000 vis=PRIVATE),0]
10-24 15:30:52.051  1975  1975 I sysui_multi_action: [757,128,758,5,759,8,793,7,794,0,795,7,796,1,806,com.motorola.survey,857,com.motorola.survey.Service-432009c0,858,2,947,0]
10-24 15:30:52.051  1975  1975 I notification_canceled: [0|com.motorola.survey|1|null|10071,8,7,7,0,-1,-1,NULL]
10-24 15:30:52.060  1975  2092 I commit_sys_config_file: [jobs,29]
10-24 15:30:52.066  1975  2092 I commit_sys_config_file: [jobs,5]
10-24 15:30:52.161  1975  2092 I commit_sys_config_file: [jobs,6]
10-24 15:30:52.197  1975  2983 I am_uid_running: 10141
10-24 15:30:52.212  1975  8567 I am_uid_running: 10081
10-24 15:30:52.230  1975  2072 I am_proc_start: [0,9796,10141,com.google.android.videos,service,com.google.android.videos/com.google.android.apps.play.movies.common.service.drm.RefreshLicenseTaskService]
10-24 15:30:52.262  1975  2072 I am_proc_start: [0,9808,10081,com.google.android.apps.wellbeing,service,com.google.android.apps.wellbeing/com.firebase.jobdispatcher.GooglePlayReceiver]
10-24 15:30:52.285  1975  2983 I am_proc_bound: [0,9796,com.google.android.videos]
10-24 15:30:52.326  1975  8567 I am_proc_bound: [0,9808,com.google.android.apps.wellbeing]
10-24 15:30:52.501   889   889 I snet_event_log: [121035042,-1,]
10-24 15:30:52.502   889   889 I snet_event_log: [121035042,-1,]
10-24 15:30:52.607  1975  2072 I am_proc_start: [0,9863,10048,com.android.vending,service,com.android.vending/com.google.android.finsky.contentfilterui.ContentFiltersService]
10-24 15:30:52.672  1975  3181 I am_proc_bound: [0,9863,com.android.vending]
10-24 15:30:52.696  1975  2983 I am_uid_active: 10141
10-24 15:30:52.697  1975  2983 I am_uid_active: 10048
10-24 15:30:52.775  1975  1975 I commit_sys_config_file: [notification-policy,18]
10-24 15:30:52.775  1975  1975 I notification_enqueue: [10141,9796,com.google.android.videos,1,NULL,0,Notification(channel=TEMPORARY007 pri=0 contentView=null vibrate=null sound=null tick defaults=0x0 flags=0x58 color=0xffd60b41 groupKey=Generic notification vis=PRIVATE),0]
10-24 15:30:52.783  1975  1975 I sysui_multi_action: [757,128,758,5,759,8,793,12,794,0,795,12,796,1,806,com.google.android.videos,857,TEMPORARY007,858,2,946,Generic notification,947,0]
10-24 15:30:52.783  1975  1975 I notification_canceled: [0|com.google.android.videos|1|null|10141,8,12,12,0,-1,-1,NULL]
10-24 15:30:52.813  1975  2983 I am_kill : [0,8628,com.motorola.android.settings.modemdebug,906,empty #17]
10-24 15:30:52.852  1975  2983 I am_proc_died: [0,8628,com.motorola.android.settings.modemdebug,906,18]
10-24 15:30:54.665  1975  1975 I notification_cancel_all: [1000,1975,com.android.vending,0,0,0,17,NULL]
10-24 15:30:54.666  1975  1975 I notification_cancel_all: [1000,1975,com.android.vending,0,0,0,17,NULL]
10-24 15:30:54.681  1975  1975 I commit_sys_config_file: [notification-policy,15]
10-24 15:30:54.681  1975  1975 I notification_cancel_all: [1000,1975,com.android.vending,0,0,0,17,NULL]
10-24 15:30:54.686  1975  1975 I chatty  : uid=1000 system_server identical 1 line
10-24 15:30:54.686  1975  1975 I notification_cancel_all: [1000,1975,com.android.vending,0,0,0,17,NULL]
10-24 15:30:54.696  1975  1975 I commit_sys_config_file: [notification-policy,10]
10-24 15:30:54.707  1975  1975 I commit_sys_config_file: [notification-policy,11]
10-24 15:30:54.717  1975  1975 I commit_sys_config_file: [notification-policy,8]
10-24 15:30:54.724  1975  1975 I commit_sys_config_file: [notification-policy,6]
10-24 15:30:54.727  9863  9924 I dvm_lock_sample: [com.android.vending,1,bgExecutor #3,10,SourceFile,15,java.lang.Object adzx.a(android.content.ContentResolver),-,21,java.lang.String adzx.a(android.content.ContentResolver, java.lang.String, java.lang.String),2]
10-24 15:30:54.808  9863  9895 I dvm_lock_sample: [com.android.vending,0,LightweightExecutor #0,5,SourceFile,15,java.lang.Object adzx.a(android.content.ContentResolver),-,21,java.lang.String adzx.a(android.content.ContentResolver, java.lang.String, java.lang.String),1]
10-24 15:30:54.844  1975  1975 I am_uid_running: 10054
10-24 15:30:54.847  1975  1975 I am_uid_running: 10043
10-24 15:30:54.881  1975  2072 I am_proc_start: [0,9940,10054,com.google.android.ims,service,com.google.android.ims/.services.LogFileCleanupService]
