10-24 14:11:35.204  1483  1816 I QC-NETMGR-LIB: netmgr_unix.c 230: netmgr_unix_ipc_send_msg(): Successfully received a message from UNIX socket
10-24 14:11:35.204  1483  1816 E QC-NETMGR-LIB: netmgr_unix.c 239: netmgr_unix_ipc_send_msg(): Server closed UNIX socket
10-24 14:11:35.204  1483  1816 E QC-NETMGR-LIB: netmgr_client.c 392: netmgr_client_send_ping_msg(): Client closed socket
10-24 14:11:35.229  1551  1580 I QC-DS-LIB: ds_util.c 2845: ds_exec_internal(): [cpid:2269] Process exited normally with rc=0
10-24 14:11:35.229  1551  1612 I QC-NETMGR-LIB: netmgr_kif.c 10824: netmgr_kif_set_ssdp_rule_on_iface(): Command returns 0. cmd: iptables  -w -I OUTPUT -o r_rmnet_data1 -p udp --dport 1900 -j DROP
10-24 14:11:35.230  1551  1608 I QC-NETMGR-LIB: netmgr_netlink.c 1547: Received nl msg, recvmsg returned 1332
10-24 14:11:35.231  1551  1608 I QC-NETMGR-LIB: netmgr_exec.c 386: Received command: ID=NETMGR_KIF_MSG_CMD, link=0
10-24 14:11:35.231  1551  1608 I QC-NETMGR-LIB: netmgr_netlink.c 1547: Received nl msg, recvmsg returned 1332
10-24 14:11:35.231  1551  1608 I QC-NETMGR-LIB: netmgr_exec.c 386: Received command: ID=NETMGR_KIF_MSG_CMD, link=0
10-24 14:11:35.231  1551  1608 I QC-NETMGR-LIB: netmgr_netlink.c 1547: Received nl msg, recvmsg returned 1332
10-24 14:11:35.231  1551  1608 I QC-NETMGR-LIB: netmgr_exec.c 386: Received command: ID=NETMGR_KIF_MSG_CMD, link=0
10-24 14:11:35.232  1551  1612 I QC-NETMGR-LIB: netmgr_netlink.c 684: Event=[10] link=[23] devname=[]
10-24 14:11:35.232  1551  1612 I QC-NETMGR-LIB: netmgr_netlink.c 1474: Generated nl msg, sendmsg returned 24
10-24 14:11:35.232  1551  1612 I QC-NETMGR-LIB: netmgr_exec.c 193: Process command: ID=NETMGR_INITED_EV, link=24, state=0
10-24 14:11:35.232  1551  1612 I QC-NETMGR-LIB: netmgr_qmi.c 4703: initing QMI link[24]
10-24 14:11:35.232  1551  1612 I QC-NETMGR-LIB: netmgr_qmi.c 4386: netmgr_qmi_service_init: entry 
10-24 14:11:35.232  1551  1612 I QC-NETMGR-LIB: netmgr_qmi.c 4428: initializing IPv4 WDS client
10-24 14:11:35.232  1551  1612 I QC-DS-LIB: ds_util.c 2287: ds_get_target(): Target: [39] : [msmsteppe]
10-24 14:11:35.232  1525  2008 I QC-NETMGR-LIB: netmgr_netlink.c 1547: Received nl msg, recvmsg returned 24
10-24 14:11:35.232  1525  2008 I QC-NETMGR-LIB: netmgr_netlink.c 1325: Processing NETMGR_NL_EVENT
10-24 14:11:35.232  1525  2008 I QC-NETMGR-LIB: netmgr_netlink.c 740: Attribute: Event 0xa
10-24 14:11:35.232  1525  2008 I QC-NETMGR-LIB: netmgr_client.c 218: Notified client: hdl=0x0x75ecf7e0e8 event=10 link=0 flow=0x00000000
10-24 14:11:35.232  1525  1972 D QC-DSI  : dsi_netctrl_netmgr.c 578: dsi_netmgr_map_link: ENTRY
10-24 14:11:35.232  1525  1972 D QC-DSI  : dsi_netctrl_netmgr.c 605: netmgr link [0] maps to  dsi iface [0]
10-24 14:11:35.232  1525  1972 D QC-DSI  : dsi_netctrl_netmgr.c 611: dsi_netmgr_map_link: EXIT
10-24 14:11:35.232  1483  1815 I QC-NETMGR-LIB: netmgr_netlink.c 1547: Received nl msg, recvmsg returned 24
10-24 14:11:35.232  1525  1972 D QC-DSI  : dsi_netctrl_netmgr.c 762: dsi_process_netmgr_ev: ignoring event [10] dsi_inited [0]
10-24 14:11:35.232  1483  1815 I QC-NETMGR-LIB: netmgr_netlink.c 1325: Processing NETMGR_NL_EVENT
10-24 14:11:35.232  1483  1815 I QC-NETMGR-LIB: netmgr_netlink.c 740: Attribute: Event 0xa
10-24 14:11:35.233  1483  1815 I QC-NETMGR-LIB: netmgr_client.c 218: Notified client: hdl=0x0x7aa96bf0e8 event=10 link=0 flow=0x00000000
10-24 14:11:35.233  1483  1740 D QC-DSI  : dsi_netctrl_netmgr.c 578: dsi_netmgr_map_link: ENTRY
10-24 14:11:35.233  1483  1740 D QC-DSI  : dsi_netctrl_netmgr.c 605: netmgr link [0] maps to  dsi iface [0]
10-24 14:11:35.233  1483  1740 D QC-DSI  : dsi_netctrl_netmgr.c 611: dsi_netmgr_map_link: EXIT
10-24 14:11:35.233  1483  1740 D QC-DSI  : dsi_netctrl_netmgr.c 762: dsi_process_netmgr_ev: ignoring event [10] dsi_inited [0]
10-24 14:11:35.235  1551  1612 I QC-DS-LIB: ds_util.c 2287: ds_get_target(): Target: [39] : [msmsteppe]
10-24 14:11:35.235  1551  1612 I QC-DS-LIB: ds_util.c 1483: ds_get_epid(): entry: net_dev rmnet_ipa0
10-24 14:11:35.235  1551  1612 I QC-DS-LIB: ds_util.c 1506: ds_get_epid(): [success]: ep_type[4], epid[0x1]
10-24 14:11:35.238  1551  1612 I QC-NETMGR-LIB: netmgr_qmi.c 3564: netmgr_qmi_wds_service_init(): Successfully initialized WDS client=0x3e on link=24
10-24 14:11:35.239  1551  1612 I QC-NETMGR-LIB: netmgr_qmi.c 3582: Successfully registered for ext IP config ind on IPv4 clnt_hndl=0x56c5b4e3a8
10-24 14:11:35.239  1551  1612 I QC-NETMGR-LIB: netmgr_qmi.c 4438: initializing IPv6 WDS client
10-24 14:11:35.239  1551  1612 I QC-DS-LIB: ds_util.c 2287: ds_get_target(): Target: [39] : [msmsteppe]
10-24 14:11:35.242  1551  1612 I QC-DS-LIB: ds_util.c 2287: ds_get_target(): Target: [39] : [msmsteppe]
10-24 14:11:35.242  1551  1612 I QC-DS-LIB: ds_util.c 1483: ds_get_epid(): entry: net_dev rmnet_ipa0
10-24 14:11:35.242  1551  1612 I QC-DS-LIB: ds_util.c 1506: ds_get_epid(): [success]: ep_type[4], epid[0x1]
10-24 14:11:35.242  1551  1612 I QC-NETMGR-LIB: netmgr_qmi.c 3564: netmgr_qmi_wds_service_init(): Successfully initialized WDS client=0x3f on link=24
10-24 14:11:35.243  1551  1612 I QC-NETMGR-LIB: netmgr_qmi.c 3582: Successfully registered for ext IP config ind on IPv6 clnt_hndl=0x56c5b4e3b0
10-24 14:11:35.243  1551  1612 I QC-NETMGR-LIB: netmgr_qmi.c 4452: The wds client ids [0x3e/0x3f]
10-24 14:11:35.243  1551  1612 I QC-DS-LIB: ds_util.c 2287: ds_get_target(): Target: [39] : [msmsteppe]
10-24 14:11:35.246  1551  1612 I QC-DS-LIB: ds_util.c 2287: ds_get_target(): Target: [39] : [msmsteppe]
10-24 14:11:35.246  1551  1612 I QC-DS-LIB: ds_util.c 1483: ds_get_epid(): entry: net_dev rmnet_ipa0
10-24 14:11:35.246  1551  1612 I QC-DS-LIB: ds_util.c 1506: ds_get_epid(): [success]: ep_type[4], epid[0x1]
10-24 14:11:35.247  1551  1612 I QC-NETMGR-LIB: netmgr_qmi.c 3812: The rev ip filter update registration link[24] ip_family[4] status[SUCCESS]
10-24 14:11:35.247  1551  1612 I QC-DS-LIB: ds_util.c 2287: ds_get_target(): Target: [39] : [msmsteppe]
10-24 14:11:35.252  1551  1612 I QC-DS-LIB: ds_util.c 2287: ds_get_target(): Target: [39] : [msmsteppe]
10-24 14:11:35.252  1551  1612 I QC-DS-LIB: ds_util.c 1483: ds_get_epid(): entry: net_dev rmnet_ipa0
10-24 14:11:35.252  1551  1612 I QC-DS-LIB: ds_util.c 1506: ds_get_epid(): [success]: ep_type[4], epid[0x1]
10-24 14:11:35.252  1551  1612 I QC-NETMGR-LIB: netmgr_qmi.c 3812: The rev ip filter update registration link[24] ip_family[6] status[SUCCESS]
10-24 14:11:35.252  1551  1612 I QC-NETMGR-LIB: netmgr_qmi.c 4473: The dfs client ids [0x40/0x41]
10-24 14:11:35.253  1551  1612 I QC-NETMGR-LIB: netmgr_kif.c 4977: netmgr_kif link 24, device r_rmnet_data2 has ifindex 23
10-24 14:11:35.253  1551  1580 I QC-DS-LIB: ds_util.c 2572: ds_exec_internal(): Executing command "iptables  -w -I OUTPUT -o r_rmnet_data2 -p udp --dport 1900 -j DROP from /system/bin/iptables-wrapper-1.0 "
10-24 14:11:35.260  1551  1580 I QC-DS-LIB: ds_util.c 2661: ds_exec_internal(): [cpid:2274] Spawned child PID(2274) command:"iptables  -w -I OUTPUT -o r_rmnet_data2 -p udp --dport 1900 -j DROP"
10-24 14:11:35.288  1551  1580 I QC-DS-LIB: ds_util.c 2845: ds_exec_internal(): [cpid:2274] Process exited normally with rc=0
10-24 14:11:35.288  1551  1612 I QC-NETMGR-LIB: netmgr_kif.c 10824: netmgr_kif_set_ssdp_rule_on_iface(): Command returns 0. cmd: iptables  -w -I OUTPUT -o r_rmnet_data2 -p udp --dport 1900 -j DROP
10-24 14:11:35.289  1551  1608 I QC-NETMGR-LIB: netmgr_netlink.c 1547: Received nl msg, recvmsg returned 1332
10-24 14:11:35.289  1551  1608 I QC-NETMGR-LIB: netmgr_exec.c 386: Received command: ID=NETMGR_KIF_MSG_CMD, link=0
10-24 14:11:35.290  1551  1608 I QC-NETMGR-LIB: netmgr_netlink.c 1547: Received nl msg, recvmsg returned 1332
10-24 14:11:35.290  1551  1608 I QC-NETMGR-LIB: netmgr_exec.c 386: Received command: ID=NETMGR_KIF_MSG_CMD, link=0
10-24 14:11:35.290  1551  1608 I QC-NETMGR-LIB: netmgr_netlink.c 1547: Received nl msg, recvmsg returned 1332
10-24 14:11:35.290  1551  1608 I QC-NETMGR-LIB: netmgr_exec.c 386: Received command: ID=NETMGR_KIF_MSG_CMD, link=0
10-24 14:11:35.292  1551  1612 I QC-NETMGR-LIB: netmgr_netlink.c 684: Event=[10] link=[24] devname=[]
10-24 14:11:35.292  1551  1612 I QC-NETMGR-LIB: netmgr_netlink.c 1474: Generated nl msg, sendmsg returned 24
10-24 14:11:35.292  1551  1612 I QC-NETMGR-LIB: netmgr_exec.c 193: Process command: ID=NETMGR_INITED_EV, link=25, state=0
10-24 14:11:35.292  1551  1612 I QC-NETMGR-LIB: netmgr_qmi.c 4703: initing QMI link[25]
10-24 14:11:35.292  1551  1612 I QC-NETMGR-LIB: netmgr_qmi.c 4386: netmgr_qmi_service_init: entry 
10-24 14:11:35.292  1551  1612 I QC-NETMGR-LIB: netmgr_qmi.c 4428: initializing IPv4 WDS client
10-24 14:11:35.292  1551  1612 I QC-DS-LIB: ds_util.c 2287: ds_get_target(): Target: [39] : [msmsteppe]
10-24 14:11:35.292  1525  2008 I QC-NETMGR-LIB: netmgr_netlink.c 1547: Received nl msg, recvmsg returned 24
10-24 14:11:35.292  1525  2008 I QC-NETMGR-LIB: netmgr_netlink.c 1325: Processing NETMGR_NL_EVENT
10-24 14:11:35.292  1525  2008 I QC-NETMGR-LIB: netmgr_netlink.c 740: Attribute: Event 0xa
10-24 14:11:35.292  1525  2008 I QC-NETMGR-LIB: netmgr_client.c 218: Notified client: hdl=0x0x75ecf7e0e8 event=10 link=0 flow=0x00000000
10-24 14:11:35.292  1525  1972 D QC-DSI  : dsi_netctrl_netmgr.c 578: dsi_netmgr_map_link: ENTRY
10-24 14:11:35.292  1483  1815 I QC-NETMGR-LIB: netmgr_netlink.c 1547: Received nl msg, recvmsg returned 24
10-24 14:11:35.292  1525  1972 D QC-DSI  : dsi_netctrl_netmgr.c 605: netmgr link [0] maps to  dsi iface [0]
10-24 14:11:35.292  1483  1815 I QC-NETMGR-LIB: netmgr_netlink.c 1325: Processing NETMGR_NL_EVENT
10-24 14:11:35.292  1525  1972 D QC-DSI  : dsi_netctrl_netmgr.c 611: dsi_netmgr_map_link: EXIT
10-24 14:11:35.292  1483  1815 I QC-NETMGR-LIB: netmgr_netlink.c 740: Attribute: Event 0xa
10-24 14:11:35.292  1525  1972 D QC-DSI  : dsi_netctrl_netmgr.c 762: dsi_process_netmgr_ev: ignoring event [10] dsi_inited [0]
10-24 14:11:35.292  1483  1815 I QC-NETMGR-LIB: netmgr_client.c 218: Notified client: hdl=0x0x7aa96bf0e8 event=10 link=0 flow=0x00000000
10-24 14:11:35.292  1483  1740 D QC-DSI  : dsi_netctrl_netmgr.c 578: dsi_netmgr_map_link: ENTRY
10-24 14:11:35.292  1483  1740 D QC-DSI  : dsi_netctrl_netmgr.c 605: netmgr link [0] maps to  dsi iface [0]
10-24 14:11:35.292  1483  1740 D QC-DSI  : dsi_netctrl_netmgr.c 611: dsi_netmgr_map_link: EXIT
10-24 14:11:35.292  1483  1740 D QC-DSI  : dsi_netctrl_netmgr.c 762: dsi_process_netmgr_ev: ignoring event [10] dsi_inited [0]
10-24 14:11:35.295  1551  1612 I QC-DS-LIB: ds_util.c 2287: ds_get_target(): Target: [39] : [msmsteppe]
10-24 14:11:35.295  1551  1612 I QC-DS-LIB: ds_util.c 1483: ds_get_epid(): entry: net_dev rmnet_ipa0
10-24 14:11:35.295  1551  1612 I QC-DS-LIB: ds_util.c 1506: ds_get_epid(): [success]: ep_type[4], epid[0x1]
10-24 14:11:35.297  1551  1612 I QC-NETMGR-LIB: netmgr_qmi.c 3564: netmgr_qmi_wds_service_init(): Successfully initialized WDS client=0x42 on link=25
10-24 14:11:35.297  1551  1612 I QC-NETMGR-LIB: netmgr_qmi.c 3582: Successfully registered for ext IP config ind on IPv4 clnt_hndl=0x56c5b4f810
10-24 14:11:35.298  1551  1612 I QC-NETMGR-LIB: netmgr_qmi.c 4438: initializing IPv6 WDS client
10-24 14:11:35.298  1551  1612 I QC-DS-LIB: ds_util.c 2287: ds_get_target(): Target: [39] : [msmsteppe]
10-24 14:11:35.301  1551  1612 I QC-DS-LIB: ds_util.c 2287: ds_get_target(): Target: [39] : [msmsteppe]
10-24 14:11:35.301  1551  1612 I QC-DS-LIB: ds_util.c 1483: ds_get_epid(): entry: net_dev rmnet_ipa0
10-24 14:11:35.301  1551  1612 I QC-DS-LIB: ds_util.c 1506: ds_get_epid(): [success]: ep_type[4], epid[0x1]
10-24 14:11:35.303  1551  1612 I QC-NETMGR-LIB: netmgr_qmi.c 3564: netmgr_qmi_wds_service_init(): Successfully initialized WDS client=0x43 on link=25
10-24 14:11:35.303  1551  1612 I QC-NETMGR-LIB: netmgr_qmi.c 3582: Successfully registered for ext IP config ind on IPv6 clnt_hndl=0x56c5b4f818
10-24 14:11:35.303  1525  2009 E QC-DSI  : dsi_netctrl_init.c 116: dsi_init_query_netmgr 34 time
10-24 14:11:35.303  1525  2009 I QC-NETMGR-LIB: netmgr_netlink.c 684: Event=[13] link=[0] devname=[]
10-24 14:11:35.303  1525  2009 I QC-NETMGR-LIB: netmgr_unix.c 178: netmgr_unix_ipc_send_msg(): Successfully created UNIX socket
10-24 14:11:35.303  1525  2009 I QC-NETMGR-LIB: netmgr_unix.c 194: netmgr_unix_ipc_send_msg(): Successfully connected to UNIX socket
10-24 14:11:35.303  1525  2009 I QC-NETMGR-LIB: netmgr_unix.c 202: netmgr_unix_ipc_send_msg(): Successfully sent message to UNIX socket
10-24 14:11:35.303  1551  1551 I QC-NETMGR-LIB: netmgr_netlink.c 740: Attribute: Event 0xd
10-24 14:11:35.303  1551  1551 I QC-NETMGR-LIB: netmgr_kif.c 6578: netmgr_kif_unix_recv_user_cmd(): Initialization incomplete, ignoring ping
10-24 14:11:35.304  1551  1551 I QC-NETMGR-LIB: netmgr_kif.c 6537: netmgr_kif_unix_recv_user_cmd(): Waiting for incoming connection
10-24 14:11:35.304  1525  2009 I QC-NETMGR-LIB: netmgr_unix.c 230: netmgr_unix_ipc_send_msg(): Successfully received a message from UNIX socket
10-24 14:11:35.304  1525  2009 E QC-NETMGR-LIB: netmgr_unix.c 239: netmgr_unix_ipc_send_msg(): Server closed UNIX socket
10-24 14:11:35.304  1525  2009 E QC-NETMGR-LIB: netmgr_client.c 392: netmgr_client_send_ping_msg(): Client closed socket
10-24 14:11:35.304  1551  1612 I QC-NETMGR-LIB: netmgr_qmi.c 4452: The wds client ids [0x42/0x43]
10-24 14:11:35.304  1551  1612 I QC-DS-LIB: ds_util.c 2287: ds_get_target(): Target: [39] : [msmsteppe]
10-24 14:11:35.304  1483  1816 E QC-DSI  : dsi_netctrl_init.c 116: dsi_init_query_netmgr 42 time
10-24 14:11:35.304  1483  1816 I QC-NETMGR-LIB: netmgr_netlink.c 684: Event=[13] link=[0] devname=[]
10-24 14:11:35.304  1483  1816 I QC-NETMGR-LIB: netmgr_unix.c 178: netmgr_unix_ipc_send_msg(): Successfully created UNIX socket
10-24 14:11:35.304  1483  1816 I QC-NETMGR-LIB: netmgr_unix.c 194: netmgr_unix_ipc_send_msg(): Successfully connected to UNIX socket
10-24 14:11:35.304  1483  1816 I QC-NETMGR-LIB: netmgr_unix.c 202: netmgr_unix_ipc_send_msg(): Successfully sent message to UNIX socket
10-24 14:11:35.304  1551  1551 I QC-NETMGR-LIB: netmgr_netlink.c 740: Attribute: Event 0xd
10-24 14:11:35.304  1551  1551 I QC-NETMGR-LIB: netmgr_kif.c 6578: netmgr_kif_unix_recv_user_cmd(): Initialization incomplete, ignoring ping
10-24 14:11:35.304  1551  1551 I QC-NETMGR-LIB: netmgr_kif.c 6537: netmgr_kif_unix_recv_user_cmd(): Waiting for incoming connection
10-24 14:11:35.304  1483  1816 I QC-NETMGR-LIB: netmgr_unix.c 230: netmgr_unix_ipc_send_msg(): Successfully received a message from UNIX socket
10-24 14:11:35.304  1483  1816 E QC-NETMGR-LIB: netmgr_unix.c 239: netmgr_unix_ipc_send_msg(): Server closed UNIX socket
10-24 14:11:35.304  1483  1816 E QC-NETMGR-LIB: netmgr_client.c 392: netmgr_client_send_ping_msg(): Client closed socket
10-24 14:11:35.307  1551  1612 I QC-DS-LIB: ds_util.c 2287: ds_get_target(): Target: [39] : [msmsteppe]
10-24 14:11:35.307  1551  1612 I QC-DS-LIB: ds_util.c 1483: ds_get_epid(): entry: net_dev rmnet_ipa0
10-24 14:11:35.307  1551  1612 I QC-DS-LIB: ds_util.c 1506: ds_get_epid(): [success]: ep_type[4], epid[0x1]
10-24 14:11:35.308  1551  1612 I QC-NETMGR-LIB: netmgr_qmi.c 3812: The rev ip filter update registration link[25] ip_family[4] status[SUCCESS]
10-24 14:11:35.308  1551  1612 I QC-DS-LIB: ds_util.c 2287: ds_get_target(): Target: [39] : [msmsteppe]
10-24 14:11:35.311  1551  1612 I QC-DS-LIB: ds_util.c 2287: ds_get_target(): Target: [39] : [msmsteppe]
10-24 14:11:35.311  1551  1612 I QC-DS-LIB: ds_util.c 1483: ds_get_epid(): entry: net_dev rmnet_ipa0
10-24 14:11:35.311  1551  1612 I QC-DS-LIB: ds_util.c 1506: ds_get_epid(): [success]: ep_type[4], epid[0x1]
10-24 14:11:35.312  1551  1612 I QC-NETMGR-LIB: netmgr_qmi.c 3812: The rev ip filter update registration link[25] ip_family[6] status[SUCCESS]
10-24 14:11:35.312  1551  1612 I QC-NETMGR-LIB: netmgr_qmi.c 4473: The dfs client ids [0x44/0x45]
10-24 14:11:35.312  1551  1612 I QC-NETMGR-LIB: netmgr_kif.c 4977: netmgr_kif link 25, device r_rmnet_data3 has ifindex 24
10-24 14:11:35.312  1551  1580 I QC-DS-LIB: ds_util.c 2572: ds_exec_internal(): Executing command "iptables  -w -I OUTPUT -o r_rmnet_data3 -p udp --dport 1900 -j DROP from /system/bin/iptables-wrapper-1.0 "
10-24 14:11:35.321  1551  1580 I QC-DS-LIB: ds_util.c 2661: ds_exec_internal(): [cpid:2279] Spawned child PID(2279) command:"iptables  -w -I OUTPUT -o r_rmnet_data3 -p udp --dport 1900 -j DROP"
10-24 14:11:35.349  1551  1580 I QC-DS-LIB: ds_util.c 2845: ds_exec_internal(): [cpid:2279] Process exited normally with rc=0
10-24 14:11:35.349  1551  1612 I QC-NETMGR-LIB: netmgr_kif.c 10824: netmgr_kif_set_ssdp_rule_on_iface(): Command returns 0. cmd: iptables  -w -I OUTPUT -o r_rmnet_data3 -p udp --dport 1900 -j DROP
10-24 14:11:35.351  1551  1608 I QC-NETMGR-LIB: netmgr_netlink.c 1547: Received nl msg, recvmsg returned 1332
10-24 14:11:35.351  1551  1608 I QC-NETMGR-LIB: netmgr_exec.c 386: Received command: ID=NETMGR_KIF_MSG_CMD, link=0
10-24 14:11:35.351  1551  1608 I QC-NETMGR-LIB: netmgr_netlink.c 1547: Received nl msg, recvmsg returned 1332
10-24 14:11:35.351  1551  1608 I QC-NETMGR-LIB: netmgr_exec.c 386: Received command: ID=NETMGR_KIF_MSG_CMD, link=0
10-24 14:11:35.351  1551  1608 I QC-NETMGR-LIB: netmgr_netlink.c 1547: Received nl msg, recvmsg returned 1332
10-24 14:11:35.351  1551  1608 I QC-NETMGR-LIB: netmgr_exec.c 386: Received command: ID=NETMGR_KIF_MSG_CMD, link=0
10-24 14:11:35.355  1551  1612 I QC-NETMGR-LIB: netmgr_netlink.c 684: Event=[10] link=[25] devname=[]
10-24 14:11:35.355  1551  1612 I QC-NETMGR-LIB: netmgr_netlink.c 1474: Generated nl msg, sendmsg returned 24
10-24 14:11:35.355  1551  1612 I QC-NETMGR-LIB: netmgr_exec.c 193: Process command: ID=NETMGR_INITED_EV, link=26, state=0
10-24 14:11:35.355  1551  1612 I QC-NETMGR-LIB: netmgr_qmi.c 4703: initing QMI link[26]
10-24 14:11:35.355  1551  1612 I QC-NETMGR-LIB: netmgr_qmi.c 4386: netmgr_qmi_service_init: entry 
10-24 14:11:35.355  1551  1612 I QC-NETMGR-LIB: netmgr_qmi.c 4428: initializing IPv4 WDS client
10-24 14:11:35.355  1551  1612 I QC-DS-LIB: ds_util.c 2287: ds_get_target(): Target: [39] : [msmsteppe]
10-24 14:11:35.355  1525  2008 I QC-NETMGR-LIB: netmgr_netlink.c 1547: Received nl msg, recvmsg returned 24
10-24 14:11:35.355  1525  2008 I QC-NETMGR-LIB: netmgr_netlink.c 1325: Processing NETMGR_NL_EVENT
10-24 14:11:35.355  1525  2008 I QC-NETMGR-LIB: netmgr_netlink.c 740: Attribute: Event 0xa
10-24 14:11:35.355  1525  2008 I QC-NETMGR-LIB: netmgr_client.c 218: Notified client: hdl=0x0x75ecf7e0e8 event=10 link=0 flow=0x00000000
10-24 14:11:35.355  1525  1972 D QC-DSI  : dsi_netctrl_netmgr.c 578: dsi_netmgr_map_link: ENTRY
10-24 14:11:35.355  1525  1972 D QC-DSI  : dsi_netctrl_netmgr.c 605: netmgr link [0] maps to  dsi iface [0]
10-24 14:11:35.355  1483  1815 I QC-NETMGR-LIB: netmgr_netlink.c 1547: Received nl msg, recvmsg returned 24
10-24 14:11:35.355  1525  1972 D QC-DSI  : dsi_netctrl_netmgr.c 611: dsi_netmgr_map_link: EXIT
10-24 14:11:35.355  1525  1972 D QC-DSI  : dsi_netctrl_netmgr.c 762: dsi_process_netmgr_ev: ignoring event [10] dsi_inited [0]
10-24 14:11:35.355  1483  1815 I QC-NETMGR-LIB: netmgr_netlink.c 1325: Processing NETMGR_NL_EVENT
10-24 14:11:35.355  1483  1815 I QC-NETMGR-LIB: netmgr_netlink.c 740: Attribute: Event 0xa
10-24 14:11:35.356  1483  1815 I QC-NETMGR-LIB: netmgr_client.c 218: Notified client: hdl=0x0x7aa96bf0e8 event=10 link=0 flow=0x00000000
10-24 14:11:35.356  1483  1740 D QC-DSI  : dsi_netctrl_netmgr.c 578: dsi_netmgr_map_link: ENTRY
10-24 14:11:35.356  1483  1740 D QC-DSI  : dsi_netctrl_netmgr.c 605: netmgr link [0] maps to  dsi iface [0]
10-24 14:11:35.356  1483  1740 D QC-DSI  : dsi_netctrl_netmgr.c 611: dsi_netmgr_map_link: EXIT
10-24 14:11:35.356  1483  1740 D QC-DSI  : dsi_netctrl_netmgr.c 762: dsi_process_netmgr_ev: ignoring event [10] dsi_inited [0]
10-24 14:11:35.358  1551  1612 I QC-DS-LIB: ds_util.c 2287: ds_get_target(): Target: [39] : [msmsteppe]
10-24 14:11:35.358  1551  1612 I QC-DS-LIB: ds_util.c 1483: ds_get_epid(): entry: net_dev rmnet_ipa0
10-24 14:11:35.359  1551  1612 I QC-DS-LIB: ds_util.c 1506: ds_get_epid(): [success]: ep_type[4], epid[0x1]
10-24 14:11:35.360  1551  1612 I QC-NETMGR-LIB: netmgr_qmi.c 3564: netmgr_qmi_wds_service_init(): Successfully initialized WDS client=0x46 on link=26
10-24 14:11:35.361  1551  1612 I QC-NETMGR-LIB: netmgr_qmi.c 3582: Successfully registered for ext IP config ind on IPv4 clnt_hndl=0x56c5b50c78
10-24 14:11:35.361  1551  1612 I QC-NETMGR-LIB: netmgr_qmi.c 4438: initializing IPv6 WDS client
10-24 14:11:35.361  1551  1612 I QC-DS-LIB: ds_util.c 2287: ds_get_target(): Target: [39] : [msmsteppe]
10-24 14:11:35.372  1551  1612 I QC-DS-LIB: ds_util.c 2287: ds_get_target(): Target: [39] : [msmsteppe]
10-24 14:11:35.372  1551  1612 I QC-DS-LIB: ds_util.c 1483: ds_get_epid(): entry: net_dev rmnet_ipa0
10-24 14:11:35.372  1551  1612 I QC-DS-LIB: ds_util.c 1506: ds_get_epid(): [success]: ep_type[4], epid[0x1]
10-24 14:11:35.373  1551  1612 I QC-NETMGR-LIB: netmgr_qmi.c 3564: netmgr_qmi_wds_service_init(): Successfully initialized WDS client=0x47 on link=26
10-24 14:11:35.373  1551  1612 I QC-NETMGR-LIB: netmgr_qmi.c 3582: Successfully registered for ext IP config ind on IPv6 clnt_hndl=0x56c5b50c80
10-24 14:11:35.374  1551  1612 I QC-NETMGR-LIB: netmgr_qmi.c 4452: The wds client ids [0x46/0x47]
10-24 14:11:35.374  1551  1612 I QC-DS-LIB: ds_util.c 2287: ds_get_target(): Target: [39] : [msmsteppe]
10-24 14:11:35.377  1551  1612 I QC-DS-LIB: ds_util.c 2287: ds_get_target(): Target: [39] : [msmsteppe]
10-24 14:11:35.377  1551  1612 I QC-DS-LIB: ds_util.c 1483: ds_get_epid(): entry: net_dev rmnet_ipa0
10-24 14:11:35.377  1551  1612 I QC-DS-LIB: ds_util.c 1506: ds_get_epid(): [success]: ep_type[4], epid[0x1]
10-24 14:11:35.383  1551  1612 I QC-NETMGR-LIB: netmgr_qmi.c 3812: The rev ip filter update registration link[26] ip_family[4] status[SUCCESS]
10-24 14:11:35.383  1551  1612 I QC-DS-LIB: ds_util.c 2287: ds_get_target(): Target: [39] : [msmsteppe]
10-24 14:11:35.387  1551  1612 I QC-DS-LIB: ds_util.c 2287: ds_get_target(): Target: [39] : [msmsteppe]
10-24 14:11:35.387  1551  1612 I QC-DS-LIB: ds_util.c 1483: ds_get_epid(): entry: net_dev rmnet_ipa0
10-24 14:11:35.388  1551  1612 I QC-DS-LIB: ds_util.c 1506: ds_get_epid(): [success]: ep_type[4], epid[0x1]
10-24 14:11:35.388  1551  1612 I QC-NETMGR-LIB: netmgr_qmi.c 3812: The rev ip filter update registration link[26] ip_family[6] status[SUCCESS]
10-24 14:11:35.388  1551  1612 I QC-NETMGR-LIB: netmgr_qmi.c 4473: The dfs client ids [0x48/0x49]
10-24 14:11:35.389  1551  1612 I QC-NETMGR-LIB: netmgr_kif.c 4977: netmgr_kif link 26, device r_rmnet_data4 has ifindex 25
10-24 14:11:35.389  1551  1580 I QC-DS-LIB: ds_util.c 2572: ds_exec_internal(): Executing command "iptables  -w -I OUTPUT -o r_rmnet_data4 -p udp --dport 1900 -j DROP from /system/bin/iptables-wrapper-1.0 "
10-24 14:11:35.398  1551  1580 I QC-DS-LIB: ds_util.c 2661: ds_exec_internal(): [cpid:2284] Spawned child PID(2284) command:"iptables  -w -I OUTPUT -o r_rmnet_data4 -p udp --dport 1900 -j DROP"
10-24 14:11:35.404  1525  2009 E QC-DSI  : dsi_netctrl_init.c 116: dsi_init_query_netmgr 35 time
10-24 14:11:35.404  1525  2009 I QC-NETMGR-LIB: netmgr_netlink.c 684: Event=[13] link=[0] devname=[]
10-24 14:11:35.404  1525  2009 I QC-NETMGR-LIB: netmgr_unix.c 178: netmgr_unix_ipc_send_msg(): Successfully created UNIX socket
10-24 14:11:35.404  1525  2009 I QC-NETMGR-LIB: netmgr_unix.c 194: netmgr_unix_ipc_send_msg(): Successfully connected to UNIX socket
10-24 14:11:35.404  1525  2009 I QC-NETMGR-LIB: netmgr_unix.c 202: netmgr_unix_ipc_send_msg(): Successfully sent message to UNIX socket
10-24 14:11:35.404  1551  1551 I QC-NETMGR-LIB: netmgr_netlink.c 740: Attribute: Event 0xd
10-24 14:11:35.404  1551  1551 I QC-NETMGR-LIB: netmgr_kif.c 6578: netmgr_kif_unix_recv_user_cmd(): Initialization incomplete, ignoring ping
10-24 14:11:35.404  1551  1551 I QC-NETMGR-LIB: netmgr_kif.c 6537: netmgr_kif_unix_recv_user_cmd(): Waiting for incoming connection
10-24 14:11:35.404  1483  1816 E QC-DSI  : dsi_netctrl_init.c 116: dsi_init_query_netmgr 43 time
10-24 14:11:35.405  1483  1816 I QC-NETMGR-LIB: netmgr_netlink.c 684: Event=[13] link=[0] devname=[]
10-24 14:11:35.405  1483  1816 I QC-NETMGR-LIB: netmgr_unix.c 178: netmgr_unix_ipc_send_msg(): Successfully created UNIX socket
10-24 14:11:35.405  1483  1816 I QC-NETMGR-LIB: netmgr_unix.c 194: netmgr_unix_ipc_send_msg(): Successfully connected to UNIX socket
10-24 14:11:35.405  1483  1816 I QC-NETMGR-LIB: netmgr_unix.c 202: netmgr_unix_ipc_send_msg(): Successfully sent message to UNIX socket
10-24 14:11:35.405  1551  1551 I QC-NETMGR-LIB: netmgr_netlink.c 740: Attribute: Event 0xd
10-24 14:11:35.405  1551  1551 I QC-NETMGR-LIB: netmgr_kif.c 6578: netmgr_kif_unix_recv_user_cmd(): Initialization incomplete, ignoring ping
10-24 14:11:35.405  1525  2009 I QC-NETMGR-LIB: netmgr_unix.c 230: netmgr_unix_ipc_send_msg(): Successfully received a message from UNIX socket
10-24 14:11:35.405  1525  2009 E QC-NETMGR-LIB: netmgr_unix.c 239: netmgr_unix_ipc_send_msg(): Server closed UNIX socket
10-24 14:11:35.405  1551  1551 I QC-NETMGR-LIB: netmgr_kif.c 6537: netmgr_kif_unix_recv_user_cmd(): Waiting for incoming connection
10-24 14:11:35.405  1525  2009 E QC-NETMGR-LIB: netmgr_client.c 392: netmgr_client_send_ping_msg(): Client closed socket
10-24 14:11:35.405  1483  1816 I QC-NETMGR-LIB: netmgr_unix.c 230: netmgr_unix_ipc_send_msg(): Successfully received a message from UNIX socket
10-24 14:11:35.405  1483  1816 E QC-NETMGR-LIB: netmgr_unix.c 239: netmgr_unix_ipc_send_msg(): Server closed UNIX socket
10-24 14:11:35.405  1483  1816 E QC-NETMGR-LIB: netmgr_client.c 392: netmgr_client_send_ping_msg(): Client closed socket
10-24 14:11:35.425  1551  1580 I QC-DS-LIB: ds_util.c 2845: ds_exec_internal(): [cpid:2284] Process exited normally with rc=0
10-24 14:11:35.425  1551  1612 I QC-NETMGR-LIB: netmgr_kif.c 10824: netmgr_kif_set_ssdp_rule_on_iface(): Command returns 0. cmd: iptables  -w -I OUTPUT -o r_rmnet_data4 -p udp --dport 1900 -j DROP
10-24 14:11:35.426  1551  1608 I QC-NETMGR-LIB: netmgr_netlink.c 1547: Received nl msg, recvmsg returned 1332
10-24 14:11:35.426  1551  1608 I QC-NETMGR-LIB: netmgr_exec.c 386: Received command: ID=NETMGR_KIF_MSG_CMD, link=0
10-24 14:11:35.426  1551  1608 I QC-NETMGR-LIB: netmgr_netlink.c 1547: Received nl msg, recvmsg returned 1332
10-24 14:11:35.426  1551  1608 I QC-NETMGR-LIB: netmgr_exec.c 386: Received command: ID=NETMGR_KIF_MSG_CMD, link=0
10-24 14:11:35.427  1551  1608 I QC-NETMGR-LIB: netmgr_netlink.c 1547: Received nl msg, recvmsg returned 1332
10-24 14:11:35.427  1551  1608 I QC-NETMGR-LIB: netmgr_exec.c 386: Received command: ID=NETMGR_KIF_MSG_CMD, link=0
10-24 14:11:35.428  1551  1612 I QC-NETMGR-LIB: netmgr_netlink.c 684: Event=[10] link=[26] devname=[]
10-24 14:11:35.428  1551  1612 I QC-NETMGR-LIB: netmgr_netlink.c 1474: Generated nl msg, sendmsg returned 24
10-24 14:11:35.428  1551  1612 I QC-NETMGR-LIB: netmgr_exec.c 193: Process command: ID=NETMGR_INITED_EV, link=27, state=0
10-24 14:11:35.428  1551  1612 I QC-NETMGR-LIB: netmgr_qmi.c 4703: initing QMI link[27]
10-24 14:11:35.428  1551  1612 I QC-NETMGR-LIB: netmgr_qmi.c 4386: netmgr_qmi_service_init: entry 
10-24 14:11:35.428  1551  1612 I QC-NETMGR-LIB: netmgr_qmi.c 4428: initializing IPv4 WDS client
10-24 14:11:35.428  1551  1612 I QC-DS-LIB: ds_util.c 2287: ds_get_target(): Target: [39] : [msmsteppe]
10-24 14:11:35.428  1525  2008 I QC-NETMGR-LIB: netmgr_netlink.c 1547: Received nl msg, recvmsg returned 24
10-24 14:11:35.428  1525  2008 I QC-NETMGR-LIB: netmgr_netlink.c 1325: Processing NETMGR_NL_EVENT
10-24 14:11:35.428  1525  2008 I QC-NETMGR-LIB: netmgr_netlink.c 740: Attribute: Event 0xa
10-24 14:11:35.428  1525  2008 I QC-NETMGR-LIB: netmgr_client.c 218: Notified client: hdl=0x0x75ecf7e0e8 event=10 link=0 flow=0x00000000
10-24 14:11:35.428  1525  1972 D QC-DSI  : dsi_netctrl_netmgr.c 578: dsi_netmgr_map_link: ENTRY
10-24 14:11:35.428  1525  1972 D QC-DSI  : dsi_netctrl_netmgr.c 605: netmgr link [0] maps to  dsi iface [0]
10-24 14:11:35.428  1525  1972 D QC-DSI  : dsi_netctrl_netmgr.c 611: dsi_netmgr_map_link: EXIT
10-24 14:11:35.428  1483  1815 I QC-NETMGR-LIB: netmgr_netlink.c 1547: Received nl msg, recvmsg returned 24
10-24 14:11:35.428  1525  1972 D QC-DSI  : dsi_netctrl_netmgr.c 762: dsi_process_netmgr_ev: ignoring event [10] dsi_inited [0]
10-24 14:11:35.429  1483  1815 I QC-NETMGR-LIB: netmgr_netlink.c 1325: Processing NETMGR_NL_EVENT
10-24 14:11:35.429  1483  1815 I QC-NETMGR-LIB: netmgr_netlink.c 740: Attribute: Event 0xa
10-24 14:11:35.429  1483  1815 I QC-NETMGR-LIB: netmgr_client.c 218: Notified client: hdl=0x0x7aa96bf0e8 event=10 link=0 flow=0x00000000
10-24 14:11:35.429  1483  1740 D QC-DSI  : dsi_netctrl_netmgr.c 578: dsi_netmgr_map_link: ENTRY
10-24 14:11:35.429  1483  1740 D QC-DSI  : dsi_netctrl_netmgr.c 605: netmgr link [0] maps to  dsi iface [0]
10-24 14:11:35.429  1483  1740 D QC-DSI  : dsi_netctrl_netmgr.c 611: dsi_netmgr_map_link: EXIT
10-24 14:11:35.429  1483  1740 D QC-DSI  : dsi_netctrl_netmgr.c 762: dsi_process_netmgr_ev: ignoring event [10] dsi_inited [0]
10-24 14:11:35.431  1551  1612 I QC-DS-LIB: ds_util.c 2287: ds_get_target(): Target: [39] : [msmsteppe]
10-24 14:11:35.431  1551  1612 I QC-DS-LIB: ds_util.c 1483: ds_get_epid(): entry: net_dev rmnet_ipa0
10-24 14:11:35.431  1551  1612 I QC-DS-LIB: ds_util.c 1506: ds_get_epid(): [success]: ep_type[4], epid[0x1]
10-24 14:11:35.432  1551  1612 I QC-NETMGR-LIB: netmgr_qmi.c 3564: netmgr_qmi_wds_service_init(): Successfully initialized WDS client=0x4a on link=27
10-24 14:11:35.432  1551  1612 I QC-NETMGR-LIB: netmgr_qmi.c 3582: Successfully registered for ext IP config ind on IPv4 clnt_hndl=0x56c5b520e0
10-24 14:11:35.433  1551  1612 I QC-NETMGR-LIB: netmgr_qmi.c 4438: initializing IPv6 WDS client
10-24 14:11:35.433  1551  1612 I QC-DS-LIB: ds_util.c 2287: ds_get_target(): Target: [39] : [msmsteppe]
10-24 14:11:35.436  1551  1612 I QC-DS-LIB: ds_util.c 2287: ds_get_target(): Target: [39] : [msmsteppe]
10-24 14:11:35.436  1551  1612 I QC-DS-LIB: ds_util.c 1483: ds_get_epid(): entry: net_dev rmnet_ipa0
10-24 14:11:35.436  1551  1612 I QC-DS-LIB: ds_util.c 1506: ds_get_epid(): [success]: ep_type[4], epid[0x1]
10-24 14:11:35.437  1551  1612 I QC-NETMGR-LIB: netmgr_qmi.c 3564: netmgr_qmi_wds_service_init(): Successfully initialized WDS client=0x4b on link=27
10-24 14:11:35.437  1551  1612 I QC-NETMGR-LIB: netmgr_qmi.c 3582: Successfully registered for ext IP config ind on IPv6 clnt_hndl=0x56c5b520e8
10-24 14:11:35.438  1551  1612 I QC-NETMGR-LIB: netmgr_qmi.c 4452: The wds client ids [0x4a/0x4b]
10-24 14:11:35.438  1551  1612 I QC-DS-LIB: ds_util.c 2287: ds_get_target(): Target: [39] : [msmsteppe]
10-24 14:11:35.441  1551  1612 I QC-DS-LIB: ds_util.c 2287: ds_get_target(): Target: [39] : [msmsteppe]
10-24 14:11:35.441  1551  1612 I QC-DS-LIB: ds_util.c 1483: ds_get_epid(): entry: net_dev rmnet_ipa0
10-24 14:11:35.441  1551  1612 I QC-DS-LIB: ds_util.c 1506: ds_get_epid(): [success]: ep_type[4], epid[0x1]
10-24 14:11:35.441  1551  1612 I QC-NETMGR-LIB: netmgr_qmi.c 3812: The rev ip filter update registration link[27] ip_family[4] status[SUCCESS]
10-24 14:11:35.442  1551  1612 I QC-DS-LIB: ds_util.c 2287: ds_get_target(): Target: [39] : [msmsteppe]
10-24 14:11:35.446  1551  1612 I QC-DS-LIB: ds_util.c 2287: ds_get_target(): Target: [39] : [msmsteppe]
10-24 14:11:35.446  1551  1612 I QC-DS-LIB: ds_util.c 1483: ds_get_epid(): entry: net_dev rmnet_ipa0
10-24 14:11:35.446  1551  1612 I QC-DS-LIB: ds_util.c 1506: ds_get_epid(): [success]: ep_type[4], epid[0x1]
10-24 14:11:35.447  1551  1612 I QC-NETMGR-LIB: netmgr_qmi.c 3812: The rev ip filter update registration link[27] ip_family[6] status[SUCCESS]
10-24 14:11:35.447  1551  1612 I QC-NETMGR-LIB: netmgr_qmi.c 4473: The dfs client ids [0x4c/0x4d]
10-24 14:11:35.447  1551  1612 I QC-NETMGR-LIB: netmgr_kif.c 4977: netmgr_kif link 27, device r_rmnet_data5 has ifindex 26
10-24 14:11:35.448  1551  1580 I QC-DS-LIB: ds_util.c 2572: ds_exec_internal(): Executing command "iptables  -w -I OUTPUT -o r_rmnet_data5 -p udp --dport 1900 -j DROP from /system/bin/iptables-wrapper-1.0 "
10-24 14:11:35.456  1551  1580 I QC-DS-LIB: ds_util.c 2661: ds_exec_internal(): [cpid:2293] Spawned child PID(2293) command:"iptables  -w -I OUTPUT -o r_rmnet_data5 -p udp --dport 1900 -j DROP"
10-24 14:11:35.490  1551  1580 I QC-DS-LIB: ds_util.c 2845: ds_exec_internal(): [cpid:2293] Process exited normally with rc=0
10-24 14:11:35.491  1551  1612 I QC-NETMGR-LIB: netmgr_kif.c 10824: netmgr_kif_set_ssdp_rule_on_iface(): Command returns 0. cmd: iptables  -w -I OUTPUT -o r_rmnet_data5 -p udp --dport 1900 -j DROP
10-24 14:11:35.493  1551  1608 I QC-NETMGR-LIB: netmgr_netlink.c 1547: Received nl msg, recvmsg returned 1332
10-24 14:11:35.493  1551  1608 I QC-NETMGR-LIB: netmgr_exec.c 386: Received command: ID=NETMGR_KIF_MSG_CMD, link=0
10-24 14:11:35.493  1551  1608 I QC-NETMGR-LIB: netmgr_netlink.c 1547: Received nl msg, recvmsg returned 1332
10-24 14:11:35.493  1551  1608 I QC-NETMGR-LIB: netmgr_exec.c 386: Received command: ID=NETMGR_KIF_MSG_CMD, link=0
10-24 14:11:35.493  1551  1608 I QC-NETMGR-LIB: netmgr_netlink.c 1547: Received nl msg, recvmsg returned 1332
10-24 14:11:35.493  1551  1608 I QC-NETMGR-LIB: netmgr_exec.c 386: Received command: ID=NETMGR_KIF_MSG_CMD, link=0
10-24 14:11:35.496  1551  1612 I QC-NETMGR-LIB: netmgr_netlink.c 684: Event=[10] link=[27] devname=[]
10-24 14:11:35.496  1551  1612 I QC-NETMGR-LIB: netmgr_netlink.c 1474: Generated nl msg, sendmsg returned 24
10-24 14:11:35.497  1551  1612 I QC-NETMGR-LIB: netmgr_exec.c 193: Process command: ID=NETMGR_INITED_EV, link=28, state=0
10-24 14:11:35.497  1551  1612 I QC-NETMGR-LIB: netmgr_qmi.c 4703: initing QMI link[28]
10-24 14:11:35.497  1551  1612 I QC-NETMGR-LIB: netmgr_qmi.c 4386: netmgr_qmi_service_init: entry 
10-24 14:11:35.497  1551  1612 I QC-NETMGR-LIB: netmgr_qmi.c 4428: initializing IPv4 WDS client
10-24 14:11:35.497  1551  1612 I QC-DS-LIB: ds_util.c 2287: ds_get_target(): Target: [39] : [msmsteppe]
10-24 14:11:35.497  1525  2008 I QC-NETMGR-LIB: netmgr_netlink.c 1547: Received nl msg, recvmsg returned 24
10-24 14:11:35.497  1525  2008 I QC-NETMGR-LIB: netmgr_netlink.c 1325: Processing NETMGR_NL_EVENT
10-24 14:11:35.497  1525  2008 I QC-NETMGR-LIB: netmgr_netlink.c 740: Attribute: Event 0xa
10-24 14:11:35.497  1525  2008 I QC-NETMGR-LIB: netmgr_client.c 218: Notified client: hdl=0x0x75ecf7e0e8 event=10 link=0 flow=0x00000000
10-24 14:11:35.497  1483  1815 I QC-NETMGR-LIB: netmgr_netlink.c 1547: Received nl msg, recvmsg returned 24
10-24 14:11:35.497  1483  1815 I QC-NETMGR-LIB: netmgr_netlink.c 1325: Processing NETMGR_NL_EVENT
10-24 14:11:35.497  1483  1815 I QC-NETMGR-LIB: netmgr_netlink.c 740: Attribute: Event 0xa
10-24 14:11:35.497  1483  1815 I QC-NETMGR-LIB: netmgr_client.c 218: Notified client: hdl=0x0x7aa96bf0e8 event=10 link=0 flow=0x00000000
10-24 14:11:35.497  1483  1740 D QC-DSI  : dsi_netctrl_netmgr.c 578: dsi_netmgr_map_link: ENTRY
10-24 14:11:35.497  1483  1740 D QC-DSI  : dsi_netctrl_netmgr.c 605: netmgr link [0] maps to  dsi iface [0]
10-24 14:11:35.497  1483  1740 D QC-DSI  : dsi_netctrl_netmgr.c 611: dsi_netmgr_map_link: EXIT
10-24 14:11:35.497  1483  1740 D QC-DSI  : dsi_netctrl_netmgr.c 762: dsi_process_netmgr_ev: ignoring event [10] dsi_inited [0]
10-24 14:11:35.498  1525  1972 D QC-DSI  : dsi_netctrl_netmgr.c 578: dsi_netmgr_map_link: ENTRY
10-24 14:11:35.498  1525  1972 D QC-DSI  : dsi_netctrl_netmgr.c 605: netmgr link [0] maps to  dsi iface [0]
10-24 14:11:35.498  1525  1972 D QC-DSI  : dsi_netctrl_netmgr.c 611: dsi_netmgr_map_link: EXIT
10-24 14:11:35.498  1525  1972 D QC-DSI  : dsi_netctrl_netmgr.c 762: dsi_process_netmgr_ev: ignoring event [10] dsi_inited [0]
10-24 14:11:35.500  1551  1612 I QC-DS-LIB: ds_util.c 2287: ds_get_target(): Target: [39] : [msmsteppe]
10-24 14:11:35.500  1551  1612 I QC-DS-LIB: ds_util.c 1483: ds_get_epid(): entry: net_dev rmnet_ipa0
10-24 14:11:35.500  1551  1612 I QC-DS-LIB: ds_util.c 1506: ds_get_epid(): [success]: ep_type[4], epid[0x1]
10-24 14:11:35.502  1551  1612 I QC-NETMGR-LIB: netmgr_qmi.c 3564: netmgr_qmi_wds_service_init(): Successfully initialized WDS client=0x4e on link=28
10-24 14:11:35.503  1551  1612 I QC-NETMGR-LIB: netmgr_qmi.c 3582: Successfully registered for ext IP config ind on IPv4 clnt_hndl=0x56c5b53548
10-24 14:11:35.503  1551  1612 I QC-NETMGR-LIB: netmgr_qmi.c 4438: initializing IPv6 WDS client
10-24 14:11:35.503  1551  1612 I QC-DS-LIB: ds_util.c 2287: ds_get_target(): Target: [39] : [msmsteppe]
10-24 14:11:35.505  1525  2009 E QC-DSI  : dsi_netctrl_init.c 116: dsi_init_query_netmgr 36 time
10-24 14:11:35.505  1525  2009 I QC-NETMGR-LIB: netmgr_netlink.c 684: Event=[13] link=[0] devname=[]
10-24 14:11:35.505  1483  1816 E QC-DSI  : dsi_netctrl_init.c 116: dsi_init_query_netmgr 44 time
10-24 14:11:35.505  1483  1816 I QC-NETMGR-LIB: netmgr_netlink.c 684: Event=[13] link=[0] devname=[]
10-24 14:11:35.505  1525  2009 I QC-NETMGR-LIB: netmgr_unix.c 178: netmgr_unix_ipc_send_msg(): Successfully created UNIX socket
10-24 14:11:35.505  1483  1816 I QC-NETMGR-LIB: netmgr_unix.c 178: netmgr_unix_ipc_send_msg(): Successfully created UNIX socket
10-24 14:11:35.505  1525  2009 I QC-NETMGR-LIB: netmgr_unix.c 194: netmgr_unix_ipc_send_msg(): Successfully connected to UNIX socket
10-24 14:11:35.505  1483  1816 I QC-NETMGR-LIB: netmgr_unix.c 194: netmgr_unix_ipc_send_msg(): Successfully connected to UNIX socket
10-24 14:11:35.505  1525  2009 I QC-NETMGR-LIB: netmgr_unix.c 202: netmgr_unix_ipc_send_msg(): Successfully sent message to UNIX socket
10-24 14:11:35.505  1483  1816 I QC-NETMGR-LIB: netmgr_unix.c 202: netmgr_unix_ipc_send_msg(): Successfully sent message to UNIX socket
10-24 14:11:35.505  1551  1551 I QC-NETMGR-LIB: netmgr_netlink.c 740: Attribute: Event 0xd
10-24 14:11:35.506  1551  1551 I QC-NETMGR-LIB: netmgr_kif.c 6578: netmgr_kif_unix_recv_user_cmd(): Initialization incomplete, ignoring ping
10-24 14:11:35.506  1483  1816 I QC-NETMGR-LIB: netmgr_unix.c 230: netmgr_unix_ipc_send_msg(): Successfully received a message from UNIX socket
10-24 14:11:35.506  1551  1551 I QC-NETMGR-LIB: netmgr_kif.c 6537: netmgr_kif_unix_recv_user_cmd(): Waiting for incoming connection
10-24 14:11:35.506  1483  1816 E QC-NETMGR-LIB: netmgr_unix.c 239: netmgr_unix_ipc_send_msg(): Server closed UNIX socket
10-24 14:11:35.506  1551  1551 I QC-NETMGR-LIB: netmgr_netlink.c 740: Attribute: Event 0xd
10-24 14:11:35.506  1483  1816 E QC-NETMGR-LIB: netmgr_client.c 392: netmgr_client_send_ping_msg(): Client closed socket
10-24 14:11:35.506  1551  1551 I QC-NETMGR-LIB: netmgr_kif.c 6578: netmgr_kif_unix_recv_user_cmd(): Initialization incomplete, ignoring ping
10-24 14:11:35.506  1551  1551 I QC-NETMGR-LIB: netmgr_kif.c 6537: netmgr_kif_unix_recv_user_cmd(): Waiting for incoming connection
10-24 14:11:35.506  1525  2009 I QC-NETMGR-LIB: netmgr_unix.c 230: netmgr_unix_ipc_send_msg(): Successfully received a message from UNIX socket
10-24 14:11:35.506  1525  2009 E QC-NETMGR-LIB: netmgr_unix.c 239: netmgr_unix_ipc_send_msg(): Server closed UNIX socket
10-24 14:11:35.506  1551  1612 I QC-DS-LIB: ds_util.c 2287: ds_get_target(): Target: [39] : [msmsteppe]
10-24 14:11:35.506  1551  1612 I QC-DS-LIB: ds_util.c 1483: ds_get_epid(): entry: net_dev rmnet_ipa0
10-24 14:11:35.506  1525  2009 E QC-NETMGR-LIB: netmgr_client.c 392: netmgr_client_send_ping_msg(): Client closed socket
10-24 14:11:35.506  1551  1612 I QC-DS-LIB: ds_util.c 1506: ds_get_epid(): [success]: ep_type[4], epid[0x1]
10-24 14:11:35.507  1551  1612 I QC-NETMGR-LIB: netmgr_qmi.c 3564: netmgr_qmi_wds_service_init(): Successfully initialized WDS client=0x4f on link=28
10-24 14:11:35.508  1551  1612 I QC-NETMGR-LIB: netmgr_qmi.c 3582: Successfully registered for ext IP config ind on IPv6 clnt_hndl=0x56c5b53550
10-24 14:11:35.509  1551  1612 I QC-NETMGR-LIB: netmgr_qmi.c 4452: The wds client ids [0x4e/0x4f]
10-24 14:11:35.509  1551  1612 I QC-DS-LIB: ds_util.c 2287: ds_get_target(): Target: [39] : [msmsteppe]
10-24 14:11:35.512  1551  1612 I QC-DS-LIB: ds_util.c 2287: ds_get_target(): Target: [39] : [msmsteppe]
10-24 14:11:35.512  1551  1612 I QC-DS-LIB: ds_util.c 1483: ds_get_epid(): entry: net_dev rmnet_ipa0
10-24 14:11:35.512  1551  1612 I QC-DS-LIB: ds_util.c 1506: ds_get_epid(): [success]: ep_type[4], epid[0x1]
10-24 14:11:35.514  1551  1612 I QC-NETMGR-LIB: netmgr_qmi.c 3812: The rev ip filter update registration link[28] ip_family[4] status[SUCCESS]
10-24 14:11:35.514  1551  1612 I QC-DS-LIB: ds_util.c 2287: ds_get_target(): Target: [39] : [msmsteppe]
10-24 14:11:35.517  1551  1612 I QC-DS-LIB: ds_util.c 2287: ds_get_target(): Target: [39] : [msmsteppe]
10-24 14:11:35.517  1551  1612 I QC-DS-LIB: ds_util.c 1483: ds_get_epid(): entry: net_dev rmnet_ipa0
10-24 14:11:35.517  1551  1612 I QC-DS-LIB: ds_util.c 1506: ds_get_epid(): [success]: ep_type[4], epid[0x1]
10-24 14:11:35.518  1551  1612 I QC-NETMGR-LIB: netmgr_qmi.c 3812: The rev ip filter update registration link[28] ip_family[6] status[SUCCESS]
10-24 14:11:35.518  1551  1612 I QC-NETMGR-LIB: netmgr_qmi.c 4473: The dfs client ids [0x50/0x51]
10-24 14:11:35.518  1551  1612 I QC-NETMGR-LIB: netmgr_kif.c 4977: netmgr_kif link 28, device r_rmnet_data6 has ifindex 27
10-24 14:11:35.518  1551  1580 I QC-DS-LIB: ds_util.c 2572: ds_exec_internal(): Executing command "iptables  -w -I OUTPUT -o r_rmnet_data6 -p udp --dport 1900 -j DROP from /system/bin/iptables-wrapper-1.0 "
10-24 14:11:35.526  1551  1580 I QC-DS-LIB: ds_util.c 2661: ds_exec_internal(): [cpid:2298] Spawned child PID(2298) command:"iptables  -w -I OUTPUT -o r_rmnet_data6 -p udp --dport 1900 -j DROP"
10-24 14:11:35.557  1551  1580 I QC-DS-LIB: ds_util.c 2845: ds_exec_internal(): [cpid:2298] Process exited normally with rc=0
10-24 14:11:35.557  1551  1612 I QC-NETMGR-LIB: netmgr_kif.c 10824: netmgr_kif_set_ssdp_rule_on_iface(): Command returns 0. cmd: iptables  -w -I OUTPUT -o r_rmnet_data6 -p udp --dport 1900 -j DROP
10-24 14:11:35.558  1551  1608 I QC-NETMGR-LIB: netmgr_netlink.c 1547: Received nl msg, recvmsg returned 1332
10-24 14:11:35.559  1551  1608 I QC-NETMGR-LIB: netmgr_exec.c 386: Received command: ID=NETMGR_KIF_MSG_CMD, link=0
10-24 14:11:35.559  1551  1608 I QC-NETMGR-LIB: netmgr_netlink.c 1547: Received nl msg, recvmsg returned 1332
10-24 14:11:35.559  1551  1608 I QC-NETMGR-LIB: netmgr_exec.c 386: Received command: ID=NETMGR_KIF_MSG_CMD, link=0
10-24 14:11:35.559  1551  1608 I QC-NETMGR-LIB: netmgr_netlink.c 1547: Received nl msg, recvmsg returned 1332
10-24 14:11:35.559  1551  1608 I QC-NETMGR-LIB: netmgr_exec.c 386: Received command: ID=NETMGR_KIF_MSG_CMD, link=0
10-24 14:11:35.561  1551  1612 I QC-NETMGR-LIB: netmgr_netlink.c 684: Event=[10] link=[28] devname=[]
10-24 14:11:35.561  1551  1612 I QC-NETMGR-LIB: netmgr_netlink.c 1474: Generated nl msg, sendmsg returned 24
10-24 14:11:35.561  1551  1612 I QC-NETMGR-LIB: netmgr_exec.c 193: Process command: ID=NETMGR_INITED_EV, link=29, state=0
10-24 14:11:35.561  1551  1612 I QC-NETMGR-LIB: netmgr_qmi.c 4703: initing QMI link[29]
10-24 14:11:35.561  1551  1612 I QC-NETMGR-LIB: netmgr_qmi.c 4386: netmgr_qmi_service_init: entry 
10-24 14:11:35.561  1551  1612 I QC-NETMGR-LIB: netmgr_qmi.c 4428: initializing IPv4 WDS client
10-24 14:11:35.561  1551  1612 I QC-DS-LIB: ds_util.c 2287: ds_get_target(): Target: [39] : [msmsteppe]
10-24 14:11:35.562  1525  2008 I QC-NETMGR-LIB: netmgr_netlink.c 1547: Received nl msg, recvmsg returned 24
10-24 14:11:35.562  1525  2008 I QC-NETMGR-LIB: netmgr_netlink.c 1325: Processing NETMGR_NL_EVENT
10-24 14:11:35.562  1525  2008 I QC-NETMGR-LIB: netmgr_netlink.c 740: Attribute: Event 0xa
10-24 14:11:35.562  1525  2008 I QC-NETMGR-LIB: netmgr_client.c 218: Notified client: hdl=0x0x75ecf7e0e8 event=10 link=0 flow=0x00000000
10-24 14:11:35.562  1525  1972 D QC-DSI  : dsi_netctrl_netmgr.c 578: dsi_netmgr_map_link: ENTRY
10-24 14:11:35.562  1525  1972 D QC-DSI  : dsi_netctrl_netmgr.c 605: netmgr link [0] maps to  dsi iface [0]
10-24 14:11:35.562  1483  1815 I QC-NETMGR-LIB: netmgr_netlink.c 1547: Received nl msg, recvmsg returned 24
10-24 14:11:35.562  1525  1972 D QC-DSI  : dsi_netctrl_netmgr.c 611: dsi_netmgr_map_link: EXIT
10-24 14:11:35.562  1525  1972 D QC-DSI  : dsi_netctrl_netmgr.c 762: dsi_process_netmgr_ev: ignoring event [10] dsi_inited [0]
10-24 14:11:35.562  1483  1815 I QC-NETMGR-LIB: netmgr_netlink.c 1325: Processing NETMGR_NL_EVENT
10-24 14:11:35.562  1483  1815 I QC-NETMGR-LIB: netmgr_netlink.c 740: Attribute: Event 0xa
10-24 14:11:35.562  1483  1815 I QC-NETMGR-LIB: netmgr_client.c 218: Notified client: hdl=0x0x7aa96bf0e8 event=10 link=0 flow=0x00000000
10-24 14:11:35.562  1483  1740 D QC-DSI  : dsi_netctrl_netmgr.c 578: dsi_netmgr_map_link: ENTRY
10-24 14:11:35.562  1483  1740 D QC-DSI  : dsi_netctrl_netmgr.c 605: netmgr link [0] maps to  dsi iface [0]
10-24 14:11:35.562  1483  1740 D QC-DSI  : dsi_netctrl_netmgr.c 611: dsi_netmgr_map_link: EXIT
10-24 14:11:35.562  1483  1740 D QC-DSI  : dsi_netctrl_netmgr.c 762: dsi_process_netmgr_ev: ignoring event [10] dsi_inited [0]
10-24 14:11:35.565  1551  1612 I QC-DS-LIB: ds_util.c 2287: ds_get_target(): Target: [39] : [msmsteppe]
10-24 14:11:35.565  1551  1612 I QC-DS-LIB: ds_util.c 1483: ds_get_epid(): entry: net_dev rmnet_ipa0
10-24 14:11:35.565  1551  1612 I QC-DS-LIB: ds_util.c 1506: ds_get_epid(): [success]: ep_type[4], epid[0x1]
10-24 14:11:35.568  1551  1612 I QC-NETMGR-LIB: netmgr_qmi.c 3564: netmgr_qmi_wds_service_init(): Successfully initialized WDS client=0x52 on link=29
10-24 14:11:35.568  1551  1612 I QC-NETMGR-LIB: netmgr_qmi.c 3582: Successfully registered for ext IP config ind on IPv4 clnt_hndl=0x56c5b549b0
10-24 14:11:35.569  1551  1612 I QC-NETMGR-LIB: netmgr_qmi.c 4438: initializing IPv6 WDS client
10-24 14:11:35.569  1551  1612 I QC-DS-LIB: ds_util.c 2287: ds_get_target(): Target: [39] : [msmsteppe]
10-24 14:11:35.572  1551  1612 I QC-DS-LIB: ds_util.c 2287: ds_get_target(): Target: [39] : [msmsteppe]
10-24 14:11:35.572  1551  1612 I QC-DS-LIB: ds_util.c 1483: ds_get_epid(): entry: net_dev rmnet_ipa0
10-24 14:11:35.572  1551  1612 I QC-DS-LIB: ds_util.c 1506: ds_get_epid(): [success]: ep_type[4], epid[0x1]
10-24 14:11:35.573  1551  1612 I QC-NETMGR-LIB: netmgr_qmi.c 3564: netmgr_qmi_wds_service_init(): Successfully initialized WDS client=0x53 on link=29
10-24 14:11:35.573  1551  1612 I QC-NETMGR-LIB: netmgr_qmi.c 3582: Successfully registered for ext IP config ind on IPv6 clnt_hndl=0x56c5b549b8
10-24 14:11:35.573  1551  1612 I QC-NETMGR-LIB: netmgr_qmi.c 4452: The wds client ids [0x52/0x53]
10-24 14:11:35.573  1551  1612 I QC-DS-LIB: ds_util.c 2287: ds_get_target(): Target: [39] : [msmsteppe]
10-24 14:11:35.577  1551  1612 I QC-DS-LIB: ds_util.c 2287: ds_get_target(): Target: [39] : [msmsteppe]
10-24 14:11:35.577  1551  1612 I QC-DS-LIB: ds_util.c 1483: ds_get_epid(): entry: net_dev rmnet_ipa0
10-24 14:11:35.577  1551  1612 I QC-DS-LIB: ds_util.c 1506: ds_get_epid(): [success]: ep_type[4], epid[0x1]
10-24 14:11:35.578  1551  1612 I QC-NETMGR-LIB: netmgr_qmi.c 3812: The rev ip filter update registration link[29] ip_family[4] status[SUCCESS]
10-24 14:11:35.578  1551  1612 I QC-DS-LIB: ds_util.c 2287: ds_get_target(): Target: [39] : [msmsteppe]
10-24 14:11:35.582  1551  1612 I QC-DS-LIB: ds_util.c 2287: ds_get_target(): Target: [39] : [msmsteppe]
10-24 14:11:35.582  1551  1612 I QC-DS-LIB: ds_util.c 1483: ds_get_epid(): entry: net_dev rmnet_ipa0
10-24 14:11:35.582  1551  1612 I QC-DS-LIB: ds_util.c 1506: ds_get_epid(): [success]: ep_type[4], epid[0x1]
10-24 14:11:35.583  1551  1612 I QC-NETMGR-LIB: netmgr_qmi.c 3812: The rev ip filter update registration link[29] ip_family[6] status[SUCCESS]
10-24 14:11:35.583  1551  1612 I QC-NETMGR-LIB: netmgr_qmi.c 4473: The dfs client ids [0x54/0x55]
10-24 14:11:35.583  1551  1612 I QC-NETMGR-LIB: netmgr_kif.c 4977: netmgr_kif link 29, device r_rmnet_data7 has ifindex 28
10-24 14:11:35.584  1551  1580 I QC-DS-LIB: ds_util.c 2572: ds_exec_internal(): Executing command "iptables  -w -I OUTPUT -o r_rmnet_data7 -p udp --dport 1900 -j DROP from /system/bin/iptables-wrapper-1.0 "
10-24 14:11:35.593  1551  1580 I QC-DS-LIB: ds_util.c 2661: ds_exec_internal(): [cpid:2303] Spawned child PID(2303) command:"iptables  -w -I OUTPUT -o r_rmnet_data7 -p udp --dport 1900 -j DROP"
10-24 14:11:35.606  1483  1816 E QC-DSI  : dsi_netctrl_init.c 116: dsi_init_query_netmgr 45 time
10-24 14:11:35.606  1483  1816 I QC-NETMGR-LIB: netmgr_netlink.c 684: Event=[13] link=[0] devname=[]
10-24 14:11:35.606  1525  2009 E QC-DSI  : dsi_netctrl_init.c 116: dsi_init_query_netmgr 37 time
10-24 14:11:35.606  1525  2009 I QC-NETMGR-LIB: netmgr_netlink.c 684: Event=[13] link=[0] devname=[]
10-24 14:11:35.606  1483  1816 I QC-NETMGR-LIB: netmgr_unix.c 178: netmgr_unix_ipc_send_msg(): Successfully created UNIX socket
10-24 14:11:35.606  1525  2009 I QC-NETMGR-LIB: netmgr_unix.c 178: netmgr_unix_ipc_send_msg(): Successfully created UNIX socket
10-24 14:11:35.606  1483  1816 I QC-NETMGR-LIB: netmgr_unix.c 194: netmgr_unix_ipc_send_msg(): Successfully connected to UNIX socket
10-24 14:11:35.606  1525  2009 I QC-NETMGR-LIB: netmgr_unix.c 194: netmgr_unix_ipc_send_msg(): Successfully connected to UNIX socket
10-24 14:11:35.606  1525  2009 I QC-NETMGR-LIB: netmgr_unix.c 202: netmgr_unix_ipc_send_msg(): Successfully sent message to UNIX socket
10-24 14:11:35.606  1483  1816 I QC-NETMGR-LIB: netmgr_unix.c 202: netmgr_unix_ipc_send_msg(): Successfully sent message to UNIX socket
10-24 14:11:35.606  1551  1551 I QC-NETMGR-LIB: netmgr_netlink.c 740: Attribute: Event 0xd
