10-24 14:17:57.451  1975  2983 I sysui_view_visibility: [127,0]
10-24 14:17:57.451  1975  2983 I sysui_multi_action: [757,127,758,2]
10-24 14:17:57.451  1975  2983 I notification_panel_hidden: 
10-24 14:17:58.113  1975  2983 I am_create_activity: [0,156064863,17,com.android.settings/.Settings$NetworkDashboardActivity,NULL,NULL,NULL,32768]
10-24 14:17:58.116  1975  2983 I am_pause_activity: [0,156632457,com.android.settings/.Settings,userLeaving=true]
10-24 14:17:58.122  8669  8669 I sysui_view_visibility: [35,0]
10-24 14:17:58.122  8669  8669 I sysui_multi_action: [757,35,758,2]
10-24 14:17:58.124  8669  8669 I am_on_paused_called: [0,com.android.settings.Settings,performPause]
10-24 14:17:58.128  1975  2983 I am_restart_activity: [0,156064863,17,com.android.settings/.Settings$NetworkDashboardActivity]
10-24 14:17:58.129  1975  2983 I am_set_resumed_activity: [0,com.android.settings/.Settings$NetworkDashboardActivity,minimalResumeActivityLocked]
10-24 14:17:58.133  1975  2069 I sysui_count: [window_time_0,2]
10-24 14:17:58.133  1975  2069 I sysui_multi_action: [757,803,799,window_time_0,802,2]
10-24 14:17:58.180  1975  2069 I am_uid_idle: 10090
10-24 14:17:58.200  8669  8669 I am_on_create_called: [0,com.android.settings.Settings$NetworkDashboardActivity,performCreate]
10-24 14:17:58.210  8669  8669 I am_on_start_called: [0,com.android.settings.Settings$NetworkDashboardActivity,handleStartActivity]
10-24 14:17:58.221  8669  8669 I am_on_resume_called: [0,com.android.settings.Settings$NetworkDashboardActivity,RESUME_ACTIVITY]
10-24 14:17:58.232  8669  8669 I sysui_multi_action: [757,746,758,1,833,35]
10-24 14:17:58.337  1975  2094 I am_activity_launch_time: [0,156064863,com.android.settings/.Settings$NetworkDashboardActivity,205,205]
10-24 14:17:58.768  1975  2069 I am_stop_activity: [0,156632457,com.android.settings/.Settings]
10-24 14:17:58.788  8669  8669 I am_on_stop_called: [0,com.android.settings.Settings,STOP_ACTIVITY_ITEM]
10-24 14:17:58.788  1975  2024 I am_kill : [0,7112,android.process.acore,906,empty #17]
10-24 14:17:58.823  1975  2024 I am_proc_died: [0,7112,android.process.acore,906,18]
10-24 14:17:58.823  1975  2024 I am_uid_stopped: 10063
10-24 14:17:58.995  8669  8669 I sysui_multi_action: [757,830,758,4,806,android.settings.WIFI_SETTINGS,833,746]
10-24 14:17:58.999  1975  5672 I am_create_activity: [0,222265609,17,com.android.settings/.SubSettings,android.intent.action.MAIN,NULL,NULL,0]
10-24 14:17:59.003  1975  5672 I am_pause_activity: [0,156064863,com.android.settings/.Settings$NetworkDashboardActivity,userLeaving=true]
10-24 14:17:59.007  8669  8669 I sysui_view_visibility: [746,0]
10-24 14:17:59.008  8669  8669 I sysui_multi_action: [757,746,758,2]
10-24 14:17:59.013  8669  8669 I am_on_paused_called: [0,com.android.settings.Settings$NetworkDashboardActivity,performPause]
10-24 14:17:59.016  1975  5933 I am_restart_activity: [0,222265609,17,com.android.settings/.SubSettings]
10-24 14:17:59.017  1975  5933 I am_set_resumed_activity: [0,com.android.settings/.SubSettings,minimalResumeActivityLocked]
10-24 14:17:59.021  1975  2069 I sysui_count: [window_time_0,0]
10-24 14:17:59.021  1975  2069 I sysui_multi_action: [757,803,799,window_time_0,802,0]
10-24 14:17:59.051  1975  2101 I cpu     : [21,9,9,0,1,0]
10-24 14:17:59.063  8669  8669 I am_on_create_called: [0,com.android.settings.SubSettings,performCreate]
10-24 14:17:59.085  8669  8669 I am_on_start_called: [0,com.android.settings.SubSettings,handleStartActivity]
10-24 14:17:59.136  8669  8669 I sysui_histogram: [settings_wifi_speed_labels,0]
10-24 14:17:59.136  8669  8669 I sysui_multi_action: [757,804,799,settings_wifi_speed_labels,801,0,802,1]
10-24 14:17:59.139  8669  8669 I sysui_histogram: [settings_wifi_speed_labels,0]
10-24 14:17:59.139  8669  8669 I sysui_multi_action: [757,804,799,settings_wifi_speed_labels,801,0,802,1]
10-24 14:17:59.140  8669  8669 I sysui_histogram: [settings_wifi_speed_labels,0]
10-24 14:17:59.140  8669  8669 I sysui_multi_action: [757,804,799,settings_wifi_speed_labels,801,0,802,1]
10-24 14:17:59.140  8669  8669 I sysui_histogram: [settings_wifi_speed_labels,0]
10-24 14:17:59.141  8669  8669 I sysui_multi_action: [757,804,799,settings_wifi_speed_labels,801,0,802,1]
10-24 14:17:59.142  8669  8669 I sysui_histogram: [settings_wifi_speed_labels,0]
10-24 14:17:59.142  8669  8669 I sysui_multi_action: [757,804,799,settings_wifi_speed_labels,801,0,802,1]
10-24 14:17:59.143  8669  8669 I sysui_histogram: [settings_wifi_speed_labels,0]
10-24 14:17:59.143  8669  8669 I sysui_multi_action: [757,804,799,settings_wifi_speed_labels,801,0,802,1]
10-24 14:17:59.144  8669  8669 I sysui_histogram: [settings_wifi_speed_labels,0]
10-24 14:17:59.144  8669  8669 I sysui_multi_action: [757,804,799,settings_wifi_speed_labels,801,0,802,1]
10-24 14:17:59.145  8669  8669 I sysui_histogram: [settings_wifi_speed_labels,0]
10-24 14:17:59.145  8669  8669 I sysui_multi_action: [757,804,799,settings_wifi_speed_labels,801,0,802,1]
10-24 14:17:59.146  8669  8669 I sysui_histogram: [settings_wifi_speed_labels,0]
10-24 14:17:59.146  8669  8669 I sysui_multi_action: [757,804,799,settings_wifi_speed_labels,801,0,802,1]
10-24 14:17:59.146  8669  8669 I sysui_histogram: [settings_wifi_speed_labels,0]
10-24 14:17:59.146  8669  8669 I sysui_multi_action: [757,804,799,settings_wifi_speed_labels,801,0,802,1]
10-24 14:17:59.147  8669  8669 I sysui_histogram: [settings_wifi_speed_labels,0]
10-24 14:17:59.147  8669  8669 I sysui_multi_action: [757,804,799,settings_wifi_speed_labels,801,0,802,1]
10-24 14:17:59.148  8669  8669 I sysui_histogram: [settings_wifi_speed_labels,0]
10-24 14:17:59.148  8669  8669 I sysui_multi_action: [757,804,799,settings_wifi_speed_labels,801,0,802,1]
10-24 14:17:59.149  8669  8669 I sysui_histogram: [settings_wifi_speed_labels,0]
10-24 14:17:59.149  8669  8669 I sysui_multi_action: [757,804,799,settings_wifi_speed_labels,801,0,802,1]
10-24 14:17:59.150  8669  8669 I sysui_histogram: [settings_wifi_speed_labels,0]
10-24 14:17:59.150  8669  8669 I sysui_multi_action: [757,804,799,settings_wifi_speed_labels,801,0,802,1]
10-24 14:17:59.153  8669  8669 I sysui_histogram: [settings_wifi_speed_labels,0]
10-24 14:17:59.153  8669  8669 I sysui_multi_action: [757,804,799,settings_wifi_speed_labels,801,0,802,1]
10-24 14:17:59.154  8669  8669 I sysui_histogram: [settings_wifi_speed_labels,0]
10-24 14:17:59.155  8669  8669 I sysui_multi_action: [757,804,799,settings_wifi_speed_labels,801,0,802,1]
10-24 14:17:59.155  8669  8669 I sysui_histogram: [settings_wifi_speed_labels,0]
10-24 14:17:59.155  8669  8669 I sysui_multi_action: [757,804,799,settings_wifi_speed_labels,801,0,802,1]
10-24 14:17:59.156  8669  8669 I sysui_histogram: [settings_wifi_speed_labels,0]
10-24 14:17:59.156  8669  8669 I sysui_multi_action: [757,804,799,settings_wifi_speed_labels,801,0,802,1]
10-24 14:17:59.156  8669  8669 I sysui_histogram: [settings_wifi_speed_labels,0]
10-24 14:17:59.156  8669  8669 I sysui_multi_action: [757,804,799,settings_wifi_speed_labels,801,0,802,1]
10-24 14:17:59.157  8669  8669 I sysui_histogram: [settings_wifi_speed_labels,0]
10-24 14:17:59.157  8669  8669 I sysui_multi_action: [757,804,799,settings_wifi_speed_labels,801,0,802,1]
10-24 14:17:59.157  8669  8669 I sysui_histogram: [settings_wifi_speed_labels,0]
10-24 14:17:59.157  8669  8669 I sysui_multi_action: [757,804,799,settings_wifi_speed_labels,801,0,802,1]
10-24 14:17:59.158  8669  8669 I sysui_histogram: [settings_wifi_speed_labels,0]
10-24 14:17:59.158  8669  8669 I sysui_multi_action: [757,804,799,settings_wifi_speed_labels,801,0,802,1]
10-24 14:17:59.159  8669  8669 I sysui_histogram: [settings_wifi_speed_labels,0]
10-24 14:17:59.159  8669  8669 I sysui_multi_action: [757,804,799,settings_wifi_speed_labels,801,0,802,1]
10-24 14:17:59.159  8669  8669 I sysui_histogram: [settings_wifi_speed_labels,0]
10-24 14:17:59.159  8669  8669 I sysui_multi_action: [757,804,799,settings_wifi_speed_labels,801,0,802,1]
10-24 14:17:59.159  8669  8669 I sysui_histogram: [settings_wifi_speed_labels,0]
10-24 14:17:59.160  8669  8669 I sysui_multi_action: [757,804,799,settings_wifi_speed_labels,801,0,802,1]
10-24 14:17:59.167  8669  8669 I am_on_resume_called: [0,com.android.settings.SubSettings,RESUME_ACTIVITY]
10-24 14:17:59.168  8669  8669 I sysui_multi_action: [757,103,758,1,833,746]
10-24 14:17:59.250  1975  2094 I am_activity_launch_time: [0,222265609,com.android.settings/.SubSettings,230,230]
10-24 14:17:59.685  1975  2069 I am_stop_activity: [0,156064863,com.android.settings/.Settings$NetworkDashboardActivity]
10-24 14:17:59.712  8669  8669 I am_on_stop_called: [0,com.android.settings.Settings$NetworkDashboardActivity,STOP_ACTIVITY_ITEM]
10-24 14:17:59.776  1975  2024 I am_kill : [0,5249,com.android.vending,906,empty #17]
10-24 14:17:59.824  1975  2024 I am_proc_died: [0,5249,com.android.vending,906,18]
10-24 14:17:59.824  1975  2024 I am_uid_stopped: 10048
10-24 14:18:00.054  1975  2325 I am_kill : [0,7851,com.google.android.videos,906,empty #17]
10-24 14:18:00.092  1975  4432 I am_proc_died: [0,7851,com.google.android.videos,906,18]
10-24 14:18:00.092  1975  4432 I am_uid_stopped: 10141
10-24 14:18:00.301  1975  3185 I am_create_activity: [0,97120519,17,com.android.settings/.SubSettings,android.intent.action.MAIN,NULL,NULL,0]
10-24 14:18:00.304  1975  3185 I am_pause_activity: [0,222265609,com.android.settings/.SubSettings,userLeaving=true]
10-24 14:18:00.308  8669  8669 I sysui_view_visibility: [103,0]
10-24 14:18:00.308  8669  8669 I sysui_multi_action: [757,103,758,2]
10-24 14:18:00.310  8669  8669 I am_on_paused_called: [0,com.android.settings.SubSettings,performPause]
10-24 14:18:00.312  1975  4971 I am_restart_activity: [0,97120519,17,com.android.settings/.SubSettings]
10-24 14:18:00.315  1975  4971 I am_set_resumed_activity: [0,com.android.settings/.SubSettings,minimalResumeActivityLocked]
10-24 14:18:00.319  1975  2069 I sysui_count: [window_time_0,2]
10-24 14:18:00.319  1975  2069 I sysui_multi_action: [757,803,799,window_time_0,802,2]
10-24 14:18:00.368  8669  8669 I am_on_create_called: [0,com.android.settings.SubSettings,performCreate]
10-24 14:18:00.378  8669  8669 I am_on_start_called: [0,com.android.settings.SubSettings,handleStartActivity]
10-24 14:18:00.381  8669  8669 I am_on_resume_called: [0,com.android.settings.SubSettings,RESUME_ACTIVITY]
10-24 14:18:00.389  8669  8669 I sysui_multi_action: [757,849,758,1,833,103]
10-24 14:18:00.391  8669  8691 I sysui_count: [wifi.details.WifiNetworkDetailsFragment/metered|0,1]
10-24 14:18:00.391  8669  8691 I sysui_multi_action: [757,803,799,wifi.details.WifiNetworkDetailsFragment/metered|0,802,1]
10-24 14:18:00.486  1975  2094 I am_activity_launch_time: [0,97120519,com.android.settings/.SubSettings,167,167]
10-24 14:18:00.904  1975  2069 I dvm_lock_sample: [system_server,1,ActivityManager,5,WindowManagerService.java,2972,boolean com.android.server.wm.WindowManagerService.containsShowWhenLockedWindow(android.os.IBinder),WindowSurfacePlacer.java,117,void com.android.server.wm.WindowSurfacePlacer.lambda$new$0(com.android.server.wm.WindowSurfacePlacer),1]
10-24 14:18:00.906  1975  2069 I am_stop_activity: [0,222265609,com.android.settings/.SubSettings]
10-24 14:18:00.924  8669  8669 I am_on_stop_called: [0,com.android.settings.SubSettings,STOP_ACTIVITY_ITEM]
10-24 14:18:05.872  1975  2101 I cpu     : [10,4,4,0,0,0]
10-24 14:18:05.952  1975  1975 I notification_enqueue: [1000,3968,com.motorola.tools.batterytracer,13579,NULL,0,Notification(channel=bt_shades_channel pri=-2 contentView=null vibrate=null sound=null defaults=0x0 flags=0x2 color=0x00000000 vis=PRIVATE),1]
10-24 14:18:08.395  1975  2057 I am_pss  : [8583,1007,com.motorola.bug2go,14474240,10743808,68608,103157760,0,9,17]
10-24 14:18:08.426  3034  8879 I gtalk_connection: 16777985
10-24 14:18:08.479  3034  8881 I gtalk_connection: 16777985
10-24 14:18:08.915  8669  8669 I service_manager_stats: [100,58,284707]
10-24 14:18:10.622  1975  2057 I am_pss  : [8645,1007,com.motorola.android.settings.aplogd,5152768,2969600,69632,80031744,0,18,10]
10-24 14:18:10.636  1975  2057 I am_pss  : [8628,1007,com.motorola.android.settings.modemdebug,5179392,3010560,69632,80031744,0,18,9]
10-24 14:18:10.648  1975  2057 I am_pss  : [8612,1007,com.motorola.android.settings.diag_mdlog,5308416,3059712,69632,81567744,0,18,9]
10-24 14:18:11.638  1975  3185 I am_kill : [0,7865,com.google.android.youtube,906,empty #17]
10-24 14:18:11.761  1975  5672 I am_proc_died: [0,7865,com.google.android.youtube,906,18]
10-24 14:18:11.765  1975  5672 I am_uid_stopped: 10144
10-24 14:18:12.018  1975  2101 I cpu     : [8,3,3,0,0,0]
10-24 14:18:15.999  3968  3968 I service_manager_stats: [100,70,101580]
10-24 14:18:16.206  1975  1975 I notification_enqueue: [1000,3968,com.motorola.tools.batterytracer,13579,NULL,0,Notification(channel=bt_shades_channel pri=-2 contentView=null vibrate=null sound=null defaults=0x0 flags=0x2 color=0x00000000 vis=PRIVATE),1]
10-24 14:18:18.156  1975  2101 I cpu     : [6,2,2,0,0,0]
10-24 14:18:19.827  1975  2057 I am_pss  : [8835,10013,com.android.settings.intelligence,7454720,5201920,70656,82518016,0,18,12]
10-24 14:18:21.240  2551  2551 I sysui_multi_action: [757,931,758,4,759,4,932,0,933,0]
10-24 14:18:21.241  1975  5672 I sysui_count: [key_back_down,1]
10-24 14:18:21.241  1975  5672 I sysui_multi_action: [757,803,799,key_back_down,802,1]
10-24 14:18:21.276  2551  2551 I sysui_multi_action: [757,931,758,4,759,4,932,0,933,1]
10-24 14:18:21.278  1975  5672 I am_finish_activity: [0,97120519,17,com.android.settings/.SubSettings,app-request]
10-24 14:18:21.279  1975  5672 I am_pause_activity: [0,97120519,com.android.settings/.SubSettings,userLeaving=false]
10-24 14:18:21.283  8669  8669 I sysui_view_visibility: [849,0]
10-24 14:18:21.284  8669  8669 I sysui_multi_action: [757,849,758,2]
10-24 14:18:21.284  1975  2069 I sysui_count: [window_time_0,21]
10-24 14:18:21.284  1975  2069 I sysui_multi_action: [757,803,799,window_time_0,802,21]
10-24 14:18:21.287  8669  8669 I am_on_paused_called: [0,com.android.settings.SubSettings,performPause]
10-24 14:18:21.290  1975  3182 I am_set_resumed_activity: [0,com.android.settings/.SubSettings,resumeTopActivityInnerLocked]
10-24 14:18:21.291  1975  3182 I am_resume_activity: [0,222265609,17,com.android.settings/.SubSettings]
10-24 14:18:21.296  8669  8669 I am_on_restart_called: [0,com.android.settings.SubSettings,performRestartActivity]
10-24 14:18:21.296  1975  2069 I sysui_count: [window_time_0,0]
10-24 14:18:21.296  1975  2069 I sysui_multi_action: [757,803,799,window_time_0,802,0]
10-24 14:18:21.297  8669  8669 I am_on_start_called: [0,com.android.settings.SubSettings,handleStartActivity]
10-24 14:18:21.343  8669  8669 I sysui_histogram: [settings_wifi_speed_labels,0]
10-24 14:18:21.343  8669  8669 I sysui_multi_action: [757,804,799,settings_wifi_speed_labels,801,0,802,1]
10-24 14:18:21.344  8669  8669 I sysui_histogram: [settings_wifi_speed_labels,0]
10-24 14:18:21.344  8669  8669 I sysui_multi_action: [757,804,799,settings_wifi_speed_labels,801,0,802,1]
10-24 14:18:21.345  8669  8669 I sysui_histogram: [settings_wifi_speed_labels,0]
10-24 14:18:21.345  8669  8669 I sysui_multi_action: [757,804,799,settings_wifi_speed_labels,801,0,802,1]
10-24 14:18:21.353  8669  8669 I am_on_resume_called: [0,com.android.settings.SubSettings,RESUME_ACTIVITY]
10-24 14:18:21.353  8669  8669 I sysui_multi_action: [757,103,758,1,833,746]
10-24 14:18:21.414  8669  8669 I sysui_histogram: [settings_wifi_speed_labels,0]
10-24 14:18:21.415  8669  8669 I sysui_multi_action: [757,804,799,settings_wifi_speed_labels,801,0,802,1]
10-24 14:18:21.418  8669  8669 I sysui_histogram: [settings_wifi_speed_labels,0]
10-24 14:18:21.418  8669  8669 I sysui_multi_action: [757,804,799,settings_wifi_speed_labels,801,0,802,1]
10-24 14:18:21.878  1975  2069 I am_destroy_activity: [0,97120519,17,com.android.settings/.SubSettings,finish-imm:activityIdleInternalLocked]
10-24 14:18:21.886  8669  8669 I am_on_stop_called: [0,com.android.settings.SubSettings,LIFECYCLER_STOP_ACTIVITY]
10-24 14:18:21.889  8669  8669 I am_on_destroy_called: [0,com.android.settings.SubSettings,performDestroy]
10-24 14:18:22.508  1975  4997 I am_create_activity: [0,179959515,17,com.android.settings/.SubSettings,android.intent.action.MAIN,NULL,NULL,0]
10-24 14:18:22.512  1975  4997 I am_pause_activity: [0,222265609,com.android.settings/.SubSettings,userLeaving=true]
10-24 14:18:22.516  8669  8669 I sysui_view_visibility: [103,0]
10-24 14:18:22.517  8669  8669 I sysui_multi_action: [757,103,758,2]
10-24 14:18:22.518  8669  8669 I am_on_paused_called: [0,com.android.settings.SubSettings,performPause]
10-24 14:18:22.522  1975  4997 I am_restart_activity: [0,179959515,17,com.android.settings/.SubSettings]
10-24 14:18:22.524  1975  4997 I am_set_resumed_activity: [0,com.android.settings/.SubSettings,minimalResumeActivityLocked]
10-24 14:18:22.528  1975  2069 I sysui_count: [window_time_0,1]
10-24 14:18:22.528  1975  2069 I sysui_multi_action: [757,803,799,window_time_0,802,1]
10-24 14:18:22.571  8669  8669 I am_on_create_called: [0,com.android.settings.SubSettings,performCreate]
10-24 14:18:22.579  8669  8669 I am_on_start_called: [0,com.android.settings.SubSettings,handleStartActivity]
10-24 14:18:22.582  8669  8669 I am_on_resume_called: [0,com.android.settings.SubSettings,RESUME_ACTIVITY]
10-24 14:18:22.590  8669  8669 I sysui_multi_action: [757,849,758,1,833,103]
10-24 14:18:22.592  8669  8688 I sysui_count: [wifi.details.WifiNetworkDetailsFragment/metered|0,1]
10-24 14:18:22.592  8669  8688 I sysui_multi_action: [757,803,799,wifi.details.WifiNetworkDetailsFragment/metered|0,802,1]
10-24 14:18:22.700  1975  2094 I am_activity_launch_time: [0,179959515,com.android.settings/.SubSettings,174,174]
10-24 14:18:22.725  8669  8669 I sysui_histogram: [settings_wifi_speed_labels,0]
10-24 14:18:22.725  8669  8669 I sysui_multi_action: [757,804,799,settings_wifi_speed_labels,801,0,802,1]
10-24 14:18:22.755  8669  8669 I sysui_histogram: [settings_wifi_speed_labels,0]
10-24 14:18:22.755  8669  8669 I sysui_multi_action: [757,804,799,settings_wifi_speed_labels,801,0,802,1]
10-24 14:18:23.048  8669  8669 I sysui_histogram: [settings_wifi_speed_labels,0]
10-24 14:18:23.048  8669  8669 I sysui_multi_action: [757,804,799,settings_wifi_speed_labels,801,0,802,1]
10-24 14:18:23.128  1975  2069 I am_stop_activity: [0,222265609,com.android.settings/.SubSettings]
10-24 14:18:23.146  8669  8669 I am_on_stop_called: [0,com.android.settings.SubSettings,STOP_ACTIVITY_ITEM]
10-24 14:18:23.695  2551  2551 I sysui_multi_action: [757,931,758,4,759,4,932,0,933,0]
10-24 14:18:23.696  1975  5672 I sysui_count: [key_back_down,1]
10-24 14:18:23.696  1975  5672 I sysui_multi_action: [757,803,799,key_back_down,802,1]
10-24 14:18:23.721  2551  2551 I sysui_multi_action: [757,931,758,4,759,4,932,0,933,1]
10-24 14:18:23.724  1975  5672 I am_finish_activity: [0,179959515,17,com.android.settings/.SubSettings,app-request]
10-24 14:18:23.725  1975  5672 I am_pause_activity: [0,179959515,com.android.settings/.SubSettings,userLeaving=false]
10-24 14:18:23.729  1975  2069 I sysui_count: [window_time_0,1]
10-24 14:18:23.729  1975  2069 I sysui_multi_action: [757,803,799,window_time_0,802,1]
10-24 14:18:23.730  8669  8669 I sysui_view_visibility: [849,0]
10-24 14:18:23.730  8669  8669 I sysui_multi_action: [757,849,758,2]
10-24 14:18:23.732  8669  8669 I am_on_paused_called: [0,com.android.settings.SubSettings,performPause]
10-24 14:18:23.734  1975  3182 I am_set_resumed_activity: [0,com.android.settings/.SubSettings,resumeTopActivityInnerLocked]
10-24 14:18:23.736  1975  3182 I am_resume_activity: [0,222265609,17,com.android.settings/.SubSettings]
10-24 14:18:23.741  1975  2069 I sysui_count: [window_time_0,0]
10-24 14:18:23.741  8669  8669 I am_on_restart_called: [0,com.android.settings.SubSettings,performRestartActivity]
10-24 14:18:23.741  1975  2069 I sysui_multi_action: [757,803,799,window_time_0,802,0]
10-24 14:18:23.742  8669  8669 I am_on_start_called: [0,com.android.settings.SubSettings,handleStartActivity]
10-24 14:18:23.765  1975  2101 I cpu     : [12,5,5,0,0,0]
10-24 14:18:23.787  8669  8669 I am_on_resume_called: [0,com.android.settings.SubSettings,RESUME_ACTIVITY]
10-24 14:18:23.788  8669  8669 I sysui_multi_action: [757,103,758,1,833,746]
10-24 14:18:23.858  8669  8669 I sysui_histogram: [settings_wifi_speed_labels,0]
10-24 14:18:23.858  8669  8669 I sysui_multi_action: [757,804,799,settings_wifi_speed_labels,801,0,802,1]
10-24 14:18:23.862  8669  8669 I sysui_histogram: [settings_wifi_speed_labels,0]
10-24 14:18:23.862  8669  8669 I sysui_multi_action: [757,804,799,settings_wifi_speed_labels,801,0,802,1]
10-24 14:18:24.297  1975  2069 I am_destroy_activity: [0,179959515,17,com.android.settings/.SubSettings,finish-imm:activityIdleInternalLocked]
10-24 14:18:24.312  8669  8669 I am_on_stop_called: [0,com.android.settings.SubSettings,LIFECYCLER_STOP_ACTIVITY]
10-24 14:18:24.314  8669  8669 I am_on_destroy_called: [0,com.android.settings.SubSettings,performDestroy]
10-24 14:18:25.496  1975  3182 I am_create_activity: [0,24002943,17,com.android.settings/.SubSettings,android.intent.action.MAIN,NULL,NULL,0]
10-24 14:18:25.499  1975  3182 I am_pause_activity: [0,222265609,com.android.settings/.SubSettings,userLeaving=true]
10-24 14:18:25.510  8669  8669 I sysui_view_visibility: [103,0]
10-24 14:18:25.510  8669  8669 I sysui_multi_action: [757,103,758,2]
10-24 14:18:25.512  8669  8669 I am_on_paused_called: [0,com.android.settings.SubSettings,performPause]
10-24 14:18:25.514  1975  2828 I am_restart_activity: [0,24002943,17,com.android.settings/.SubSettings]
10-24 14:18:25.515  1975  2828 I am_set_resumed_activity: [0,com.android.settings/.SubSettings,minimalResumeActivityLocked]
10-24 14:18:25.519  1975  2069 I sysui_count: [window_time_0,2]
10-24 14:18:25.519  1975  2069 I sysui_multi_action: [757,803,799,window_time_0,802,2]
10-24 14:18:25.565  8669  8669 I am_on_create_called: [0,com.android.settings.SubSettings,performCreate]
10-24 14:18:25.573  8669  8669 I am_on_start_called: [0,com.android.settings.SubSettings,handleStartActivity]
10-24 14:18:25.576  8669  8669 I am_on_resume_called: [0,com.android.settings.SubSettings,RESUME_ACTIVITY]
10-24 14:18:25.576  8669  8669 I sysui_multi_action: [757,106,758,1,833,103]
10-24 14:18:25.580  8669  8669 I sysui_histogram: [settings_wifi_speed_labels,0]
10-24 14:18:25.581  8669  8669 I sysui_multi_action: [757,804,799,settings_wifi_speed_labels,801,0,802,1]
10-24 14:18:25.625  1975  2094 I am_activity_launch_time: [0,24002943,com.android.settings/.SubSettings,107,107]
10-24 14:18:26.051  1975  2069 I am_stop_activity: [0,222265609,com.android.settings/.SubSettings]
10-24 14:18:26.071  8669  8669 I am_on_stop_called: [0,com.android.settings.SubSettings,STOP_ACTIVITY_ITEM]
10-24 14:18:26.351  8669  8669 I sysui_multi_action: [757,602,758,1,833,0]
10-24 14:18:26.356  1975  1975 I notification_enqueue: [1000,3968,com.motorola.tools.batterytracer,13579,NULL,0,Notification(channel=bt_shades_channel pri=-2 contentView=null vibrate=null sound=null defaults=0x0 flags=0x2 color=0x00000000 vis=PRIVATE),1]
10-24 14:18:27.369  1975  2482 I netstats_mobile_sample: [0,0,0,0,0,0,0,0,0,0,0,0,1571897907366]
10-24 14:18:27.370  1975  2482 I netstats_wifi_sample: [31892,496,33112,510,31932,497,33112,510,31076,487,33112,510,1571897907366]
10-24 14:18:27.419  8669  8669 I sysui_view_visibility: [602,0]
10-24 14:18:27.419  8669  8669 I sysui_multi_action: [757,602,758,2]
10-24 14:18:28.373  2551  2655 I sysui_multi_action: [757,1093,758,4,1094,-1073741822,1095,3,1359,39374]
10-24 14:18:29.015  2551  2551 I sysui_multi_action: [757,931,758,4,759,4,932,0,933,0]
10-24 14:18:29.017  1975  5672 I sysui_count: [key_back_down,1]
10-24 14:18:29.017  1975  5672 I sysui_multi_action: [757,803,799,key_back_down,802,1]
10-24 14:18:29.060  2551  2551 I sysui_multi_action: [757,931,758,4,759,4,932,0,933,1]
10-24 14:18:29.062  1975  5672 I am_finish_activity: [0,24002943,17,com.android.settings/.SubSettings,app-request]
10-24 14:18:29.063  1975  5672 I am_pause_activity: [0,24002943,com.android.settings/.SubSettings,userLeaving=false]
10-24 14:18:29.074  1975  2069 I sysui_count: [window_time_0,3]
10-24 14:18:29.074  1975  2069 I sysui_multi_action: [757,803,799,window_time_0,802,3]
10-24 14:18:29.078  8669  8669 I sysui_view_visibility: [106,0]
10-24 14:18:29.079  8669  8669 I sysui_multi_action: [757,106,758,2]
10-24 14:18:29.079  8669  8669 I am_on_paused_called: [0,com.android.settings.SubSettings,performPause]
10-24 14:18:29.081  1975  2983 I am_set_resumed_activity: [0,com.android.settings/.SubSettings,resumeTopActivityInnerLocked]
10-24 14:18:29.082  1975  2983 I am_resume_activity: [0,222265609,17,com.android.settings/.SubSettings]
10-24 14:18:29.087  1975  2069 I sysui_count: [window_time_0,1]
10-24 14:18:29.087  1975  2069 I sysui_multi_action: [757,803,799,window_time_0,802,1]
10-24 14:18:29.092  8669  8669 I am_on_restart_called: [0,com.android.settings.SubSettings,performRestartActivity]
10-24 14:18:29.092  8669  8669 I am_on_start_called: [0,com.android.settings.SubSettings,handleStartActivity]
10-24 14:18:29.115  1975  2101 I cpu     : [15,7,6,0,0,0]
10-24 14:18:29.132  8669  8669 I sysui_histogram: [settings_wifi_speed_labels,0]
10-24 14:18:29.132  8669  8669 I sysui_multi_action: [757,804,799,settings_wifi_speed_labels,801,0,802,1]
10-24 14:18:29.137  8669  8669 I am_on_resume_called: [0,com.android.settings.SubSettings,RESUME_ACTIVITY]
10-24 14:18:29.138  8669  8669 I sysui_multi_action: [757,103,758,1,833,746]
10-24 14:18:29.326  1975  1975 I notification_enqueue: [1000,1975,android,17303299,NULL,0,Notification(channel=NETWORK_AVAILABLE pri=0 contentView=null vibrate=null sound=null tick defaults=0x0 flags=0x100 color=0xff607d8b actions=2 vis=PRIVATE),0]
10-24 14:18:29.367  8669  8669 I sysui_histogram: [settings_wifi_speed_labels,0]
10-24 14:18:29.367  8669  8669 I sysui_multi_action: [757,804,799,settings_wifi_speed_labels,801,0,802,1]
10-24 14:18:29.368  8669  8669 I sysui_histogram: [settings_wifi_speed_labels,0]
10-24 14:18:29.369  8669  8669 I sysui_multi_action: [757,804,799,settings_wifi_speed_labels,801,0,802,1]
10-24 14:18:29.373  8669  8669 I sysui_histogram: [settings_wifi_speed_labels,0]
10-24 14:18:29.373  8669  8669 I sysui_multi_action: [757,804,799,settings_wifi_speed_labels,801,0,802,1]
10-24 14:18:29.377  8669  8669 I sysui_histogram: [settings_wifi_speed_labels,0]
10-24 14:18:29.377  8669  8669 I sysui_multi_action: [757,804,799,settings_wifi_speed_labels,801,0,802,1]
10-24 14:18:29.630  1975  2069 I am_destroy_activity: [0,24002943,17,com.android.settings/.SubSettings,finish-imm:activityIdleInternalLocked]
10-24 14:18:29.650  8669  8669 I am_on_stop_called: [0,com.android.settings.SubSettings,LIFECYCLER_STOP_ACTIVITY]
10-24 14:18:29.651  8669  8669 I am_on_destroy_called: [0,com.android.settings.SubSettings,performDestroy]
10-24 14:18:29.670  8669  8669 I sysui_histogram: [settings_wifi_speed_labels,0]
10-24 14:18:29.670  8669  8669 I sysui_multi_action: [757,804,799,settings_wifi_speed_labels,801,0,802,1]
10-24 14:18:30.931  1975  2057 I am_pss  : [8645,1007,com.motorola.android.settings.aplogd,5192704,2969600,70656,80031744,0,18,9]
10-24 14:18:30.942  1975  2057 I am_pss  : [8628,1007,com.motorola.android.settings.modemdebug,5219328,3010560,70656,80031744,0,18,8]
10-24 14:18:30.953  1975  2057 I am_pss  : [8612,1007,com.motorola.android.settings.diag_mdlog,5352448,3059712,70656,81567744,0,18,9]
10-24 14:18:32.015  3034  8944 I gtalk_connection: 16778239
10-24 14:18:33.253  1975  5672 I am_create_activity: [0,57033476,17,com.android.settings/.SubSettings,android.intent.action.MAIN,NULL,NULL,0]
10-24 14:18:33.257  1975  5672 I am_pause_activity: [0,222265609,com.android.settings/.SubSettings,userLeaving=true]
10-24 14:18:33.262  8669  8669 I sysui_view_visibility: [103,0]
10-24 14:18:33.262  8669  8669 I sysui_multi_action: [757,103,758,2]
10-24 14:18:33.264  8669  8669 I am_on_paused_called: [0,com.android.settings.SubSettings,performPause]
10-24 14:18:33.266  1975  4997 I am_restart_activity: [0,57033476,17,com.android.settings/.SubSettings]
10-24 14:18:33.268  1975  4997 I am_set_resumed_activity: [0,com.android.settings/.SubSettings,minimalResumeActivityLocked]
10-24 14:18:33.272  1975  2069 I dvm_lock_sample: [system_server,1,ActivityManager,7,ActivityStackSupervisor.java,4846,void com.android.server.am.ActivityStackSupervisor$ActivityStackSupervisorHandler.activityIdleInternal(com.android.server.am.ActivityRecord, boolean),ActivityManagerService.java,8646,void com.android.server.am.ActivityManagerService.activityPaused(android.os.IBinder),1]
10-24 14:18:33.272  1975  2069 I sysui_count: [window_time_0,4]
10-24 14:18:33.272  1975  2069 I sysui_multi_action: [757,803,799,window_time_0,802,4]
10-24 14:18:33.359  8669  8669 I am_on_create_called: [0,com.android.settings.SubSettings,performCreate]
10-24 14:18:33.369  8669  8669 I am_on_start_called: [0,com.android.settings.SubSettings,handleStartActivity]
10-24 14:18:33.371  8669  8669 I am_on_resume_called: [0,com.android.settings.SubSettings,RESUME_ACTIVITY]
10-24 14:18:33.377  8669  8669 I sysui_multi_action: [757,338,758,1,833,103]
10-24 14:18:33.455  1975  2094 I am_activity_launch_time: [0,57033476,com.android.settings/.SubSettings,181,181]
10-24 14:18:33.888  1975  2069 I am_stop_activity: [0,222265609,com.android.settings/.SubSettings]
10-24 14:18:33.908  8669  8669 I am_on_stop_called: [0,com.android.settings.SubSettings,STOP_ACTIVITY_ITEM]
10-24 14:18:35.713  8669  8669 I sysui_multi_action: [757,542,758,1,833,0]
10-24 14:18:35.746  1975  2101 I cpu     : [13,6,6,0,0,0]
10-24 14:18:36.191   889   889 I snet_event_log: [121035042,-1,]
10-24 14:18:36.192   889   889 I snet_event_log: [121035042,-1,]
10-24 14:18:36.475  1975  1975 I notification_enqueue: [1000,3968,com.motorola.tools.batterytracer,13579,NULL,0,Notification(channel=bt_shades_channel pri=-2 contentView=null vibrate=null sound=null defaults=0x0 flags=0x2 color=0x00000000 vis=PRIVATE),1]
10-24 14:18:40.677  1975  2057 I am_pss  : [8835,10013,com.android.settings.intelligence,7434240,5201920,70656,82518016,0,18,13]
10-24 14:18:42.074  1975  2101 I cpu     : [9,3,4,0,0,0]
10-24 14:18:44.763  1975  2482 I service_manager_stats: [100,115,81318]
10-24 14:18:44.787  1975  1975 I sysui_multi_action: [757,128,758,5,759,8,793,15461,794,0,795,15461,796,17303299,806,android,857,NETWORK_AVAILABLE,858,2,947,0]
10-24 14:18:44.787  1975  1975 I notification_canceled: [0|android|17303299|null|1000,8,15461,15461,0,-1,-1,NULL]
10-24 14:18:44.842  1975  2482 I netstats_mobile_sample: [0,0,0,0,0,0,0,0,0,0,0,0,1571897924842]
10-24 14:18:44.842  1975  2482 I netstats_wifi_sample: [31892,496,33112,510,31932,497,33112,510,31076,487,33112,510,1571897924842]
10-24 14:18:44.857  1975  2482 I netstats_mobile_sample: [0,0,0,0,0,0,0,0,0,0,0,0,1571897924857]
10-24 14:18:44.857  1975  2482 I netstats_wifi_sample: [31932,497,33112,510,31972,498,33112,510,31116,488,33176,511,1571897924857]
10-24 14:18:44.879  1975  2482 I netstats_mobile_sample: [0,0,0,0,0,0,0,0,0,0,0,0,1571897924879]
10-24 14:18:44.879  1975  2482 I netstats_wifi_sample: [32187,501,33395,514,32227,502,33395,514,31234,490,33459,515,1571897924879]
10-24 14:18:44.920  1975  2682 I ntp_failure: [time.android.com,java.net.UnknownHostException: Unable to resolve host "time.android.com": No address associated with hostname]
10-24 14:18:44.926  3034  8969 I gtalk_connection: 16777985
10-24 14:18:45.002  1975  2682 I ntp_failure: [2.android.pool.ntp.org,java.net.UnknownHostException: Unable to resolve host "2.android.pool.ntp.org": No address associated with hostname]
10-24 14:18:45.016  3034  8975 I gtalk_connection: 16777985
10-24 14:18:45.819  2551  2655 I sysui_multi_action: [757,1093,758,4,1094,-1006632958,1095,4,1359,17447]
10-24 14:18:46.101  8669  8669 I sysui_view_visibility: [542,0]
10-24 14:18:46.101  8669  8669 I sysui_multi_action: [757,542,758,2]
10-24 14:18:46.553  2551  2551 I sysui_count: [panel_open,1]
10-24 14:18:46.553  2551  2551 I sysui_multi_action: [757,803,799,panel_open,802,1]
10-24 14:18:46.582  2551  2551 I sysui_multi_action: [757,1328,758,4,826,359,827,10205,1326,13,1327,2,1329,0]
10-24 14:18:46.585  1975  2828 I sysui_view_visibility: [127,100]
10-24 14:18:46.585  1975  2828 I sysui_multi_action: [757,127,758,1]
10-24 14:18:46.585  1975  2828 I sysui_histogram: [note_load,5]
10-24 14:18:46.585  1975  2828 I sysui_multi_action: [757,804,799,note_load,801,5,802,1]
10-24 14:18:46.585  1975  2828 I notification_panel_revealed: 5
10-24 14:18:46.601  1975  2094 I dvm_lock_sample: [system_server,1,android.display,15,WindowManagerService.java,5139,void com.android.server.wm.WindowManagerService$H.handleMessage(android.os.Message),-,1946,int com.android.server.wm.WindowManagerService.relayoutWindow(com.android.server.wm.Session, android.view.IWindow, int, android.view.WindowManager$LayoutParams, int, int, int, int, long, android.graphics.Rect, android.graphics.Rect, android.graphics.Rect, android.graphics.Rect, android.graphics.Rect, android.graphics.Rect, android.graphics.Rect, android.view.DisplayCutout$ParcelableWrapper, android.util.MergedConfiguration, android.view.Surface),3]
10-24 14:18:46.604  1975  1975 I notification_enqueue: [1000,3968,com.motorola.tools.batterytracer,13579,NULL,0,Notification(channel=bt_shades_channel pri=-2 contentView=null vibrate=null sound=null defaults=0x0 flags=0x2 color=0x00000000 vis=PRIVATE),1]
10-24 14:18:47.102  1975  3182 I sysui_multi_action: [757,128,758,1,793,381233,794,0,795,381026,796,20,798,0,806,com.motorola.setup,857,SetupWizardService,858,4,947,0,1395,5]
10-24 14:18:47.102  1975  3182 I sysui_histogram: [note_freshness,381026]
10-24 14:18:47.102  1975  3182 I sysui_multi_action: [757,804,799,note_freshness,801,381026,802,1]
10-24 14:18:47.102  1975  3182 I notification_visibility: [0|com.motorola.setup|20|null|10059,1,381233,381026,0,0]
10-24 14:18:47.346  1975  2638 I sysui_multi_action: [757,128,758,2,793,381477,794,244,795,381270,796,20,798,0,806,com.motorola.setup,857,SetupWizardService,858,4,947,0,1395,5]
10-24 14:18:47.346  1975  2638 I notification_visibility: [0|com.motorola.setup|20|null|10059,0,381477,381270,0,0]
10-24 14:18:47.348  1975  2638 I sysui_view_visibility: [127,0]
10-24 14:18:47.348  1975  2638 I sysui_multi_action: [757,127,758,2]
10-24 14:18:47.348  1975  2638 I notification_panel_hidden: 
10-24 14:18:47.498  1975  2101 I cpu     : [19,8,9,0,1,0]
10-24 14:18:47.551  1975  2638 I am_finish_activity: [0,57033476,17,com.android.settings/.SubSettings,app-request]
10-24 14:18:47.552  1975  2638 I am_pause_activity: [0,57033476,com.android.settings/.SubSettings,userLeaving=false]
10-24 14:18:47.555  1975  2069 I sysui_count: [window_time_0,14]
10-24 14:18:47.555  1975  2069 I sysui_multi_action: [757,803,799,window_time_0,802,14]
10-24 14:18:47.556  8669  8669 I sysui_view_visibility: [338,0]
10-24 14:18:47.556  8669  8669 I sysui_multi_action: [757,338,758,2]
10-24 14:18:47.561  8669  8669 I am_on_paused_called: [0,com.android.settings.SubSettings,performPause]
10-24 14:18:47.563  1975  2828 I am_set_resumed_activity: [0,com.android.settings/.SubSettings,resumeTopActivityInnerLocked]
10-24 14:18:47.565  1975  2828 I am_resume_activity: [0,222265609,17,com.android.settings/.SubSettings]
10-24 14:18:47.571  1975  2069 I sysui_count: [window_time_0,0]
10-24 14:18:47.571  1975  2069 I sysui_multi_action: [757,803,799,window_time_0,802,0]
10-24 14:18:47.576  8669  8669 I am_on_restart_called: [0,com.android.settings.SubSettings,performRestartActivity]
10-24 14:18:47.577  8669  8669 I am_on_start_called: [0,com.android.settings.SubSettings,handleStartActivity]
10-24 14:18:47.619  8669  8669 I sysui_histogram: [settings_wifi_speed_labels,0]
10-24 14:18:47.619  8669  8669 I sysui_multi_action: [757,804,799,settings_wifi_speed_labels,801,0,802,1]
10-24 14:18:47.629  8669  8669 I am_on_resume_called: [0,com.android.settings.SubSettings,RESUME_ACTIVITY]
10-24 14:18:47.629  8669  8669 I sysui_multi_action: [757,103,758,1,833,746]
10-24 14:18:47.697  8669  8669 I sysui_histogram: [settings_wifi_speed_labels,0]
10-24 14:18:47.697  8669  8669 I sysui_multi_action: [757,804,799,settings_wifi_speed_labels,801,0,802,1]
10-24 14:18:48.157  1975  2069 I am_destroy_activity: [0,57033476,17,com.android.settings/.SubSettings,finish-imm:activityIdleInternalLocked]
10-24 14:18:48.159  8669  8669 I am_on_stop_called: [0,com.android.settings.SubSettings,LIFECYCLER_STOP_ACTIVITY]
10-24 14:18:48.172  8669  8669 I am_on_destroy_called: [0,com.android.settings.SubSettings,performDestroy]
10-24 14:18:49.512  8669  8669 I sysui_histogram: [settings_wifi_speed_labels,0]
10-24 14:18:49.512  8669  8669 I sysui_multi_action: [757,804,799,settings_wifi_speed_labels,801,0,802,1]
10-24 14:18:49.518  8669  8669 I sysui_histogram: [settings_wifi_speed_labels,0]
10-24 14:18:49.518  8669  8669 I sysui_multi_action: [757,804,799,settings_wifi_speed_labels,801,0,802,1]
10-24 14:18:49.521  8669  8669 I sysui_histogram: [settings_wifi_speed_labels,0]
10-24 14:18:49.521  8669  8669 I sysui_multi_action: [757,804,799,settings_wifi_speed_labels,801,0,802,1]
10-24 14:18:49.912  1975  3182 I am_create_activity: [0,215642378,17,com.android.settings/.SubSettings,android.intent.action.MAIN,NULL,NULL,0]
10-24 14:18:49.916  1975  3182 I am_pause_activity: [0,222265609,com.android.settings/.SubSettings,userLeaving=true]
10-24 14:18:49.920  8669  8669 I sysui_view_visibility: [103,0]
10-24 14:18:49.921  8669  8669 I sysui_multi_action: [757,103,758,2]
10-24 14:18:49.922  8669  8669 I am_on_paused_called: [0,com.android.settings.SubSettings,performPause]
10-24 14:18:49.925  1975  2024 I am_restart_activity: [0,215642378,17,com.android.settings/.SubSettings]
10-24 14:18:49.927  1975  2024 I am_set_resumed_activity: [0,com.android.settings/.SubSettings,minimalResumeActivityLocked]
10-24 14:18:49.930  1975  2069 I sysui_count: [window_time_0,2]
10-24 14:18:49.930  1975  2069 I sysui_multi_action: [757,803,799,window_time_0,802,2]
10-24 14:18:49.977  8669  8669 I am_on_create_called: [0,com.android.settings.SubSettings,performCreate]
10-24 14:18:49.986  8669  8669 I am_on_start_called: [0,com.android.settings.SubSettings,handleStartActivity]
10-24 14:18:49.989  8669  8669 I am_on_resume_called: [0,com.android.settings.SubSettings,RESUME_ACTIVITY]
10-24 14:18:49.997  8669  8669 I sysui_multi_action: [757,849,758,1,833,103]
10-24 14:18:49.998  8669  8688 I sysui_count: [wifi.details.WifiNetworkDetailsFragment/metered|0,1]
10-24 14:18:49.998  8669  8688 I sysui_multi_action: [757,803,799,wifi.details.WifiNetworkDetailsFragment/metered|0,802,1]
10-24 14:18:50.076  1975  2094 I am_activity_launch_time: [0,215642378,com.android.settings/.SubSettings,146,146]
10-24 14:18:50.513  1975  2069 I am_stop_activity: [0,222265609,com.android.settings/.SubSettings]
10-24 14:18:50.531  8669  8669 I am_on_stop_called: [0,com.android.settings.SubSettings,STOP_ACTIVITY_ITEM]
10-24 14:18:50.927  3034  9016 I gtalk_connection: 16777985
10-24 14:18:50.943  3034  9018 I gtalk_connection: 16777985
10-24 14:18:51.829  8669  8669 I sysui_action: [137,]
10-24 14:18:51.829  8669  8669 I sysui_multi_action: [757,137,758,4,806,]
10-24 14:18:51.829  1975  3182 I am_finish_activity: [0,215642378,17,com.android.settings/.SubSettings,app-request]
10-24 14:18:51.831  1975  3182 I am_pause_activity: [0,215642378,com.android.settings/.SubSettings,userLeaving=false]
10-24 14:18:51.834  1975  2069 I sysui_count: [window_time_0,2]
10-24 14:18:51.834  1975  2069 I sysui_multi_action: [757,803,799,window_time_0,802,2]
10-24 14:18:51.844  8669  8669 I sysui_view_visibility: [849,0]
10-24 14:18:51.844  8669  8669 I sysui_multi_action: [757,849,758,2]
10-24 14:18:51.847  8669  8669 I am_on_paused_called: [0,com.android.settings.SubSettings,performPause]
10-24 14:18:51.850  1975  2638 I am_set_resumed_activity: [0,com.android.settings/.SubSettings,resumeTopActivityInnerLocked]
10-24 14:18:51.852  1975  2638 I am_resume_activity: [0,222265609,17,com.android.settings/.SubSettings]
10-24 14:18:51.857  1975  2069 I sysui_count: [window_time_0,0]
10-24 14:18:51.857  1975  2069 I sysui_multi_action: [757,803,799,window_time_0,802,0]
10-24 14:18:51.862  8669  8669 I am_on_restart_called: [0,com.android.settings.SubSettings,performRestartActivity]
10-24 14:18:51.862  8669  8669 I am_on_start_called: [0,com.android.settings.SubSettings,handleStartActivity]
10-24 14:18:51.909  1975  2482 I netstats_mobile_sample: [0,0,0,0,0,0,0,0,0,0,0,0,1571897931905]
10-24 14:18:51.909  1975  2482 I netstats_wifi_sample: [36290,566,37630,581,36330,567,37630,581,35396,556,37694,582,1571897931905]
10-24 14:18:52.009  8669  8669 I am_on_resume_called: [0,com.android.settings.SubSettings,RESUME_ACTIVITY]
10-24 14:18:52.009  8669  8669 I sysui_multi_action: [757,103,758,1,833,746]
10-24 14:18:52.054  8669  8669 I sysui_histogram: [settings_wifi_speed_labels,0]
10-24 14:18:52.054  8669  8669 I sysui_multi_action: [757,804,799,settings_wifi_speed_labels,801,0,802,1]
10-24 14:18:52.516  1975  2069 I am_destroy_activity: [0,215642378,17,com.android.settings/.SubSettings,finish-imm:activityIdleInternalLocked]
10-24 14:18:52.535  8669  8669 I am_on_stop_called: [0,com.android.settings.SubSettings,LIFECYCLER_STOP_ACTIVITY]
10-24 14:18:52.537  8669  8669 I am_on_destroy_called: [0,com.android.settings.SubSettings,performDestroy]
10-24 14:18:52.913  2551  2655 I sysui_multi_action: [757,1093,758,4,1094,-1073741822,1095,3,1359,7094]
10-24 14:18:53.271  1975  2069 I cpu     : [16,7,7,0,0,0]
10-24 14:18:53.898  1975  1975 I notification_enqueue: [1000,1975,android,17303299,NULL,0,Notification(channel=NETWORK_AVAILABLE pri=0 contentView=null vibrate=null sound=null tick defaults=0x0 flags=0x100 color=0xff607d8b actions=2 vis=PRIVATE),0]
10-24 14:18:53.971  8669  8669 I sysui_histogram: [settings_wifi_speed_labels,0]
10-24 14:18:53.971  8669  8669 I sysui_multi_action: [757,804,799,settings_wifi_speed_labels,801,0,802,1]
10-24 14:18:54.067  1975  2069 I am_uid_idle: 10133
10-24 14:18:54.282  8669  8669 I sysui_histogram: [settings_wifi_speed_labels,0]
10-24 14:18:54.282  8669  8669 I sysui_multi_action: [757,804,799,settings_wifi_speed_labels,801,0,802,1]
10-24 14:18:54.283  8669  8669 I sysui_histogram: [settings_wifi_speed_labels,0]
10-24 14:18:54.283  8669  8669 I sysui_multi_action: [757,804,799,settings_wifi_speed_labels,801,0,802,1]
10-24 14:18:54.283  8669  8669 I sysui_histogram: [settings_wifi_speed_labels,0]
10-24 14:18:54.283  8669  8669 I sysui_multi_action: [757,804,799,settings_wifi_speed_labels,801,0,802,1]
10-24 14:18:56.778  1975  1975 I notification_enqueue: [1000,3968,com.motorola.tools.batterytracer,13579,NULL,0,Notification(channel=bt_shades_channel pri=-2 contentView=null vibrate=null sound=null defaults=0x0 flags=0x2 color=0x00000000 vis=PRIVATE),1]
10-24 14:18:57.914  1975  2828 I am_create_activity: [0,121842475,17,com.android.settings/.SubSettings,android.intent.action.MAIN,NULL,NULL,0]
10-24 14:18:57.919  1975  2828 I am_pause_activity: [0,222265609,com.android.settings/.SubSettings,userLeaving=true]
10-24 14:18:57.925  8669  8669 I sysui_view_visibility: [103,0]
10-24 14:18:57.925  8669  8669 I sysui_multi_action: [757,103,758,2]
10-24 14:18:57.927  8669  8669 I am_on_paused_called: [0,com.android.settings.SubSettings,performPause]
10-24 14:18:57.929  1975  2828 I am_restart_activity: [0,121842475,17,com.android.settings/.SubSettings]
10-24 14:18:57.931  1975  2828 I am_set_resumed_activity: [0,com.android.settings/.SubSettings,minimalResumeActivityLocked]
10-24 14:18:57.934  1975  2069 I sysui_count: [window_time_0,6]
10-24 14:18:57.934  1975  2069 I sysui_multi_action: [757,803,799,window_time_0,802,6]
10-24 14:18:58.026  8669  8669 I am_on_create_called: [0,com.android.settings.SubSettings,performCreate]
10-24 14:18:58.037  8669  8669 I am_on_start_called: [0,com.android.settings.SubSettings,handleStartActivity]
10-24 14:18:58.039  8669  8669 I am_on_resume_called: [0,com.android.settings.SubSettings,RESUME_ACTIVITY]
10-24 14:18:58.045  8669  8669 I sysui_multi_action: [757,338,758,1,833,103]
10-24 14:18:58.119  1975  2094 I am_activity_launch_time: [0,121842475,com.android.settings/.SubSettings,187,187]
10-24 14:18:58.549  1975  2069 I am_stop_activity: [0,222265609,com.android.settings/.SubSettings]
10-24 14:18:58.570  8669  8669 I am_on_stop_called: [0,com.android.settings.SubSettings,STOP_ACTIVITY_ITEM]
10-24 14:18:58.787  1975  2069 I am_uid_idle: 10013
10-24 14:18:59.054   889   889 I snet_event_log: [121035042,-1,]
10-24 14:18:59.055   889   889 I snet_event_log: [121035042,-1,]
10-24 14:18:59.057  1975  2108 I battery_level: [77,4030,260]
10-24 14:18:59.065  1975  2069 I am_uid_running: 10027
10-24 14:18:59.074   889   889 I snet_event_log: [121035042,-1,]
10-24 14:18:59.075   889   889 I snet_event_log: [121035042,-1,]
10-24 14:18:59.081  1975  2828 I am_uid_active: 10090
10-24 14:18:59.107  1975  2072 I am_proc_start: [0,9049,10027,com.google.android.apps.turbo,broadcast,com.google.android.apps.turbo/.nudges.broadcasts.BatteryStatusChangedReceiver]
10-24 14:18:59.121  1975  2101 I cpu     : [18,7,9,0,1,0]
10-24 14:18:59.137  1975  2828 I am_proc_bound: [0,9049,com.google.android.apps.turbo]
10-24 14:18:59.774  1975  2069 I am_uid_idle: 10009
10-24 14:19:02.714  3034  9081 I gtalk_connection: 16778239
10-24 14:19:04.109  8669  8669 I sysui_multi_action: [757,542,758,1,833,0]
10-24 14:19:07.001  1975  1975 I notification_enqueue: [1000,3968,com.motorola.tools.batterytracer,13579,NULL,0,Notification(channel=bt_shades_channel pri=-2 contentView=null vibrate=null sound=null defaults=0x0 flags=0x2 color=0x00000000 vis=PRIVATE),1]

=aplogcat= Finished dumping /data/vendor/aplogd/Boot-0000000002_Set-0000000001_Stream-e.txt.gz

=aplogcat= Dumping /data/vendor/aplogd/Boot-0000000002_Set-0000000002_Stream-e.txt.gz to aplogcat-events.txt
10-24 14:19:09.117  1975  2101 I cpu     : [9,4,4,0,0,0]
10-24 14:19:09.678  1975  1975 I sysui_multi_action: [757,128,758,5,759,8,793,15782,794,0,795,15782,796,17303299,806,android,857,NETWORK_AVAILABLE,858,2,947,0]
10-24 14:19:09.678  1975  1975 I notification_canceled: [0|android|17303299|null|1000,8,15782,15782,0,-1,-1,NULL]
10-24 14:19:09.737  1975  2482 I netstats_mobile_sample: [0,0,0,0,0,0,0,0,0,0,0,0,1571897949736]
10-24 14:19:09.737  1975  2482 I netstats_wifi_sample: [36290,566,37630,581,36330,567,37630,581,35396,556,37694,582,1571897949736]
10-24 14:19:09.755  1975  2482 I netstats_mobile_sample: [0,0,0,0,0,0,0,0,0,0,0,0,1571897949755]
10-24 14:19:09.756  1975  2482 I netstats_wifi_sample: [36330,567,37694,582,36370,568,37694,582,35396,556,37758,583,1571897949755]
10-24 14:19:09.777  1975  2482 I netstats_mobile_sample: [0,0,0,0,0,0,0,0,0,0,0,0,1571897949777]
10-24 14:19:09.777  1975  2482 I netstats_wifi_sample: [36448,569,37871,585,36488,570,37812,584,35495,558,37876,585,1571897949777]
10-24 14:19:09.802  2763  2796 I service_manager_slow: [18,isub]
10-24 14:19:09.824  1975  2682 I ntp_failure: [time.android.com,java.net.UnknownHostException: Unable to resolve host "time.android.com": No address associated with hostname]
10-24 14:19:09.842  3034  9100 I gtalk_connection: 16777985
10-24 14:19:09.853  1975  2682 I ntp_failure: [2.android.pool.ntp.org,java.net.UnknownHostException: Unable to resolve host "2.android.pool.ntp.org": No address associated with hostname]
10-24 14:19:09.889  3034  9104 I gtalk_connection: 16777985
10-24 14:19:10.699  2551  2655 I sysui_multi_action: [757,1093,758,4,1094,-1006632958,1095,4,1359,17786]
10-24 14:19:11.461  8669  8669 I sysui_view_visibility: [542,0]
10-24 14:19:11.461  8669  8669 I sysui_multi_action: [757,542,758,2]
10-24 14:19:11.962  1975  3182 I am_finish_activity: [0,121842475,17,com.android.settings/.SubSettings,app-request]
10-24 14:19:11.963  1975  3182 I am_pause_activity: [0,121842475,com.android.settings/.SubSettings,userLeaving=false]
10-24 14:19:11.966  1975  2069 I sysui_count: [window_time_0,14]
10-24 14:19:11.966  1975  2069 I sysui_multi_action: [757,803,799,window_time_0,802,14]
10-24 14:19:11.968  8669  8669 I sysui_view_visibility: [338,0]
10-24 14:19:11.968  8669  8669 I sysui_multi_action: [757,338,758,2]
10-24 14:19:11.973  8669  8669 I am_on_paused_called: [0,com.android.settings.SubSettings,performPause]
10-24 14:19:11.975  1975  2024 I am_set_resumed_activity: [0,com.android.settings/.SubSettings,resumeTopActivityInnerLocked]
10-24 14:19:11.977  1975  2024 I am_resume_activity: [0,222265609,17,com.android.settings/.SubSettings]
10-24 14:19:11.983  1975  2069 I sysui_count: [window_time_0,0]
10-24 14:19:11.983  1975  2069 I sysui_multi_action: [757,803,799,window_time_0,802,0]
10-24 14:19:11.989  8669  8669 I am_on_restart_called: [0,com.android.settings.SubSettings,performRestartActivity]
10-24 14:19:11.989  8669  8669 I am_on_start_called: [0,com.android.settings.SubSettings,handleStartActivity]
10-24 14:19:12.027  8669  8669 I sysui_histogram: [settings_wifi_speed_labels,0]
10-24 14:19:12.027  8669  8669 I sysui_multi_action: [757,804,799,settings_wifi_speed_labels,801,0,802,1]
10-24 14:19:12.040  8669  8669 I am_on_resume_called: [0,com.android.settings.SubSettings,RESUME_ACTIVITY]
10-24 14:19:12.040  8669  8669 I sysui_multi_action: [757,103,758,1,833,746]
10-24 14:19:12.091  8669  8669 I sysui_histogram: [settings_wifi_speed_labels,0]
10-24 14:19:12.091  8669  8669 I sysui_multi_action: [757,804,799,settings_wifi_speed_labels,801,0,802,1]
10-24 14:19:12.565  1975  2069 I am_destroy_activity: [0,121842475,17,com.android.settings/.SubSettings,finish-imm:activityIdleInternalLocked]
