10-24 14:12:38.962  1975  7018 D PowerManagerService: acquireWakeLockInternal: lock=154960581, flags=0x1, tag="*dexopt*", ws=WorkSource{10014}, uid=1000, pid=1975
10-24 14:12:38.974  1975  2072 I ActivityManager: Start proc 7028:com.qualcomm.embms:remote/u0a149 for service com.qualcomm.embms/.EmbmsService
10-24 14:12:38.978  1975  7018 D PowerManagerService: releaseWakeLockInternal: lock=154960581 [*dexopt*], flags=0x0
10-24 14:12:38.979  1975  7018 D PowerManagerService: acquireWakeLockInternal: lock=154960581, flags=0x1, tag="*dexopt*", ws=WorkSource{10035}, uid=1000, pid=1975
10-24 14:12:38.981  1975  7018 D PowerManagerService: releaseWakeLockInternal: lock=154960581 [*dexopt*], flags=0x0
10-24 14:12:38.982  1975  7018 D PowerManagerService: acquireWakeLockInternal: lock=154960581, flags=0x1, tag="*dexopt*", ws=WorkSource{10050}, uid=1000, pid=1975
10-24 14:12:38.998  1975  7018 D PowerManagerService: releaseWakeLockInternal: lock=154960581 [*dexopt*], flags=0x0
10-24 14:12:38.999  1975  7018 D PowerManagerService: acquireWakeLockInternal: lock=154960581, flags=0x1, tag="*dexopt*", ws=WorkSource{10050}, uid=1000, pid=1975
10-24 14:12:39.010  1975  4548 D ActivityManager: ActivityStack{e09aed0 stackId=0 type=home mode=fullscreen visible=true translucent=false, 1 tasks} occluded Keyguard false on display 0
10-24 14:12:39.055  1975  7018 D PowerManagerService: releaseWakeLockInternal: lock=154960581 [*dexopt*], flags=0x0
10-24 14:12:39.056  1975  7018 D PowerManagerService: acquireWakeLockInternal: lock=154960581, flags=0x1, tag="*dexopt*", ws=WorkSource{1001}, uid=1000, pid=1975
10-24 14:12:39.062  1975  7018 D PowerManagerService: releaseWakeLockInternal: lock=154960581 [*dexopt*], flags=0x0
10-24 14:12:39.063  1975  7018 D PowerManagerService: acquireWakeLockInternal: lock=154960581, flags=0x1, tag="*dexopt*", ws=WorkSource{10065}, uid=1000, pid=1975
10-24 14:12:39.066  1975  7018 D PowerManagerService: releaseWakeLockInternal: lock=154960581 [*dexopt*], flags=0x0
10-24 14:12:39.066  1975  7018 D PowerManagerService: acquireWakeLockInternal: lock=154960581, flags=0x1, tag="*dexopt*", ws=WorkSource{10052}, uid=1000, pid=1975
10-24 14:12:39.085  1975  7018 D PowerManagerService: releaseWakeLockInternal: lock=154960581 [*dexopt*], flags=0x0
10-24 14:12:39.086  1975  7018 D PowerManagerService: acquireWakeLockInternal: lock=154960581, flags=0x1, tag="*dexopt*", ws=WorkSource{10091}, uid=1000, pid=1975
10-24 14:12:39.104  1975  7018 D PowerManagerService: releaseWakeLockInternal: lock=154960581 [*dexopt*], flags=0x0
10-24 14:12:39.104  1975  7018 D PowerManagerService: acquireWakeLockInternal: lock=154960581, flags=0x1, tag="*dexopt*", ws=WorkSource{10023}, uid=1000, pid=1975
10-24 14:12:39.107  1975  7018 D PowerManagerService: releaseWakeLockInternal: lock=154960581 [*dexopt*], flags=0x0
10-24 14:12:39.107  1975  7018 D PowerManagerService: acquireWakeLockInternal: lock=154960581, flags=0x1, tag="*dexopt*", ws=WorkSource{10048}, uid=1000, pid=1975
10-24 14:12:39.124  1975  7018 D PowerManagerService: releaseWakeLockInternal: lock=154960581 [*dexopt*], flags=0x0
10-24 14:12:39.125  1975  7018 D PowerManagerService: acquireWakeLockInternal: lock=154960581, flags=0x1, tag="*dexopt*", ws=WorkSource{10145}, uid=1000, pid=1975
10-24 14:12:39.129  1975  7018 D PowerManagerService: releaseWakeLockInternal: lock=154960581 [*dexopt*], flags=0x0
10-24 14:12:39.130  1975  7018 D PowerManagerService: acquireWakeLockInternal: lock=154960581, flags=0x1, tag="*dexopt*", ws=WorkSource{10103}, uid=1000, pid=1975
10-24 14:12:39.135  1975  7018 D PowerManagerService: releaseWakeLockInternal: lock=154960581 [*dexopt*], flags=0x0
10-24 14:12:39.136  1975  7018 D PowerManagerService: acquireWakeLockInternal: lock=154960581, flags=0x1, tag="*dexopt*", ws=WorkSource{10051}, uid=1000, pid=1975
10-24 14:12:39.138  1975  7018 D PowerManagerService: releaseWakeLockInternal: lock=154960581 [*dexopt*], flags=0x0
10-24 14:12:39.138  1975  7018 D PowerManagerService: acquireWakeLockInternal: lock=154960581, flags=0x1, tag="*dexopt*", ws=WorkSource{10080}, uid=1000, pid=1975
10-24 14:12:39.144  1975  4548 D PowerManagerService: acquireWakeLockInternal: lock=52660170, flags=0x1, tag="QcrilOemhookMsgTunnel", ws=null, uid=1001, pid=2946
10-24 14:12:39.148  1975  7018 D PowerManagerService: releaseWakeLockInternal: lock=154960581 [*dexopt*], flags=0x0
10-24 14:12:39.148  1975  7018 D PowerManagerService: acquireWakeLockInternal: lock=154960581, flags=0x1, tag="*dexopt*", ws=WorkSource{1000}, uid=1000, pid=1975
10-24 14:12:39.151  1975  7018 D PowerManagerService: releaseWakeLockInternal: lock=154960581 [*dexopt*], flags=0x0
10-24 14:12:39.152  1975  7018 D PowerManagerService: acquireWakeLockInternal: lock=154960581, flags=0x1, tag="*dexopt*", ws=WorkSource{10142}, uid=1000, pid=1975
10-24 14:12:39.158  1975  7018 D PowerManagerService: releaseWakeLockInternal: lock=154960581 [*dexopt*], flags=0x0
10-24 14:12:39.158  1975  4548 D PowerManagerService: acquireWakeLockInternal: lock=163351867, flags=0x1, tag="QcrilOemhookMsgTunnel", ws=null, uid=1001, pid=2946
10-24 14:12:39.159  1975  7018 D PowerManagerService: acquireWakeLockInternal: lock=154960581, flags=0x1, tag="*dexopt*", ws=WorkSource{10012}, uid=1000, pid=1975
10-24 14:12:39.160  1975  4548 D PowerManagerService: acquireWakeLockInternal: lock=52660170, flags=0x1, tag="QcrilOemhookMsgTunnel", ws=null, uid=1001, pid=2946
10-24 14:12:39.162  1975  4548 D PowerManagerService: acquireWakeLockInternal: lock=163351867, flags=0x1, tag="QcrilOemhookMsgTunnel", ws=null, uid=1001, pid=2946
10-24 14:12:39.163  1975  7018 D PowerManagerService: releaseWakeLockInternal: lock=154960581 [*dexopt*], flags=0x0
10-24 14:12:39.164  1975  4548 D PowerManagerService: releaseWakeLockInternal: lock=52660170 [QcrilOemhookMsgTunnel], flags=0x0
10-24 14:12:39.165  1975  7018 D PowerManagerService: acquireWakeLockInternal: lock=154960581, flags=0x1, tag="*dexopt*", ws=WorkSource{10143}, uid=1000, pid=1975
10-24 14:12:39.167  1975  4971 D PowerManagerService: releaseWakeLockInternal: lock=163351867 [QcrilOemhookMsgTunnel], flags=0x0
10-24 14:12:39.167  1975  5126 D PowerManagerService: acquireWakeLockInternal: lock=52660170, flags=0x1, tag="QcrilOemhookMsgTunnel", ws=null, uid=1001, pid=2946
10-24 14:12:39.168  1975  7018 D PowerManagerService: releaseWakeLockInternal: lock=154960581 [*dexopt*], flags=0x0
10-24 14:12:39.168  1975  7018 D PowerManagerService: acquireWakeLockInternal: lock=154960581, flags=0x1, tag="*dexopt*", ws=WorkSource{10082}, uid=1000, pid=1975
10-24 14:12:39.170  1975  4548 D PowerManagerService: releaseWakeLockInternal: lock=52660170 [QcrilOemhookMsgTunnel], flags=0x0
10-24 14:12:39.185  1975  7018 D PowerManagerService: releaseWakeLockInternal: lock=154960581 [*dexopt*], flags=0x0
10-24 14:12:39.185  1975  7018 D PowerManagerService: acquireWakeLockInternal: lock=154960581, flags=0x1, tag="*dexopt*", ws=WorkSource{1001}, uid=1000, pid=1975
10-24 14:12:39.191  1975  7018 D PowerManagerService: releaseWakeLockInternal: lock=154960581 [*dexopt*], flags=0x0
10-24 14:12:39.192  1975  7018 D PowerManagerService: acquireWakeLockInternal: lock=154960581, flags=0x1, tag="*dexopt*", ws=WorkSource{10036}, uid=1000, pid=1975
10-24 14:12:39.192  1975  4548 D PowerManagerService: acquireWakeLockInternal: lock=52660170, flags=0x1, tag="QcrilOemhookMsgTunnel", ws=null, uid=1001, pid=2946
10-24 14:12:39.193  1975  7018 D PowerManagerService: releaseWakeLockInternal: lock=154960581 [*dexopt*], flags=0x0
10-24 14:12:39.193  1975  7018 D PowerManagerService: acquireWakeLockInternal: lock=154960581, flags=0x1, tag="*dexopt*", ws=WorkSource{10057}, uid=1000, pid=1975
10-24 14:12:39.194  1975  7018 D PowerManagerService: releaseWakeLockInternal: lock=154960581 [*dexopt*], flags=0x0
10-24 14:12:39.195  1975  7018 D PowerManagerService: acquireWakeLockInternal: lock=154960581, flags=0x1, tag="*dexopt*", ws=WorkSource{10140}, uid=1000, pid=1975
10-24 14:12:39.195  1975  4548 D PowerManagerService: releaseWakeLockInternal: lock=52660170 [QcrilOemhookMsgTunnel], flags=0x0
10-24 14:12:39.201  1975  7018 D PowerManagerService: releaseWakeLockInternal: lock=154960581 [*dexopt*], flags=0x0
10-24 14:12:39.202  1975  7018 D PowerManagerService: acquireWakeLockInternal: lock=154960581, flags=0x1, tag="*dexopt*", ws=WorkSource{10132}, uid=1000, pid=1975
10-24 14:12:39.206  1975  4548 D PowerManagerService: acquireWakeLockInternal: lock=52660170, flags=0x1, tag="QcrilOemhookMsgTunnel", ws=null, uid=1001, pid=2946
10-24 14:12:39.208  1975  7018 D PowerManagerService: releaseWakeLockInternal: lock=154960581 [*dexopt*], flags=0x0
10-24 14:12:39.208  1975  7018 D PowerManagerService: acquireWakeLockInternal: lock=154960581, flags=0x1, tag="*dexopt*", ws=WorkSource{10023}, uid=1000, pid=1975
10-24 14:12:39.209  1975  4548 D PowerManagerService: releaseWakeLockInternal: lock=52660170 [QcrilOemhookMsgTunnel], flags=0x0
10-24 14:12:39.212  1975  7018 D PowerManagerService: releaseWakeLockInternal: lock=154960581 [*dexopt*], flags=0x0
10-24 14:12:39.213  1975  7018 D PowerManagerService: acquireWakeLockInternal: lock=154960581, flags=0x1, tag="*dexopt*", ws=WorkSource{1027}, uid=1000, pid=1975
10-24 14:12:39.224  1975  7018 D PowerManagerService: releaseWakeLockInternal: lock=154960581 [*dexopt*], flags=0x0
10-24 14:12:39.224  1975  7018 D PowerManagerService: acquireWakeLockInternal: lock=154960581, flags=0x1, tag="*dexopt*", ws=WorkSource{1001}, uid=1000, pid=1975
10-24 14:12:39.226  1975  7018 D PowerManagerService: releaseWakeLockInternal: lock=154960581 [*dexopt*], flags=0x0
10-24 14:12:39.227  1975  7018 D PowerManagerService: acquireWakeLockInternal: lock=154960581, flags=0x1, tag="*dexopt*", ws=WorkSource{10148}, uid=1000, pid=1975
10-24 14:12:39.244  1975  4548 D ConnectivityService: listenForNetwork for uid/pid:10111/7000 NetworkRequest [ LISTEN id=18, [ Transports: WIFI Capabilities: NOT_RESTRICTED&TRUSTED&NOT_VPN&VALIDATED Unwanted:  Uid: 10111] ]
10-24 14:12:39.254  1975  7018 D PowerManagerService: releaseWakeLockInternal: lock=154960581 [*dexopt*], flags=0x0
10-24 14:12:39.255  1975  7018 D PowerManagerService: acquireWakeLockInternal: lock=154960581, flags=0x1, tag="*dexopt*", ws=WorkSource{10094}, uid=1000, pid=1975
10-24 14:12:39.267  1975  7018 D PowerManagerService: releaseWakeLockInternal: lock=154960581 [*dexopt*], flags=0x0
10-24 14:12:39.267  1975  7018 D PowerManagerService: acquireWakeLockInternal: lock=154960581, flags=0x1, tag="*dexopt*", ws=WorkSource{10010}, uid=1000, pid=1975
10-24 14:12:39.270  1975  7018 D PowerManagerService: releaseWakeLockInternal: lock=154960581 [*dexopt*], flags=0x0
10-24 14:12:39.270  1975  7018 D PowerManagerService: acquireWakeLockInternal: lock=154960581, flags=0x1, tag="*dexopt*", ws=WorkSource{10126}, uid=1000, pid=1975
10-24 14:12:39.287  1975  7018 D PowerManagerService: releaseWakeLockInternal: lock=154960581 [*dexopt*], flags=0x0
10-24 14:12:39.287  1975  7018 D PowerManagerService: acquireWakeLockInternal: lock=154960581, flags=0x1, tag="*dexopt*", ws=WorkSource{10097}, uid=1000, pid=1975
10-24 14:12:39.289  1975  7018 D PowerManagerService: releaseWakeLockInternal: lock=154960581 [*dexopt*], flags=0x0
10-24 14:12:39.289  1975  7018 D PowerManagerService: acquireWakeLockInternal: lock=154960581, flags=0x1, tag="*dexopt*", ws=WorkSource{10133}, uid=1000, pid=1975
10-24 14:12:39.306  1975  7018 D PowerManagerService: releaseWakeLockInternal: lock=154960581 [*dexopt*], flags=0x0
10-24 14:12:39.307  1975  7018 D PowerManagerService: acquireWakeLockInternal: lock=154960581, flags=0x1, tag="*dexopt*", ws=WorkSource{10121}, uid=1000, pid=1975
10-24 14:12:39.308  1975  7018 D PowerManagerService: releaseWakeLockInternal: lock=154960581 [*dexopt*], flags=0x0
10-24 14:12:39.309  1975  7018 D PowerManagerService: acquireWakeLockInternal: lock=154960581, flags=0x1, tag="*dexopt*", ws=WorkSource{1001}, uid=1000, pid=1975
10-24 14:12:39.312  1975  7018 D PowerManagerService: releaseWakeLockInternal: lock=154960581 [*dexopt*], flags=0x0
10-24 14:12:39.313  1975  7018 D PowerManagerService: acquireWakeLockInternal: lock=154960581, flags=0x1, tag="*dexopt*", ws=WorkSource{1001}, uid=1000, pid=1975
10-24 14:12:39.328  1975  7018 D PowerManagerService: releaseWakeLockInternal: lock=154960581 [*dexopt*], flags=0x0
10-24 14:12:39.329  1975  7018 D PowerManagerService: acquireWakeLockInternal: lock=154960581, flags=0x1, tag="*dexopt*", ws=WorkSource{10040}, uid=1000, pid=1975
10-24 14:12:39.333  1975  4548 I ActivityManager: Killing 6354:com.motorola.attvowifi/u0a58 (adj 906): empty #17
10-24 14:12:39.350  1975  7018 D PowerManagerService: releaseWakeLockInternal: lock=154960581 [*dexopt*], flags=0x0
10-24 14:12:39.351  1975  7018 D PowerManagerService: acquireWakeLockInternal: lock=154960581, flags=0x1, tag="*dexopt*", ws=WorkSource{10120}, uid=1000, pid=1975
10-24 14:12:39.353  1975  4548 D PowerManagerService: acquireWakeLockInternal: lock=52660170, flags=0x1, tag="QcrilOemhookMsgTunnel", ws=null, uid=1001, pid=2946
10-24 14:12:39.358  1975  5126 D PowerManagerService: releaseWakeLockInternal: lock=52660170 [QcrilOemhookMsgTunnel], flags=0x0
10-24 14:12:39.367  1975  7018 D PowerManagerService: releaseWakeLockInternal: lock=154960581 [*dexopt*], flags=0x0
10-24 14:12:39.368  1975  7018 D PowerManagerService: acquireWakeLockInternal: lock=154960581, flags=0x1, tag="*dexopt*", ws=WorkSource{10127}, uid=1000, pid=1975
10-24 14:12:39.385  1975  7018 D PowerManagerService: releaseWakeLockInternal: lock=154960581 [*dexopt*], flags=0x0
10-24 14:12:39.387  1975  7018 D PowerManagerService: acquireWakeLockInternal: lock=154960581, flags=0x1, tag="*dexopt*", ws=WorkSource{10151}, uid=1000, pid=1975
10-24 14:12:39.388  1975  4971 D ConnectivityService: ConnectivityService NetworkRequestInfo binderDied(NetworkRequest [ LISTEN id=18, [ Transports: WIFI Capabilities: NOT_RESTRICTED&TRUSTED&NOT_VPN&VALIDATED Unwanted:  Uid: 10111] ], android.os.BinderProxy@f5cc217)
10-24 14:12:39.389  1975  7018 D PowerManagerService: releaseWakeLockInternal: lock=154960581 [*dexopt*], flags=0x0
10-24 14:12:39.389  1975  2482 D ConnectivityService: releasing NetworkRequest [ LISTEN id=18, [ Transports: WIFI Capabilities: NOT_RESTRICTED&TRUSTED&NOT_VPN&VALIDATED Unwanted:  Uid: 10111] ] (release request)
10-24 14:12:39.389  1975  4548 I ActivityManager: Process com.qti.ltebc (pid 7000) has died: cch  CEM 
10-24 14:12:39.393  1975  7018 D PowerManagerService: acquireWakeLockInternal: lock=154960581, flags=0x1, tag="*dexopt*", ws=WorkSource{10019}, uid=1000, pid=1975
10-24 14:12:39.433  1975  7018 D PowerManagerService: releaseWakeLockInternal: lock=154960581 [*dexopt*], flags=0x0
10-24 14:12:39.434  1975  7018 D PowerManagerService: acquireWakeLockInternal: lock=154960581, flags=0x1, tag="*dexopt*", ws=WorkSource{10013}, uid=1000, pid=1975
10-24 14:12:39.442  1975  7018 D PowerManagerService: releaseWakeLockInternal: lock=154960581 [*dexopt*], flags=0x0
10-24 14:12:39.443  1975  7018 D PowerManagerService: acquireWakeLockInternal: lock=154960581, flags=0x1, tag="*dexopt*", ws=WorkSource{1000}, uid=1000, pid=1975
10-24 14:12:39.447  1975  7018 D PowerManagerService: releaseWakeLockInternal: lock=154960581 [*dexopt*], flags=0x0
10-24 14:12:39.448  1975  7018 D PowerManagerService: acquireWakeLockInternal: lock=154960581, flags=0x1, tag="*dexopt*", ws=WorkSource{10049}, uid=1000, pid=1975
10-24 14:12:39.482  1975  7018 D PowerManagerService: releaseWakeLockInternal: lock=154960581 [*dexopt*], flags=0x0
10-24 14:12:39.483  1975  7018 D PowerManagerService: acquireWakeLockInternal: lock=154960581, flags=0x1, tag="*dexopt*", ws=WorkSource{1001}, uid=1000, pid=1975
10-24 14:12:39.484  1975  7018 D PowerManagerService: releaseWakeLockInternal: lock=154960581 [*dexopt*], flags=0x0
10-24 14:12:39.484  1975  7018 D PowerManagerService: acquireWakeLockInternal: lock=154960581, flags=0x1, tag="*dexopt*", ws=WorkSource{1000}, uid=1000, pid=1975
10-24 14:12:39.491  1975  7018 D PowerManagerService: releaseWakeLockInternal: lock=154960581 [*dexopt*], flags=0x0
10-24 14:12:39.491  1975  7018 D PowerManagerService: acquireWakeLockInternal: lock=154960581, flags=0x1, tag="*dexopt*", ws=WorkSource{10008}, uid=1000, pid=1975
10-24 14:12:39.494  1975  7018 D PowerManagerService: releaseWakeLockInternal: lock=154960581 [*dexopt*], flags=0x0
10-24 14:12:39.494  1975  7018 D PowerManagerService: acquireWakeLockInternal: lock=154960581, flags=0x1, tag="*dexopt*", ws=WorkSource{10046}, uid=1000, pid=1975
10-24 14:12:39.501  1975  7018 D PowerManagerService: releaseWakeLockInternal: lock=154960581 [*dexopt*], flags=0x0
10-24 14:12:39.502  1975  7018 D PowerManagerService: acquireWakeLockInternal: lock=154960581, flags=0x1, tag="*dexopt*", ws=WorkSource{10135}, uid=1000, pid=1975
10-24 14:12:39.537  1975  2057 D DeviceIdleController: handleMessage(6)
10-24 14:12:39.537  1975  2057 D DeviceIdleController: checkTempAppWhitelistTimeout: uid=10033, timeNow=85460
10-24 14:12:39.538  1975  2057 D DeviceIdleController: Time to remove UID 10033: 94073
10-24 14:12:39.538  1975  2057 D DeviceIdleController: postTempActiveTimeoutMessage: uid=10033, delay=8613
10-24 14:12:39.543  1975  7018 D PowerManagerService: releaseWakeLockInternal: lock=154960581 [*dexopt*], flags=0x0
10-24 14:12:39.544  1975  7018 D PowerManagerService: acquireWakeLockInternal: lock=154960581, flags=0x1, tag="*dexopt*", ws=WorkSource{10101}, uid=1000, pid=1975
10-24 14:12:39.545  1975  7018 D PowerManagerService: releaseWakeLockInternal: lock=154960581 [*dexopt*], flags=0x0
10-24 14:12:39.545  1975  7018 D PowerManagerService: acquireWakeLockInternal: lock=154960581, flags=0x1, tag="*dexopt*", ws=WorkSource{10028}, uid=1000, pid=1975
10-24 14:12:39.547  1975  7018 D PowerManagerService: releaseWakeLockInternal: lock=154960581 [*dexopt*], flags=0x0
10-24 14:12:39.547  1975  7018 D PowerManagerService: acquireWakeLockInternal: lock=154960581, flags=0x1, tag="*dexopt*", ws=WorkSource{10096}, uid=1000, pid=1975
10-24 14:12:39.551  1975  7018 D PowerManagerService: releaseWakeLockInternal: lock=154960581 [*dexopt*], flags=0x0
10-24 14:12:39.552  1975  7018 D PowerManagerService: acquireWakeLockInternal: lock=154960581, flags=0x1, tag="*dexopt*", ws=WorkSource{10053}, uid=1000, pid=1975
10-24 14:12:39.573  1975  7018 D PowerManagerService: releaseWakeLockInternal: lock=154960581 [*dexopt*], flags=0x0
10-24 14:12:39.573  1975  7018 D PowerManagerService: acquireWakeLockInternal: lock=154960581, flags=0x1, tag="*dexopt*", ws=WorkSource{1068}, uid=1000, pid=1975
10-24 14:12:39.574  1975  7018 D PowerManagerService: releaseWakeLockInternal: lock=154960581 [*dexopt*], flags=0x0
10-24 14:12:39.575  1975  7018 D PowerManagerService: acquireWakeLockInternal: lock=154960581, flags=0x1, tag="*dexopt*", ws=WorkSource{1000}, uid=1000, pid=1975
10-24 14:12:39.585  1975  7018 D PowerManagerService: releaseWakeLockInternal: lock=154960581 [*dexopt*], flags=0x0
10-24 14:12:39.586  1975  7018 D PowerManagerService: acquireWakeLockInternal: lock=154960581, flags=0x1, tag="*dexopt*", ws=WorkSource{10081}, uid=1000, pid=1975
10-24 14:12:39.603  1975  7018 D PowerManagerService: releaseWakeLockInternal: lock=154960581 [*dexopt*], flags=0x0
10-24 14:12:39.603  1975  7018 D PowerManagerService: acquireWakeLockInternal: lock=154960581, flags=0x1, tag="*dexopt*", ws=WorkSource{1007}, uid=1000, pid=1975
10-24 14:12:39.606  1975  7018 D PowerManagerService: releaseWakeLockInternal: lock=154960581 [*dexopt*], flags=0x0
10-24 14:12:39.607  1975  7018 D PowerManagerService: acquireWakeLockInternal: lock=154960581, flags=0x1, tag="*dexopt*", ws=WorkSource{1000}, uid=1000, pid=1975
10-24 14:12:39.608  1975  7018 D PowerManagerService: releaseWakeLockInternal: lock=154960581 [*dexopt*], flags=0x0
10-24 14:12:39.608  1975  7018 D PowerManagerService: acquireWakeLockInternal: lock=154960581, flags=0x1, tag="*dexopt*", ws=WorkSource{10047}, uid=1000, pid=1975
10-24 14:12:39.625  1975  7018 D PowerManagerService: releaseWakeLockInternal: lock=154960581 [*dexopt*], flags=0x0
10-24 14:12:39.626  1975  7018 D PowerManagerService: acquireWakeLockInternal: lock=154960581, flags=0x1, tag="*dexopt*", ws=WorkSource{10146}, uid=1000, pid=1975
10-24 14:12:39.641  1975  7018 D PowerManagerService: releaseWakeLockInternal: lock=154960581 [*dexopt*], flags=0x0
10-24 14:12:39.641  1975  7018 D PowerManagerService: acquireWakeLockInternal: lock=154960581, flags=0x1, tag="*dexopt*", ws=WorkSource{10136}, uid=1000, pid=1975
10-24 14:12:39.646  1975  7018 D PowerManagerService: releaseWakeLockInternal: lock=154960581 [*dexopt*], flags=0x0
10-24 14:12:39.647  1975  7018 D PowerManagerService: acquireWakeLockInternal: lock=154960581, flags=0x1, tag="*dexopt*", ws=WorkSource{10074}, uid=1000, pid=1975
10-24 14:12:39.649  1975  7018 D PowerManagerService: releaseWakeLockInternal: lock=154960581 [*dexopt*], flags=0x0
10-24 14:12:39.650  1975  7018 D PowerManagerService: acquireWakeLockInternal: lock=154960581, flags=0x1, tag="*dexopt*", ws=WorkSource{1000}, uid=1000, pid=1975
10-24 14:12:39.653  1975  7018 D PowerManagerService: releaseWakeLockInternal: lock=154960581 [*dexopt*], flags=0x0
10-24 14:12:39.653  1975  7018 D PowerManagerService: acquireWakeLockInternal: lock=154960581, flags=0x1, tag="*dexopt*", ws=WorkSource{10029}, uid=1000, pid=1975
10-24 14:12:39.662  1975  7018 D PowerManagerService: releaseWakeLockInternal: lock=154960581 [*dexopt*], flags=0x0
10-24 14:12:39.662  1975  7018 D PowerManagerService: acquireWakeLockInternal: lock=154960581, flags=0x1, tag="*dexopt*", ws=WorkSource{1002}, uid=1000, pid=1975
10-24 14:12:39.669  1975  7018 D PowerManagerService: releaseWakeLockInternal: lock=154960581 [*dexopt*], flags=0x0
10-24 14:12:39.670  1975  7018 D PowerManagerService: acquireWakeLockInternal: lock=154960581, flags=0x1, tag="*dexopt*", ws=WorkSource{10113}, uid=1000, pid=1975
10-24 14:12:39.712  1975  7018 D PowerManagerService: releaseWakeLockInternal: lock=154960581 [*dexopt*], flags=0x0
10-24 14:12:39.713  1975  7018 D PowerManagerService: acquireWakeLockInternal: lock=154960581, flags=0x1, tag="*dexopt*", ws=WorkSource{10105}, uid=1000, pid=1975
10-24 14:12:39.730  1975  7018 D PowerManagerService: releaseWakeLockInternal: lock=154960581 [*dexopt*], flags=0x0
10-24 14:12:39.731  1975  7018 D PowerManagerService: acquireWakeLockInternal: lock=154960581, flags=0x1, tag="*dexopt*", ws=WorkSource{1001}, uid=1000, pid=1975
10-24 14:12:39.735  1975  7018 D PowerManagerService: releaseWakeLockInternal: lock=154960581 [*dexopt*], flags=0x0
10-24 14:12:39.735  1975  7018 D PowerManagerService: acquireWakeLockInternal: lock=154960581, flags=0x1, tag="*dexopt*", ws=WorkSource{10037}, uid=1000, pid=1975
10-24 14:12:39.737  1975  7018 D PowerManagerService: releaseWakeLockInternal: lock=154960581 [*dexopt*], flags=0x0
10-24 14:12:39.737  1975  7018 D PowerManagerService: acquireWakeLockInternal: lock=154960581, flags=0x1, tag="*dexopt*", ws=WorkSource{10072}, uid=1000, pid=1975
10-24 14:12:39.755  1975  7018 D PowerManagerService: releaseWakeLockInternal: lock=154960581 [*dexopt*], flags=0x0
10-24 14:12:39.755  1975  7018 D PowerManagerService: acquireWakeLockInternal: lock=154960581, flags=0x1, tag="*dexopt*", ws=WorkSource{10119}, uid=1000, pid=1975
10-24 14:12:39.759  1975  7018 D PowerManagerService: releaseWakeLockInternal: lock=154960581 [*dexopt*], flags=0x0
10-24 14:12:39.759  1975  7018 D PowerManagerService: acquireWakeLockInternal: lock=154960581, flags=0x1, tag="*dexopt*", ws=WorkSource{10015}, uid=1000, pid=1975
10-24 14:12:39.781  1975  7018 D PowerManagerService: releaseWakeLockInternal: lock=154960581 [*dexopt*], flags=0x0
10-24 14:12:39.782  1975  7018 D PowerManagerService: acquireWakeLockInternal: lock=154960581, flags=0x1, tag="*dexopt*", ws=WorkSource{10123}, uid=1000, pid=1975
10-24 14:12:39.800  1975  4548 W ActivityManager: Unable to start service Intent { act=com.google.android.gms.analytics.service.START cmp=com.google.android.gms/.analytics.service.AnalyticsService (has extras) } U=0: not found
10-24 14:12:39.803  1975  7018 D PowerManagerService: releaseWakeLockInternal: lock=154960581 [*dexopt*], flags=0x0
10-24 14:12:39.804  1975  7018 D PowerManagerService: acquireWakeLockInternal: lock=154960581, flags=0x1, tag="*dexopt*", ws=WorkSource{10104}, uid=1000, pid=1975
10-24 14:12:39.820  1975  7018 D PowerManagerService: releaseWakeLockInternal: lock=154960581 [*dexopt*], flags=0x0
10-24 14:12:39.821  1975  7018 D PowerManagerService: acquireWakeLockInternal: lock=154960581, flags=0x1, tag="*dexopt*", ws=WorkSource{10020}, uid=1000, pid=1975
10-24 14:12:39.822  1975  7018 D PowerManagerService: releaseWakeLockInternal: lock=154960581 [*dexopt*], flags=0x0
10-24 14:12:39.822  1975  7018 D PowerManagerService: acquireWakeLockInternal: lock=154960581, flags=0x1, tag="*dexopt*", ws=WorkSource{1000}, uid=1000, pid=1975
10-24 14:12:39.829  1975  7018 D PowerManagerService: releaseWakeLockInternal: lock=154960581 [*dexopt*], flags=0x0
10-24 14:12:39.830  1975  7018 D PowerManagerService: acquireWakeLockInternal: lock=154960581, flags=0x1, tag="*dexopt*", ws=WorkSource{10093}, uid=1000, pid=1975
10-24 14:12:39.846  1975  7018 D PowerManagerService: releaseWakeLockInternal: lock=154960581 [*dexopt*], flags=0x0
10-24 14:12:39.847  1975  7018 D PowerManagerService: acquireWakeLockInternal: lock=154960581, flags=0x1, tag="*dexopt*", ws=WorkSource{1000}, uid=1000, pid=1975
10-24 14:12:39.850  1975  7018 D PowerManagerService: releaseWakeLockInternal: lock=154960581 [*dexopt*], flags=0x0
10-24 14:12:39.850  1975  7018 D PowerManagerService: acquireWakeLockInternal: lock=154960581, flags=0x1, tag="*dexopt*", ws=WorkSource{1000}, uid=1000, pid=1975
10-24 14:12:39.852  1975  7018 D PowerManagerService: releaseWakeLockInternal: lock=154960581 [*dexopt*], flags=0x0
10-24 14:12:39.852  1975  7018 D PowerManagerService: acquireWakeLockInternal: lock=154960581, flags=0x1, tag="*dexopt*", ws=WorkSource{10092}, uid=1000, pid=1975
10-24 14:12:39.862  1975  4548 W BroadcastQueue: Background execution not allowed: receiving Intent { act=android.intent.action.DROPBOX_ENTRY_ADDED flg=0x10 (has extras) } to com.google.android.gms/.stats.service.DropBoxEntryAddedReceiver
10-24 14:12:39.863  1975  7018 D PowerManagerService: releaseWakeLockInternal: lock=154960581 [*dexopt*], flags=0x0
10-24 14:12:39.864  1975  2069 W BroadcastQueue: Background execution not allowed: receiving Intent { act=android.intent.action.DROPBOX_ENTRY_ADDED flg=0x10 (has extras) } to com.google.android.gms/.chimera.GmsIntentOperationService$PersistentTrustedReceiver
10-24 14:12:39.865  1975  7018 D PowerManagerService: acquireWakeLockInternal: lock=154960581, flags=0x1, tag="*dexopt*", ws=WorkSource{10107}, uid=1000, pid=1975
10-24 14:12:39.882  1975  7018 D PowerManagerService: releaseWakeLockInternal: lock=154960581 [*dexopt*], flags=0x0
10-24 14:12:39.883  1975  7018 D PowerManagerService: acquireWakeLockInternal: lock=154960581, flags=0x1, tag="*dexopt*", ws=WorkSource{10045}, uid=1000, pid=1975
10-24 14:12:39.885  1975  7018 D PowerManagerService: releaseWakeLockInternal: lock=154960581 [*dexopt*], flags=0x0
10-24 14:12:39.886  1975  7018 D PowerManagerService: acquireWakeLockInternal: lock=154960581, flags=0x1, tag="*dexopt*", ws=WorkSource{1000}, uid=1000, pid=1975
10-24 14:12:39.888  1975  4548 D PowerManagerService: acquireWakeLockInternal: lock=147132902, flags=0x1, tag="*net_scheduler*", ws=WorkSource{10033 com.google.android.gms}, uid=10033, pid=3034
10-24 14:12:39.896  1975  3180 W ActivityManager: Unable to start service Intent { act=com.google.android.c2dm.intent.REGISTRATION pkg=com.google.android.apps.maps } U=0: not found
10-24 14:12:39.899  1975  7018 D PowerManagerService: releaseWakeLockInternal: lock=154960581 [*dexopt*], flags=0x0
10-24 14:12:39.903  1975  7018 D PowerManagerService: acquireWakeLockInternal: lock=154960581, flags=0x1, tag="*dexopt*", ws=WorkSource{10033}, uid=1000, pid=1975
10-24 14:12:39.904  1975  2101 I ActivityManager: Load: 7.46 / 2.78 / 1.01
10-24 14:12:39.905  1975  2101 I ActivityManager: CPU usage from 5576ms to 43ms ago (2019-10-24 14:12:34.327 to 2019-10-24 14:12:39.861):
10-24 14:12:39.905  1975  2101 I ActivityManager: 23% TOTAL: 10% user + 10% kernel + 1% iowait + 0.8% irq + 0.5% softirq
10-24 14:12:39.905  1975  2101 I ActivityManager:   53% 1975/system_server: 32% user + 21% kernel / faults: 10770 minor 154 major
10-24 14:12:39.905  1975  2101 I ActivityManager:   9.8% 3034/com.google.android.gms.persistent: 4.9% user + 4.9% kernel / faults: 514 minor
10-24 14:12:39.905  1975  2101 I ActivityManager:   7.8% 3238/com.motorola.ccc: 4.3% user + 3.4% kernel / faults: 2794 minor 7 major
10-24 14:12:39.905  1975  2101 I ActivityManager:   6.8% 3188/com.motorola.process.system: 3% user + 3.8% kernel / faults: 2014 minor
10-24 14:12:39.905  1975  2101 I ActivityManager:   5.2% 6682/com.google.android.apps.messaging: 4.3% user + 0.9% kernel / faults: 1287 minor
10-24 14:12:39.945  1975  4541 D PowerManagerService: releaseWakeLockInternal: lock=147132902 [*net_scheduler*], flags=0x0
10-24 14:12:39.972  1975  2057 D DeviceIdleController: handleMessage(7)
10-24 14:12:39.974  1975  7018 D PowerManagerService: releaseWakeLockInternal: lock=154960581 [*dexopt*], flags=0x0
10-24 14:12:39.976  1975  1975 D PowerManagerService: acquireWakeLockInternal: lock=188578696, flags=0x1, tag="*job*/com.google.android.gm/com.android.mail.job.NotifyDatasetChangedJob$NotifyDatasetChangedJobService", ws=WorkSource{10120}, uid=1000, pid=1975
10-24 14:12:39.976  1975  7018 D PowerManagerService: acquireWakeLockInternal: lock=154960581, flags=0x1, tag="*dexopt*", ws=WorkSource{10033}, uid=1000, pid=1975
10-24 14:12:39.987  1975  1975 D PowerManagerService: acquireWakeLockInternal: lock=113736658, flags=0x1, tag="*job*/com.google.android.gm/.job.ProviderCreatedJob$ProviderCreatedJobService", ws=WorkSource{10120}, uid=1000, pid=1975
10-24 14:12:39.992  1975  7018 D PowerManagerService: releaseWakeLockInternal: lock=154960581 [*dexopt*], flags=0x0
10-24 14:12:39.994  1975  7018 D PowerManagerService: acquireWakeLockInternal: lock=154960581, flags=0x1, tag="*dexopt*", ws=WorkSource{10054}, uid=1000, pid=1975
10-24 14:12:39.995  1975  4541 D PowerManagerService: releaseWakeLockInternal: lock=188578696 [*job*/com.google.android.gm/com.android.mail.job.NotifyDatasetChangedJob$NotifyDatasetChangedJobService], flags=0x0
10-24 14:12:39.997  1975  3180 D PowerManagerService: releaseWakeLockInternal: lock=113736658 [*job*/com.google.android.gm/.job.ProviderCreatedJob$ProviderCreatedJobService], flags=0x0
10-24 14:12:40.003  1975  2057 D DeviceIdleController: handleMessage(7)
10-24 14:12:40.010  1975  7018 D PowerManagerService: releaseWakeLockInternal: lock=154960581 [*dexopt*], flags=0x0
10-24 14:12:40.011  1975  7018 D PowerManagerService: acquireWakeLockInternal: lock=154960581, flags=0x1, tag="*dexopt*", ws=WorkSource{10061}, uid=1000, pid=1975
10-24 14:12:40.019  1975  7018 D PowerManagerService: releaseWakeLockInternal: lock=154960581 [*dexopt*], flags=0x0
10-24 14:12:40.020  1975  7018 D PowerManagerService: acquireWakeLockInternal: lock=154960581, flags=0x1, tag="*dexopt*", ws=WorkSource{10095}, uid=1000, pid=1975
10-24 14:12:40.030  1975  7018 D PowerManagerService: releaseWakeLockInternal: lock=154960581 [*dexopt*], flags=0x0
10-24 14:12:40.030  1975  7018 D PowerManagerService: acquireWakeLockInternal: lock=154960581, flags=0x1, tag="*dexopt*", ws=WorkSource{10063}, uid=1000, pid=1975
10-24 14:12:40.033  1975  7018 D PowerManagerService: releaseWakeLockInternal: lock=154960581 [*dexopt*], flags=0x0
10-24 14:12:40.034  1975  7018 D PowerManagerService: acquireWakeLockInternal: lock=154960581, flags=0x1, tag="*dexopt*", ws=WorkSource{10043}, uid=1000, pid=1975
10-24 14:12:40.036  1975  4541 W BroadcastQueue: Permission Denial: broadcasting Intent { act=com.motorola.cce.Actions.CCE_SEND_SETTINGS flg=0x1000010 (has extras) } from com.motorola.ccc.ota (pid=3238, uid=10050) is not exported from uid 1007 due to receiver com.motorola.bug2go/com.motorola.blur.service.blur.SharedSettingsReceiver
10-24 14:12:40.045  1975  4541 W BroadcastQueue: Permission Denial: broadcasting Intent { act=com.motorola.cce.Actions.CCE_SEND_SETTINGS flg=0x1000010 (has extras) } from com.motorola.ccc.ota (pid=3238, uid=10050) is not exported from uid 10009 due to receiver com.motorola.help/com.motorola.blur.service.blur.SharedSettingsReceiver
10-24 14:12:40.047  1975  2069 W BroadcastQueue: Background execution not allowed: receiving Intent { act=com.motorola.notification.REGISTRATION flg=0x10 (has extras) } to com.motorola.ccc.notification/.StartServiceReceiver
10-24 14:12:40.051  1975  7018 D PowerManagerService: releaseWakeLockInternal: lock=154960581 [*dexopt*], flags=0x0
10-24 14:12:40.051  1975  7018 D PowerManagerService: acquireWakeLockInternal: lock=154960581, flags=0x1, tag="*dexopt*", ws=WorkSource{10134}, uid=1000, pid=1975
10-24 14:12:40.077  1975  2023 D PowerManagerService: acquireWakeLockInternal: lock=63416286, flags=0x1, tag="NlpWakeLock", ws=WorkSource{10033 com.google.android.gms}, uid=10033, pid=3034
10-24 14:12:40.084  1975  4541 D PowerManagerService: acquireWakeLockInternal: lock=165339093, flags=0x1, tag="NlpCollectorWakeLock", ws=null, uid=10033, pid=3034
10-24 14:12:40.090  1975  7018 D PowerManagerService: releaseWakeLockInternal: lock=154960581 [*dexopt*], flags=0x0
10-24 14:12:40.091  1975  7018 D PowerManagerService: acquireWakeLockInternal: lock=154960581, flags=0x1, tag="*dexopt*", ws=WorkSource{1000}, uid=1000, pid=1975
10-24 14:12:40.107  1975  7018 D PowerManagerService: releaseWakeLockInternal: lock=154960581 [*dexopt*], flags=0x0
10-24 14:12:40.107  1975  7018 D PowerManagerService: acquireWakeLockInternal: lock=154960581, flags=0x1, tag="*dexopt*", ws=WorkSource{10059}, uid=1000, pid=1975
10-24 14:12:40.108  1975  1975 D PowerManagerService: releaseWakeLockInternal: lock=8335096 [*alarm*], flags=0x0
10-24 14:12:40.109  1975  3180 D PowerManagerService: releaseWakeLockInternal: lock=63416286 [NlpWakeLock], flags=0x0
10-24 14:12:40.109  1975  7018 D PowerManagerService: releaseWakeLockInternal: lock=154960581 [*dexopt*], flags=0x0
10-24 14:12:40.111  1975  7018 D PowerManagerService: acquireWakeLockInternal: lock=154960581, flags=0x1, tag="*dexopt*", ws=WorkSource{10141}, uid=1000, pid=1975
10-24 14:12:40.129  1975  7018 D PowerManagerService: releaseWakeLockInternal: lock=154960581 [*dexopt*], flags=0x0
10-24 14:12:40.130  1975  7018 D PowerManagerService: acquireWakeLockInternal: lock=154960581, flags=0x1, tag="*dexopt*", ws=WorkSource{1007}, uid=1000, pid=1975
10-24 14:12:40.133  1975  7018 D PowerManagerService: releaseWakeLockInternal: lock=154960581 [*dexopt*], flags=0x0
10-24 14:12:40.134  1975  7018 D PowerManagerService: acquireWakeLockInternal: lock=154960581, flags=0x1, tag="*dexopt*", ws=WorkSource{10118}, uid=1000, pid=1975
10-24 14:12:40.138  1975  7018 D PowerManagerService: releaseWakeLockInternal: lock=154960581 [*dexopt*], flags=0x0
10-24 14:12:40.139  1975  7018 D PowerManagerService: acquireWakeLockInternal: lock=154960581, flags=0x1, tag="*dexopt*", ws=WorkSource{10106}, uid=1000, pid=1975
10-24 14:12:40.140  1975  7018 D PowerManagerService: releaseWakeLockInternal: lock=154960581 [*dexopt*], flags=0x0
10-24 14:12:40.140  1975  7018 D PowerManagerService: acquireWakeLockInternal: lock=154960581, flags=0x1, tag="*dexopt*", ws=WorkSource{10018}, uid=1000, pid=1975
10-24 14:12:40.141  1975  7018 D PowerManagerService: releaseWakeLockInternal: lock=154960581 [*dexopt*], flags=0x0
10-24 14:12:40.142  1975  2072 I ActivityManager: Start proc 7068:com.motorola.dfpoints.android/u0a117 for broadcast com.motorola.dfpoints.android/.receivers.SquadDFIntegration
10-24 14:12:40.142  1975  7018 D PowerManagerService: acquireWakeLockInternal: lock=154960581, flags=0x1, tag="*dexopt*", ws=WorkSource{1001}, uid=1000, pid=1975
10-24 14:12:40.146  1975  7018 D PowerManagerService: releaseWakeLockInternal: lock=154960581 [*dexopt*], flags=0x0
10-24 14:12:40.146  1975  7018 D PowerManagerService: acquireWakeLockInternal: lock=154960581, flags=0x1, tag="*dexopt*", ws=WorkSource{10024}, uid=1000, pid=1975
10-24 14:12:40.148  1975  7018 D PowerManagerService: releaseWakeLockInternal: lock=154960581 [*dexopt*], flags=0x0
10-24 14:12:40.149  1975  7018 D PowerManagerService: acquireWakeLockInternal: lock=154960581, flags=0x1, tag="*dexopt*", ws=WorkSource{10075}, uid=1000, pid=1975
10-24 14:12:40.167  1975  7018 D PowerManagerService: releaseWakeLockInternal: lock=154960581 [*dexopt*], flags=0x0
10-24 14:12:40.167  1975  7018 D PowerManagerService: acquireWakeLockInternal: lock=154960581, flags=0x1, tag="*dexopt*", ws=WorkSource{10147}, uid=1000, pid=1975
10-24 14:12:40.178  1975  7018 D PowerManagerService: releaseWakeLockInternal: lock=154960581 [*dexopt*], flags=0x0
10-24 14:12:40.179  1975  7018 D PowerManagerService: acquireWakeLockInternal: lock=154960581, flags=0x1, tag="*dexopt*", ws=WorkSource{10131}, uid=1000, pid=1975
10-24 14:12:40.185  1975  3180 D ActivityManager: ActivityStack{e09aed0 stackId=0 type=home mode=fullscreen visible=true translucent=false, 1 tasks} occluded Keyguard false on display 0
10-24 14:12:40.195  1975  7018 D PowerManagerService: releaseWakeLockInternal: lock=154960581 [*dexopt*], flags=0x0
10-24 14:12:40.196  1975  7018 D PowerManagerService: acquireWakeLockInternal: lock=154960581, flags=0x1, tag="*dexopt*", ws=WorkSource{10122}, uid=1000, pid=1975
10-24 14:12:40.213  1975  7018 D PowerManagerService: releaseWakeLockInternal: lock=154960581 [*dexopt*], flags=0x0
10-24 14:12:40.213  1975  7018 D PowerManagerService: acquireWakeLockInternal: lock=154960581, flags=0x1, tag="*dexopt*", ws=WorkSource{10116}, uid=1000, pid=1975
10-24 14:12:40.219  1975  7018 D PowerManagerService: releaseWakeLockInternal: lock=154960581 [*dexopt*], flags=0x0
10-24 14:12:40.220  1975  7018 D PowerManagerService: acquireWakeLockInternal: lock=154960581, flags=0x1, tag="*dexopt*", ws=WorkSource{10056}, uid=1000, pid=1975
10-24 14:12:40.221  1975  7018 D PowerManagerService: releaseWakeLockInternal: lock=154960581 [*dexopt*], flags=0x0
10-24 14:12:40.222  1975  7018 D PowerManagerService: acquireWakeLockInternal: lock=154960581, flags=0x1, tag="*dexopt*", ws=WorkSource{10099}, uid=1000, pid=1975
10-24 14:12:40.224  1975  7018 D PowerManagerService: releaseWakeLockInternal: lock=154960581 [*dexopt*], flags=0x0
10-24 14:12:40.225  1975  7018 D PowerManagerService: acquireWakeLockInternal: lock=154960581, flags=0x1, tag="*dexopt*", ws=WorkSource{10070}, uid=1000, pid=1975
10-24 14:12:40.235  1975  7018 D PowerManagerService: releaseWakeLockInternal: lock=154960581 [*dexopt*], flags=0x0
10-24 14:12:40.236  1975  7018 D PowerManagerService: acquireWakeLockInternal: lock=154960581, flags=0x1, tag="*dexopt*", ws=WorkSource{10009}, uid=1000, pid=1975
10-24 14:12:40.255  1975  7018 D PowerManagerService: releaseWakeLockInternal: lock=154960581 [*dexopt*], flags=0x0
10-24 14:12:40.255  1975  7018 D PowerManagerService: acquireWakeLockInternal: lock=154960581, flags=0x1, tag="*dexopt*", ws=WorkSource{10066}, uid=1000, pid=1975
10-24 14:12:40.274  1975  7018 D PowerManagerService: releaseWakeLockInternal: lock=154960581 [*dexopt*], flags=0x0
10-24 14:12:40.274  1975  7018 D PowerManagerService: acquireWakeLockInternal: lock=154960581, flags=0x1, tag="*dexopt*", ws=WorkSource{10064}, uid=1000, pid=1975
10-24 14:12:40.295  1975  7018 D PowerManagerService: releaseWakeLockInternal: lock=154960581 [*dexopt*], flags=0x0
10-24 14:12:40.299  1975  2057 D DeviceIdleController: handleMessage(7)
10-24 14:12:40.299  1975  7018 D PowerManagerService: acquireWakeLockInternal: lock=154960581, flags=0x1, tag="*dexopt*", ws=WorkSource{10157}, uid=1000, pid=1975
10-24 14:12:40.302  1975  7018 D PowerManagerService: releaseWakeLockInternal: lock=154960581 [*dexopt*], flags=0x0
10-24 14:12:40.307  1975  1975 D PowerManagerService: acquireWakeLockInternal: lock=70114305, flags=0x1, tag="*job*/com.google.android.gm/com.android.mail.job.NotifyDatasetChangedJob$NotifyDatasetChangedJobService", ws=WorkSource{10120}, uid=1000, pid=1975
10-24 14:12:40.308  1975  7018 D PowerManagerService: acquireWakeLockInternal: lock=154960581, flags=0x1, tag="*dexopt*", ws=WorkSource{1001}, uid=1000, pid=1975
10-24 14:12:40.314  1975  7018 D PowerManagerService: releaseWakeLockInternal: lock=154960581 [*dexopt*], flags=0x0
10-24 14:12:40.315  1975  2023 D PowerManagerService: releaseWakeLockInternal: lock=70114305 [*job*/com.google.android.gm/com.android.mail.job.NotifyDatasetChangedJob$NotifyDatasetChangedJobService], flags=0x0
10-24 14:12:40.318  1975  7018 D PowerManagerService: acquireWakeLockInternal: lock=154960581, flags=0x1, tag="*dexopt*", ws=WorkSource{10034}, uid=1000, pid=1975
10-24 14:12:40.321  1975  2057 D DeviceIdleController: handleMessage(7)
10-24 14:12:40.322  1975  7018 D PowerManagerService: releaseWakeLockInternal: lock=154960581 [*dexopt*], flags=0x0
10-24 14:12:40.325  1975  7018 D PowerManagerService: acquireWakeLockInternal: lock=154960581, flags=0x1, tag="*dexopt*", ws=WorkSource{10102}, uid=1000, pid=1975
10-24 14:12:40.332  1975  7018 D PowerManagerService: releaseWakeLockInternal: lock=154960581 [*dexopt*], flags=0x0
10-24 14:12:40.332  1975  7018 D PowerManagerService: acquireWakeLockInternal: lock=154960581, flags=0x1, tag="*dexopt*", ws=WorkSource{10021}, uid=1000, pid=1975
10-24 14:12:40.336  1975  7018 D PowerManagerService: releaseWakeLockInternal: lock=154960581 [*dexopt*], flags=0x0
10-24 14:12:40.337  1975  7018 D PowerManagerService: acquireWakeLockInternal: lock=154960581, flags=0x1, tag="*dexopt*", ws=WorkSource{1001}, uid=1000, pid=1975
10-24 14:12:40.349  1975  7018 D PowerManagerService: releaseWakeLockInternal: lock=154960581 [*dexopt*], flags=0x0
10-24 14:12:40.350  1975  7018 D PowerManagerService: acquireWakeLockInternal: lock=154960581, flags=0x1, tag="*dexopt*", ws=WorkSource{1000}, uid=1000, pid=1975
10-24 14:12:40.356  1975  7018 D PowerManagerService: releaseWakeLockInternal: lock=154960581 [*dexopt*], flags=0x0
10-24 14:12:40.357  1975  7018 D PowerManagerService: acquireWakeLockInternal: lock=154960581, flags=0x1, tag="*dexopt*", ws=WorkSource{10076}, uid=1000, pid=1975
10-24 14:12:40.363  1975  7018 D PowerManagerService: releaseWakeLockInternal: lock=154960581 [*dexopt*], flags=0x0
10-24 14:12:40.363  1975  7018 D PowerManagerService: acquireWakeLockInternal: lock=154960581, flags=0x1, tag="*dexopt*", ws=WorkSource{10039}, uid=1000, pid=1975
10-24 14:12:40.385  1975  7018 D PowerManagerService: releaseWakeLockInternal: lock=154960581 [*dexopt*], flags=0x0
10-24 14:12:40.386  1975  7018 D PowerManagerService: acquireWakeLockInternal: lock=154960581, flags=0x1, tag="*dexopt*", ws=WorkSource{10050}, uid=1000, pid=1975
10-24 14:12:40.387  1975  7018 D PowerManagerService: releaseWakeLockInternal: lock=154960581 [*dexopt*], flags=0x0
10-24 14:12:40.388  1975  7018 D PowerManagerService: acquireWakeLockInternal: lock=154960581, flags=0x1, tag="*dexopt*", ws=WorkSource{10098}, uid=1000, pid=1975
10-24 14:12:40.398  1975  7018 D PowerManagerService: releaseWakeLockInternal: lock=154960581 [*dexopt*], flags=0x0
10-24 14:12:40.399  1975  7018 D PowerManagerService: acquireWakeLockInternal: lock=154960581, flags=0x1, tag="*dexopt*", ws=WorkSource{10033}, uid=1000, pid=1975
10-24 14:12:40.401  1975  7018 D PowerManagerService: releaseWakeLockInternal: lock=154960581 [*dexopt*], flags=0x0
10-24 14:12:40.402  1975  7018 D PowerManagerService: acquireWakeLockInternal: lock=154960581, flags=0x1, tag="*dexopt*", ws=WorkSource{10079}, uid=1000, pid=1975
10-24 14:12:40.585  1975  7018 D PowerManagerService: releaseWakeLockInternal: lock=154960581 [*dexopt*], flags=0x0
10-24 14:12:40.586  1975  7018 D PowerManagerService: acquireWakeLockInternal: lock=154960581, flags=0x1, tag="*dexopt*", ws=WorkSource{10088}, uid=1000, pid=1975
10-24 14:12:40.619  1975  7018 D PowerManagerService: releaseWakeLockInternal: lock=154960581 [*dexopt*], flags=0x0
10-24 14:12:40.619  1975  7018 D PowerManagerService: acquireWakeLockInternal: lock=154960581, flags=0x1, tag="*dexopt*", ws=WorkSource{10044}, uid=1000, pid=1975
10-24 14:12:40.624  1975  7018 D PowerManagerService: releaseWakeLockInternal: lock=154960581 [*dexopt*], flags=0x0
10-24 14:12:40.625  1975  7018 D PowerManagerService: acquireWakeLockInternal: lock=154960581, flags=0x1, tag="*dexopt*", ws=WorkSource{10115}, uid=1000, pid=1975
10-24 14:12:40.630  1975  7018 D PowerManagerService: releaseWakeLockInternal: lock=154960581 [*dexopt*], flags=0x0
10-24 14:12:40.631  1975  7018 D PowerManagerService: acquireWakeLockInternal: lock=154960581, flags=0x1, tag="*dexopt*", ws=WorkSource{1000}, uid=1000, pid=1975
10-24 14:12:40.657  1975  7018 D PowerManagerService: releaseWakeLockInternal: lock=154960581 [*dexopt*], flags=0x0
10-24 14:12:40.657  1975  7018 D PowerManagerService: acquireWakeLockInternal: lock=154960581, flags=0x1, tag="*dexopt*", ws=WorkSource{1001}, uid=1000, pid=1975
10-24 14:12:40.659  1975  7018 D PowerManagerService: releaseWakeLockInternal: lock=154960581 [*dexopt*], flags=0x0
10-24 14:12:40.659  1975  7018 D PowerManagerService: acquireWakeLockInternal: lock=154960581, flags=0x1, tag="*dexopt*", ws=WorkSource{1001}, uid=1000, pid=1975
10-24 14:12:40.663  1975  7018 D PowerManagerService: releaseWakeLockInternal: lock=154960581 [*dexopt*], flags=0x0
10-24 14:12:40.663  1975  7018 D PowerManagerService: acquireWakeLockInternal: lock=154960581, flags=0x1, tag="*dexopt*", ws=WorkSource{10078}, uid=1000, pid=1975
10-24 14:12:40.664  1975  7018 D PowerManagerService: releaseWakeLockInternal: lock=154960581 [*dexopt*], flags=0x0
10-24 14:12:40.665  1975  7018 D PowerManagerService: acquireWakeLockInternal: lock=154960581, flags=0x1, tag="*dexopt*", ws=WorkSource{10150}, uid=1000, pid=1975
10-24 14:12:40.668  1975  7018 D PowerManagerService: releaseWakeLockInternal: lock=154960581 [*dexopt*], flags=0x0
10-24 14:12:40.671  1975  7018 D PowerManagerService: acquireWakeLockInternal: lock=154960581, flags=0x1, tag="*dexopt*", ws=WorkSource{1000}, uid=1000, pid=1975
10-24 14:12:41.123  1975  7018 D PowerManagerService: releaseWakeLockInternal: lock=154960581 [*dexopt*], flags=0x0
10-24 14:12:41.124  1975  7018 D PowerManagerService: acquireWakeLockInternal: lock=154960581, flags=0x1, tag="*dexopt*", ws=WorkSource{10027}, uid=1000, pid=1975
10-24 14:12:41.141  1975  7018 D PowerManagerService: releaseWakeLockInternal: lock=154960581 [*dexopt*], flags=0x0
10-24 14:12:41.141  1975  7018 D PowerManagerService: acquireWakeLockInternal: lock=154960581, flags=0x1, tag="*dexopt*", ws=WorkSource{10025}, uid=1000, pid=1975
10-24 14:12:41.143  1975  7018 D PowerManagerService: releaseWakeLockInternal: lock=154960581 [*dexopt*], flags=0x0
10-24 14:12:41.144  1975  7018 D PowerManagerService: acquireWakeLockInternal: lock=154960581, flags=0x1, tag="*dexopt*", ws=WorkSource{10017}, uid=1000, pid=1975
10-24 14:12:41.174  1975  7018 D PowerManagerService: releaseWakeLockInternal: lock=154960581 [*dexopt*], flags=0x0
10-24 14:12:41.174  1975  7018 D PowerManagerService: acquireWakeLockInternal: lock=154960581, flags=0x1, tag="*dexopt*", ws=WorkSource{1000}, uid=1000, pid=1975
10-24 14:12:41.176  1975  7018 D PowerManagerService: releaseWakeLockInternal: lock=154960581 [*dexopt*], flags=0x0
10-24 14:12:41.176  1975  7018 D PowerManagerService: acquireWakeLockInternal: lock=154960581, flags=0x1, tag="*dexopt*", ws=WorkSource{10030}, uid=1000, pid=1975
10-24 14:12:41.179  1975  7018 D PowerManagerService: releaseWakeLockInternal: lock=154960581 [*dexopt*], flags=0x0
10-24 14:12:41.179  1975  7018 D PowerManagerService: acquireWakeLockInternal: lock=154960581, flags=0x1, tag="*dexopt*", ws=WorkSource{1000}, uid=1000, pid=1975
10-24 14:12:41.180  1975  7018 D PowerManagerService: releaseWakeLockInternal: lock=154960581 [*dexopt*], flags=0x0
10-24 14:12:41.181  1975  7018 D PowerManagerService: acquireWakeLockInternal: lock=154960581, flags=0x1, tag="*dexopt*", ws=WorkSource{10067}, uid=1000, pid=1975
10-24 14:12:41.184  1975  7018 D PowerManagerService: releaseWakeLockInternal: lock=154960581 [*dexopt*], flags=0x0
10-24 14:12:41.185  1975  7018 D PowerManagerService: acquireWakeLockInternal: lock=154960581, flags=0x1, tag="*dexopt*", ws=WorkSource{10124}, uid=1000, pid=1975
10-24 14:12:41.203  1975  7018 D PowerManagerService: releaseWakeLockInternal: lock=154960581 [*dexopt*], flags=0x0
10-24 14:12:41.203  1975  7018 D PowerManagerService: acquireWakeLockInternal: lock=154960581, flags=0x1, tag="*dexopt*", ws=WorkSource{1000}, uid=1000, pid=1975
10-24 14:12:41.206  1975  7018 D PowerManagerService: releaseWakeLockInternal: lock=154960581 [*dexopt*], flags=0x0
10-24 14:12:41.206  1975  7018 D PowerManagerService: acquireWakeLockInternal: lock=154960581, flags=0x1, tag="*dexopt*", ws=WorkSource{1001}, uid=1000, pid=1975
10-24 14:12:41.224  1975  7018 D PowerManagerService: releaseWakeLockInternal: lock=154960581 [*dexopt*], flags=0x0
10-24 14:12:41.224  1975  7018 D PowerManagerService: acquireWakeLockInternal: lock=154960581, flags=0x1, tag="*dexopt*", ws=WorkSource{2000}, uid=1000, pid=1975
10-24 14:12:41.237  1975  7018 D PowerManagerService: releaseWakeLockInternal: lock=154960581 [*dexopt*], flags=0x0
10-24 14:12:41.238  1975  7018 D PowerManagerService: acquireWakeLockInternal: lock=154960581, flags=0x1, tag="*dexopt*", ws=WorkSource{1000}, uid=1000, pid=1975
10-24 14:12:41.267  1975  7018 D PowerManagerService: releaseWakeLockInternal: lock=154960581 [*dexopt*], flags=0x0
10-24 14:12:41.268  1975  7018 D PowerManagerService: acquireWakeLockInternal: lock=154960581, flags=0x1, tag="*dexopt*", ws=WorkSource{10063}, uid=1000, pid=1975
