--------- beginning of system

10-25 18:34:47.868  8119 12163 E ActivityThread: Failed to find provider info for com.motorola.ccc.cce.datausage

10-25 18:34:58.715  1996 13547 I chatty  : uid=1000(system) Binder:1996_1C expire 2 lines
   
10-25 18:34:58.776  1996  3177 I chatty  : uid=1000(system) Binder:1996_7 expire 5 lines

10-25 18:35:05.115  1996  3918 I chatty  : uid=1000(system) Binder:1996_11 expire 2 lines

10-25 18:35:14.924  1217  1360 E storaged: getDiskStats failed with result NOT_SUPPORTED and size 0

10-25 18:35:16.290  1996  9078 I chatty  : uid=1000(system) Binder:1996_1A expire 1 line
10-25 18:35:16.349  1996  3187 I chatty  : uid=1000(system) Binder:1996_A expire 2 lines
10-25 18:35:40.136  1996  6929 I chatty  : uid=1000(system) Binder:1996_17 expire 2 lines
10-25 18:35:55.245  8119 11278 E ActivityThread: Failed to find provider info for com.motorola.ccc.cce.datausage
10-25 18:36:14.925  1217  1360 E storaged: getDiskStats failed with result NOT_SUPPORTED and size 0
10-25 18:36:28.173  1996  3915 I chatty  : uid=1000(system) Binder:1996_10 expire 1 line
10-25 18:36:35.578  1996  3445 I chatty  : uid=1000(system) Binder:1996_C expire 3 lines
10-25 18:37:09.457  1996  7481 I chatty  : uid=1000(system) Binder:1996_18 expire 6 lines
10-25 18:37:09.459  1996  2514 I chatty  : uid=1000(system) ConnectivitySer expire 18 lines
10-25 18:37:13.708  1996 10506 I chatty  : uid=1000(system) Binder:1996_1B expire 6 lines
10-25 18:37:14.927  1217  1360 E storaged: getDiskStats failed with result NOT_SUPPORTED and size 0
10-25 18:38:11.291  1996  2111 I chatty  : uid=1000(system) ActivityManager expire 6 lines
10-25 18:38:39.588  1217  1360 E storaged: getDiskStats failed with result NOT_SUPPORTED and size 0
10-25 18:39:01.244  1996  2514 I chatty  : uid=1000(system) ConnectivitySer expire 3 lines
10-25 18:39:08.892  1996  2527 I chatty  : uid=1000(system) Binder:1996_3 expire 2 lines
10-25 18:39:50.879  1996  8488 I chatty  : uid=1000(system) Binder:1996_19 expire 3 lines
10-25 18:39:59.666  1217  1360 E storaged: getDiskStats failed with result NOT_SUPPORTED and size 0
10-25 18:41:05.147  1996  2110 I chatty  : uid=1000(system) android.bg expire 2 lines
10-25 18:41:05.165  1217  1360 E storaged: getDiskStats failed with result NOT_SUPPORTED and size 0
10-25 18:41:26.707  1996  2112 I chatty  : uid=1000(system) android.ui expire 1 line
10-25 18:41:26.707  1996  2138 I chatty  : uid=1000(system) android.fg expire 2 lines
10-25 18:41:26.730  1996  2113 I chatty  : uid=1000(system) ActivityManager expire 5 lines
10-25 18:42:09.603  1217  1360 E storaged: getDiskStats failed with result NOT_SUPPORTED and size 0
10-25 18:42:29.017  1996  6882 I chatty  : uid=1000(system) Binder:1996_16 expire 11 lines
10-25 18:42:32.254  1996  3445 I chatty  : uid=1000(system) Binder:1996_C expire 7 lines
10-25 18:42:32.267  1996  2013 I chatty  : uid=1000(system) Binder:1996_1 expire 12 lines
10-25 18:42:49.039  1996  3614 I chatty  : uid=1000(system) Binder:1996_D expire 9 lines
10-25 18:43:01.717  1996  2361 I chatty  : uid=1000(system) UEventObserver expire 10 lines
10-25 18:43:09.604  1217  1360 E storaged: getDiskStats failed with result NOT_SUPPORTED and size 0
10-25 18:43:17.311  1996 15221 I chatty  : uid=1000(system) Binder:1996_1E expire 6 lines
10-25 18:43:18.656  1996  2111 I chatty  : uid=1000(system) ActivityManager expire 10 lines
10-25 18:47:16.822  1217  1360 E storaged: getDiskStats failed with result NOT_SUPPORTED and size 0
10-25 18:49:32.937  1217  1360 E storaged: getDiskStats failed with result NOT_SUPPORTED and size 0
10-25 18:49:33.080  1996  6882 I chatty  : uid=1000(system) Binder:1996_16 expire 11 lines
10-25 18:50:34.386  1217  1360 E storaged: getDiskStats failed with result NOT_SUPPORTED and size 0
10-25 18:51:39.016  1217  1360 E storaged: getDiskStats failed with result NOT_SUPPORTED and size 0
10-25 18:52:39.757  1217  1360 E storaged: getDiskStats failed with result NOT_SUPPORTED and size 0
10-25 18:53:10.019  1996  3912 I chatty  : uid=1000(system) Binder:1996_E expire 2 lines
10-25 18:53:12.476  1996  2514 I chatty  : uid=1000(system) ConnectivitySer expire 15 lines
10-25 18:53:12.887  1996  2527 I chatty  : uid=1000(system) Binder:1996_3 expire 2 lines
10-25 18:53:14.093  1996  2014 I chatty  : uid=1000(system) Binder:1996_2 expire 2 lines
10-25 18:53:39.761  1217  1360 E storaged: getDiskStats failed with result NOT_SUPPORTED and size 0
10-25 18:53:52.531  1996  2514 I chatty  : uid=1000(system) ConnectivitySer expire 4 lines
10-25 18:54:39.764  1217  1360 E storaged: getDiskStats failed with result NOT_SUPPORTED and size 0
10-25 18:55:25.523  1996  2130 I chatty  : uid=1000(system) batterystats-wo expire 1 line
10-25 18:55:39.766  1217  1360 E storaged: getDiskStats failed with result NOT_SUPPORTED and size 0
10-25 18:56:00.472  1996  2110 I chatty  : uid=1000(system) android.bg expire 1 line
10-25 18:58:35.468  1217  1360 E storaged: getDiskStats failed with result NOT_SUPPORTED and size 0
10-25 18:59:17.287  1996  3178 I chatty  : uid=1000(system) Binder:1996_8 expire 7 lines
10-25 18:59:19.635  1996  6245 I chatty  : uid=1000(system) Binder:1996_15 expire 5 lines
10-25 18:59:29.096  1996 16590 I chatty  : uid=1000(system) Binder:1996_1F expire 5 lines
10-25 18:59:59.963  1996  2361 I chatty  : uid=1000(system) UEventObserver expire 5 lines
10-25 19:00:03.636  1996  2111 I chatty  : uid=1000(system) ActivityManager expire 9 lines
10-25 19:00:06.059  1217  1360 E storaged: getDiskStats failed with result NOT_SUPPORTED and size 0
10-25 19:01:06.061  1217  1360 E storaged: getDiskStats failed with result NOT_SUPPORTED and size 0
10-25 19:01:15.138  1996  1996 I chatty  : uid=1000 system_server expire 1 line
10-25 19:02:08.965  1996  7481 I chatty  : uid=1000(system) Binder:1996_18 expire 3 lines
10-25 19:02:10.269  1217  1360 E storaged: getDiskStats failed with result NOT_SUPPORTED and size 0
10-25 19:03:10.270  1217  1360 E storaged: getDiskStats failed with result NOT_SUPPORTED and size 0
10-25 19:04:19.955  1996  2013 I chatty  : uid=1000(system) Binder:1996_1 expire 2 lines
10-25 19:06:43.849  1217  1360 E storaged: getDiskStats failed with result NOT_SUPPORTED and size 0
10-25 19:07:42.148  1996  2143 I chatty  : uid=1000(system) PowerManagerSer expire 6 lines
10-25 19:07:42.182  1996  2140 I chatty  : uid=1000(system) android.display expire 2 lines
10-25 19:09:09.043  1996  6245 I chatty  : uid=1000(system) Binder:1996_15 expire 1 line
10-25 19:09:14.052  1996  3178 I chatty  : uid=1000(system) Binder:1996_8 expire 10 lines
10-25 19:09:35.698  1996  2361 I chatty  : uid=1000(system) UEventObserver expire 10 lines
10-25 19:09:40.737  1217  1360 E storaged: getDiskStats failed with result NOT_SUPPORTED and size 0
10-25 19:09:40.772  1996  2111 I chatty  : uid=1000(system) ActivityManager expire 11 lines
10-25 19:09:50.866  1996  3445 I chatty  : uid=1000(system) Binder:1996_C expire 2 lines
10-25 19:10:10.000  1996  2527 I chatty  : uid=1000(system) Binder:1996_3 expire 1 line
10-25 19:10:10.017  1996  9078 I chatty  : uid=1000(system) Binder:1996_1A expire 7 lines
10-25 19:10:40.817  1217  1360 E storaged: getDiskStats failed with result NOT_SUPPORTED and size 0
10-25 19:11:07.443  1996  3912 I chatty  : uid=1000(system) Binder:1996_E expire 3 lines
10-25 19:11:10.101  1996  2417 I chatty  : uid=1000(system) AlarmManager expire 2 lines
10-25 19:11:10.479  1996  2113 I chatty  : uid=1000(system) ActivityManager expire 11 lines
10-25 19:11:18.664  1996  4432 I chatty  : uid=1000(system) Binder:1996_13 expire 6 lines
10-25 19:11:18.979  1996  2648 I chatty  : uid=1000(system) Binder:1996_5 expire 11 lines
10-25 19:11:30.826 17653 17759 E ActivityThread: Failed to find provider info for com.vivo.push.sdk.service.SystemPushConfig
10-25 19:11:30.840 17653 17819 E ActivityThread: Failed to find provider info for com.vivo.push.sdk.service.SystemPushConfig
10-25 19:11:30.854  1996  3931 I chatty  : uid=1000(system) Binder:1996_12 expire 5 lines
10-25 19:11:35.333  1996  1996 I chatty  : uid=1000 system_server expire 1 line
10-25 19:11:35.389  1996  3179 I chatty  : uid=1000(system) Binder:1996_9 expire 1 line
10-25 19:11:35.389  1996  2013 I chatty  : uid=1000(system) Binder:1996_1 expire 4 lines
10-25 19:11:36.692  1996  3918 I chatty  : uid=1000(system) Binder:1996_11 expire 3 lines
10-25 19:11:42.045  1217  1360 E storaged: getDiskStats failed with result NOT_SUPPORTED and size 0
10-25 19:11:42.151  1996 16590 I chatty  : uid=1000(system) Binder:1996_1F expire 2 lines
10-25 19:12:10.879  1996  2664 I chatty  : uid=1000(system) Binder:1996_6 expire 9 lines
10-25 19:12:11.084  1996  3913 I chatty  : uid=1000(system) Binder:1996_F expire 2 lines
10-25 19:12:42.046  1217  1360 E storaged: getDiskStats failed with result NOT_SUPPORTED and size 0
10-25 19:13:01.503  1996  2110 I chatty  : uid=1000(system) android.bg expire 1 line
10-25 19:13:10.021  1996  3915 I chatty  : uid=1000(system) Binder:1996_10 expire 1 line
10-25 19:14:29.270  1217  1360 E storaged: getDiskStats failed with result NOT_SUPPORTED and size 0
10-25 19:17:11.379  1996  3614 I chatty  : uid=1000(system) Binder:1996_D expire 1 line
10-25 19:19:14.016  1996  3178 I chatty  : uid=1000(system) Binder:1996_8 expire 4 lines
10-25 19:19:32.421  1217  1360 E storaged: getDiskStats failed with result NOT_SUPPORTED and size 0
10-25 19:20:34.155  1217  1360 E storaged: getDiskStats failed with result NOT_SUPPORTED and size 0
10-25 19:21:30.511  1996  2565 I chatty  : uid=1000(system) Binder:1996_4 expire 4 lines
10-25 19:21:34.157  1217  1360 E storaged: getDiskStats failed with result NOT_SUPPORTED and size 0
10-25 19:21:50.414  1996  6882 I chatty  : uid=1000(system) Binder:1996_16 expire 8 lines
10-25 19:22:34.160  1217  1360 E storaged: getDiskStats failed with result NOT_SUPPORTED and size 0
10-25 19:24:00.160  1996  2361 I chatty  : uid=1000(system) UEventObserver expire 4 lines
10-25 19:24:05.660  1217  1360 E storaged: getDiskStats failed with result NOT_SUPPORTED and size 0
10-25 19:25:37.760  1996  7481 I chatty  : uid=1000(system) Binder:1996_18 expire 1 line
10-25 19:26:59.456  1996  3254 I chatty  : uid=1000(system) Binder:1996_B expire 3 lines
10-25 19:27:35.829 18802 18866 E ActivityThread: Failed to find provider info for com.vivo.push.sdk.service.SystemPushConfig
10-25 19:27:35.892 18802 18866 E ActivityThread: Failed to find provider info for com.vivo.push.sdk.service.SystemPushConfig
10-25 19:27:35.965  8119 11302 E ActivityThread: Failed to find provider info for com.motorola.ccc.cce.datausage
10-25 19:27:38.449  1996  3187 I chatty  : uid=1000(system) Binder:1996_A expire 1 line
10-25 19:27:39.030  8119 18928 E ActivityThread: Failed to find provider info for com.motorola.ccc.cce.datausage
10-25 19:27:48.568  1996  2113 I chatty  : uid=1000(system) ActivityManager expire 2 lines
10-25 19:27:49.191  1996  2111 I chatty  : uid=1000(system) ActivityManager expire 9 lines
10-25 19:27:49.624  1217  1360 E storaged: getDiskStats failed with result NOT_SUPPORTED and size 0
10-25 19:28:49.626  1217  1360 E storaged: getDiskStats failed with result NOT_SUPPORTED and size 0
10-25 19:29:07.617  1996  2514 I chatty  : uid=1000(system) ConnectivitySer expire 4 lines
10-25 19:29:38.073  1996  2130 I chatty  : uid=1000(system) batterystats-wo expire 2 lines
10-25 19:29:39.949  1996  2648 I chatty  : uid=1000(system) Binder:1996_5 expire 2 lines
10-25 19:29:45.769  1996  4432 I chatty  : uid=1000(system) Binder:1996_13 expire 4 lines
10-25 19:29:45.770  1996  2664 I chatty  : uid=1000(system) Binder:1996_6 expire 6 lines
10-25 19:29:46.430  1996  2361 I chatty  : uid=1000(system) UEventObserver expire 6 lines
10-25 19:29:46.798  1996  2113 I chatty  : uid=1000(system) ActivityManager expire 10 lines
10-25 19:29:47.099  1996 19319 I chatty  : uid=1000(system) Binder:1996_20 expire 1 line
10-25 19:29:49.627  1217  1360 E storaged: getDiskStats failed with result NOT_SUPPORTED and size 0
10-25 19:30:00.822  1996  2111 I chatty  : uid=1000(system) ActivityManager expire 11 lines
10-25 19:30:20.008  1996 13547 I chatty  : uid=1000(system) Binder:1996_1C expire 14 lines
10-25 19:30:50.773  1217  1360 E storaged: getDiskStats failed with result NOT_SUPPORTED and size 0
10-25 19:31:37.831  1996  3915 I chatty  : uid=1000(system) Binder:1996_10 expire 3 lines
10-25 19:31:37.854  1996  2565 I chatty  : uid=1000(system) Binder:1996_4 expire 2 lines
10-25 19:31:37.861  1996  3254 I chatty  : uid=1000(system) Binder:1996_B expire 4 lines
10-25 19:31:55.174  1217  1360 E storaged: getDiskStats failed with result NOT_SUPPORTED and size 0
10-25 19:32:09.422  1996  3178 I chatty  : uid=1000(system) Binder:1996_8 expire 1 line
10-25 19:32:20.676  1996  3931 I chatty  : uid=1000(system) Binder:1996_12 expire 7 lines
10-25 19:32:29.439  1996 14334 I chatty  : uid=1000(system) Binder:1996_1D expire 5 lines
10-25 19:32:56.297  1217  1360 E storaged: getDiskStats failed with result NOT_SUPPORTED and size 0
10-25 19:34:17.851  1996  9078 I chatty  : uid=1000(system) Binder:1996_1A expire 10 lines
10-25 19:35:16.521  1996  3614 I chatty  : uid=1000(system) Binder:1996_D expire 2 lines
10-25 19:35:25.863  1996 10506 I chatty  : uid=1000(system) Binder:1996_1B expire 3 lines
10-25 19:35:46.761  1217  1360 E storaged: getDiskStats failed with result NOT_SUPPORTED and size 0
10-25 19:36:26.368  1996  1996 I chatty  : uid=1000 system_server expire 25 lines
10-25 19:36:41.673  1996  3179 I chatty  : uid=1000(system) Binder:1996_9 expire 10 lines
10-25 19:37:13.840  1217  1360 E storaged: getDiskStats failed with result NOT_SUPPORTED and size 0
10-25 19:37:15.501  1996  3179 I chatty  : uid=1000(system) Binder:1996_9 expire 8 lines
10-25 19:37:28.827  1996  2112 I chatty  : uid=1000(system) android.ui expire 2 lines
10-25 19:40:55.520  1996  2113 I chatty  : uid=1000(system) ActivityManager expire 2 lines
10-25 19:40:55.571  1996 20286 I chatty  : uid=1000 system_server expire 1 line
10-25 19:40:55.576  2808  2808 I Telephony: TelephonyConnectionService: notifyCreateConnectionComplete TC@1_1: (...->CSW.hCCC)->CS.crCoC->H.CS.crCoC@E-E-E-AOI
10-25 19:40:55.897  1996 13547 I chatty  : uid=1000(system) Binder:1996_1C expire 1 line
10-25 19:40:55.916  1996  2858 I chatty  : uid=1000(system) uteStateMachine expire 2 lines
10-25 19:40:55.925  1996  2861 I chatty  : uid=1000(system) CallAudioModeSt expire 2 lines
10-25 19:40:55.931  1996 20327 I chatty  : uid=1000(system) tonegenerator-d expire 1 line
10-25 19:40:55.951  1996  1996 I chatty  : uid=1000 system_server expire 14 lines
10-25 19:40:55.951  1996  2111 I chatty  : uid=1000(system) ActivityManager expire 15 lines
10-25 19:40:55.953  1996  2858 I chatty  : uid=1000(system) uteStateMachine expire 14 lines
10-25 19:40:55.975  1996  2861 I chatty  : uid=1000(system) CallAudioModeSt expire 7 lines
10-25 19:40:56.016  1996  2113 I chatty  : uid=1000(system) ActivityManager expire 17 lines
10-25 19:40:56.159  1996 13547 I chatty  : uid=1000(system) Binder:1996_1C expire 2 lines
10-25 19:40:56.191 20287 20287 E ActivityThread: Failed to find provider info for google.ims.sipmsgprovider
10-25 19:40:56.282  1996 20384 I chatty  : uid=1000 system_server expire 4 lines
10-25 19:40:56.428  1996  2138 I chatty  : uid=1000(system) android.fg expire 3 lines
10-25 19:40:56.428  1996  2143 I chatty  : uid=1000(system) PowerManagerSer expire 7 lines
10-25 19:40:56.429  1996  3931 I chatty  : uid=1000(system) Binder:1996_12 expire 9 lines
10-25 19:40:56.899  1996  3915 I chatty  : uid=1000(system) Binder:1996_10 expire 3 lines
10-25 19:40:57.194  1996  2140 I chatty  : uid=1000(system) android.display expire 2 lines
10-25 19:40:57.993  1996  3614 I chatty  : uid=1000(system) Binder:1996_D expire 9 lines
10-25 19:40:58.388 20363 20520 E ActivityThread: Failed to find provider info for com.vivo.push.sdk.service.SystemPushConfig
10-25 19:40:58.411 20363 20595 E ActivityThread: Failed to find provider info for com.vivo.push.sdk.service.SystemPushConfig
10-25 19:40:58.450  1996  3179 I chatty  : uid=1000(system) Binder:1996_9 expire 6 lines
10-25 19:41:01.420  1996  3254 I chatty  : uid=1000(system) Binder:1996_B expire 4 lines
10-25 19:41:03.664  1996  9078 I chatty  : uid=1000(system) Binder:1996_1A expire 18 lines
10-25 19:41:05.333  1996  2648 I chatty  : uid=1000(system) Binder:1996_5 expire 2 lines
10-25 19:41:11.629  1996  2130 I chatty  : uid=1000(system) batterystats-wo expire 1 line
10-25 19:41:11.690  1996 10506 I chatty  : uid=1000(system) Binder:1996_1B expire 2 lines
10-25 19:41:11.949  1996  8488 I chatty  : uid=1000(system) Binder:1996_19 expire 1 line
10-25 19:41:18.274  1996  2664 I chatty  : uid=1000(system) Binder:1996_6 expire 2 lines
10-25 19:41:22.186  1996  2565 I chatty  : uid=1000(system) Binder:1996_4 expire 3 lines
10-25 19:41:24.585  1996  2361 I chatty  : uid=1000(system) UEventObserver expire 1 line
10-25 19:41:25.353  1996 21460 I chatty  : uid=1000 system_server expire 1 line
10-25 19:41:25.370  1996  1996 I chatty  : uid=1000 system_server expire 10 lines
10-25 19:41:25.371  1996  2111 I chatty  : uid=1000(system) ActivityManager expire 10 lines
10-25 19:41:25.371  1996  9078 I chatty  : uid=1000(system) Binder:1996_1A expire 7 lines
10-25 19:41:25.373  1996  2858 I chatty  : uid=1000(system) uteStateMachine expire 9 lines
10-25 19:41:25.432  1996  2113 I chatty  : uid=1000(system) ActivityManager expire 14 lines
10-25 19:41:25.640  1996  2564 I chatty  : uid=1000(system) SyncManager expire 2 lines
10-25 19:41:25.649  1996  2648 I chatty  : uid=1000(system) Binder:1996_5 expire 3 lines
10-25 19:41:26.022  1996  3912 I chatty  : uid=1000(system) Binder:1996_E expire 8 lines
10-25 19:41:26.145  1996  3178 I chatty  : uid=1000(system) Binder:1996_8 expire 6 lines
10-25 19:41:26.145  1996  2514 I chatty  : uid=1000(system) ConnectivitySer expire 4 lines
10-25 19:41:26.440  1996  3614 I chatty  : uid=1000(system) Binder:1996_D expire 1 line
10-25 19:41:26.441  1996  6245 I chatty  : uid=1000(system) Binder:1996_15 expire 3 lines
10-25 19:41:26.960  1996  8488 I chatty  : uid=1000(system) Binder:1996_19 expire 1 line
10-25 19:41:27.074  1996  2140 I chatty  : uid=1000(system) android.display expire 5 lines
10-25 19:41:28.325  1996  2014 I chatty  : uid=1000(system) Binder:1996_2 expire 5 lines
10-25 19:41:28.330  1996  3918 I chatty  : uid=1000(system) Binder:1996_11 expire 4 lines
10-25 19:41:30.786  1996  2361 I chatty  : uid=1000(system) UEventObserver expire 4 lines
10-25 19:41:33.107  1217  1360 E storaged: getDiskStats failed with result NOT_SUPPORTED and size 0
10-25 19:41:34.923  1996  2664 I chatty  : uid=1000(system) Binder:1996_6 expire 8 lines
10-25 19:41:35.991  1996  2143 I chatty  : uid=1000(system) PowerManagerSer expire 13 lines
10-25 19:41:36.777  1996  2138 I chatty  : uid=1000(system) android.fg expire 1 line
10-25 19:41:37.137  1996  3931 I chatty  : uid=1000(system) Binder:1996_12 expire 1 line
10-25 19:41:39.318  1996  2130 I chatty  : uid=1000(system) batterystats-wo expire 1 line
10-25 19:41:43.381  1996 10506 I chatty  : uid=1000(system) Binder:1996_1B expire 1 line
10-25 19:41:43.441  1996  3913 I chatty  : uid=1000(system) Binder:1996_F expire 2 lines
10-25 19:41:43.506  1996 14334 I chatty  : uid=1000(system) Binder:1996_1D expire 2 lines
10-25 19:41:48.726  1996  3254 I chatty  : uid=1000(system) Binder:1996_B expire 1 line
10-25 19:42:02.461  1996 13547 I chatty  : uid=1000(system) Binder:1996_1C expire 1 line
10-25 19:42:02.466  1996  2565 I chatty  : uid=1000(system) Binder:1996_4 expire 4 lines
10-25 19:42:03.822  1996 19319 I chatty  : uid=1000(system) Binder:1996_20 expire 2 lines
10-25 19:42:09.193  1996  4432 I chatty  : uid=1000(system) Binder:1996_13 expire 1 line
10-25 19:42:09.193  1996  6929 I chatty  : uid=1000(system) Binder:1996_17 expire 1 line
10-25 19:42:33.110  1217  1360 E storaged: getDiskStats failed with result NOT_SUPPORTED and size 0
10-25 19:42:34.135  1996  2113 I chatty  : uid=1000(system) ActivityManager expire 2 lines
10-25 19:42:54.739  1996  3179 I chatty  : uid=1000(system) Binder:1996_9 expire 1 line
10-25 19:43:33.113  1217  1360 E storaged: getDiskStats failed with result NOT_SUPPORTED and size 0
10-25 19:43:37.175  1996  3187 I chatty  : uid=1000(system) Binder:1996_A expire 4 lines
10-25 19:44:22.107  1996  3915 I chatty  : uid=1000(system) Binder:1996_10 expire 3 lines
10-25 19:44:33.114  1217  1360 E storaged: getDiskStats failed with result NOT_SUPPORTED and size 0
10-25 19:45:03.310  1996  7481 I chatty  : uid=1000(system) Binder:1996_18 expire 5 lines
10-25 19:45:03.753  1996  2113 I chatty  : uid=1000(system) ActivityManager expire 12 lines
10-25 19:45:04.609  1996  5431 I chatty  : uid=1000(system) Binder:1996_14 expire 10 lines
10-25 19:45:11.641  1996  6929 I chatty  : uid=1000(system) Binder:1996_17 expire 7 lines
10-25 19:45:51.645  1996 15221 I chatty  : uid=1000(system) Binder:1996_1E expire 2 lines
10-25 19:45:51.646  1996  3179 I chatty  : uid=1000(system) Binder:1996_9 expire 8 lines
10-25 19:45:52.123  1996  8488 I chatty  : uid=1000(system) Binder:1996_19 expire 11 lines
10-25 19:46:02.715 22633 22633 W ActivityThread: serviceCreate starts in 9762 ms, CreateServiceData = CreateServiceData{token=android.os.BinderProxy@f358cb8 className=com.autonavi.minimap.alc.service.ALCManagerService packageName=com.autonavi.minimap intent=null}
10-25 19:46:03.005 22633 22708 E ActivityThread: Failed to find provider info for com.vivo.push.sdk.service.SystemPushConfig
10-25 19:46:03.032 22633 22750 E ActivityThread: Failed to find provider info for com.vivo.push.sdk.service.SystemPushConfig
10-25 19:46:03.070  1996  3912 I chatty  : uid=1000(system) Binder:1996_E expire 6 lines
10-25 19:46:23.029  1996  2361 I chatty  : uid=1000(system) UEventObserver expire 10 lines
10-25 19:46:33.122  1217  1360 E storaged: getDiskStats failed with result NOT_SUPPORTED and size 0
10-25 19:49:35.463  1996  3178 I chatty  : uid=1000(system) Binder:1996_8 expire 11 lines
10-25 19:50:13.594  1996  2130 I chatty  : uid=1000(system) batterystats-wo expire 1 line
10-25 19:50:16.289  1996  2514 I chatty  : uid=1000(system) ConnectivitySer expire 3 lines
10-25 19:50:18.715  1996  3187 I chatty  : uid=1000(system) Binder:1996_A expire 3 lines
10-25 19:50:28.094  1217  1360 E storaged: getDiskStats failed with result NOT_SUPPORTED and size 0
10-25 19:50:40.525  1996  2111 I chatty  : uid=1000(system) ActivityManager expire 10 lines
10-25 19:51:16.317  1996  3915 I chatty  : uid=1000(system) Binder:1996_10 expire 6 lines
10-25 19:51:30.252  1217  1360 E storaged: getDiskStats failed with result NOT_SUPPORTED and size 0
10-25 19:51:34.599  1996  9078 I chatty  : uid=1000(system) Binder:1996_1A expire 1 line
10-25 19:51:41.462  1996 16590 I chatty  : uid=1000(system) Binder:1996_1F expire 7 lines
10-25 19:51:44.814  1996  2110 I chatty  : uid=1000(system) android.bg expire 1 line
10-25 19:52:23.698  1996  2417 I chatty  : uid=1000(system) AlarmManager expire 1 line
10-25 19:52:42.677  1217  1360 E storaged: getDiskStats failed with result NOT_SUPPORTED and size 0
10-25 19:53:50.875  1217  1360 E storaged: getDiskStats failed with result NOT_SUPPORTED and size 0
10-25 19:54:58.535  1217  1360 E storaged: getDiskStats failed with result NOT_SUPPORTED and size 0
10-25 19:58:25.793  1217  1360 E storaged: getDiskStats failed with result NOT_SUPPORTED and size 0
10-25 19:58:59.906  1996  2014 I chatty  : uid=1000(system) Binder:1996_2 expire 1 line
10-25 20:00:50.284  1996  3931 I chatty  : uid=1000(system) Binder:1996_12 expire 1 line
10-25 20:00:50.285  1996  2664 I chatty  : uid=1000(system) Binder:1996_6 expire 3 lines
10-25 20:01:01.465  1996  3445 I chatty  : uid=1000(system) Binder:1996_C expire 6 lines
10-25 20:01:44.627  1217  1360 E storaged: getDiskStats failed with result NOT_SUPPORTED and size 0
10-25 20:02:11.704  1996  3177 I chatty  : uid=1000(system) Binder:1996_7 expire 6 lines
10-25 20:02:13.508  1996  3254 I chatty  : uid=1000(system) Binder:1996_B expire 3 lines
10-25 20:02:48.558  1217  1360 E storaged: getDiskStats failed with result NOT_SUPPORTED and size 0
10-25 20:04:00.799  1996  2361 I chatty  : uid=1000(system) UEventObserver expire 3 lines
10-25 20:04:02.366  1217  1360 E storaged: getDiskStats failed with result NOT_SUPPORTED and size 0
10-25 20:05:03.950  1217  1360 E storaged: getDiskStats failed with result NOT_SUPPORTED and size 0
10-25 20:05:19.110  1996  2648 I chatty  : uid=1000(system) Binder:1996_5 expire 5 lines
10-25 20:06:23.016  1996 14334 I chatty  : uid=1000(system) Binder:1996_1D expire 10 lines
10-25 20:07:36.542  1217  1360 E storaged: getDiskStats failed with result NOT_SUPPORTED and size 0
10-25 20:11:21.564  1996  2648 I chatty  : uid=1000(system) Binder:1996_5 expire 1 line
10-25 20:11:22.692  1996  2361 I chatty  : uid=1000(system) UEventObserver expire 11 lines
10-25 20:11:23.865  1217  1360 E storaged: getDiskStats failed with result NOT_SUPPORTED and size 0
10-25 20:11:36.789  1996  2111 I chatty  : uid=1000(system) ActivityManager expire 10 lines
10-25 20:11:41.677  1996  2014 I chatty  : uid=1000(system) Binder:1996_2 expire 11 lines
10-25 20:11:43.478  1996  3177 I chatty  : uid=1000(system) Binder:1996_7 expire 10 lines
10-25 20:12:02.670  1996  3178 I chatty  : uid=1000(system) Binder:1996_8 expire 9 lines
10-25 20:12:35.061  1217  1360 E storaged: getDiskStats failed with result NOT_SUPPORTED and size 0
10-25 20:13:45.874  1217  1360 E storaged: getDiskStats failed with result NOT_SUPPORTED and size 0
10-25 20:14:03.523  1996  9078 I chatty  : uid=1000(system) Binder:1996_1A expire 3 lines
10-25 20:14:51.874  1217  1360 E storaged: getDiskStats failed with result NOT_SUPPORTED and size 0
10-25 20:15:02.574  1996  1996 I chatty  : uid=1000 system_server expire 1 line
10-25 20:15:02.623  1996  2514 I chatty  : uid=1000(system) ConnectivitySer expire 14 lines
10-25 20:15:02.657  1996  3254 I chatty  : uid=1000(system) Binder:1996_B expire 5 lines
10-25 20:17:33.864  1217  1360 E storaged: getDiskStats failed with result NOT_SUPPORTED and size 0
10-25 20:21:01.624  1996  8488 I chatty  : uid=1000(system) Binder:1996_19 expire 5 lines
10-25 20:21:15.200  1217  1360 E storaged: getDiskStats failed with result NOT_SUPPORTED and size 0
10-25 20:22:02.612  1996  3187 I chatty  : uid=1000(system) Binder:1996_A expire 4 lines
10-25 20:22:03.146  1996  2113 I chatty  : uid=1000(system) ActivityManager expire 5 lines
10-25 20:22:17.986  1217  1360 E storaged: getDiskStats failed with result NOT_SUPPORTED and size 0
10-25 20:23:21.641  1217  1360 E storaged: getDiskStats failed with result NOT_SUPPORTED and size 0
10-25 20:24:30.334  1217  1360 E storaged: getDiskStats failed with result NOT_SUPPORTED and size 0
10-25 20:25:30.336  1217  1360 E storaged: getDiskStats failed with result NOT_SUPPORTED and size 0
10-25 20:26:30.339  1217  1360 E storaged: getDiskStats failed with result NOT_SUPPORTED and size 0
10-25 20:26:30.700  1996  2361 I chatty  : uid=1000(system) UEventObserver expire 6 lines
10-25 20:26:53.569  1996  2111 I chatty  : uid=1000(system) ActivityManager expire 10 lines
10-25 20:28:39.782  1996  2110 I chatty  : uid=1000(system) android.bg expire 1 line
10-25 20:29:19.516  1217  1360 E storaged: getDiskStats failed with result NOT_SUPPORTED and size 0
10-25 20:29:38.161  1996  2417 I chatty  : uid=1000(system) AlarmManager expire 1 line
10-25 20:29:38.270  1996  2130 I chatty  : uid=1000(system) batterystats-wo expire 2 lines
10-25 20:30:17.745  1996 14334 I chatty  : uid=1000(system) Binder:1996_1D expire 4 lines
10-25 20:31:35.060  1996  7481 I chatty  : uid=1000(system) Binder:1996_18 expire 3 lines
10-25 20:31:42.798  1217  1360 E storaged: getDiskStats failed with result NOT_SUPPORTED and size 0
10-25 20:31:43.503  1996  3177 I chatty  : uid=1000(system) Binder:1996_7 expire 7 lines
10-25 20:32:02.647  1996  2013 I chatty  : uid=1000(system) Binder:1996_1 expire 1 line
10-25 20:32:17.871  8119 11302 E ActivityThread: Failed to find provider info for com.motorola.ccc.cce.datausage
10-25 20:32:19.931  8119 12490 E ActivityThread: Failed to find provider info for com.motorola.ccc.cce.datausage
10-25 20:32:20.493  1996  3918 I chatty  : uid=1000(system) Binder:1996_11 expire 4 lines
10-25 20:32:20.671  1996  3912 I chatty  : uid=1000(system) Binder:1996_E expire 3 lines
10-25 20:32:20.680 25443 25495 E ActivityThread: Failed to find provider info for com.vivo.push.sdk.service.SystemPushConfig
10-25 20:32:20.693 25443 25495 E ActivityThread: Failed to find provider info for com.vivo.push.sdk.service.SystemPushConfig
10-25 20:32:42.800  1217  1360 E storaged: getDiskStats failed with result NOT_SUPPORTED and size 0
10-25 20:32:47.469  1996  2527 I chatty  : uid=1000(system) Binder:1996_3 expire 1 line
10-25 20:33:00.507  1996  2514 I chatty  : uid=1000(system) ConnectivitySer expire 3 lines
10-25 20:33:42.801  1217  1360 E storaged: getDiskStats failed with result NOT_SUPPORTED and size 0
10-25 20:34:21.573  1996  3614 I chatty  : uid=1000(system) Binder:1996_D expire 6 lines
10-25 20:34:42.802  1217  1360 E storaged: getDiskStats failed with result NOT_SUPPORTED and size 0
10-25 20:34:45.574  1996  2111 I chatty  : uid=1000(system) ActivityManager expire 8 lines
10-25 20:34:50.829  1996  3614 I chatty  : uid=1000(system) Binder:1996_D expire 13 lines
10-25 20:34:51.862  1996  2113 I chatty  : uid=1000(system) ActivityManager expire 7 lines
10-25 20:35:01.572  1996  2417 I chatty  : uid=1000(system) AlarmManager expire 2 lines
10-25 20:35:02.574  1996  3178 I chatty  : uid=1000(system) Binder:1996_8 expire 12 lines
10-25 20:35:12.090  1996  3912 I chatty  : uid=1000(system) Binder:1996_E expire 10 lines
10-25 20:35:17.444  1996  6245 I chatty  : uid=1000(system) Binder:1996_15 expire 4 lines
10-25 20:35:17.609  1996  2565 I chatty  : uid=1000(system) Binder:1996_4 expire 11 lines
10-25 20:37:11.071  1217  1360 E storaged: getDiskStats failed with result NOT_SUPPORTED and size 0
10-25 20:37:16.627  1996  2361 I chatty  : uid=1000(system) UEventObserver expire 7 lines
10-25 20:38:06.373 25974 25974 W ActivityThread: serviceCreate starts in 7716 ms, CreateServiceData = CreateServiceData{token=android.os.BinderProxy@4ad25d8 className=cn.jpush.yyb.YYBJPushDaemonService packageName=com.tencent.android.qqdownloader intent=null}
10-25 20:38:06.374 25974 25974 W ActivityThread: serviceStart starts in 7716 ms, ServiceArgsData = ServiceArgsData{token=android.os.BinderProxy@4ad25d8 startId=11 args=null}
10-25 20:38:16.387 25974 25974 W ActivityThread: serviceStart lasts for 10012 ms, ServiceArgsData = ServiceArgsData{token=android.os.BinderProxy@4ad25d8 startId=11 args=null}
10-25 20:41:17.592  1217  1360 E storaged: getDiskStats failed with result NOT_SUPPORTED and size 0
10-25 20:41:51.517  1996  1996 I chatty  : uid=1000 system_server expire 5 lines
10-25 20:42:19.505  1217  1360 E storaged: getDiskStats failed with result NOT_SUPPORTED and size 0
10-25 20:42:23.578  1996  3178 I chatty  : uid=1000(system) Binder:1996_8 expire 3 lines
10-25 20:44:18.479  1996  2130 I chatty  : uid=1000(system) batterystats-wo expire 1 line
10-25 20:50:31.780  1217  1360 E storaged: getDiskStats failed with result NOT_SUPPORTED and size 0
10-25 20:51:01.415  1996  3614 I chatty  : uid=1000(system) Binder:1996_D expire 1 line
10-25 20:57:20.216  1996  2565 I chatty  : uid=1000(system) Binder:1996_4 expire 2 lines
10-25 21:03:03.500  1996  2013 I chatty  : uid=1000(system) Binder:1996_1 expire 2 lines
10-25 21:03:03.500  1996  3179 I chatty  : uid=1000(system) Binder:1996_9 expire 4 lines
10-25 21:03:03.501  1996  6882 I chatty  : uid=1000(system) Binder:1996_16 expire 2 lines
10-25 21:03:03.502  1996  2514 I chatty  : uid=1000(system) ConnectivitySer expire 3 lines
10-25 21:04:31.364 26389 26389 W ActivityThread: serviceCreate starts in 40201 ms, CreateServiceData = CreateServiceData{token=android.os.BinderProxy@e0dc00e className=com.google.android.finsky.setup.PlaySetupServiceV2 packageName=com.android.vending intent=null}
10-25 21:04:52.211  1996  8488 I chatty  : uid=1000(system) Binder:1996_19 expire 2 lines
10-25 21:10:00.525 26502 26502 E LoadedApk: Unable to instantiate appComponentFactory
10-25 21:10:00.525 26502 26502 E LoadedApk: java.lang.ClassNotFoundException: Didn't find class "android.support.v4.app.CoreComponentFactory" on path: DexPathList[[zip file "/system/framework/org.apache.http.legacy.boot.jar", zip file "/system/app/DeskClockGoogle/DeskClockGoogle.apk"],nativeLibraryDirectories=[/system/app/DeskClockGoogle/lib/arm64, /system/lib64, /system/lib64]]
10-25 21:10:00.525 26502 26502 E LoadedApk: 	at dalvik.system.BaseDexClassLoader.findClass(BaseDexClassLoader.java:134)
10-25 21:10:00.525 26502 26502 E LoadedApk: 	at java.lang.ClassLoader.loadClass(ClassLoader.java:379)
10-25 21:10:00.525 26502 26502 E LoadedApk: 	at java.lang.ClassLoader.loadClass(ClassLoader.java:312)
10-25 21:10:00.525 26502 26502 E LoadedApk: 	at android.app.LoadedApk.createAppFactory(LoadedApk.java:226)
10-25 21:10:00.525 26502 26502 E LoadedApk: 	at android.app.LoadedApk.createOrUpdateClassLoaderLocked(LoadedApk.java:740)
10-25 21:10:00.525 26502 26502 E LoadedApk: 	at android.app.LoadedApk.getClassLoader(LoadedApk.java:819)
10-25 21:10:00.525 26502 26502 E LoadedApk: 	at android.app.LoadedApk.getResources(LoadedApk.java:1041)
10-25 21:10:00.525 26502 26502 E LoadedApk: 	at android.app.ContextImpl.createAppContext(ContextImpl.java:2360)
10-25 21:10:00.525 26502 26502 E LoadedApk: 	at android.app.ActivityThread.handleBindApplication(ActivityThread.java:5996)
10-25 21:10:00.525 26502 26502 E LoadedApk: 	at android.app.ActivityThread.access$1200(ActivityThread.java:213)
10-25 21:10:00.525 26502 26502 E LoadedApk: 	at android.app.ActivityThread$H.handleMessage(ActivityThread.java:1807)
10-25 21:10:00.525 26502 26502 E LoadedApk: 	at android.os.Handler.dispatchMessage(Handler.java:106)
10-25 21:10:00.525 26502 26502 E LoadedApk: 	at android.os.Looper.loop(Looper.java:193)
10-25 21:10:00.525 26502 26502 E LoadedApk: 	at android.app.ActivityThread.main(ActivityThread.java:6923)
10-25 21:10:00.525 26502 26502 E LoadedApk: 	at java.lang.reflect.Method.invoke(Native Method)
10-25 21:10:00.525 26502 26502 E LoadedApk: 	at com.android.internal.os.RuntimeInit$MethodAndArgsCaller.run(RuntimeInit.java:493)
10-25 21:10:00.525 26502 26502 E LoadedApk: 	at com.android.internal.os.ZygoteInit.main(ZygoteInit.java:870)
10-25 21:11:08.164  1996  3187 I chatty  : uid=1000(system) Binder:1996_A expire 1 line
10-25 21:14:12.499  1217  1360 E storaged: getDiskStats failed with result NOT_SUPPORTED and size 0
10-25 21:15:24.505  1996  3445 I chatty  : uid=1000(system) Binder:1996_C expire 3 lines
10-25 21:15:30.802  1996  2110 I chatty  : uid=1000(system) android.bg expire 3 lines
10-25 21:15:54.773  1996  2014 I chatty  : uid=1000(system) Binder:1996_2 expire 3 lines
10-25 21:15:54.774  1996 15221 I chatty  : uid=1000(system) Binder:1996_1E expire 1 line
10-25 21:17:51.228  1996  2143 I chatty  : uid=1000(system) PowerManagerSer expire 24 lines
10-25 21:17:51.230  1996  2140 I chatty  : uid=1000(system) android.display expire 7 lines
10-25 21:17:52.286  1996  2648 I chatty  : uid=1000(system) Binder:1996_5 expire 2 lines
10-25 21:18:17.073  1996  3918 I chatty  : uid=1000(system) Binder:1996_11 expire 2 lines
10-25 21:18:17.086  1996  9078 I chatty  : uid=1000(system) Binder:1996_1A expire 1 line
10-25 21:18:17.525  1996  5431 I chatty  : uid=1000(system) Binder:1996_14 expire 2 lines
10-25 21:18:20.132  1996  2468 I chatty  : uid=1000(system) NetworkWatchlis expire 2 lines
10-25 21:18:22.277  1996  3912 I chatty  : uid=1000(system) Binder:1996_E expire 2 lines
10-25 21:18:26.142  1996  2140 I chatty  : uid=1000(system) android.display expire 4 lines
10-25 21:18:26.366  1996  2143 I chatty  : uid=1000(system) PowerManagerSer expire 7 lines
10-25 21:18:28.799  1996  6882 I chatty  : uid=1000(system) Binder:1996_16 expire 4 lines
10-25 21:18:28.840  1996  2013 I chatty  : uid=1000(system) Binder:1996_1 expire 9 lines
10-25 21:18:28.858  1996  5431 I chatty  : uid=1000(system) Binder:1996_14 expire 6 lines
10-25 21:18:32.469  1996  2111 I chatty  : uid=1000(system) ActivityManager expire 11 lines
10-25 21:18:41.921  1217  1360 E storaged: getDiskStats failed with result NOT_SUPPORTED and size 0
10-25 21:18:43.805  1996  2361 I chatty  : uid=1000(system) UEventObserver expire 10 lines
10-25 21:19:41.922  1217  1360 E storaged: getDiskStats failed with result NOT_SUPPORTED and size 0
10-25 21:19:52.489  1996  2113 I chatty  : uid=1000(system) ActivityManager expire 10 lines
10-25 21:20:05.707  1996  2527 I chatty  : uid=1000(system) Binder:1996_3 expire 2 lines
10-25 21:20:12.696  1996  4432 I chatty  : uid=1000(system) Binder:1996_13 expire 10 lines
10-25 21:20:41.923  1217  1360 E storaged: getDiskStats failed with result NOT_SUPPORTED and size 0
10-25 21:21:10.335  1996  2110 I chatty  : uid=1000(system) android.bg expire 2 lines
10-25 21:21:17.182  1996  3918 I chatty  : uid=1000(system) Binder:1996_11 expire 9 lines
10-25 21:21:43.318  1217  1360 E storaged: getDiskStats failed with result NOT_SUPPORTED and size 0
10-25 21:21:53.127  1996  2111 I chatty  : uid=1000(system) ActivityManager expire 14 lines
10-25 21:21:58.222  1996  2014 I chatty  : uid=1000(system) Binder:1996_2 expire 3 lines
10-25 21:22:08.470  1996  3254 I chatty  : uid=1000(system) Binder:1996_B expire 3 lines
10-25 21:22:43.777  1217  1360 E storaged: getDiskStats failed with result NOT_SUPPORTED and size 0
10-25 21:26:23.613  1217  1360 E storaged: getDiskStats failed with result NOT_SUPPORTED and size 0
10-25 21:26:32.954  1996  2514 I chatty  : uid=1000(system) ConnectivitySer expire 15 lines
10-25 21:26:32.968  1218  1218 W wificond: Skip match ssid for pno scan: move, mesh1, moto g(7) 5993, Ap
10-25 21:26:32.981  1218  1218 I wificond: Pno scan started
10-25 21:26:33.005  1218  1218 W wificond: Scan aborted
10-25 21:26:33.486  1996 10506 I chatty  : uid=1000(system) Binder:1996_1B expire 5 lines
10-25 21:26:33.580  1996  2565 I chatty  : uid=1000(system) Binder:1996_4 expire 4 lines
10-25 21:26:33.993  4722 11620 W FileUtils: Failed to chmod(/data/user/0/com.tencent.android.qqdownloader/shared_prefs/DENGTA_META.xml): android.system.ErrnoException: chmod failed: ENOENT (No such file or directory)
10-25 21:26:35.048  1996  9078 I chatty  : uid=1000(system) Binder:1996_1A expire 1 line
10-25 21:27:30.407  1217  1360 E storaged: getDiskStats failed with result NOT_SUPPORTED and size 0
10-25 21:28:17.651  1218  1218 I wificond: Pno scan stopped
10-25 21:28:17.657  1996  2648 I chatty  : uid=1000(system) Binder:1996_5 expire 4 lines
10-25 21:28:17.661  1218  1218 W wificond: Skip match ssid for pno scan: Asus, move, mesh1, moto g(7) 5993, Ap
10-25 21:28:17.662  1218  1218 I wificond: Pno scan started
10-25 21:28:32.116  1996  2111 I chatty  : uid=1000(system) ActivityManager expire 7 lines
10-25 21:28:38.006  1996 28180 I chatty  : uid=1000 system_server expire 1 line
10-25 21:29:44.047  1996  2130 I chatty  : uid=1000(system) batterystats-wo expire 1 line
10-25 21:30:16.695  1217  1360 E storaged: getDiskStats failed with result NOT_SUPPORTED and size 0
10-25 21:34:27.245  1217  1360 E storaged: getDiskStats failed with result NOT_SUPPORTED and size 0
10-25 21:36:21.512  1217  1360 E storaged: getDiskStats failed with result NOT_SUPPORTED and size 0
10-25 21:36:39.485  1996  2361 I chatty  : uid=1000(system) UEventObserver expire 3 lines
10-25 21:36:40.308  1996  2113 I chatty  : uid=1000(system) ActivityManager expire 3 lines
10-25 21:36:49.032  8119 11302 E ActivityThread: Failed to find provider info for com.motorola.ccc.cce.datausage
10-25 21:36:52.082  8119 18928 E ActivityThread: Failed to find provider info for com.motorola.ccc.cce.datausage
10-25 21:37:41.067  1217  1360 E storaged: getDiskStats failed with result NOT_SUPPORTED and size 0
10-25 21:37:41.532  1996  4432 I chatty  : uid=1000(system) Binder:1996_13 expire 8 lines
10-25 21:37:48.743  1996  3614 I chatty  : uid=1000(system) Binder:1996_D expire 1 line
10-25 21:37:49.861  1996  3912 I chatty  : uid=1000(system) Binder:1996_E expire 2 lines
10-25 21:37:53.905  1996  2014 I chatty  : uid=1000(system) Binder:1996_2 expire 7 lines
10-25 21:38:20.658  1996  1996 I chatty  : uid=1000 system_server expire 2 lines
10-25 21:39:19.451  1996  2111 I chatty  : uid=1000(system) ActivityManager expire 13 lines
10-25 21:39:43.848  1217  1360 E storaged: getDiskStats failed with result NOT_SUPPORTED and size 0
10-25 21:39:49.927  1996  2361 I chatty  : uid=1000(system) UEventObserver expire 10 lines
10-25 21:39:50.680  1996 10506 I chatty  : uid=1000(system) Binder:1996_1B expire 2 lines
10-25 21:39:54.211  1996  2113 I chatty  : uid=1000(system) ActivityManager expire 11 lines
10-25 21:42:17.212  1217  1360 E storaged: getDiskStats failed with result NOT_SUPPORTED and size 0
10-25 21:43:23.208  1996  2565 I chatty  : uid=1000(system) Binder:1996_4 expire 3 lines
10-25 21:43:23.208  1996  2514 I chatty  : uid=1000(system) ConnectivitySer expire 15 lines
10-25 21:43:23.216  1996  3177 I chatty  : uid=1000(system) Binder:1996_7 expire 6 lines
10-25 21:43:24.597  1996 14334 I chatty  : uid=1000(system) Binder:1996_1D expire 3 lines
10-25 21:43:55.821  1996 15221 I chatty  : uid=1000(system) Binder:1996_1E expire 2 lines
10-25 21:43:57.356  1996  6882 I chatty  : uid=1000(system) Binder:1996_16 expire 5 lines
10-25 21:44:05.735  1996  2527 I chatty  : uid=1000(system) Binder:1996_3 expire 10 lines
10-25 21:44:24.419  1217  1360 E storaged: getDiskStats failed with result NOT_SUPPORTED and size 0
10-25 21:44:28.480  1996  2664 I chatty  : uid=1000(system) Binder:1996_6 expire 1 line
10-25 21:45:22.814  1996 16590 I chatty  : uid=1000(system) Binder:1996_1F expire 1 line
10-25 21:45:24.421  1217  1360 E storaged: getDiskStats failed with result NOT_SUPPORTED and size 0
10-25 21:46:24.423  1217  1360 E storaged: getDiskStats failed with result NOT_SUPPORTED and size 0
10-25 21:48:06.222  1217  1360 E storaged: getDiskStats failed with result NOT_SUPPORTED and size 0
10-25 21:48:17.930  1996  2013 I chatty  : uid=1000(system) Binder:1996_1 expire 10 lines
10-25 21:49:32.629  1217  1360 E storaged: getDiskStats failed with result NOT_SUPPORTED and size 0
10-25 21:50:54.942  1996  6929 I chatty  : uid=1000(system) Binder:1996_17 expire 4 lines
10-25 21:51:01.289  1996  2417 I chatty  : uid=1000(system) AlarmManager expire 1 line
10-25 21:51:18.018  1217  1360 E storaged: getDiskStats failed with result NOT_SUPPORTED and size 0
10-25 21:52:33.874  1996  2111 I chatty  : uid=1000(system) ActivityManager expire 19 lines
10-25 21:54:36.967  1217  1360 E storaged: getDiskStats failed with result NOT_SUPPORTED and size 0
10-25 21:54:56.936  1996  2110 I chatty  : uid=1000(system) android.bg expire 1 line
10-25 21:55:08.125  1996  7481 I chatty  : uid=1000(system) Binder:1996_18 expire 2 lines
10-25 21:55:59.868  1217  1360 E storaged: getDiskStats failed with result NOT_SUPPORTED and size 0
10-25 21:56:04.847  1996  2361 I chatty  : uid=1000(system) UEventObserver expire 4 lines
10-25 21:57:14.318  1217  1360 E storaged: getDiskStats failed with result NOT_SUPPORTED and size 0
10-25 21:58:14.541  1996  2143 I chatty  : uid=1000(system) PowerManagerSer expire 6 lines
10-25 21:58:14.543  1996  2140 I chatty  : uid=1000(system) android.display expire 2 lines
10-25 21:58:19.714  1218  1218 W wificond: Scan is not started. Ignore abort request
10-25 21:58:20.031  1218  1218 I wificond: Pno scan stopped
10-25 21:58:20.049  1996  2509 I chatty  : uid=1000(system) WifiStateMachin expire 1 line
10-25 21:58:23.562  3936  5353 W FileUtils: Failed to chmod(/data/user/0/com.tencent.android.qqdownloader/shared_prefs/DENGTA_META.xml): android.system.ErrnoException: chmod failed: ENOENT (No such file or directory)
10-25 21:58:23.779  1996  2113 I chatty  : uid=1000(system) ActivityManager expire 1 line
10-25 21:58:24.032  1996  3445 I chatty  : uid=1000(system) Binder:1996_C expire 1 line
10-25 21:58:27.444  1996 19319 I chatty  : uid=1000(system) Binder:1996_20 expire 1 line
10-25 21:58:34.299  1996  3178 I chatty  : uid=1000(system) Binder:1996_8 expire 4 lines
10-25 21:58:53.220  1996  2514 I chatty  : uid=1000(system) ConnectivitySer expire 2 lines
10-25 21:58:55.313  1217  1360 E storaged: getDiskStats failed with result NOT_SUPPORTED and size 0
10-25 21:59:08.481  1996  2527 I chatty  : uid=1000(system) Binder:1996_3 expire 7 lines
10-25 21:59:55.315  1217  1360 E storaged: getDiskStats failed with result NOT_SUPPORTED and size 0
10-25 22:00:00.118  1996  1996 I chatty  : uid=1000 system_server expire 14 lines
10-25 22:00:00.764  1996  2361 I chatty  : uid=1000(system) UEventObserver expire 10 lines
10-25 22:00:48.207  1996  2111 I chatty  : uid=1000(system) ActivityManager expire 11 lines
10-25 22:01:10.260  1217  1360 E storaged: getDiskStats failed with result NOT_SUPPORTED and size 0
10-25 22:01:47.673  1996  3445 I chatty  : uid=1000(system) Binder:1996_C expire 11 lines
10-25 22:02:10.514  1996  2013 I chatty  : uid=1000(system) Binder:1996_1 expire 8 lines
10-25 22:02:23.380  1217  1360 E storaged: getDiskStats failed with result NOT_SUPPORTED and size 0
10-25 22:02:28.818  1996  7481 I chatty  : uid=1000(system) Binder:1996_18 expire 6 lines
10-25 22:04:28.573  1996  2130 I chatty  : uid=1000(system) batterystats-wo expire 4 lines
10-25 22:05:01.032  1217  1360 E storaged: getDiskStats failed with result NOT_SUPPORTED and size 0
10-25 22:05:13.490  1996  2113 I chatty  : uid=1000(system) ActivityManager expire 2 lines
10-25 22:05:13.747 31938 31975 E ActivityThread: Failed to find provider info for com.vivo.push.sdk.service.SystemPushConfig
10-25 22:05:13.793 31938 31975 E ActivityThread: Failed to find provider info for com.vivo.push.sdk.service.SystemPushConfig
10-25 22:05:13.806  1996  2648 I chatty  : uid=1000(system) Binder:1996_5 expire 5 lines
10-25 22:05:14.877  1996  6929 I chatty  : uid=1000(system) Binder:1996_17 expire 1 line
10-25 22:06:54.150  1996  2462 I chatty  : uid=1000(system) InputReader expire 1 line
10-25 22:06:54.186  1996  2143 I chatty  : uid=1000(system) PowerManagerSer expire 13 lines
10-25 22:06:54.204  1996  2140 I chatty  : uid=1000(system) android.display expire 8 lines
10-25 22:06:54.402  1996  2138 I chatty  : uid=1000(system) android.fg expire 4 lines
10-25 22:06:59.597  1996 32029 I chatty  : uid=1000 system_server expire 1 line
10-25 22:07:04.400  1996  6882 I chatty  : uid=1000(system) Binder:1996_16 expire 1 line
10-25 22:07:37.558  1217  1360 E storaged: getDiskStats failed with result NOT_SUPPORTED and size 0
10-25 22:08:32.440  1996  3445 I chatty  : uid=1000(system) Binder:1996_C expire 8 lines
10-25 22:08:37.561  1217  1360 E storaged: getDiskStats failed with result NOT_SUPPORTED and size 0
10-25 22:09:04.218  1996  2110 I chatty  : uid=1000(system) android.bg expire 2 lines
10-25 22:09:26.504  1996  2143 I chatty  : uid=1000(system) PowerManagerSer expire 13 lines
10-25 22:09:38.664  1217  1360 E storaged: getDiskStats failed with result NOT_SUPPORTED and size 0
10-25 22:10:22.622  1996 19319 I chatty  : uid=1000(system) Binder:1996_20 expire 6 lines
10-25 22:10:39.033  1217  1360 E storaged: getDiskStats failed with result NOT_SUPPORTED and size 0
10-25 22:11:27.442  1996  6245 I chatty  : uid=1000(system) Binder:1996_15 expire 1 line
10-25 22:11:57.033  1217  1360 E storaged: getDiskStats failed with result NOT_SUPPORTED and size 0
10-25 22:12:24.511  1996  2111 I chatty  : uid=1000(system) ActivityManager expire 8 lines
10-25 22:14:22.637  1996 14334 I chatty  : uid=1000(system) Binder:1996_1D expire 2 lines
10-25 22:14:53.998  1996 10506 I chatty  : uid=1000(system) Binder:1996_1B expire 3 lines
10-25 22:14:55.317  1996  2143 I chatty  : uid=1000(system) PowerManagerSer expire 8 lines
10-25 22:14:55.366  1217  1360 E storaged: getDiskStats failed with result NOT_SUPPORTED and size 0
10-25 22:15:01.136  1996  2361 I chatty  : uid=1000(system) UEventObserver expire 1 line
10-25 22:15:31.368  1996 15221 I chatty  : uid=1000(system) Binder:1996_1E expire 1 line
10-25 22:15:42.664  1996  2111 I chatty  : uid=1000(system) ActivityManager expire 10 lines
10-25 22:18:17.996  1996  7481 I chatty  : uid=1000(system) Binder:1996_18 expire 7 lines
10-25 22:18:18.030  1996  3445 I chatty  : uid=1000(system) Binder:1996_C expire 3 lines
10-25 22:18:18.169  1996 10506 I chatty  : uid=1000(system) Binder:1996_1B expire 5 lines
10-25 22:18:23.739  1217  1360 E storaged: getDiskStats failed with result NOT_SUPPORTED and size 0
10-25 22:18:27.467  1996  2565 I chatty  : uid=1000(system) Binder:1996_4 expire 7 lines
10-25 22:18:27.924  1996  2113 I chatty  : uid=1000(system) ActivityManager expire 4 lines
10-25 22:18:29.669  1996  2361 I chatty  : uid=1000(system) UEventObserver expire 10 lines
10-25 22:18:29.702  1996   800 I chatty  : uid=1000 system_server expire 1 line
10-25 22:18:32.482  1996  6245 I chatty  : uid=1000(system) Binder:1996_15 expire 11 lines
10-25 22:18:47.479  1996  2527 I chatty  : uid=1000(system) Binder:1996_3 expire 12 lines
10-25 22:19:23.741  1217  1360 E storaged: getDiskStats failed with result NOT_SUPPORTED and size 0
10-25 22:20:28.749  1217  1360 E storaged: getDiskStats failed with result NOT_SUPPORTED and size 0
10-25 22:21:40.902  1217  1360 E storaged: getDiskStats failed with result NOT_SUPPORTED and size 0
10-25 22:22:40.905  1217  1360 E storaged: getDiskStats failed with result NOT_SUPPORTED and size 0
10-25 22:24:27.837  1217  1360 E storaged: getDiskStats failed with result NOT_SUPPORTED and size 0
10-25 22:25:30.309  1996 16590 I chatty  : uid=1000(system) Binder:1996_1F expire 1 line
10-25 22:28:41.726  1217  1360 E storaged: getDiskStats failed with result NOT_SUPPORTED and size 0
