10-26 18:55:51.830  1996  3445 I chatty  : uid=1000(system) Binder:1996_C expire 5 lines
10-26 18:56:01.605  1996  3178 I chatty  : uid=1000(system) Binder:1996_8 expire 3 lines
10-26 18:56:01.635  1996  3915 I chatty  : uid=1000(system) Binder:1996_10 expire 1 line
10-26 18:56:50.350  1996  2130 I chatty  : uid=1000(system) batterystats-wo expire 1 line
10-26 19:03:38.285  1217  1360 E storaged: getDiskStats failed with result NOT_SUPPORTED and size 0
10-26 19:19:23.950  1996  3187 I chatty  : uid=1000(system) Binder:1996_A expire 3 lines
10-26 19:23:13.350  1996  2417 I chatty  : uid=1000(system) AlarmManager expire 2 lines
10-26 19:23:13.876  1996  6929 I chatty  : uid=1000(system) Binder:1996_17 expire 1 line
10-26 19:23:14.973  8119 11302 E ActivityThread: Failed to find provider info for com.motorola.ccc.cce.datausage
10-26 19:23:14.995  1996  3254 I chatty  : uid=1000(system) Binder:1996_B expire 6 lines
10-26 19:23:15.211 20831 20917 E ActivityThread: Failed to find provider info for com.vivo.push.sdk.service.SystemPushConfig
10-26 19:23:15.292 20831 20917 E ActivityThread: Failed to find provider info for com.vivo.push.sdk.service.SystemPushConfig
10-26 19:23:16.046  5547 11441 E ActivityThread: Failed to find provider info for com.motorola.ccc.cce.datausage
10-26 19:23:16.647  8119 12490 E ActivityThread: Failed to find provider info for com.motorola.ccc.cce.datausage
10-26 19:23:16.827  1996  2113 I chatty  : uid=1000(system) ActivityManager expire 12 lines
10-26 19:23:17.085 21021 21021 D ActivityThread: Loading provider com.google.android.gm.sapi: com.google.android.gm.sapi.SapiUiProvider
10-26 19:23:18.852  1996  1996 I chatty  : uid=1000 system_server expire 3 lines
10-26 19:23:18.892  1996  3578 I chatty  : uid=1000(system) backup expire 14 lines
10-26 19:23:19.263  1996  3912 I chatty  : uid=1000(system) Binder:1996_E expire 1 line
10-26 19:23:22.117  1996  6245 I chatty  : uid=1000(system) Binder:1996_15 expire 2 lines
10-26 19:23:24.799  1996 16590 I chatty  : uid=1000(system) Binder:1996_1F expire 3 lines
10-26 19:23:25.370  1996 19319 I chatty  : uid=1000(system) Binder:1996_20 expire 2 lines
10-26 19:23:27.318  1996  7481 I chatty  : uid=1000(system) Binder:1996_18 expire 1 line
10-26 19:23:29.277  1996  2111 I chatty  : uid=1000(system) ActivityManager expire 4 lines
10-26 19:23:44.954  1996  2664 I chatty  : uid=1000(system) Binder:1996_6 expire 1 line
10-26 19:23:45.146  1996  2014 I chatty  : uid=1000(system) Binder:1996_2 expire 2 lines
10-26 19:23:45.361  1996  2113 I chatty  : uid=1000(system) ActivityManager expire 10 lines
10-26 19:23:45.531  1996  2468 I chatty  : uid=1000(system) NetworkWatchlis expire 2 lines
10-26 19:23:46.297  1996 14334 I chatty  : uid=1000(system) Binder:1996_1D expire 3 lines
10-26 19:23:46.579  1996  3918 I chatty  : uid=1000(system) Binder:1996_11 expire 5 lines
10-26 19:23:46.750  1996  2565 I chatty  : uid=1000(system) Binder:1996_4 expire 4 lines
10-26 19:23:47.042  1996  2527 I chatty  : uid=1000(system) Binder:1996_3 expire 4 lines
10-26 19:23:47.050  1996  2664 I chatty  : uid=1000(system) Binder:1996_6 expire 2 lines
10-26 19:23:47.176  1996  7481 I chatty  : uid=1000(system) Binder:1996_18 expire 2 lines
10-26 19:23:47.907  1996  2514 I chatty  : uid=1000(system) ConnectivitySer expire 6 lines
10-26 19:23:49.036  1217  1360 E storaged: getDiskStats failed with result NOT_SUPPORTED and size 0
10-26 19:23:49.689  5547  3594 E ActivityThread: Failed to find provider info for com.motorola.ccc.cce.datausage
10-26 19:23:50.630  1996 15221 I chatty  : uid=1000(system) Binder:1996_1E expire 8 lines
10-26 19:23:53.009  1996  3187 I chatty  : uid=1000(system) Binder:1996_A expire 1 line
10-26 19:23:54.664  1996  2143 I chatty  : uid=1000(system) PowerManagerSer expire 11 lines
10-26 19:23:54.709  1996  2140 I chatty  : uid=1000(system) android.display expire 3 lines
10-26 19:23:56.474  1996  3915 I chatty  : uid=1000(system) Binder:1996_10 expire 9 lines
10-26 19:23:59.576  1996  2111 I chatty  : uid=1000(system) ActivityManager expire 10 lines
10-26 19:24:01.436  1996  6245 I chatty  : uid=1000(system) Binder:1996_15 expire 3 lines
10-26 19:24:05.698  1996  1996 I chatty  : uid=1000 system_server expire 27 lines
10-26 19:24:05.699  1996  3178 I chatty  : uid=1000(system) Binder:1996_8 expire 1 line
10-26 19:24:05.812  1996  3614 I chatty  : uid=1000(system) Binder:1996_D expire 2 lines
10-26 19:24:05.814  1996  2013 I chatty  : uid=1000(system) Binder:1996_1 expire 4 lines
10-26 19:24:07.926  1996  2361 I chatty  : uid=1000(system) UEventObserver expire 6 lines
10-26 19:24:08.922  1996  6929 I chatty  : uid=1000(system) Binder:1996_17 expire 1 line
10-26 19:24:14.281  1996  8488 I chatty  : uid=1000(system) Binder:1996_19 expire 1 line
10-26 19:24:25.797  1996  3912 I chatty  : uid=1000(system) Binder:1996_E expire 4 lines
10-26 19:24:43.147  1996  2130 I chatty  : uid=1000(system) batterystats-wo expire 1 line
10-26 19:24:49.036  1217  1360 E storaged: getDiskStats failed with result NOT_SUPPORTED and size 0
10-26 19:24:52.252  1996  5431 I chatty  : uid=1000(system) Binder:1996_14 expire 4 lines
10-26 19:24:52.766  1996  2110 I chatty  : uid=1000(system) android.bg expire 1 line
10-26 19:25:44.423  1996  2113 I chatty  : uid=1000(system) ActivityManager expire 8 lines
10-26 19:25:47.567  1996  3445 I chatty  : uid=1000(system) Binder:1996_C expire 5 lines
10-26 19:25:47.627 21757 21757 I ActivityThread: Removing dead content provider:android.content.ContentProviderProxy@629b587
10-26 19:25:47.627 21757 21757 I ActivityThread: Removing dead content provider:android.content.ContentProviderProxy@629b587
10-26 19:25:49.039  1217  1360 E storaged: getDiskStats failed with result NOT_SUPPORTED and size 0
10-26 19:25:50.567  1996 16590 I chatty  : uid=1000(system) Binder:1996_1F expire 1 line
10-26 19:26:49.044  1217  1360 E storaged: getDiskStats failed with result NOT_SUPPORTED and size 0
10-26 19:26:50.238  1996 19319 I chatty  : uid=1000(system) Binder:1996_20 expire 2 lines
10-26 19:27:26.582  1996  3931 I chatty  : uid=1000(system) Binder:1996_12 expire 3 lines
10-26 19:27:49.048  1217  1360 E storaged: getDiskStats failed with result NOT_SUPPORTED and size 0
10-26 19:31:56.323  1996 22584 I chatty  : uid=1000 system_server expire 1 line
10-26 19:44:58.868  1996 10506 I chatty  : uid=1000(system) Binder:1996_1B expire 2 lines
10-26 19:46:05.991 22607 22607 W ActivityThread: serviceCreate starts in 65846 ms, CreateServiceData = CreateServiceData{token=android.os.BinderProxy@4ad25d8 className=cn.jpush.yyb.YYBJPushDaemonService packageName=com.tencent.android.qqdownloader intent=null}
10-26 19:46:05.992 22607 22607 W ActivityThread: serviceStart starts in 65847 ms, ServiceArgsData = ServiceArgsData{token=android.os.BinderProxy@4ad25d8 startId=77 args=null}
10-26 19:50:20.017  1996  2111 I chatty  : uid=1000(system) ActivityManager expire 2 lines
10-26 19:50:20.057 21596 21596 I ActivityThread: Removing dead content provider:android.content.ContentProviderProxy@3d82251
10-26 19:57:02.652  1996  3254 I chatty  : uid=1000(system) Binder:1996_B expire 1 line
10-26 19:57:02.745  2808  2808 I Telephony: TelephonyConnectionService: notifyCreateConnectionComplete TC@2_1: (...->CSW.hCCC)->CS.crCoC->H.CS.crCoC@E-E-E-AXQ
10-26 19:57:02.745  1996 22637 I chatty  : uid=1000 system_server expire 1 line
10-26 19:57:03.113  1996  3177 I chatty  : uid=1000(system) Binder:1996_7 expire 1 line
10-26 19:57:03.125  1996  2858 I chatty  : uid=1000(system) uteStateMachine expire 2 lines
10-26 19:57:03.126  1996  2861 I chatty  : uid=1000(system) CallAudioModeSt expire 2 lines
10-26 19:57:03.132  1996 20327 I chatty  : uid=1000(system) tonegenerator-d expire 1 line
10-26 19:57:03.159  1996  2111 I chatty  : uid=1000(system) ActivityManager expire 13 lines
10-26 19:57:03.161  1996  1996 I chatty  : uid=1000 system_server expire 21 lines
10-26 19:57:03.164  1996  2858 I chatty  : uid=1000(system) uteStateMachine expire 12 lines
10-26 19:57:03.183  1996  2113 I chatty  : uid=1000(system) ActivityManager expire 20 lines
10-26 19:57:03.189  1996  2861 I chatty  : uid=1000(system) CallAudioModeSt expire 5 lines
10-26 19:57:03.329  1996  3931 I chatty  : uid=1000(system) Binder:1996_12 expire 4 lines
10-26 19:57:03.341 22639 22639 E ActivityThread: Failed to find provider info for google.ims.sipmsgprovider
10-26 19:57:03.589  1996  5431 I chatty  : uid=1000(system) Binder:1996_14 expire 7 lines
10-26 19:57:03.590  1996  2138 I chatty  : uid=1000(system) android.fg expire 3 lines
10-26 19:57:03.593  1996  2143 I chatty  : uid=1000(system) PowerManagerSer expire 7 lines
10-26 19:57:03.638  1996  3918 I chatty  : uid=1000(system) Binder:1996_11 expire 9 lines
10-26 19:57:03.698  1996 22770 I chatty  : uid=1000 system_server expire 3 lines
10-26 19:57:04.006  1996  3915 I chatty  : uid=1000(system) Binder:1996_10 expire 5 lines
10-26 19:57:04.137  1996  9078 I chatty  : uid=1000(system) Binder:1996_1A expire 1 line
10-26 19:57:04.513  1996  2140 I chatty  : uid=1000(system) android.display expire 2 lines
10-26 19:57:04.517  1996  2112 I chatty  : uid=1000(system) android.ui expire 3 lines
10-26 19:57:04.711  1996  2361 I chatty  : uid=1000(system) UEventObserver expire 1 line
10-26 19:57:04.788  1996  2564 I chatty  : uid=1000(system) SyncManager expire 5 lines
10-26 19:57:04.801  1996  2417 I chatty  : uid=1000(system) AlarmManager expire 4 lines
10-26 19:57:04.837  1996  2527 I chatty  : uid=1000(system) Binder:1996_3 expire 1 line
10-26 19:57:05.144  1996  3177 I chatty  : uid=1000(system) Binder:1996_7 expire 1 line
10-26 19:57:05.519  1996 23081 I chatty  : uid=1000 system_server expire 1 line
10-26 19:57:06.070 22708 23038 E ActivityThread: Failed to find provider info for com.vivo.push.sdk.service.SystemPushConfig
10-26 19:57:06.123 22708 23236 E ActivityThread: Failed to find provider info for com.vivo.push.sdk.service.SystemPushConfig
10-26 19:57:06.320  1996  3179 I chatty  : uid=1000(system) Binder:1996_9 expire 5 lines
10-26 19:57:07.278  1996  6929 I chatty  : uid=1000(system) Binder:1996_17 expire 1 line
10-26 19:57:08.112 23618 23618 D ActivityThread: Loading provider com.google.android.gm.sapi: com.google.android.gm.sapi.SapiUiProvider
10-26 19:57:09.181  1996  3912 I chatty  : uid=1000(system) Binder:1996_E expire 4 lines
10-26 19:57:09.972  1996  2130 I chatty  : uid=1000(system) batterystats-wo expire 2 lines
10-26 19:57:10.108  1996 19319 I chatty  : uid=1000(system) Binder:1996_20 expire 3 lines
10-26 19:57:10.198  1996  7481 I chatty  : uid=1000(system) Binder:1996_18 expire 6 lines
10-26 19:57:13.186  1217  1360 E storaged: getDiskStats failed with result NOT_SUPPORTED and size 0
10-26 19:57:15.632  1996  2113 I chatty  : uid=1000(system) ActivityManager expire 1 line
10-26 19:57:16.082  1996  3614 I chatty  : uid=1000(system) Binder:1996_D expire 1 line
10-26 19:57:20.782  1996  3445 I chatty  : uid=1000(system) Binder:1996_C expire 8 lines
10-26 19:57:24.589  1996  2111 I chatty  : uid=1000(system) ActivityManager expire 2 lines
10-26 19:57:25.124  1996  1996 I chatty  : uid=1000 system_server expire 1 line
10-26 19:57:32.651  1996  2858 I chatty  : uid=1000(system) uteStateMachine expire 11 lines
10-26 19:57:32.651  1996  1996 I chatty  : uid=1000 system_server expire 10 lines
10-26 19:57:32.651  1996  2861 I chatty  : uid=1000(system) CallAudioModeSt expire 2 lines
10-26 19:57:32.656  1996 22770 I chatty  : uid=1000 system_server expire 1 line
10-26 19:57:32.658  1996  3445 I chatty  : uid=1000(system) Binder:1996_C expire 20 lines
10-26 19:57:32.688  1996  2111 I chatty  : uid=1000(system) ActivityManager expire 14 lines
10-26 19:57:32.692  1996 24216 I chatty  : uid=1000(system) kworker/4:2 expire 1 line
10-26 19:57:32.760  1996  2113 I chatty  : uid=1000(system) ActivityManager expire 10 lines
10-26 19:57:32.850  1996  2361 I chatty  : uid=1000(system) UEventObserver expire 4 lines
10-26 19:57:32.964  1996  3918 I chatty  : uid=1000(system) Binder:1996_11 expire 3 lines
10-26 19:57:33.309  1996 19319 I chatty  : uid=1000(system) Binder:1996_20 expire 4 lines
10-26 19:57:33.310  1996  2514 I chatty  : uid=1000(system) ConnectivitySer expire 17 lines
10-26 19:57:33.381  1996  2648 I chatty  : uid=1000(system) Binder:1996_5 expire 2 lines
10-26 19:57:33.593  1996  3912 I chatty  : uid=1000(system) Binder:1996_E expire 6 lines
10-26 19:57:37.537  1996  3931 I chatty  : uid=1000(system) Binder:1996_12 expire 2 lines
10-26 19:57:37.977  1996  2527 I chatty  : uid=1000(system) Binder:1996_3 expire 1 line
10-26 19:57:43.342  1996  2143 I chatty  : uid=1000(system) PowerManagerSer expire 13 lines
10-26 19:57:43.881  1996  2140 I chatty  : uid=1000(system) android.display expire 4 lines
10-26 19:57:44.118  1996  2138 I chatty  : uid=1000(system) android.fg expire 1 line
10-26 19:57:45.825   942 24368 W SocketClient: write error (Broken pipe)
10-26 19:57:46.829  1996  2130 I chatty  : uid=1000(system) batterystats-wo expire 1 line
10-26 19:57:49.456  1996  2013 I chatty  : uid=1000(system) Binder:1996_1 expire 4 lines
10-26 19:57:53.363  1996  8488 I chatty  : uid=1000(system) Binder:1996_19 expire 2 lines
10-26 19:57:55.821  1996  3254 I chatty  : uid=1000(system) Binder:1996_B expire 2 lines
10-26 19:58:05.313  1996  2564 I chatty  : uid=1000(system) SyncManager expire 1 line
10-26 19:58:08.409  1996  2111 I chatty  : uid=1000(system) ActivityManager expire 9 lines
10-26 19:58:13.187  1217  1360 E storaged: getDiskStats failed with result NOT_SUPPORTED and size 0
10-26 19:58:32.952  1996  7481 I chatty  : uid=1000(system) Binder:1996_18 expire 4 lines
10-26 19:58:35.559  1996 15221 I chatty  : uid=1000(system) Binder:1996_1E expire 2 lines
10-26 19:59:05.862  1996  3177 I chatty  : uid=1000(system) Binder:1996_7 expire 2 lines
10-26 19:59:07.721  1996  3445 I chatty  : uid=1000(system) Binder:1996_C expire 2 lines
10-26 19:59:07.821  1996  3915 I chatty  : uid=1000(system) Binder:1996_10 expire 1 line
10-26 19:59:07.822  1996  6882 I chatty  : uid=1000(system) Binder:1996_16 expire 1 line
10-26 19:59:13.189  1217  1360 E storaged: getDiskStats failed with result NOT_SUPPORTED and size 0
10-26 19:59:14.489  1996  3179 I chatty  : uid=1000(system) Binder:1996_9 expire 1 line
10-26 19:59:24.740  1996  2113 I chatty  : uid=1000(system) ActivityManager expire 1 line
10-26 19:59:28.845   942 24863 W SocketClient: write error (Broken pipe)
10-26 20:00:09.211  1996  9078 I chatty  : uid=1000(system) Binder:1996_1A expire 1 line
10-26 20:00:12.582  1996 10506 I chatty  : uid=1000(system) Binder:1996_1B expire 1 line
10-26 20:00:13.190  1217  1360 E storaged: getDiskStats failed with result NOT_SUPPORTED and size 0
10-26 20:00:13.354  1996  2514 I chatty  : uid=1000(system) ConnectivitySer expire 5 lines
10-26 20:00:17.589  1996  3614 I chatty  : uid=1000(system) Binder:1996_D expire 1 line
10-26 20:00:36.248  1996 16590 I chatty  : uid=1000(system) Binder:1996_1F expire 6 lines
10-26 20:00:51.360  1996  8488 I chatty  : uid=1000(system) Binder:1996_19 expire 6 lines
10-26 20:01:06.322  1996  2111 I chatty  : uid=1000(system) ActivityManager expire 8 lines
10-26 20:01:13.193  1217  1360 E storaged: getDiskStats failed with result NOT_SUPPORTED and size 0
10-26 20:01:16.803  1996  2565 I chatty  : uid=1000(system) Binder:1996_4 expire 5 lines
10-26 20:01:22.765  1996  2514 I chatty  : uid=1000(system) ConnectivitySer expire 3 lines
10-26 20:01:22.835  1996  3913 I chatty  : uid=1000(system) Binder:1996_F expire 10 lines
10-26 20:01:31.394  1996  2113 I chatty  : uid=1000(system) ActivityManager expire 13 lines
10-26 20:01:33.492  1996  2361 I chatty  : uid=1000(system) UEventObserver expire 10 lines
10-26 20:01:35.442  1996  2648 I chatty  : uid=1000(system) Binder:1996_5 expire 3 lines
10-26 20:01:51.927  1996  3179 I chatty  : uid=1000(system) Binder:1996_9 expire 5 lines
10-26 20:01:52.281  1996  2664 I chatty  : uid=1000(system) Binder:1996_6 expire 7 lines
10-26 20:01:53.693 25326 25405 E ActivityThread: Failed to find provider info for com.vivo.push.sdk.service.SystemPushConfig
10-26 20:01:53.710 25326 25448 E ActivityThread: Failed to find provider info for com.vivo.push.sdk.service.SystemPushConfig
10-26 20:01:53.752  1996  9078 I chatty  : uid=1000(system) Binder:1996_1A expire 9 lines
10-26 20:02:13.195  1217  1360 E storaged: getDiskStats failed with result NOT_SUPPORTED and size 0
10-26 20:02:13.940  1996  2527 I chatty  : uid=1000(system) Binder:1996_3 expire 4 lines
10-26 20:02:26.119  1996  3254 I chatty  : uid=1000(system) Binder:1996_B expire 5 lines
10-26 20:03:19.137  1996 10506 I chatty  : uid=1000(system) Binder:1996_1B expire 9 lines
10-26 20:03:32.623  1996 25549 I chatty  : uid=1000 system_server expire 1 line
10-26 20:07:09.384  1996  2143 I chatty  : uid=1000(system) PowerManagerSer expire 12 lines
10-26 20:07:09.387  1996  2140 I chatty  : uid=1000(system) android.display expire 4 lines
10-26 20:07:09.873  1996 14334 I chatty  : uid=1000(system) Binder:1996_1D expire 2 lines
10-26 20:07:15.352  1217  1360 E storaged: getDiskStats failed with result NOT_SUPPORTED and size 0
10-26 20:07:24.929  1996  2013 I chatty  : uid=1000(system) Binder:1996_1 expire 4 lines
10-26 20:08:05.808  1996  6245 I chatty  : uid=1000(system) Binder:1996_15 expire 4 lines
10-26 20:08:15.354  1217  1360 E storaged: getDiskStats failed with result NOT_SUPPORTED and size 0
10-26 20:08:37.109  1996  3178 I chatty  : uid=1000(system) Binder:1996_8 expire 1 line
10-26 20:09:16.410  1217  1360 E storaged: getDiskStats failed with result NOT_SUPPORTED and size 0
10-26 20:10:19.115  1217  1360 E storaged: getDiskStats failed with result NOT_SUPPORTED and size 0
10-26 20:11:04.779  1996  2417 I chatty  : uid=1000(system) AlarmManager expire 1 line
10-26 20:11:19.647  1217  1360 E storaged: getDiskStats failed with result NOT_SUPPORTED and size 0
10-26 20:13:53.080  1996  6929 I chatty  : uid=1000(system) Binder:1996_17 expire 1 line
10-26 20:14:27.645  1996  2130 I chatty  : uid=1000(system) batterystats-wo expire 2 lines
10-26 20:17:07.791  1217  1360 E storaged: getDiskStats failed with result NOT_SUPPORTED and size 0
10-26 20:17:09.886  1996  3614 I chatty  : uid=1000(system) Binder:1996_D expire 5 lines
10-26 20:18:09.360  1217  1360 E storaged: getDiskStats failed with result NOT_SUPPORTED and size 0
10-26 20:19:09.580  1217  1360 E storaged: getDiskStats failed with result NOT_SUPPORTED and size 0
10-26 20:19:16.554  1996 15221 I chatty  : uid=1000(system) Binder:1996_1E expire 2 lines
10-26 20:19:16.654 26248 26284 E ActivityThread: Failed to find provider info for com.vivo.push.sdk.service.SystemPushConfig
10-26 20:19:16.666 26248 26284 E ActivityThread: Failed to find provider info for com.vivo.push.sdk.service.SystemPushConfig
10-26 20:19:16.858  1996  4432 I chatty  : uid=1000(system) Binder:1996_13 expire 4 lines
10-26 20:19:30.258  1996  2361 I chatty  : uid=1000(system) UEventObserver expire 7 lines
10-26 20:20:06.368  1996  7481 I chatty  : uid=1000(system) Binder:1996_18 expire 2 lines
10-26 20:20:09.581  1217  1360 E storaged: getDiskStats failed with result NOT_SUPPORTED and size 0
10-26 20:21:09.583  1217  1360 E storaged: getDiskStats failed with result NOT_SUPPORTED and size 0
10-26 20:21:13.385  1996  3913 I chatty  : uid=1000(system) Binder:1996_F expire 4 lines
10-26 20:22:09.585  1217  1360 E storaged: getDiskStats failed with result NOT_SUPPORTED and size 0
10-26 20:22:15.171  1996 26439 I chatty  : uid=1000 system_server expire 1 line
10-26 20:22:15.653  1996  2110 I chatty  : uid=1000(system) android.bg expire 2 lines
10-26 20:23:09.587  1217  1360 E storaged: getDiskStats failed with result NOT_SUPPORTED and size 0
10-26 20:24:09.591  1217  1360 E storaged: getDiskStats failed with result NOT_SUPPORTED and size 0
10-26 20:25:31.016  1996  1996 I chatty  : uid=1000 system_server expire 1 line
10-26 20:27:11.010  1996 19319 I chatty  : uid=1000(system) Binder:1996_20 expire 3 lines
10-26 20:27:11.052  1996  2111 I chatty  : uid=1000(system) ActivityManager expire 10 lines
10-26 20:27:11.383  1996  2527 I chatty  : uid=1000(system) Binder:1996_3 expire 3 lines
10-26 20:27:11.387  1996  2013 I chatty  : uid=1000(system) Binder:1996_1 expire 2 lines
10-26 20:27:11.736  1996  3254 I chatty  : uid=1000(system) Binder:1996_B expire 6 lines
10-26 20:27:11.865  1996 15221 I chatty  : uid=1000(system) Binder:1996_1E expire 4 lines
10-26 20:27:11.866  1996  2514 I chatty  : uid=1000(system) ConnectivitySer expire 5 lines
10-26 20:27:20.398  1996  3913 I chatty  : uid=1000(system) Binder:1996_F expire 11 lines
10-26 20:27:22.896  1996  9078 I chatty  : uid=1000(system) Binder:1996_1A expire 3 lines
10-26 20:27:22.928  1996  8488 I chatty  : uid=1000(system) Binder:1996_19 expire 2 lines
10-26 20:27:38.215  1217  1360 E storaged: getDiskStats failed with result NOT_SUPPORTED and size 0
10-26 20:27:48.539  1996  2565 I chatty  : uid=1000(system) Binder:1996_4 expire 3 lines
10-26 20:27:59.844  1996  2361 I chatty  : uid=1000(system) UEventObserver expire 10 lines
10-26 20:28:07.839  1996  2113 I chatty  : uid=1000(system) ActivityManager expire 10 lines
10-26 20:28:08.548  1996 14334 I chatty  : uid=1000(system) Binder:1996_1D expire 2 lines
10-26 20:28:38.216  1217  1360 E storaged: getDiskStats failed with result NOT_SUPPORTED and size 0
10-26 20:29:38.218  1217  1360 E storaged: getDiskStats failed with result NOT_SUPPORTED and size 0
10-26 20:29:57.665  1996  2111 I chatty  : uid=1000(system) ActivityManager expire 10 lines
10-26 20:30:03.097  1996  5431 I chatty  : uid=1000(system) Binder:1996_14 expire 4 lines
10-26 20:30:24.781  1996 16590 I chatty  : uid=1000(system) Binder:1996_1F expire 8 lines
10-26 20:30:39.133  1217  1360 E storaged: getDiskStats failed with result NOT_SUPPORTED and size 0
10-26 20:31:05.813  1996  7481 I chatty  : uid=1000(system) Binder:1996_18 expire 2 lines
10-26 20:32:39.290  1996  4432 I chatty  : uid=1000(system) Binder:1996_13 expire 1 line
10-26 20:32:49.607  1996  3187 I chatty  : uid=1000(system) Binder:1996_A expire 2 lines
10-26 20:33:09.278  1217  1360 E storaged: getDiskStats failed with result NOT_SUPPORTED and size 0
10-26 20:33:19.336  1996  3614 I chatty  : uid=1000(system) Binder:1996_D expire 1 line
10-26 20:37:04.874  1996 10506 I chatty  : uid=1000(system) Binder:1996_1B expire 10 lines
10-26 20:37:09.790  1996  6929 I chatty  : uid=1000(system) Binder:1996_17 expire 7 lines
10-26 20:37:22.877  1217  1360 E storaged: getDiskStats failed with result NOT_SUPPORTED and size 0
10-26 20:37:42.439  1996  3931 I chatty  : uid=1000(system) Binder:1996_12 expire 3 lines
10-26 20:38:03.047  8119 11302 E ActivityThread: Failed to find provider info for com.motorola.ccc.cce.datausage
10-26 20:38:04.945  8119 18928 E ActivityThread: Failed to find provider info for com.motorola.ccc.cce.datausage
10-26 20:38:05.637  1996  3918 I chatty  : uid=1000(system) Binder:1996_11 expire 3 lines
10-26 20:38:05.973  1996  3445 I chatty  : uid=1000(system) Binder:1996_C expire 3 lines
10-26 20:38:23.455  1217  1360 E storaged: getDiskStats failed with result NOT_SUPPORTED and size 0
10-26 20:38:32.804  1996  6882 I chatty  : uid=1000(system) Binder:1996_16 expire 7 lines
10-26 20:38:33.836  1996  2113 I chatty  : uid=1000(system) ActivityManager expire 3 lines
10-26 20:38:34.140  1996 13547 I chatty  : uid=1000(system) Binder:1996_1C expire 2 lines
10-26 20:38:34.972  1996  3179 I chatty  : uid=1000(system) Binder:1996_9 expire 9 lines
10-26 20:38:40.040  1996  2111 I chatty  : uid=1000(system) ActivityManager expire 4 lines
10-26 20:39:23.966  1217  1360 E storaged: getDiskStats failed with result NOT_SUPPORTED and size 0
10-26 20:40:24.648  1217  1360 E storaged: getDiskStats failed with result NOT_SUPPORTED and size 0
10-26 20:40:24.850  1996 10506 I chatty  : uid=1000(system) Binder:1996_1B expire 3 lines
10-26 20:42:09.393  1217  1360 E storaged: getDiskStats failed with result NOT_SUPPORTED and size 0
10-26 20:43:59.593  1996  2361 I chatty  : uid=1000(system) UEventObserver expire 3 lines
10-26 20:47:09.270  1996  3912 I chatty  : uid=1000(system) Binder:1996_E expire 4 lines
10-26 20:47:21.717  1217  1360 E storaged: getDiskStats failed with result NOT_SUPPORTED and size 0
10-26 20:48:18.201  1996  2143 I chatty  : uid=1000(system) PowerManagerSer expire 3 lines
10-26 20:48:18.203  1996  2140 I chatty  : uid=1000(system) android.display expire 8 lines
10-26 20:48:22.688  1217  1360 E storaged: getDiskStats failed with result NOT_SUPPORTED and size 0
10-26 20:48:24.188  1996  2143 I chatty  : uid=1000(system) PowerManagerSer expire 16 lines
10-26 20:48:46.845  1996  2361 I chatty  : uid=1000(system) UEventObserver expire 10 lines
10-26 20:48:57.566  1996  3187 I chatty  : uid=1000(system) Binder:1996_A expire 8 lines
10-26 20:48:57.968  1996  2111 I chatty  : uid=1000(system) ActivityManager expire 11 lines
10-26 20:49:23.089  1217  1360 E storaged: getDiskStats failed with result NOT_SUPPORTED and size 0
10-26 20:50:06.362  1996 10506 I chatty  : uid=1000(system) Binder:1996_1B expire 1 line
10-26 20:50:23.090  1217  1360 E storaged: getDiskStats failed with result NOT_SUPPORTED and size 0
10-26 20:50:24.804  1996  6882 I chatty  : uid=1000(system) Binder:1996_16 expire 20 lines
10-26 20:50:24.883  1996  3179 I chatty  : uid=1000(system) Binder:1996_9 expire 11 lines
10-26 20:50:44.818  1996  3918 I chatty  : uid=1000(system) Binder:1996_11 expire 8 lines
10-26 20:51:23.308  1217  1360 E storaged: getDiskStats failed with result NOT_SUPPORTED and size 0
10-26 20:52:10.110  1996  3931 I chatty  : uid=1000(system) Binder:1996_12 expire 9 lines
10-26 20:53:44.526  1217  1360 E storaged: getDiskStats failed with result NOT_SUPPORTED and size 0
10-26 20:56:00.921  1217  1360 E storaged: getDiskStats failed with result NOT_SUPPORTED and size 0
10-26 20:57:10.364  1996  6929 I chatty  : uid=1000(system) Binder:1996_17 expire 3 lines
10-26 20:57:24.935  1996  2130 I chatty  : uid=1000(system) batterystats-wo expire 2 lines
10-26 20:57:48.533  1217  1360 E storaged: getDiskStats failed with result NOT_SUPPORTED and size 0
10-26 20:57:54.680  1996  1996 I chatty  : uid=1000 system_server expire 1 line
10-26 21:00:00.066  1217  1360 E storaged: getDiskStats failed with result NOT_SUPPORTED and size 0
10-26 21:04:59.724  1996  8488 I chatty  : uid=1000(system) Binder:1996_19 expire 3 lines
10-26 21:04:59.724  1996  2514 I chatty  : uid=1000(system) ConnectivitySer expire 1 line
10-26 21:04:59.726  1996  2648 I chatty  : uid=1000(system) Binder:1996_5 expire 6 lines
10-26 21:05:03.905  1996  2113 I chatty  : uid=1000(system) ActivityManager expire 4 lines
10-26 21:05:11.336 29353 29353 W ActivityThread: serviceCreate starts in 7379 ms, CreateServiceData = CreateServiceData{token=android.os.BinderProxy@e0dc00e className=com.google.android.finsky.setup.PlaySetupServiceV2 packageName=com.android.vending intent=null}
10-26 21:06:18.828  1996  2111 I chatty  : uid=1000(system) ActivityManager expire 10 lines
10-26 21:06:57.536  1996  3178 I chatty  : uid=1000(system) Binder:1996_8 expire 7 lines
10-26 21:28:34.123  1217  1360 E storaged: getDiskStats failed with result NOT_SUPPORTED and size 0
10-26 21:33:10.774  1996  3179 I chatty  : uid=1000(system) Binder:1996_9 expire 1 line
10-26 21:42:11.170  1996  6882 I chatty  : uid=1000(system) Binder:1996_16 expire 6 lines
10-26 21:51:11.968  1996 14334 I chatty  : uid=1000(system) Binder:1996_1D expire 4 lines
10-26 21:51:12.699  1996  2361 I chatty  : uid=1000(system) UEventObserver expire 1 line
10-26 21:51:49.975  1996  2110 I chatty  : uid=1000(system) android.bg expire 1 line
10-26 21:51:58.984  1996 15221 I chatty  : uid=1000(system) Binder:1996_1E expire 3 lines
10-26 21:56:12.102  8119 11302 E ActivityThread: Failed to find provider info for com.motorola.ccc.cce.datausage
10-26 21:56:20.950  1996  2143 I chatty  : uid=1000(system) PowerManagerSer expire 6 lines
10-26 21:56:23.183  1996  3254 I chatty  : uid=1000(system) Binder:1996_B expire 1 line
10-26 21:56:24.943  1217  1360 E storaged: getDiskStats failed with result NOT_SUPPORTED and size 0
10-26 21:56:25.641  8119 12490 E ActivityThread: Failed to find provider info for com.motorola.ccc.cce.datausage
10-26 21:56:26.618  1996  2111 I chatty  : uid=1000(system) ActivityManager expire 6 lines
10-26 21:56:41.761  1996  3445 I chatty  : uid=1000(system) Binder:1996_C expire 3 lines
10-26 21:56:41.836  1996  2527 I chatty  : uid=1000(system) Binder:1996_3 expire 1 line
10-26 21:56:41.945  1996  2664 I chatty  : uid=1000(system) Binder:1996_6 expire 10 lines
10-26 21:56:47.262  1996 14334 I chatty  : uid=1000(system) Binder:1996_1D expire 3 lines
10-26 21:56:49.917  1996  2361 I chatty  : uid=1000(system) UEventObserver expire 11 lines
10-26 21:56:59.043  1996  2111 I chatty  : uid=1000(system) ActivityManager expire 11 lines
10-26 21:56:59.098  1996  2648 I chatty  : uid=1000(system) Binder:1996_5 expire 12 lines
10-26 21:57:24.946  1217  1360 E storaged: getDiskStats failed with result NOT_SUPPORTED and size 0
10-26 21:58:24.388  1996  2113 I chatty  : uid=1000(system) ActivityManager expire 10 lines
10-26 21:59:09.113  1996  3178 I chatty  : uid=1000(system) Binder:1996_8 expire 3 lines
10-26 21:59:09.114  1996  2112 I chatty  : uid=1000(system) android.ui expire 2 lines
10-26 22:00:00.307  1996  1996 I chatty  : uid=1000 system_server expire 10 lines
10-26 22:05:12.301  1996  2130 I chatty  : uid=1000(system) batterystats-wo expire 6 lines
10-26 22:14:12.480  1996  6882 I chatty  : uid=1000(system) Binder:1996_16 expire 3 lines
10-26 22:23:12.766  1996  3913 I chatty  : uid=1000(system) Binder:1996_F expire 7 lines
10-26 22:32:13.114  1996 15221 I chatty  : uid=1000(system) Binder:1996_1E expire 1 line
10-26 22:32:13.115  1996  2514 I chatty  : uid=1000(system) ConnectivitySer expire 13 lines
10-26 22:37:13.417  1996  2142 I chatty  : uid=1000(system) CpuTracker expire 1 line
10-26 22:41:13.603 30235 30235 W ActivityThread: serviceCreate starts in 252827 ms, CreateServiceData = CreateServiceData{token=android.os.BinderProxy@e0dc00e className=com.google.android.finsky.setup.PlaySetupServiceV2 packageName=com.android.vending intent=null}
10-26 22:41:14.166  1996  3179 I chatty  : uid=1000(system) Binder:1996_9 expire 8 lines
10-26 23:08:14.254  1217  1360 E storaged: getDiskStats failed with result NOT_SUPPORTED and size 0
10-26 23:46:06.223  1996  2417 I chatty  : uid=1000(system) AlarmManager expire 2 lines
10-26 23:46:06.344  1996  5431 I chatty  : uid=1000(system) Binder:1996_14 expire 1 line
10-26 23:46:06.707  1996 10506 I chatty  : uid=1000(system) Binder:1996_1B expire 5 lines
10-26 23:46:06.738  1996 16590 I chatty  : uid=1000(system) Binder:1996_1F expire 4 lines
10-26 23:46:06.768  1996 19319 I chatty  : uid=1000(system) Binder:1996_20 expire 4 lines
10-26 23:46:07.160  8119 11302 E ActivityThread: Failed to find provider info for com.motorola.ccc.cce.datausage
10-26 23:46:07.798  1996 13547 I chatty  : uid=1000(system) Binder:1996_1C expire 3 lines
10-26 23:46:08.146  5547 11441 E ActivityThread: Failed to find provider info for com.motorola.ccc.cce.datausage
10-26 23:46:09.076  8119 18928 E ActivityThread: Failed to find provider info for com.motorola.ccc.cce.datausage
10-26 23:46:17.529  1996  6929 I chatty  : uid=1000(system) Binder:1996_17 expire 3 lines
10-26 23:46:26.428  1996  2110 I chatty  : uid=1000(system) android.bg expire 1 line
10-26 23:46:36.831  1217  1360 E storaged: getDiskStats failed with result NOT_SUPPORTED and size 0
10-26 23:46:46.654  1996  7481 I chatty  : uid=1000(system) Binder:1996_18 expire 2 lines
10-26 23:46:49.677  1996  2514 I chatty  : uid=1000(system) ConnectivitySer expire 4 lines
10-26 23:47:11.105  1996  2111 I chatty  : uid=1000(system) ActivityManager expire 11 lines
10-26 23:47:36.832  1217  1360 E storaged: getDiskStats failed with result NOT_SUPPORTED and size 0
10-26 23:47:38.376  1996  2014 I chatty  : uid=1000(system) Binder:1996_2 expire 5 lines
10-26 23:47:47.748  1996  2113 I chatty  : uid=1000(system) ActivityManager expire 2 lines
10-26 23:48:07.993  1996  2648 I chatty  : uid=1000(system) Binder:1996_5 expire 4 lines
10-26 23:48:36.833  1217  1360 E storaged: getDiskStats failed with result NOT_SUPPORTED and size 0
10-26 23:48:45.888  1996  3918 I chatty  : uid=1000(system) Binder:1996_11 expire 3 lines
10-27 00:21:49.897  1996  2143 I chatty  : uid=1000(system) PowerManagerSer expire 11 lines
10-27 00:21:49.898  1996  2140 I chatty  : uid=1000(system) android.display expire 10 lines
10-27 00:21:52.483  1217  1360 E storaged: getDiskStats failed with result NOT_SUPPORTED and size 0
10-27 00:23:21.753  1996  2143 I chatty  : uid=1000(system) PowerManagerSer expire 19 lines
10-27 00:23:33.125  1996  2527 I chatty  : uid=1000(system) Binder:1996_3 expire 5 lines
10-27 00:23:49.398  1996 14334 I chatty  : uid=1000(system) Binder:1996_1D expire 7 lines
10-27 00:23:49.415  1996  2113 I chatty  : uid=1000(system) ActivityManager expire 10 lines
10-27 00:30:16.629  1996  2111 I chatty  : uid=1000(system) ActivityManager expire 11 lines
10-27 00:38:16.982  1996  2361 I chatty  : uid=1000(system) UEventObserver expire 6 lines
10-27 00:43:39.054  1996  3913 I chatty  : uid=1000(system) Binder:1996_F expire 4 lines
10-27 00:43:39.159  1996  9078 I chatty  : uid=1000(system) Binder:1996_1A expire 3 lines
10-27 00:44:27.429 31580 31580 W ActivityThread: serviceStart lasts for 36681 ms, ServiceArgsData = ServiceArgsData{token=android.os.BinderProxy@4ad25d8 startId=91 args=null}
10-27 00:46:29.467  1996  2143 I chatty  : uid=1000(system) PowerManagerSer expire 12 lines
10-27 00:46:29.471  1996  2140 I chatty  : uid=1000(system) android.display expire 4 lines
10-27 00:46:29.854  1996  6245 I chatty  : uid=1000(system) Binder:1996_15 expire 11 lines
10-27 00:54:28.228  1217  1360 E storaged: getDiskStats failed with result NOT_SUPPORTED and size 0
10-27 00:56:54.146 31679 31679 W ActivityThread: serviceCreate starts in 37088 ms, CreateServiceData = CreateServiceData{token=android.os.BinderProxy@4ad25d8 className=cn.jpush.yyb.YYBJPushDaemonService packageName=com.tencent.android.qqdownloader intent=null}
10-27 00:56:54.147 31679 31679 W ActivityThread: serviceStart starts in 37089 ms, ServiceArgsData = ServiceArgsData{token=android.os.BinderProxy@4ad25d8 startId=92 args=null}
10-27 01:01:04.287  1996  2648 I chatty  : uid=1000(system) Binder:1996_5 expire 4 lines
10-27 01:01:04.378  1996  3445 I chatty  : uid=1000(system) Binder:1996_C expire 2 lines
10-27 01:14:18.035  1996  2130 I chatty  : uid=1000(system) batterystats-wo expire 2 lines
10-27 01:19:05.145  1996  2514 I chatty  : uid=1000(system) ConnectivitySer expire 2 lines
10-27 01:23:18.158  1996  4432 I chatty  : uid=1000(system) Binder:1996_13 expire 4 lines
10-27 01:23:18.391 31757 31757 W ActivityThread: serviceCreate starts in 239569 ms, CreateServiceData = CreateServiceData{token=android.os.BinderProxy@e0dc00e className=com.google.android.finsky.setup.PlaySetupServiceV2 packageName=com.android.vending intent=null}
10-27 01:24:27.799  1996 19319 I chatty  : uid=1000(system) Binder:1996_20 expire 2 lines
10-27 01:28:06.116  1996  3254 I chatty  : uid=1000(system) Binder:1996_B expire 10 lines
10-27 01:32:19.738  1996  2013 I chatty  : uid=1000(system) Binder:1996_1 expire 2 lines
10-27 01:40:20.829  1996 31897 I chatty  : uid=1000 system_server expire 1 line
10-27 01:50:19.919  1217  1360 E storaged: getDiskStats failed with result NOT_SUPPORTED and size 0
10-27 01:50:56.230  1996  6929 I chatty  : uid=1000(system) Binder:1996_17 expire 3 lines
10-27 02:07:25.670  1996  5431 I chatty  : uid=1000(system) Binder:1996_14 expire 1 line
10-27 02:08:57.050  1996  1996 I chatty  : uid=1000 system_server expire 14 lines
10-27 02:08:57.175  1996  2110 I chatty  : uid=1000(system) android.bg expire 4 lines
10-27 02:08:57.725 32101 32101 E LoadedApk: Unable to instantiate appComponentFactory
10-27 02:08:57.725 32101 32101 E LoadedApk: java.lang.ClassNotFoundException: Didn't find class "android.support.v4.app.CoreComponentFactory" on path: DexPathList[[zip file "/system/framework/org.apache.http.legacy.boot.jar", zip file "/system/app/DeskClockGoogle/DeskClockGoogle.apk"],nativeLibraryDirectories=[/system/app/DeskClockGoogle/lib/arm64, /system/lib64, /system/lib64]]
10-27 02:08:57.725 32101 32101 E LoadedApk: 	at dalvik.system.BaseDexClassLoader.findClass(BaseDexClassLoader.java:134)
10-27 02:08:57.725 32101 32101 E LoadedApk: 	at java.lang.ClassLoader.loadClass(ClassLoader.java:379)
10-27 02:08:57.725 32101 32101 E LoadedApk: 	at java.lang.ClassLoader.loadClass(ClassLoader.java:312)
10-27 02:08:57.725 32101 32101 E LoadedApk: 	at android.app.LoadedApk.createAppFactory(LoadedApk.java:226)
10-27 02:08:57.725 32101 32101 E LoadedApk: 	at android.app.LoadedApk.createOrUpdateClassLoaderLocked(LoadedApk.java:740)
10-27 02:08:57.725 32101 32101 E LoadedApk: 	at android.app.LoadedApk.getClassLoader(LoadedApk.java:819)
10-27 02:08:57.725 32101 32101 E LoadedApk: 	at android.app.LoadedApk.getResources(LoadedApk.java:1041)
10-27 02:08:57.725 32101 32101 E LoadedApk: 	at android.app.ContextImpl.createAppContext(ContextImpl.java:2360)
10-27 02:08:57.725 32101 32101 E LoadedApk: 	at android.app.ActivityThread.handleBindApplication(ActivityThread.java:5996)
10-27 02:08:57.725 32101 32101 E LoadedApk: 	at android.app.ActivityThread.access$1200(ActivityThread.java:213)
10-27 02:08:57.725 32101 32101 E LoadedApk: 	at android.app.ActivityThread$H.handleMessage(ActivityThread.java:1807)
10-27 02:08:57.725 32101 32101 E LoadedApk: 	at android.os.Handler.dispatchMessage(Handler.java:106)
10-27 02:08:57.725 32101 32101 E LoadedApk: 	at android.os.Looper.loop(Looper.java:193)
10-27 02:08:57.725 32101 32101 E LoadedApk: 	at android.app.ActivityThread.main(ActivityThread.java:6923)
10-27 02:08:57.725 32101 32101 E LoadedApk: 	at java.lang.reflect.Method.invoke(Native Method)
10-27 02:08:57.725 32101 32101 E LoadedApk: 	at com.android.internal.os.RuntimeInit$MethodAndArgsCaller.run(RuntimeInit.java:493)
10-27 02:08:57.725 32101 32101 E LoadedApk: 	at com.android.internal.os.ZygoteInit.main(ZygoteInit.java:870)
10-27 02:08:57.729  1996 13547 I chatty  : uid=1000(system) Binder:1996_1C expire 1 line
10-27 02:08:57.729  1996  3614 I chatty  : uid=1000(system) Binder:1996_D expire 4 lines
10-27 02:08:57.729  1996  3179 I chatty  : uid=1000(system) Binder:1996_9 expire 9 lines
10-27 02:08:57.910  1996  2113 I chatty  : uid=1000(system) ActivityManager expire 4 lines
10-27 02:09:13.344 32166 32166 W ActivityThread: serviceCreate starts in 3429 ms, CreateServiceData = CreateServiceData{token=android.os.BinderProxy@e0dc00e className=com.google.android.finsky.setup.PlaySetupServiceV2 packageName=com.android.vending intent=null}
10-27 02:20:17.912  1996  3177 I chatty  : uid=1000(system) Binder:1996_7 expire 5 lines
10-27 02:23:20.355  1996 10506 I chatty  : uid=1000(system) Binder:1996_1B expire 1 line
10-27 02:23:25.897  1996  2112 I chatty  : uid=1000(system) android.ui expire 3 lines
10-27 02:28:59.735  1996  3915 I chatty  : uid=1000(system) Binder:1996_10 expire 3 lines
10-27 02:29:31.917  1217  1360 E storaged: getDiskStats failed with result NOT_SUPPORTED and size 0
10-27 02:30:11.873 32436 32436 W ActivityThread: serviceStart lasts for 21043 ms, ServiceArgsData = ServiceArgsData{token=android.os.BinderProxy@4ad25d8 startId=94 args=null}
10-27 02:40:11.491  1996  2111 I chatty  : uid=1000(system) ActivityManager expire 12 lines
10-27 02:45:55.098  1996  1996 I chatty  : uid=1000 system_server expire 11 lines
10-27 02:45:55.137  1996  2110 I chatty  : uid=1000(system) android.bg expire 4 lines
10-27 02:48:14.771  1996  3915 I chatty  : uid=1000(system) Binder:1996_10 expire 10 lines
10-27 02:48:32.546  1996  2361 I chatty  : uid=1000(system) UEventObserver expire 10 lines
10-27 02:53:09.031  1217  1360 E storaged: getDiskStats failed with result NOT_SUPPORTED and size 0
10-27 02:59:22.028  1996  3614 I chatty  : uid=1000(system) Binder:1996_D expire 9 lines
10-27 03:02:21.904  1996  2112 I chatty  : uid=1000(system) android.ui expire 3 lines
10-27 03:02:22.081  1996  5431 I chatty  : uid=1000(system) Binder:1996_14 expire 2 lines
10-27 03:05:27.618  1996 15221 I chatty  : uid=1000(system) Binder:1996_1E expire 10 lines
10-27 03:13:36.534  1996  3177 I chatty  : uid=1000(system) Binder:1996_7 expire 5 lines
10-27 03:33:38.398  1217  1360 E storaged: getDiskStats failed with result NOT_SUPPORTED and size 0
10-27 03:33:42.648  1996  2113 I chatty  : uid=1000(system) ActivityManager expire 11 lines
10-27 03:35:37.957  1996  3918 I chatty  : uid=1000(system) Binder:1996_11 expire 10 lines
10-27 03:39:00.374  1996 16590 I chatty  : uid=1000(system) Binder:1996_1F expire 5 lines
10-27 03:39:29.407  1996  6245 I chatty  : uid=1000(system) Binder:1996_15 expire 2 lines
10-27 03:41:39.582  1996  2417 I chatty  : uid=1000(system) AlarmManager expire 2 lines
10-27 03:41:40.344  1996  3187 I chatty  : uid=1000(system) Binder:1996_A expire 2 lines
10-27 03:41:40.491  8119 11302 E ActivityThread: Failed to find provider info for com.motorola.ccc.cce.datausage
10-27 03:41:40.690   700   761 E ActivityThread: Failed to find provider info for com.vivo.push.sdk.service.SystemPushConfig
10-27 03:41:40.764   700   761 E ActivityThread: Failed to find provider info for com.vivo.push.sdk.service.SystemPushConfig
10-27 03:41:41.353  5547  3594 E ActivityThread: Failed to find provider info for com.motorola.ccc.cce.datausage
10-27 03:41:41.355  1996  2013 I chatty  : uid=1000(system) Binder:1996_1 expire 2 lines
10-27 03:41:42.364  8119 12490 E ActivityThread: Failed to find provider info for com.motorola.ccc.cce.datausage
10-27 03:41:43.391  1996  2514 I chatty  : uid=1000(system) ConnectivitySer expire 12 lines
10-27 03:41:43.843  1996 10506 I chatty  : uid=1000(system) Binder:1996_1B expire 6 lines
10-27 03:41:48.664  1996  9078 I chatty  : uid=1000(system) Binder:1996_1A expire 2 lines
10-27 03:41:54.263  1996  3912 I chatty  : uid=1000(system) Binder:1996_E expire 3 lines
10-27 03:42:08.440  1217  1360 E storaged: getDiskStats failed with result NOT_SUPPORTED and size 0
10-27 03:42:23.398  1996  2514 I chatty  : uid=1000(system) ConnectivitySer expire 3 lines
10-27 03:42:39.645  1996  2111 I chatty  : uid=1000(system) ActivityManager expire 10 lines
10-27 03:42:47.737  1996  2143 I chatty  : uid=1000(system) PowerManagerSer expire 6 lines
10-27 03:42:47.739  1996  2140 I chatty  : uid=1000(system) android.display expire 2 lines
10-27 03:42:54.769  1996  3445 I chatty  : uid=1000(system) Binder:1996_C expire 3 lines
10-27 03:43:08.443  1217  1360 E storaged: getDiskStats failed with result NOT_SUPPORTED and size 0
10-27 03:44:08.447  1217  1360 E storaged: getDiskStats failed with result NOT_SUPPORTED and size 0
10-27 03:47:23.157  1996  4432 I chatty  : uid=1000(system) Binder:1996_13 expire 4 lines
10-27 03:55:31.720  1996  2130 I chatty  : uid=1000(system) batterystats-wo expire 2 lines
10-27 03:58:24.734  1996  2113 I chatty  : uid=1000(system) ActivityManager expire 1 line
10-27 04:02:25.762  1217  1360 E storaged: getDiskStats failed with result NOT_SUPPORTED and size 0
10-27 04:05:23.636  1996  2527 I chatty  : uid=1000(system) Binder:1996_3 expire 6 lines
10-27 04:10:24.145  1996  2361 I chatty  : uid=1000(system) UEventObserver expire 4 lines
10-27 04:27:30.204  1996 15221 I chatty  : uid=1000(system) Binder:1996_1E expire 1 line
10-27 04:28:56.002  1217  1360 E storaged: getDiskStats failed with result NOT_SUPPORTED and size 0
10-27 04:32:23.902  1996  3915 I chatty  : uid=1000(system) Binder:1996_10 expire 2 lines
10-27 04:40:52.076  1996  3178 I chatty  : uid=1000(system) Binder:1996_8 expire 1 line
10-27 04:41:24.243  1996  2565 I chatty  : uid=1000(system) Binder:1996_4 expire 1 line
10-27 04:51:17.138  1996  2554 I chatty  : uid=1000 system_server expire 1 line
10-27 04:58:32.559  1996  2111 I chatty  : uid=1000(system) ActivityManager expire 1 line
10-27 05:08:24.920  1217  1360 E storaged: getDiskStats failed with result NOT_SUPPORTED and size 0
10-27 05:08:24.946  1996  3179 I chatty  : uid=1000(system) Binder:1996_9 expire 4 lines
10-27 05:21:17.022  1996  1996 I chatty  : uid=1000 system_server expire 11 lines
10-27 05:21:17.184  1996  2113 I chatty  : uid=1000(system) ActivityManager expire 10 lines
10-27 05:24:27.529  1996  2111 I chatty  : uid=1000(system) ActivityManager expire 10 lines
10-27 05:25:42.536  1996  3178 I chatty  : uid=1000(system) Binder:1996_8 expire 2 lines
10-27 05:25:49.627  1996  3915 I chatty  : uid=1000(system) Binder:1996_10 expire 1 line
10-27 05:25:49.670  1996  3445 I chatty  : uid=1000(system) Binder:1996_C expire 1 line
10-27 05:25:50.468  1996  2361 I chatty  : uid=1000(system) UEventObserver expire 9 lines
10-27 05:26:25.336  1996  5431 I chatty  : uid=1000(system) Binder:1996_14 expire 11 lines
10-27 05:40:55.749  1996  2110 I chatty  : uid=1000(system) android.bg expire 2 lines
10-27 05:40:55.826  1996  9078 I chatty  : uid=1000(system) Binder:1996_1A expire 3 lines
10-27 05:43:33.986  1217  1360 E storaged: getDiskStats failed with result NOT_SUPPORTED and size 0
10-27 06:02:27.362  1996 19319 I chatty  : uid=1000(system) Binder:1996_20 expire 5 lines
10-27 06:02:31.421  1996  2130 I chatty  : uid=1000(system) batterystats-wo expire 3 lines
10-27 06:02:33.701  1996  6929 I chatty  : uid=1000(system) Binder:1996_17 expire 4 lines
10-27 06:33:26.719  1217  1360 E storaged: getDiskStats failed with result NOT_SUPPORTED and size 0
10-27 07:00:00.927  1996  2514 I chatty  : uid=1000(system) ConnectivitySer expire 3 lines
10-27 07:00:27.516  1996  3931 I chatty  : uid=1000(system) Binder:1996_12 expire 5 lines
10-27 07:02:14.505  1996  6882 I chatty  : uid=1000(system) Binder:1996_16 expire 1 line
10-27 07:05:44.409  1996 14334 I chatty  : uid=1000(system) Binder:1996_1D expire 2 lines
10-27 07:05:44.885  1996  2143 I chatty  : uid=1000(system) PowerManagerSer expire 12 lines
10-27 07:05:44.886  1996  2140 I chatty  : uid=1000(system) android.display expire 8 lines
10-27 07:14:29.549  1217  1360 E storaged: getDiskStats failed with result NOT_SUPPORTED and size 0
10-27 07:14:44.011  1996  2013 I chatty  : uid=1000(system) Binder:1996_1 expire 8 lines
10-27 07:23:30.963  1996 10506 I chatty  : uid=1000(system) Binder:1996_1B expire 2 lines
10-27 07:40:38.262  1996  3913 I chatty  : uid=1000(system) Binder:1996_F expire 1 line
10-27 07:40:38.262  1996  6245 I chatty  : uid=1000(system) Binder:1996_15 expire 1 line
10-27 07:41:29.890  1996  2648 I chatty  : uid=1000(system) Binder:1996_5 expire 4 lines
10-27 07:41:29.893  1996  1996 I chatty  : uid=1000 system_server expire 1 line
10-27 07:47:54.042  3631  3631 W ActivityThread: serviceCreate starts in 23357 ms, CreateServiceData = CreateServiceData{token=android.os.BinderProxy@4ad25d8 className=cn.jpush.yyb.YYBJPushDaemonService packageName=com.tencent.android.qqdownloader intent=null}
10-27 07:47:54.043  3631  3631 W ActivityThread: serviceStart starts in 23357 ms, ServiceArgsData = ServiceArgsData{token=android.os.BinderProxy@4ad25d8 startId=101 args=Intent { flg=0x20 cmp=com.tencent.android.qqdownloader/cn.jpush.yyb.YYBJPushDaemonService }}
10-27 07:50:23.603  1996  2143 I chatty  : uid=1000(system) PowerManagerSer expire 14 lines
10-27 07:50:58.852  1996  2527 I chatty  : uid=1000(system) Binder:1996_3 expire 7 lines
10-27 07:51:30.405  1217  1360 E storaged: getDiskStats failed with result NOT_SUPPORTED and size 0
10-27 07:58:38.966  1996  3177 I chatty  : uid=1000(system) Binder:1996_7 expire 8 lines
10-27 08:05:08.209  1996 15221 I chatty  : uid=1000(system) Binder:1996_1E expire 4 lines
10-27 08:05:30.936  3977  3977 W ActivityThread: serviceCreate starts in 15266 ms, CreateServiceData = CreateServiceData{token=android.os.BinderProxy@b307038 className=com.sijla.common.HBS packageName=com.netease.newsreader.activity intent=null}
10-27 08:06:01.279  3977  3977 W ActivityThread: serviceCreate lasts for 30343 ms, CreateServiceData = CreateServiceData{token=android.os.BinderProxy@b307038 className=com.sijla.common.HBS packageName=com.netease.newsreader.activity intent=null}
10-27 08:06:01.280  3977  3977 W ActivityThread: serviceStart starts in 45609 ms, ServiceArgsData = ServiceArgsData{token=android.os.BinderProxy@b307038 startId=1 args=Intent { cmp=com.netease.newsreader.activity/com.sijla.common.HBS }}
10-27 08:08:30.619  1996  2113 I chatty  : uid=1000(system) ActivityManager expire 3 lines
10-27 08:09:02.732  1996  2112 I chatty  : uid=1000(system) android.ui expire 3 lines
10-27 08:09:02.930  1996 13547 I chatty  : uid=1000(system) Binder:1996_1C expire 4 lines
10-27 08:12:29.469  1996  2565 I chatty  : uid=1000(system) Binder:1996_4 expire 3 lines
10-27 08:12:32.161  4203  4203 W ActivityThread: serviceStart lasts for 171396 ms, ServiceArgsData = ServiceArgsData{token=android.os.BinderProxy@4ad25d8 startId=103 args=null}
10-27 08:16:32.869  1996  2111 I chatty  : uid=1000(system) ActivityManager expire 2 lines
10-27 08:21:31.960  1996  3614 I chatty  : uid=1000(system) Binder:1996_D expire 7 lines
10-27 08:21:45.739  4403  4403 W ActivityThread: serviceCreate starts in 6827 ms, CreateServiceData = CreateServiceData{token=android.os.BinderProxy@e0dc00e className=com.google.android.finsky.setup.PlaySetupServiceV2 packageName=com.android.vending intent=null}
10-27 08:22:30.670  1217  1360 E storaged: getDiskStats failed with result NOT_SUPPORTED and size 0
10-27 08:22:31.957  1996  3187 I chatty  : uid=1000(system) Binder:1996_A expire 3 lines
10-27 08:23:04.556  1996  2111 I chatty  : uid=1000(system) ActivityManager expire 10 lines
10-27 08:23:04.643  1996 15221 I chatty  : uid=1000(system) Binder:1996_1E expire 9 lines
10-27 08:23:16.714  1996  2113 I chatty  : uid=1000(system) ActivityManager expire 10 lines
