10-28 09:10:00.963  1218  1218 I wificond: Pno scan stopped
10-28 09:10:01.105  1996  3254 I chatty  : uid=1000(system) Binder:1996_B expire 4 lines
10-28 09:10:01.132  1996  2111 I chatty  : uid=1000(system) ActivityManager expire 10 lines
10-28 09:10:01.133  1996  3931 I chatty  : uid=1000(system) Binder:1996_12 expire 8 lines
10-28 09:10:01.178  1996  6882 I chatty  : uid=1000(system) Binder:1996_16 expire 6 lines
10-28 09:10:01.181  1996  2564 I chatty  : uid=1000(system) SyncManager expire 1 line
10-28 09:10:01.202  1996  9078 I chatty  : uid=1000(system) Binder:1996_1A expire 1 line
10-28 09:10:01.233  1996  2565 I chatty  : uid=1000(system) Binder:1996_4 expire 1 line
10-28 09:10:03.675  1996  2130 I chatty  : uid=1000(system) batterystats-wo expire 5 lines
10-28 09:10:04.478  1996  3187 I chatty  : uid=1000(system) Binder:1996_A expire 5 lines
10-28 09:10:25.955  1996  2417 I chatty  : uid=1000(system) AlarmManager expire 1 line
10-28 09:10:30.802  1996  2110 I chatty  : uid=1000(system) android.bg expire 4 lines
10-28 09:10:34.501  1996  2361 I chatty  : uid=1000(system) UEventObserver expire 10 lines
10-28 09:10:34.524  1996  3179 I chatty  : uid=1000(system) Binder:1996_9 expire 3 lines
10-28 09:10:55.984  1217  1360 E storaged: getDiskStats failed with result NOT_SUPPORTED and size 0
10-28 09:11:55.987  1217  1360 E storaged: getDiskStats failed with result NOT_SUPPORTED and size 0
10-28 09:12:12.764  1996  1996 I chatty  : uid=1000 system_server expire 10 lines
10-28 09:12:14.419  1996  2462 I chatty  : uid=1000(system) InputReader expire 4 lines
10-28 09:12:15.480  1218  1218 W wificond: Skip match ssid for pno scan: Asus, move, mesh1, moto g(7) 5993, Ap
10-28 09:12:15.480  1218  1218 I wificond: Pno scan started
10-28 09:12:36.923  1996 15221 I chatty  : uid=1000(system) Binder:1996_1E expire 1 line
10-28 09:12:55.992  1217  1360 E storaged: getDiskStats failed with result NOT_SUPPORTED and size 0
10-28 09:13:55.995  1217  1360 E storaged: getDiskStats failed with result NOT_SUPPORTED and size 0
10-28 09:14:55.998  1217  1360 E storaged: getDiskStats failed with result NOT_SUPPORTED and size 0
10-28 09:16:43.095  1217  1360 E storaged: getDiskStats failed with result NOT_SUPPORTED and size 0
10-28 09:16:43.110  1996  3445 I chatty  : uid=1000(system) Binder:1996_C expire 2 lines
10-28 09:17:15.794  1996  1996 I chatty  : uid=1000 system_server expire 24 lines
10-28 09:17:43.099  1217  1360 E storaged: getDiskStats failed with result NOT_SUPPORTED and size 0
10-28 09:19:00.912  1217  1360 E storaged: getDiskStats failed with result NOT_SUPPORTED and size 0
10-28 09:19:11.190  1996  2361 I chatty  : uid=1000(system) UEventObserver expire 5 lines
10-28 09:21:21.132  1217  1360 E storaged: getDiskStats failed with result NOT_SUPPORTED and size 0
10-28 09:21:55.546  1996  2111 I chatty  : uid=1000(system) ActivityManager expire 2 lines
10-28 09:22:00.293  1996  3614 I chatty  : uid=1000(system) Binder:1996_D expire 3 lines
10-28 09:22:00.369  1996  2143 I chatty  : uid=1000(system) PowerManagerSer expire 13 lines
10-28 09:22:00.541  1218  1218 I wificond: Pno scan stopped
10-28 09:22:00.750  1996  2112 I chatty  : uid=1000(system) android.ui expire 1 line
10-28 09:22:02.933  1996  5431 I chatty  : uid=1000(system) Binder:1996_14 expire 2 lines
10-28 09:22:06.161  1996  2013 I chatty  : uid=1000(system) Binder:1996_1 expire 1 line
10-28 09:22:10.363  1218  1218 W wificond: Skip match ssid for pno scan: Asus, move, mesh1, moto g(7) 5993, Ap
10-28 09:22:10.363  1218  1218 I wificond: Pno scan started
10-28 09:22:21.136  1217  1360 E storaged: getDiskStats failed with result NOT_SUPPORTED and size 0
10-28 09:23:21.139  1217  1360 E storaged: getDiskStats failed with result NOT_SUPPORTED and size 0
10-28 09:24:17.059  1996  2361 I chatty  : uid=1000(system) UEventObserver expire 10 lines
10-28 09:24:21.145  1217  1360 E storaged: getDiskStats failed with result NOT_SUPPORTED and size 0
10-28 09:24:43.339  1996  2113 I chatty  : uid=1000(system) ActivityManager expire 10 lines
10-28 09:25:04.313  1996  1996 I chatty  : uid=1000 system_server expire 6 lines
10-28 09:25:21.149  1217  1360 E storaged: getDiskStats failed with result NOT_SUPPORTED and size 0
10-28 09:25:23.081  1218  1218 I wificond: Unexpected empty scan result!
10-28 09:25:23.148  1996 15221 I chatty  : uid=1000(system) Binder:1996_1E expire 8 lines
10-28 09:25:23.167  1996  3187 I chatty  : uid=1000(system) Binder:1996_A expire 1 line
10-28 09:25:41.359  1996  6882 I chatty  : uid=1000(system) Binder:1996_16 expire 1 line
10-28 09:26:21.153  1217  1360 E storaged: getDiskStats failed with result NOT_SUPPORTED and size 0
10-28 09:28:08.236  1996  2111 I chatty  : uid=1000(system) ActivityManager expire 17 lines
10-28 09:28:42.690  1996  2130 I chatty  : uid=1000(system) batterystats-wo expire 1 line
10-28 09:29:20.491  1996  4432 I chatty  : uid=1000(system) Binder:1996_13 expire 9 lines
10-28 09:29:30.417  1217  1360 E storaged: getDiskStats failed with result NOT_SUPPORTED and size 0
10-28 09:29:38.475  1996  5431 I chatty  : uid=1000(system) Binder:1996_14 expire 3 lines
10-28 09:30:48.104  1217  1360 E storaged: getDiskStats failed with result NOT_SUPPORTED and size 0
10-28 09:31:03.509  1996  9078 I chatty  : uid=1000(system) Binder:1996_1A expire 2 lines
10-28 09:31:48.107  1217  1360 E storaged: getDiskStats failed with result NOT_SUPPORTED and size 0
10-28 09:32:48.109  1217  1360 E storaged: getDiskStats failed with result NOT_SUPPORTED and size 0
10-28 09:33:12.333  1996  7481 I chatty  : uid=1000(system) Binder:1996_18 expire 6 lines
10-28 09:33:12.334  1996  2514 I chatty  : uid=1000(system) ConnectivitySer expire 15 lines
10-28 09:34:06.144  1996  3614 I chatty  : uid=1000(system) Binder:1996_D expire 5 lines
10-28 09:34:20.382  1996  3913 I chatty  : uid=1000(system) Binder:1996_F expire 2 lines
10-28 09:35:36.632  1996 16590 I chatty  : uid=1000(system) Binder:1996_1F expire 2 lines
10-28 09:35:37.515  1218  1218 W wificond: Scan is not started. Ignore abort request
10-28 09:35:37.708  1218  1218 I wificond: Pno scan stopped
10-28 09:35:37.715  1996  2509 I chatty  : uid=1000(system) WifiStateMachin expire 3 lines
10-28 09:35:41.533  1996  3445 I chatty  : uid=1000(system) Binder:1996_C expire 1 line
10-28 09:35:42.066  1217  1360 E storaged: getDiskStats failed with result NOT_SUPPORTED and size 0
10-28 09:35:42.130  1996 19319 I chatty  : uid=1000(system) Binder:1996_20 expire 4 lines
10-28 09:35:47.982 32293 32293 W ActivityThread: serviceStart lasts for 5846 ms, ServiceArgsData = ServiceArgsData{token=android.os.BinderProxy@faf8423 startId=1 args=Intent { cmp=com.netease.newsreader.activity/com.netease.newsreader.support.push.gt.PushNewGTCoreService (has extras) }}
10-28 09:35:47.982 32293 32293 W ActivityThread: serviceStart starts in 6227 ms, ServiceArgsData = ServiceArgsData{token=android.os.BinderProxy@faf8423 startId=2 args=Intent { cmp=com.netease.newsreader.activity/com.netease.newsreader.support.push.gt.PushNewGTCoreService (has extras) }}
10-28 09:35:47.983 32293 32293 W ActivityThread: serviceStart starts in 6228 ms, ServiceArgsData = ServiceArgsData{token=android.os.BinderProxy@faf8423 startId=3 args=Intent { cmp=com.netease.newsreader.activity/com.netease.newsreader.support.push.gt.PushNewGTCoreService (has extras) }}
10-28 09:35:47.984 32293 32293 W ActivityThread: serviceStart starts in 6229 ms, ServiceArgsData = ServiceArgsData{token=android.os.BinderProxy@faf8423 startId=4 args=Intent { cmp=com.netease.newsreader.activity/com.netease.newsreader.support.push.gt.PushNewGTCoreService (has extras) }}
10-28 09:35:47.985 32293 32293 W ActivityThread: serviceStart starts in 6230 ms, ServiceArgsData = ServiceArgsData{token=android.os.BinderProxy@faf8423 startId=5 args=Intent { cmp=com.netease.newsreader.activity/com.netease.newsreader.support.push.gt.PushNewGTCoreService (has extras) }}
10-28 09:35:47.986 32293 32293 W ActivityThread: serviceStart starts in 6231 ms, ServiceArgsData = ServiceArgsData{token=android.os.BinderProxy@faf8423 startId=6 args=Intent { cmp=com.netease.newsreader.activity/com.netease.newsreader.support.push.gt.PushNewGTCoreService (has extras) }}
10-28 09:35:47.986 32293 32293 W ActivityThread: serviceStart starts in 6231 ms, ServiceArgsData = ServiceArgsData{token=android.os.BinderProxy@faf8423 startId=7 args=Intent { cmp=com.netease.newsreader.activity/com.netease.newsreader.support.push.gt.PushNewGTCoreService (has extras) }}
10-28 09:35:47.988 32293 32293 W ActivityThread: serviceStart starts in 6233 ms, ServiceArgsData = ServiceArgsData{token=android.os.BinderProxy@faf8423 startId=8 args=Intent { cmp=com.netease.newsreader.activity/com.netease.newsreader.support.push.gt.PushNewGTCoreService (has extras) }}
10-28 09:35:48.274 32353 32353 W ActivityThread: serviceCreate starts in 6216 ms, CreateServiceData = CreateServiceData{token=android.os.BinderProxy@2a4f9dd className=com.sijla.common.HBS packageName=com.netease.newsreader.activity intent=null}
10-28 09:35:48.513 32353 32353 W ActivityThread: serviceStart starts in 6454 ms, ServiceArgsData = ServiceArgsData{token=android.os.BinderProxy@2a4f9dd startId=1 args=Intent { cmp=com.netease.newsreader.activity/com.sijla.common.HBS }}
10-28 09:36:00.443  1996 13547 I chatty  : uid=1000(system) Binder:1996_1C expire 4 lines
10-28 09:36:07.765  1996 14334 I chatty  : uid=1000(system) Binder:1996_1D expire 2 lines
10-28 09:36:11.435  1996  2514 I chatty  : uid=1000(system) ConnectivitySer expire 19 lines
10-28 09:36:17.486  1996  2565 I chatty  : uid=1000(system) Binder:1996_4 expire 2 lines
10-28 09:36:50.693  1996  6245 I chatty  : uid=1000(system) Binder:1996_15 expire 6 lines
10-28 09:36:53.196  1996  2361 I chatty  : uid=1000(system) UEventObserver expire 5 lines
10-28 09:36:56.028  1217  1360 E storaged: getDiskStats failed with result NOT_SUPPORTED and size 0
10-28 09:37:45.263  1218  1218 W wificond: Skip match ssid for pno scan: B, Asus, move, moto g(7) 5993, Ap
10-28 09:37:45.280  1218  1218 I wificond: Pno scan started
10-28 09:37:45.311  1218  1218 W wificond: Scan aborted
10-28 09:37:45.326  1996  3254 I chatty  : uid=1000(system) Binder:1996_B expire 1 line
10-28 09:37:45.384  1996  3931 I chatty  : uid=1000(system) Binder:1996_12 expire 1 line
10-28 09:37:45.505  1996  2140 I chatty  : uid=1000(system) android.display expire 7 lines
10-28 09:37:45.597  1996  2113 I chatty  : uid=1000(system) ActivityManager expire 3 lines
10-28 09:37:45.771  1996  3918 I chatty  : uid=1000(system) Binder:1996_11 expire 2 lines
10-28 09:37:45.907  1996  3915 I chatty  : uid=1000(system) Binder:1996_10 expire 2 lines
10-28 09:38:14.194  1996 10506 I chatty  : uid=1000(system) Binder:1996_1B expire 2 lines
10-28 09:38:17.502  1217  1360 E storaged: getDiskStats failed with result NOT_SUPPORTED and size 0
10-28 09:38:18.789  1996  3912 I chatty  : uid=1000(system) Binder:1996_E expire 1 line
10-28 09:38:31.476  1218  1218 I wificond: Pno scan result ready event
10-28 09:38:39.245  1996  2111 I chatty  : uid=1000(system) ActivityManager expire 3 lines
10-28 09:38:56.302  1218  1218 I wificond: Pno scan stopped
10-28 09:38:56.315  1218  1218 W wificond: Skip match ssid for pno scan: mesh1, Asus, move, moto g(7) 5993, Ap
10-28 09:38:56.316  1218  1218 I wificond: Pno scan started
10-28 09:38:57.471  1218  1218 I wificond: Pno scan result ready event
10-28 09:38:59.826  1996  2527 I chatty  : uid=1000(system) Binder:1996_3 expire 4 lines
10-28 09:39:24.849  1217  1360 E storaged: getDiskStats failed with result NOT_SUPPORTED and size 0
10-28 09:39:24.864  1996  8488 I chatty  : uid=1000(system) Binder:1996_19 expire 1 line
10-28 09:39:33.475  1996  2110 I chatty  : uid=1000(system) android.bg expire 1 line
10-28 09:39:37.518  1218  1218 I wificond: Pno scan stopped
10-28 09:39:37.532  1218  1218 W wificond: Skip match ssid for pno scan: mesh1, Asus, move, moto g(7) 5993, Ap
10-28 09:39:37.533  1218  1218 I wificond: Pno scan started
10-28 09:40:18.656  1996  2143 I chatty  : uid=1000(system) PowerManagerSer expire 15 lines
10-28 09:40:42.701  1217  1360 E storaged: getDiskStats failed with result NOT_SUPPORTED and size 0
10-28 09:40:44.397  1996  2143 I chatty  : uid=1000(system) PowerManagerSer expire 3 lines
10-28 09:40:55.914  1996  3177 I chatty  : uid=1000(system) Binder:1996_7 expire 2 lines
10-28 09:41:26.858  1996  3915 I chatty  : uid=1000(system) Binder:1996_10 expire 3 lines
10-28 09:41:32.953  1996  2111 I chatty  : uid=1000(system) ActivityManager expire 10 lines
10-28 09:41:39.066  1996  3912 I chatty  : uid=1000(system) Binder:1996_E expire 9 lines
10-28 09:42:00.156  1996  4432 I chatty  : uid=1000(system) Binder:1996_13 expire 10 lines
10-28 09:42:00.169  1996  2361 I chatty  : uid=1000(system) UEventObserver expire 10 lines
10-28 09:42:02.606  1217  1360 E storaged: getDiskStats failed with result NOT_SUPPORTED and size 0
10-28 09:42:02.890  1996  2527 I chatty  : uid=1000(system) Binder:1996_3 expire 3 lines
10-28 09:42:03.025  1996  1373 I chatty  : uid=1000 system_server expire 1 line
10-28 09:43:10.515  1217  1360 E storaged: getDiskStats failed with result NOT_SUPPORTED and size 0
10-28 09:43:56.100  1996  2130 I chatty  : uid=1000(system) batterystats-wo expire 3 lines
10-28 09:44:37.169  1996  6929 I chatty  : uid=1000(system) Binder:1996_17 expire 4 lines
10-28 09:46:20.578  1217  1360 E storaged: getDiskStats failed with result NOT_SUPPORTED and size 0
10-28 09:48:08.192  1996  2565 I chatty  : uid=1000(system) Binder:1996_4 expire 10 lines
10-28 09:48:09.785  1217  1360 E storaged: getDiskStats failed with result NOT_SUPPORTED and size 0
10-28 09:48:28.204  1996  6245 I chatty  : uid=1000(system) Binder:1996_15 expire 8 lines
10-28 09:49:26.727  1217  1360 E storaged: getDiskStats failed with result NOT_SUPPORTED and size 0
10-28 09:50:34.821  1996  2113 I chatty  : uid=1000(system) ActivityManager expire 8 lines
10-28 09:50:35.095  1217  1360 E storaged: getDiskStats failed with result NOT_SUPPORTED and size 0
10-28 09:51:08.192  1996  3931 I chatty  : uid=1000(system) Binder:1996_12 expire 7 lines
10-28 09:51:35.096  1217  1360 E storaged: getDiskStats failed with result NOT_SUPPORTED and size 0
10-28 09:53:03.944  1217  1360 E storaged: getDiskStats failed with result NOT_SUPPORTED and size 0
10-28 09:53:37.338  1996  2143 I chatty  : uid=1000(system) PowerManagerSer expire 21 lines
10-28 09:53:37.352  1996  2140 I chatty  : uid=1000(system) android.display expire 10 lines
10-28 09:55:33.460  1996  2361 I chatty  : uid=1000(system) UEventObserver expire 8 lines
10-28 09:55:33.653  1996  2111 I chatty  : uid=1000(system) ActivityManager expire 9 lines
10-28 09:55:36.817  1217  1360 E storaged: getDiskStats failed with result NOT_SUPPORTED and size 0
10-28 09:55:36.825  1996  2143 I chatty  : uid=1000(system) PowerManagerSer expire 11 lines
10-28 09:57:43.078  1996  2110 I chatty  : uid=1000(system) android.bg expire 1 line
10-28 09:57:51.112  1217  1360 E storaged: getDiskStats failed with result NOT_SUPPORTED and size 0
10-28 09:57:53.192  1218  1218 W wificond: Scan aborted
10-28 09:57:53.285  1218  1218 I wificond: Pno scan stopped
10-28 09:57:53.298  1996  2509 I chatty  : uid=1000(system) WifiStateMachin expire 1 line
10-28 09:57:53.298  1996  2514 I chatty  : uid=1000(system) ConnectivitySer expire 18 lines
10-28 09:57:53.628  1996  8488 I chatty  : uid=1000(system) Binder:1996_19 expire 1 line
10-28 09:57:53.629  1996  3179 I chatty  : uid=1000(system) Binder:1996_9 expire 1 line
10-28 09:57:53.671  1996  4432 I chatty  : uid=1000(system) Binder:1996_13 expire 3 lines
10-28 09:58:06.260  1996  3614 I chatty  : uid=1000(system) Binder:1996_D expire 2 lines
10-28 09:58:51.113  1217  1360 E storaged: getDiskStats failed with result NOT_SUPPORTED and size 0
10-28 09:59:05.803  1996  2514 I chatty  : uid=1000(system) ConnectivitySer expire 4 lines
10-28 09:59:09.219  1996  5431 I chatty  : uid=1000(system) Binder:1996_14 expire 2 lines
10-28 09:59:14.229  1996  3445 I chatty  : uid=1000(system) Binder:1996_C expire 10 lines
10-28 09:59:22.369  1996  3918 I chatty  : uid=1000(system) Binder:1996_11 expire 1 line
10-28 09:59:28.291  1996  2139 I chatty  : uid=1000(system) android.io expire 2 lines
10-28 09:59:51.115  1217  1360 E storaged: getDiskStats failed with result NOT_SUPPORTED and size 0
10-28 10:00:52.135  1217  1360 E storaged: getDiskStats failed with result NOT_SUPPORTED and size 0
10-28 10:02:19.926  1217  1360 E storaged: getDiskStats failed with result NOT_SUPPORTED and size 0
10-28 10:03:37.420  1996  2113 I chatty  : uid=1000(system) ActivityManager expire 10 lines
10-28 10:03:37.504  1996  8488 I chatty  : uid=1000(system) Binder:1996_19 expire 3 lines
10-28 10:03:37.624  8119 11302 E ActivityThread: Failed to find provider info for com.motorola.ccc.cce.datausage
10-28 10:03:39.406  8119 18928 E ActivityThread: Failed to find provider info for com.motorola.ccc.cce.datausage
10-28 10:03:40.378  1996  3912 I chatty  : uid=1000(system) Binder:1996_E expire 12 lines
10-28 10:03:40.386  1996  3918 I chatty  : uid=1000(system) Binder:1996_11 expire 12 lines
10-28 10:03:40.388  1996  2514 I chatty  : uid=1000(system) ConnectivitySer expire 12 lines
10-28 10:03:40.513  4343  4388 E ActivityThread: Failed to find provider info for com.vivo.push.sdk.service.SystemPushConfig
10-28 10:03:40.563  4343  4388 E ActivityThread: Failed to find provider info for com.vivo.push.sdk.service.SystemPushConfig
10-28 10:03:58.542  1996  2111 I chatty  : uid=1000(system) ActivityManager expire 10 lines
10-28 10:04:10.871  1996  2361 I chatty  : uid=1000(system) UEventObserver expire 10 lines
10-28 10:04:12.225  1217  1360 E storaged: getDiskStats failed with result NOT_SUPPORTED and size 0
10-28 10:04:13.092  1996  6245 I chatty  : uid=1000(system) Binder:1996_15 expire 1 line
10-28 10:04:13.094  1996  2514 I chatty  : uid=1000(system) ConnectivitySer expire 4 lines
10-28 10:04:13.458  1996  4565 I chatty  : uid=1000 system_server expire 1 line
10-28 10:04:14.512  1996  3445 I chatty  : uid=1000(system) Binder:1996_C expire 5 lines
10-28 10:04:20.459  1996  3931 I chatty  : uid=1000(system) Binder:1996_12 expire 3 lines
10-28 10:05:13.455  1996  2143 I chatty  : uid=1000(system) PowerManagerSer expire 12 lines
10-28 10:05:13.469  1996  2140 I chatty  : uid=1000(system) android.display expire 10 lines
10-28 10:05:16.484  1217  1360 E storaged: getDiskStats failed with result NOT_SUPPORTED and size 0
10-28 10:08:08.249  1996  2417 I chatty  : uid=1000(system) AlarmManager expire 2 lines
10-28 10:08:14.826  1996 15221 I chatty  : uid=1000(system) Binder:1996_1E expire 10 lines
10-28 10:08:14.842  1996  2648 I chatty  : uid=1000(system) Binder:1996_5 expire 4 lines
10-28 10:08:17.795  1996  2013 I chatty  : uid=1000(system) Binder:1996_1 expire 12 lines
10-28 10:08:28.356  1996  2565 I chatty  : uid=1000(system) Binder:1996_4 expire 9 lines
10-28 10:08:30.658  1217  1360 E storaged: getDiskStats failed with result NOT_SUPPORTED and size 0
10-28 10:09:35.956  1217  1360 E storaged: getDiskStats failed with result NOT_SUPPORTED and size 0
10-28 10:10:35.957  1217  1360 E storaged: getDiskStats failed with result NOT_SUPPORTED and size 0
10-28 10:11:43.156  1217  1360 E storaged: getDiskStats failed with result NOT_SUPPORTED and size 0
10-28 10:12:14.568  1996  2130 I chatty  : uid=1000(system) batterystats-wo expire 2 lines
10-28 10:13:16.835  3131  3131 W ActivityThread: serviceStart lasts for 9566 ms, ServiceArgsData = ServiceArgsData{token=android.os.BinderProxy@e18c4c6 startId=1 args=Intent { act=com.google.android.checkin.CHECKIN_COMPLETE flg=0x1000010 cmp=com.google.android.gms/.chimera.GmsIntentOperationService (has extras) }}
10-28 10:13:16.835  3131  3131 W ActivityThread: serviceStart starts in 9557 ms, ServiceArgsData = ServiceArgsData{token=android.os.BinderProxy@e18c4c6 startId=2 args=Intent { act=com.google.android.chimera.container.IntentOperationService.KEEPALIVE cmp=com.google.android.gms/.chimera.GmsIntentOperationService }}
10-28 10:14:14.366  1996  2143 I chatty  : uid=1000(system) PowerManagerSer expire 20 lines
10-28 10:14:24.248  1217  1360 E storaged: getDiskStats failed with result NOT_SUPPORTED and size 0
10-28 10:14:29.274  1996  2110 I chatty  : uid=1000(system) android.bg expire 1 line
10-28 10:14:29.329  1996 19319 I chatty  : uid=1000(system) Binder:1996_20 expire 1 line
10-28 10:14:29.330  1996  9078 I chatty  : uid=1000(system) Binder:1996_1A expire 2 lines
10-28 10:14:32.600  1996 16590 I chatty  : uid=1000(system) Binder:1996_1F expire 5 lines
10-28 10:14:41.414  1996  3614 I chatty  : uid=1000(system) Binder:1996_D expire 2 lines
10-28 10:15:37.462  1996  2111 I chatty  : uid=1000(system) ActivityManager expire 7 lines
10-28 10:17:27.994  1217  1360 E storaged: getDiskStats failed with result NOT_SUPPORTED and size 0
10-28 10:18:27.836  1996  2361 I chatty  : uid=1000(system) UEventObserver expire 4 lines
10-28 10:18:27.995  1217  1360 E storaged: getDiskStats failed with result NOT_SUPPORTED and size 0
10-28 10:19:22.521  1996  2013 I chatty  : uid=1000(system) Binder:1996_1 expire 7 lines
10-28 10:19:35.717  1217  1360 E storaged: getDiskStats failed with result NOT_SUPPORTED and size 0
10-28 10:20:52.496  1217  1360 E storaged: getDiskStats failed with result NOT_SUPPORTED and size 0
10-28 10:21:10.138  1996 15221 I chatty  : uid=1000(system) Binder:1996_1E expire 5 lines
10-28 10:21:31.600  1996  2113 I chatty  : uid=1000(system) ActivityManager expire 1 line
10-28 10:21:58.977  1217  1360 E storaged: getDiskStats failed with result NOT_SUPPORTED and size 0
10-28 10:22:11.622  1996  3918 I chatty  : uid=1000(system) Binder:1996_11 expire 6 lines
10-28 10:24:45.034  1217  1360 E storaged: getDiskStats failed with result NOT_SUPPORTED and size 0
10-28 10:24:45.375  1996  2361 I chatty  : uid=1000(system) UEventObserver expire 10 lines
10-28 10:25:06.283  1996  2130 I chatty  : uid=1000(system) batterystats-wo expire 2 lines
10-28 10:25:06.486  1996 16590 I chatty  : uid=1000(system) Binder:1996_1F expire 10 lines
10-28 10:27:51.822  1996  2111 I chatty  : uid=1000(system) ActivityManager expire 10 lines
10-28 10:28:13.225  1996 15221 I chatty  : uid=1000(system) Binder:1996_1E expire 4 lines
10-28 10:28:27.557  1217  1360 E storaged: getDiskStats failed with result NOT_SUPPORTED and size 0
10-28 10:28:28.224  1996  2565 I chatty  : uid=1000(system) Binder:1996_4 expire 7 lines
10-28 10:29:09.251  1996  3254 I chatty  : uid=1000(system) Binder:1996_B expire 12 lines
10-28 10:29:28.010  1996  2143 I chatty  : uid=1000(system) PowerManagerSer expire 12 lines
10-28 10:29:28.032  1996  2140 I chatty  : uid=1000(system) android.display expire 12 lines
10-28 10:29:37.113  1217  1360 E storaged: getDiskStats failed with result NOT_SUPPORTED and size 0
10-28 10:30:39.608  1996  3614 I chatty  : uid=1000(system) Binder:1996_D expire 6 lines
10-28 10:30:43.013  1217  1360 E storaged: getDiskStats failed with result NOT_SUPPORTED and size 0
10-28 10:30:49.238  1996  2110 I chatty  : uid=1000(system) android.bg expire 2 lines
10-28 10:31:08.209  1996  9078 I chatty  : uid=1000(system) Binder:1996_1A expire 6 lines
10-28 10:31:27.584  1996  2113 I chatty  : uid=1000(system) ActivityManager expire 9 lines
10-28 10:31:44.508  1217  1360 E storaged: getDiskStats failed with result NOT_SUPPORTED and size 0
10-28 10:33:12.232  1996  3913 I chatty  : uid=1000(system) Binder:1996_F expire 2 lines
10-28 10:33:13.869  1996  2468 I chatty  : uid=1000(system) NetworkWatchlis expire 2 lines
10-28 10:33:13.884  1996  1996 I chatty  : uid=1000 system_server expire 5 lines
10-28 10:33:22.490  1217  1360 E storaged: getDiskStats failed with result NOT_SUPPORTED and size 0
10-28 10:33:44.401  1996  4432 I chatty  : uid=1000(system) Binder:1996_13 expire 5 lines
10-28 10:33:49.431  1996 16590 I chatty  : uid=1000(system) Binder:1996_1F expire 5 lines
10-28 10:34:04.562  1996  5431 I chatty  : uid=1000(system) Binder:1996_14 expire 10 lines
10-28 10:34:17.773  1996  2111 I chatty  : uid=1000(system) ActivityManager expire 9 lines
10-28 10:34:25.553  1217  1360 E storaged: getDiskStats failed with result NOT_SUPPORTED and size 0
10-28 10:34:39.872  1996  2514 I chatty  : uid=1000(system) ConnectivitySer expire 2 lines
10-28 10:34:41.253  1996  3445 I chatty  : uid=1000(system) Binder:1996_C expire 3 lines
10-28 10:41:42.075  1996  3179 I chatty  : uid=1000(system) Binder:1996_9 expire 2 lines
10-28 10:46:04.222  1217  1360 E storaged: getDiskStats failed with result NOT_SUPPORTED and size 0
10-28 10:54:43.486  1996  2143 I chatty  : uid=1000(system) PowerManagerSer expire 13 lines
10-28 10:54:48.263  1996  7481 I chatty  : uid=1000(system) Binder:1996_18 expire 3 lines
10-28 10:57:21.802  1996  3931 I chatty  : uid=1000(system) Binder:1996_12 expire 4 lines
10-28 11:04:34.541  1217  1360 E storaged: getDiskStats failed with result NOT_SUPPORTED and size 0
10-28 11:05:20.591  1996  2361 I chatty  : uid=1000(system) UEventObserver expire 2 lines
10-28 11:08:50.342  1996  2143 I chatty  : uid=1000(system) PowerManagerSer expire 13 lines
10-28 11:08:54.877  1996 13547 I chatty  : uid=1000(system) Binder:1996_1C expire 1 line
10-28 11:08:57.835  1996 14334 I chatty  : uid=1000(system) Binder:1996_1D expire 5 lines
10-28 11:09:47.141  7888  7888 W ActivityThread: serviceStart lasts for 46408 ms, ServiceArgsData = ServiceArgsData{token=android.os.BinderProxy@4ad25d8 startId=199 args=null}
10-28 11:21:12.367  1217  1360 E storaged: getDiskStats failed with result NOT_SUPPORTED and size 0
10-28 11:24:29.456  1996  2143 I chatty  : uid=1000(system) PowerManagerSer expire 6 lines
10-28 11:24:29.488  1996  2140 I chatty  : uid=1000(system) android.display expire 2 lines
10-28 11:24:30.283  1996  2014 I chatty  : uid=1000(system) Binder:1996_2 expire 1 line
10-28 11:24:49.607  1996  3177 I chatty  : uid=1000(system) Binder:1996_7 expire 1 line
10-28 11:24:49.653  1996  2664 I chatty  : uid=1000(system) Binder:1996_6 expire 1 line
10-28 11:24:49.758  1996  3915 I chatty  : uid=1000(system) Binder:1996_10 expire 1 line
10-28 11:24:50.244  8119 11302 E ActivityThread: Failed to find provider info for com.motorola.ccc.cce.datausage
10-28 11:24:51.210  5547  3594 E ActivityThread: Failed to find provider info for com.motorola.ccc.cce.datausage
10-28 11:24:51.269  8119 12490 E ActivityThread: Failed to find provider info for com.motorola.ccc.cce.datausage
10-28 11:24:51.976  8119 18928 E ActivityThread: Failed to find provider info for com.motorola.ccc.cce.datausage
10-28 11:24:52.575  1996  5431 I chatty  : uid=1000(system) Binder:1996_14 expire 7 lines
10-28 11:24:53.477  8119 12490 E ActivityThread: Failed to find provider info for com.motorola.ccc.cce.datausage
10-28 11:24:55.536  8119 11278 E ActivityThread: Failed to find provider info for com.motorola.ccc.cce.datausage
10-28 11:24:56.025  1996  2113 I chatty  : uid=1000(system) ActivityManager expire 15 lines
10-28 11:25:04.980  1996 14334 I chatty  : uid=1000(system) Binder:1996_1D expire 11 lines
10-28 11:25:35.532  1217  1360 E storaged: getDiskStats failed with result NOT_SUPPORTED and size 0
10-28 11:25:37.526  1996  2361 I chatty  : uid=1000(system) UEventObserver expire 10 lines
10-28 11:25:50.599  1996  3187 I chatty  : uid=1000(system) Binder:1996_A expire 3 lines
10-28 11:25:50.612  1996  3177 I chatty  : uid=1000(system) Binder:1996_7 expire 3 lines
10-28 11:26:32.864  1996  2111 I chatty  : uid=1000(system) ActivityManager expire 11 lines
10-28 11:26:35.535  1217  1360 E storaged: getDiskStats failed with result NOT_SUPPORTED and size 0
10-28 11:26:40.501  1996 16590 I chatty  : uid=1000(system) Binder:1996_1F expire 4 lines
10-28 11:27:35.537  1217  1360 E storaged: getDiskStats failed with result NOT_SUPPORTED and size 0
10-28 11:28:35.539  1217  1360 E storaged: getDiskStats failed with result NOT_SUPPORTED and size 0
10-28 11:28:52.316  1996  2565 I chatty  : uid=1000(system) Binder:1996_4 expire 8 lines
10-28 11:35:43.619  1996  2130 I chatty  : uid=1000(system) batterystats-wo expire 6 lines
10-28 11:41:16.497  1217  1360 E storaged: getDiskStats failed with result NOT_SUPPORTED and size 0
10-28 11:47:34.183  1996  3614 I chatty  : uid=1000(system) Binder:1996_D expire 4 lines
10-28 11:47:34.185  1996  2014 I chatty  : uid=1000(system) Binder:1996_2 expire 2 lines
10-28 11:47:34.185  1996  2514 I chatty  : uid=1000(system) ConnectivitySer expire 16 lines
10-28 11:48:11.748  1996  3178 I chatty  : uid=1000(system) Binder:1996_8 expire 9 lines
10-28 11:48:47.977  8933  8933 W ActivityThread: serviceCreate starts in 36530 ms, CreateServiceData = CreateServiceData{token=android.os.BinderProxy@e0dc00e className=com.google.android.finsky.setup.PlaySetupServiceV2 packageName=com.android.vending intent=null}
10-28 11:51:40.468  1996  2142 I chatty  : uid=1000(system) CpuTracker expire 2 lines
10-28 11:51:49.731  1996  3912 I chatty  : uid=1000(system) Binder:1996_E expire 6 lines
10-28 11:52:14.558  1996 10506 I chatty  : uid=1000(system) Binder:1996_1B expire 1 line
10-28 12:04:10.897  1217  1360 E storaged: getDiskStats failed with result NOT_SUPPORTED and size 0
10-28 12:17:46.402  1996  7481 I chatty  : uid=1000(system) Binder:1996_18 expire 5 lines
10-28 12:24:52.328  1217  1360 E storaged: getDiskStats failed with result NOT_SUPPORTED and size 0
10-28 12:29:11.173  1996  6882 I chatty  : uid=1000(system) Binder:1996_16 expire 5 lines
10-28 12:42:53.574  1996  2110 I chatty  : uid=1000(system) android.bg expire 3 lines
10-28 12:47:29.225  1217  1360 E storaged: getDiskStats failed with result NOT_SUPPORTED and size 0
10-28 12:47:45.367  1996  8488 I chatty  : uid=1000(system) Binder:1996_19 expire 1 line
10-28 12:49:54.944  1996  3915 I chatty  : uid=1000(system) Binder:1996_10 expire 2 lines
10-28 13:00:20.084  1996 13547 I chatty  : uid=1000(system) Binder:1996_1C expire 6 lines
10-28 13:03:06.808  1996  3918 I chatty  : uid=1000(system) Binder:1996_11 expire 1 line
10-28 13:08:36.920  1217  1360 E storaged: getDiskStats failed with result NOT_SUPPORTED and size 0
10-28 13:08:36.992  9801  9801 W ActivityThread: serviceCreate starts in 3621 ms, CreateServiceData = CreateServiceData{token=android.os.BinderProxy@4ad25d8 className=cn.jpush.yyb.YYBJPushDaemonService packageName=com.tencent.android.qqdownloader intent=null}
10-28 13:08:36.992  9801  9801 W ActivityThread: serviceStart starts in 3621 ms, ServiceArgsData = ServiceArgsData{token=android.os.BinderProxy@4ad25d8 startId=205 args=null}
10-28 13:08:46.344  1996  2361 I chatty  : uid=1000(system) UEventObserver expire 2 lines
10-28 13:09:35.923  1996 14334 I chatty  : uid=1000(system) Binder:1996_1D expire 8 lines
10-28 13:10:36.418  9876  9876 W ActivityThread: serviceCreate starts in 58284 ms, CreateServiceData = CreateServiceData{token=android.os.BinderProxy@e0dc00e className=com.google.android.finsky.setup.PlaySetupServiceV2 packageName=com.android.vending intent=null}
10-28 13:14:51.640  1996  2648 I chatty  : uid=1000(system) Binder:1996_5 expire 5 lines
10-28 13:17:28.725  1996  3931 I chatty  : uid=1000(system) Binder:1996_12 expire 6 lines
10-28 13:25:13.135  1996  2417 I chatty  : uid=1000(system) AlarmManager expire 2 lines
10-28 13:25:13.885  1996 19319 I chatty  : uid=1000(system) Binder:1996_20 expire 2 lines
10-28 13:25:14.194  8119 11302 E ActivityThread: Failed to find provider info for com.motorola.ccc.cce.datausage
10-28 13:25:14.229  1996  2113 I chatty  : uid=1000(system) ActivityManager expire 3 lines
10-28 13:25:14.516  1996  2111 I chatty  : uid=1000(system) ActivityManager expire 5 lines
10-28 13:25:14.752  1996  2013 I chatty  : uid=1000(system) Binder:1996_1 expire 11 lines
10-28 13:25:15.848  8119 18928 E ActivityThread: Failed to find provider info for com.motorola.ccc.cce.datausage
10-28 13:25:17.327  1996  3254 I chatty  : uid=1000(system) Binder:1996_B expire 3 lines
10-28 13:25:25.138  1217  1360 E storaged: getDiskStats failed with result NOT_SUPPORTED and size 0
10-28 13:25:26.813  1996  3445 I chatty  : uid=1000(system) Binder:1996_C expire 3 lines
10-28 13:25:33.670  1996  3179 I chatty  : uid=1000(system) Binder:1996_9 expire 5 lines
10-28 13:25:44.574  1996 15221 I chatty  : uid=1000(system) Binder:1996_1E expire 1 line
10-28 13:25:47.042  1996  2514 I chatty  : uid=1000(system) ConnectivitySer expire 2 lines
10-28 13:25:54.792  1996  2143 I chatty  : uid=1000(system) PowerManagerSer expire 7 lines
10-28 13:25:54.825  1996  2140 I chatty  : uid=1000(system) android.display expire 10 lines
10-28 13:26:23.897  1996  2111 I chatty  : uid=1000(system) ActivityManager expire 10 lines
10-28 13:26:25.141  1217  1360 E storaged: getDiskStats failed with result NOT_SUPPORTED and size 0
10-28 13:26:27.045  1996  2514 I chatty  : uid=1000(system) ConnectivitySer expire 11 lines
10-28 13:26:28.269  1996  2361 I chatty  : uid=1000(system) UEventObserver expire 10 lines
10-28 13:26:50.684  1996  2113 I chatty  : uid=1000(system) ActivityManager expire 10 lines
10-28 13:27:10.957  1996  7481 I chatty  : uid=1000(system) Binder:1996_18 expire 7 lines
10-28 13:27:25.144  1217  1360 E storaged: getDiskStats failed with result NOT_SUPPORTED and size 0
10-28 13:28:56.363  1217  1360 E storaged: getDiskStats failed with result NOT_SUPPORTED and size 0
10-28 13:29:35.423  1996  2527 I chatty  : uid=1000(system) Binder:1996_3 expire 2 lines
10-28 13:32:46.144  1996  3913 I chatty  : uid=1000(system) Binder:1996_F expire 6 lines
10-28 13:35:49.994  1996 16590 I chatty  : uid=1000(system) Binder:1996_1F expire 4 lines
10-28 13:40:25.263  1996  2130 I chatty  : uid=1000(system) batterystats-wo expire 3 lines
10-28 13:48:54.880  1217  1360 E storaged: getDiskStats failed with result NOT_SUPPORTED and size 0
10-28 13:50:05.109  1996 14334 I chatty  : uid=1000(system) Binder:1996_1D expire 5 lines
10-28 13:50:46.372  1996 19319 I chatty  : uid=1000(system) Binder:1996_20 expire 12 lines
10-28 13:57:24.656  3131  3131 W ActivityThread: serviceStart lasts for 5231 ms, ServiceArgsData = ServiceArgsData{token=android.os.BinderProxy@98d4b2c startId=1 args=Intent { act=com.google.android.checkin.CHECKIN_COMPLETE flg=0x1000010 cmp=com.google.android.gms/.chimera.GmsIntentOperationService (has extras) }}
10-28 13:57:24.656  3131  3131 W ActivityThread: serviceStart starts in 5220 ms, ServiceArgsData = ServiceArgsData{token=android.os.BinderProxy@98d4b2c startId=2 args=Intent { act=com.google.android.chimera.container.IntentOperationService.KEEPALIVE cmp=com.google.android.gms/.chimera.GmsIntentOperationService }}
10-28 14:01:10.710  1996  2014 I chatty  : uid=1000(system) Binder:1996_2 expire 5 lines
10-28 14:04:37.122  1996  2112 I chatty  : uid=1000(system) android.ui expire 2 lines
10-28 14:04:37.122  1996  2138 I chatty  : uid=1000(system) android.fg expire 2 lines
10-28 14:04:37.128  1996  2110 I chatty  : uid=1000(system) android.bg expire 2 lines
10-28 14:05:25.011  1996  2565 I chatty  : uid=1000(system) Binder:1996_4 expire 3 lines
10-28 14:07:48.967  1996  3178 I chatty  : uid=1000(system) Binder:1996_8 expire 7 lines
10-28 14:09:19.249  1996 11527 I chatty  : uid=1000 system_server expire 1 line
10-28 14:11:16.711  1996  3614 I chatty  : uid=1000(system) Binder:1996_D expire 6 lines
10-28 14:11:17.978  1217  1360 E storaged: getDiskStats failed with result NOT_SUPPORTED and size 0
10-28 14:11:32.077  1996  2111 I chatty  : uid=1000(system) ActivityManager expire 10 lines
10-28 14:14:57.268  1996  3179 I chatty  : uid=1000(system) Binder:1996_9 expire 3 lines
10-28 14:15:44.873  1996  3187 I chatty  : uid=1000(system) Binder:1996_A expire 4 lines
10-28 14:15:45.025 11749 11749 W ActivityThread: serviceCreate starts in 19859 ms, CreateServiceData = CreateServiceData{token=android.os.BinderProxy@e0dc00e className=com.google.android.finsky.setup.PlaySetupServiceV2 packageName=com.android.vending intent=null}
10-28 14:19:42.758  1217  1360 E storaged: getDiskStats failed with result NOT_SUPPORTED and size 0
10-28 14:20:07.003 11890 11890 W ActivityThread: serviceStart lasts for 16060 ms, ServiceArgsData = ServiceArgsData{token=android.os.BinderProxy@4ad25d8 startId=209 args=null}
10-28 14:23:26.346  1996  3918 I chatty  : uid=1000(system) Binder:1996_11 expire 4 lines
10-28 14:28:52.825  1996  2143 I chatty  : uid=1000(system) PowerManagerSer expire 24 lines
10-28 14:29:05.560  1996  3931 I chatty  : uid=1000(system) Binder:1996_12 expire 1 line
10-28 14:32:26.205  1996  5431 I chatty  : uid=1000(system) Binder:1996_14 expire 5 lines
10-28 14:34:10.950  1996  6245 I chatty  : uid=1000(system) Binder:1996_15 expire 1 line
10-28 14:34:22.320  1217  1360 E storaged: getDiskStats failed with result NOT_SUPPORTED and size 0
10-28 14:40:30.251  1996  2143 I chatty  : uid=1000(system) PowerManagerSer expire 12 lines
10-28 14:40:30.257  1996  2140 I chatty  : uid=1000(system) android.display expire 5 lines
10-28 14:41:26.406  1996  3445 I chatty  : uid=1000(system) Binder:1996_C expire 2 lines
10-28 14:50:27.803  1996  2648 I chatty  : uid=1000(system) Binder:1996_5 expire 2 lines
10-28 14:52:13.516  1217  1360 E storaged: getDiskStats failed with result NOT_SUPPORTED and size 0
10-28 14:53:48.471  1996  3915 I chatty  : uid=1000(system) Binder:1996_10 expire 1 line
10-28 14:54:42.679 12386 12386 W ActivityThread: serviceCreate starts in 8624 ms, CreateServiceData = CreateServiceData{token=android.os.BinderProxy@4ad25d8 className=cn.jpush.yyb.YYBJPushDaemonService packageName=com.tencent.android.qqdownloader intent=null}
10-28 14:54:42.679 12386 12386 W ActivityThread: serviceStart starts in 8625 ms, ServiceArgsData = ServiceArgsData{token=android.os.BinderProxy@4ad25d8 startId=211 args=null}
10-28 15:00:24.657  1996  2664 I chatty  : uid=1000(system) Binder:1996_6 expire 2 lines
10-28 15:00:29.028  1996  2111 I chatty  : uid=1000(system) ActivityManager expire 1 line
10-28 15:00:33.188  1217  1360 E storaged: getDiskStats failed with result NOT_SUPPORTED and size 0
10-28 15:01:16.651  1996  2361 I chatty  : uid=1000(system) UEventObserver expire 2 lines
10-28 15:01:16.858  1996  2113 I chatty  : uid=1000(system) ActivityManager expire 2 lines
10-28 15:11:02.733  1996  2143 I chatty  : uid=1000(system) PowerManagerSer expire 18 lines
10-28 15:11:06.823  1996  2140 I chatty  : uid=1000(system) android.display expire 4 lines
10-28 15:11:07.944  1996  3614 I chatty  : uid=1000(system) Binder:1996_D expire 4 lines
10-28 15:13:17.274  1996  2462 I chatty  : uid=1000(system) InputReader expire 1 line
10-28 15:13:17.278  1996  1996 I chatty  : uid=1000 system_server expire 15 lines
10-28 15:13:17.282  1996  2138 I chatty  : uid=1000(system) android.fg expire 5 lines
10-28 15:13:17.283  1996  2664 I chatty  : uid=1000(system) Binder:1996_6 expire 2 lines
10-28 15:13:17.400  1996 19319 I chatty  : uid=1000(system) Binder:1996_20 expire 13 lines
10-28 15:13:17.585  1996  6882 I chatty  : uid=1000(system) Binder:1996_16 expire 3 lines
10-28 15:13:17.603  1996 10506 I chatty  : uid=1000(system) Binder:1996_1B expire 5 lines
10-28 15:13:17.753  1996  2113 I chatty  : uid=1000(system) ActivityManager expire 11 lines
10-28 15:13:17.770  1996 13547 I chatty  : uid=1000(system) Binder:1996_1C expire 6 lines
10-28 15:13:18.114  1996  3913 I chatty  : uid=1000(system) Binder:1996_F expire 1 line
10-28 15:13:18.145 12657 12737 E ActivityThread: Failed to find provider info for com.vivo.push.sdk.service.SystemPushConfig
10-28 15:13:18.184  8119 11302 E ActivityThread: Failed to find provider info for com.motorola.ccc.cce.datausage
10-28 15:13:18.240 12657 12737 E ActivityThread: Failed to find provider info for com.vivo.push.sdk.service.SystemPushConfig
10-28 15:13:18.382  1217  1360 E storaged: getDiskStats failed with result NOT_SUPPORTED and size 0
10-28 15:13:18.715  1996  2139 I chatty  : uid=1000(system) android.io expire 1 line
10-28 15:13:18.738  1996  2130 I chatty  : uid=1000(system) batterystats-wo expire 5 lines
10-28 15:13:18.757  4466  4466 W ContextImpl: Calling a method in the system process without a qualified user: android.app.ContextImpl.startService:1546 android.content.ContextWrapper.startService:664 com.motorola.tools.batterytracer.services.BatteryTracerService.doAction:235 com.motorola.tools.batterytracer.services.BatteryTracerService.performBackup:246 com.motorola.tools.batterytracer.platform.android.BatteryHealthMonitor.checkIfShouldUploadLogs:274 
10-28 15:13:18.868  1996  2565 I chatty  : uid=1000(system) Binder:1996_4 expire 4 lines
10-28 15:13:18.870  1996  2111 I chatty  : uid=1000(system) ActivityManager expire 20 lines
10-28 15:13:18.995  1996  5431 I chatty  : uid=1000(system) Binder:1996_14 expire 2 lines
10-28 15:13:19.511  1996  2527 I chatty  : uid=1000(system) Binder:1996_3 expire 3 lines
10-28 15:13:19.725  1996  2464 I chatty  : uid=1000(system) HwBinder:1996_3 expire 4 lines
10-28 15:13:19.825  1996  2361 I chatty  : uid=1000(system) UEventObserver expire 3 lines
10-28 15:13:19.915  1996 15221 I chatty  : uid=1000(system) Binder:1996_1E expire 11 lines
10-28 15:13:20.191  1996  3254 I chatty  : uid=1000(system) Binder:1996_B expire 3 lines
10-28 15:13:20.519  1996  3915 I chatty  : uid=1000(system) Binder:1996_10 expire 2 lines
10-28 15:13:20.962  1996  2514 I chatty  : uid=1000(system) ConnectivitySer expire 14 lines
10-28 15:13:21.036  1996  2013 I chatty  : uid=1000(system) Binder:1996_1 expire 5 lines
10-28 15:13:21.678  8119 12490 E ActivityThread: Failed to find provider info for com.motorola.ccc.cce.datausage
10-28 15:13:21.780  1996  3178 I chatty  : uid=1000(system) Binder:1996_8 expire 1 line
10-28 15:13:27.308  1996  3179 I chatty  : uid=1000(system) Binder:1996_9 expire 3 lines
10-28 15:13:27.458  1996  3187 I chatty  : uid=1000(system) Binder:1996_A expire 3 lines
10-28 15:13:38.654  1218  1218 W wificond: No pno scan started
10-28 15:13:38.654  1218  1218 W wificond: Scheduled scan is not running!
10-28 15:13:38.809  1218  1218 I wificond: Unsubscribe scan result for interface with index: 27
10-28 15:13:38.877  1046  1046 E android.hardware.wifi@1.0-service: create file failed: Permission denied
10-28 15:13:38.877  1046  1046 E android.hardware.wifi@1.0-service: Error writing files to flash
10-28 15:13:38.880  1046  4286 I android.hardware.wifi@1.0-service: Legacy HAL stop complete callback received
10-28 15:13:39.085  1046  1046 I android.hardware.wifi@1.0-service: Wifi HAL stopped
10-28 15:13:39.091  1996  2514 I chatty  : uid=1000(system) ConnectivitySer expire 7 lines
10-28 15:13:39.145  1996  2513 I chatty  : uid=1000(system) WifiP2pService expire 3 lines
10-28 15:13:39.149  1996  2113 I chatty  : uid=1000(system) ActivityManager expire 3 lines
10-28 15:13:39.226  1996  3445 I chatty  : uid=1000(system) Binder:1996_C expire 1 line
10-28 15:13:39.246  1996  6245 I chatty  : uid=1000(system) Binder:1996_15 expire 1 line
10-28 15:13:39.366  1996  2564 I chatty  : uid=1000(system) SyncManager expire 1 line
10-28 15:13:40.028  1996 19319 I chatty  : uid=1000(system) Binder:1996_20 expire 1 line
10-28 15:13:40.591  1996  8488 I chatty  : uid=1000(system) Binder:1996_19 expire 2 lines
10-28 15:13:41.133  1996 14334 I chatty  : uid=1000(system) Binder:1996_1D expire 3 lines
10-28 15:13:41.348  1996  1996 I chatty  : uid=1000 system_server expire 1 line
10-28 15:13:41.380  1046  1046 E android.hardware.wifi@1.0-service:  User build,dont Start logging service.
10-28 15:13:41.381  1046  1046 I android.hardware.wifi@1.0-service: Wifi HAL started
10-28 15:13:41.727  1046  1046 I android.hardware.wifi@1.0-service: Adding interface handle for wlan0
10-28 15:13:41.727  1046  1046 I android.hardware.wifi@1.0-service: Adding interface handle for p2p0
10-28 15:13:41.727  1046  1046 I android.hardware.wifi@1.0-service: Configured chip in mode 0
10-28 15:13:41.747  1218  1218 I wificond: create scanner for interface with index: 27
10-28 15:13:41.747  1218  1218 I wificond: subscribe scan result for interface with index: 27
10-28 15:13:41.758  1218  1218 E wificond: No Offload Service available
10-28 15:13:41.758  1218  1218 I wificond: Offload HAL not supported 
10-28 15:13:43.371  1218  1218 W wificond: Scan is not started. Ignore abort request
10-28 15:13:43.500  1996  2509 I chatty  : uid=1000(system) WifiStateMachin expire 3 lines
10-28 15:13:43.500  1996  2514 I chatty  : uid=1000(system) ConnectivitySer expire 40 lines
10-28 15:13:43.797  1996  3912 I chatty  : uid=1000(system) Binder:1996_E expire 2 lines
10-28 15:13:43.875  1996  3445 I chatty  : uid=1000(system) Binder:1996_C expire 4 lines
10-28 15:13:43.881  1996  2664 I chatty  : uid=1000(system) Binder:1996_6 expire 2 lines
10-28 15:13:43.905  1996 10506 I chatty  : uid=1000(system) Binder:1996_1B expire 1 line
10-28 15:13:43.906  1996 19319 I chatty  : uid=1000(system) Binder:1996_20 expire 1 line
10-28 15:13:46.081  1996  6245 I chatty  : uid=1000(system) Binder:1996_15 expire 2 lines
10-28 15:13:46.084  1996  1996 I chatty  : uid=1000 system_server expire 10 lines
10-28 15:13:46.129  1218  1218 W wificond: No pno scan started
10-28 15:13:46.129  1218  1218 W wificond: Scheduled scan is not running!
10-28 15:13:46.187  1218  1218 I wificond: Unsubscribe scan result for interface with index: 27
10-28 15:13:46.232  1046  1046 E android.hardware.wifi@1.0-service: create file failed: Permission denied
10-28 15:13:46.232  1046  1046 E android.hardware.wifi@1.0-service: Error writing files to flash
10-28 15:13:46.232  1046 13651 I android.hardware.wifi@1.0-service: Legacy HAL stop complete callback received
10-28 15:13:46.438  1046  1046 I android.hardware.wifi@1.0-service: Wifi HAL stopped
10-28 15:13:46.497  1996  2513 I chatty  : uid=1000(system) WifiP2pService expire 10 lines
10-28 15:13:46.534  1996  3931 I chatty  : uid=1000(system) Binder:1996_12 expire 7 lines
10-28 15:13:46.538  1996  2130 I chatty  : uid=1000(system) batterystats-wo expire 10 lines
10-28 15:13:48.003  1996  3915 I chatty  : uid=1000(system) Binder:1996_10 expire 5 lines
10-28 15:13:48.010  1046  1046 E android.hardware.wifi@1.0-service:  User build,dont Start logging service.
10-28 15:13:48.013  1046  1046 I android.hardware.wifi@1.0-service: Wifi HAL started
10-28 15:13:48.153  1046  1046 I android.hardware.wifi@1.0-service: Adding interface handle for wlan0
10-28 15:13:48.153  1046  1046 I android.hardware.wifi@1.0-service: Adding interface handle for p2p0
10-28 15:13:48.153  1046  1046 I android.hardware.wifi@1.0-service: Configured chip in mode 0
10-28 15:13:48.174  1218  1218 I wificond: create scanner for interface with index: 27
10-28 15:13:48.174  1218  1218 I wificond: subscribe scan result for interface with index: 27
10-28 15:13:48.175  1218  1218 E wificond: No Offload Service available
10-28 15:13:48.175  1218  1218 I wificond: Offload HAL not supported 
10-28 15:13:49.684  1218  1218 W wificond: Scan is not started. Ignore abort request
10-28 15:13:50.308  1996  3178 I chatty  : uid=1000(system) Binder:1996_8 expire 2 lines
10-28 15:13:50.667  1218  1218 W wificond: No pno scan started
10-28 15:13:50.667  1218  1218 W wificond: Scheduled scan is not running!
10-28 15:13:50.730  1218  1218 I wificond: Unsubscribe scan result for interface with index: 27
10-28 15:13:50.775  1046  1046 E android.hardware.wifi@1.0-service: create file failed: Permission denied
10-28 15:13:50.775  1046  1046 E android.hardware.wifi@1.0-service: Error writing files to flash
10-28 15:13:50.775  1046 13800 I android.hardware.wifi@1.0-service: Legacy HAL stop complete callback received
10-28 15:13:50.977  1046  1046 I android.hardware.wifi@1.0-service: Wifi HAL stopped
10-28 15:13:51.073  1996  3614 I chatty  : uid=1000(system) Binder:1996_D expire 5 lines
10-28 15:13:54.366  1046  1046 E android.hardware.wifi@1.0-service:  User build,dont Start logging service.
10-28 15:13:54.369  1046  1046 I android.hardware.wifi@1.0-service: Wifi HAL started
10-28 15:13:54.521  1046  1046 I android.hardware.wifi@1.0-service: Adding interface handle for wlan0
10-28 15:13:54.521  1046  1046 I android.hardware.wifi@1.0-service: Adding interface handle for p2p0
10-28 15:13:54.522  1046  1046 I android.hardware.wifi@1.0-service: Configured chip in mode 0
10-28 15:13:54.540  1218  1218 I wificond: create scanner for interface with index: 27
10-28 15:13:54.540  1218  1218 I wificond: subscribe scan result for interface with index: 27
10-28 15:13:54.541  1218  1218 E wificond: No Offload Service available
10-28 15:13:54.541  1218  1218 I wificond: Offload HAL not supported 
10-28 15:13:56.047  1218  1218 W wificond: No pno scan started
10-28 15:13:56.047  1218  1218 W wificond: Scheduled scan is not running!
10-28 15:13:56.080  1218  1218 I wificond: Unsubscribe scan result for interface with index: 27
10-28 15:13:56.104  1218  1218 W wificond: No handler for scan result notification from interface with index: 27
10-28 15:13:56.120  1046  1046 E android.hardware.wifi@1.0-service: create file failed: Permission denied
10-28 15:13:56.120  1046  1046 E android.hardware.wifi@1.0-service: Error writing files to flash
10-28 15:13:56.121  1046 13929 I android.hardware.wifi@1.0-service: Legacy HAL stop complete callback received
10-28 15:13:56.324  1046  1046 I android.hardware.wifi@1.0-service: Wifi HAL stopped
10-28 15:13:58.791  1996  2527 I chatty  : uid=1000(system) Binder:1996_3 expire 2 lines
10-28 15:13:58.800  1046  1046 E android.hardware.wifi@1.0-service:  User build,dont Start logging service.
10-28 15:13:58.804  1046  1046 I android.hardware.wifi@1.0-service: Wifi HAL started
10-28 15:13:58.934  1046  1046 I android.hardware.wifi@1.0-service: Adding interface handle for wlan0
10-28 15:13:58.934  1046  1046 I android.hardware.wifi@1.0-service: Adding interface handle for p2p0
10-28 15:13:58.935  1046  1046 I android.hardware.wifi@1.0-service: Configured chip in mode 0
