10-28 15:13:58.953  1218  1218 I wificond: create scanner for interface with index: 27
10-28 15:13:58.953  1218  1218 I wificond: subscribe scan result for interface with index: 27
10-28 15:13:58.954  1218  1218 E wificond: No Offload Service available
10-28 15:13:58.954  1218  1218 I wificond: Offload HAL not supported 
10-28 15:14:00.212  1218  1218 W wificond: No pno scan started
10-28 15:14:00.212  1218  1218 W wificond: Scheduled scan is not running!
10-28 15:14:00.234  1218  1218 I wificond: Unsubscribe scan result for interface with index: 27
10-28 15:14:00.269  1218  1218 W wificond: No handler for scan result notification from interface with index: 27
10-28 15:14:00.379  1046  1046 E android.hardware.wifi@1.0-service: create file failed: Permission denied
10-28 15:14:00.380  1046  1046 E android.hardware.wifi@1.0-service: Error writing files to flash
10-28 15:14:00.380  1046 13965 I android.hardware.wifi@1.0-service: Legacy HAL stop complete callback received
10-28 15:14:00.585  1046  1046 I android.hardware.wifi@1.0-service: Wifi HAL stopped
10-28 15:14:02.299  1046  1046 E android.hardware.wifi@1.0-service:  User build,dont Start logging service.
10-28 15:14:02.304  1046  1046 I android.hardware.wifi@1.0-service: Wifi HAL started
10-28 15:14:02.315  1996  2111 I chatty  : uid=1000(system) ActivityManager expire 10 lines
10-28 15:14:02.437  1046  1046 I android.hardware.wifi@1.0-service: Adding interface handle for wlan0
10-28 15:14:02.437  1046  1046 I android.hardware.wifi@1.0-service: Adding interface handle for p2p0
10-28 15:14:02.438  1046  1046 I android.hardware.wifi@1.0-service: Configured chip in mode 0
10-28 15:14:02.460  1218  1218 I wificond: create scanner for interface with index: 27
10-28 15:14:02.460  1218  1218 I wificond: subscribe scan result for interface with index: 27
10-28 15:14:02.462  1218  1218 E wificond: No Offload Service available
10-28 15:14:02.462  1218  1218 I wificond: Offload HAL not supported 
10-28 15:14:02.576  1996  2513 I chatty  : uid=1000(system) WifiP2pService expire 5 lines
10-28 15:14:03.696  1996 14334 I chatty  : uid=1000(system) Binder:1996_1D expire 4 lines
10-28 15:14:03.714  1218  1218 W wificond: No pno scan started
10-28 15:14:03.715  1218  1218 W wificond: Scheduled scan is not running!
10-28 15:14:03.736  1218  1218 I wificond: Unsubscribe scan result for interface with index: 27
10-28 15:14:03.764  1218  1218 W wificond: No handler for scan result notification from interface with index: 27
10-28 15:14:03.876  1046  1046 E android.hardware.wifi@1.0-service: create file failed: Permission denied
10-28 15:14:03.876  1046  1046 E android.hardware.wifi@1.0-service: Error writing files to flash
10-28 15:14:03.876  1046 13989 I android.hardware.wifi@1.0-service: Legacy HAL stop complete callback received
10-28 15:14:04.078  1046  1046 I android.hardware.wifi@1.0-service: Wifi HAL stopped
10-28 15:14:04.776  1996  2110 I chatty  : uid=1000(system) android.bg expire 1 line
10-28 15:14:05.860  1046  1046 E android.hardware.wifi@1.0-service:  User build,dont Start logging service.
10-28 15:14:05.862  1046  1046 I android.hardware.wifi@1.0-service: Wifi HAL started
10-28 15:14:05.868  1996  1996 I chatty  : uid=1000 system_server expire 11 lines
10-28 15:14:06.012  1046  1046 I android.hardware.wifi@1.0-service: Adding interface handle for wlan0
10-28 15:14:06.012  1046  1046 I android.hardware.wifi@1.0-service: Adding interface handle for p2p0
10-28 15:14:06.013  1046  1046 I android.hardware.wifi@1.0-service: Configured chip in mode 0
10-28 15:14:06.030  1218  1218 I wificond: create scanner for interface with index: 27
10-28 15:14:06.030  1218  1218 I wificond: subscribe scan result for interface with index: 27
10-28 15:14:06.031  1218  1218 E wificond: No Offload Service available
10-28 15:14:06.031  1218  1218 I wificond: Offload HAL not supported 
10-28 15:14:07.612  1218  1218 W wificond: Scan is not started. Ignore abort request
10-28 15:14:07.799  1996  2514 I chatty  : uid=1000(system) ConnectivitySer expire 13 lines
10-28 15:14:07.991  1996 13547 I chatty  : uid=1000(system) Binder:1996_1C expire 1 line
10-28 15:14:08.078  1996  2113 I chatty  : uid=1000(system) ActivityManager expire 6 lines
10-28 15:14:08.168  1996  9078 I chatty  : uid=1000(system) Binder:1996_1A expire 4 lines
10-28 15:14:08.856  1996  2140 I chatty  : uid=1000(system) android.display expire 3 lines
10-28 15:14:11.297  1996  2013 I chatty  : uid=1000(system) Binder:1996_1 expire 1 line
10-28 15:14:13.359  1996  3913 I chatty  : uid=1000(system) Binder:1996_F expire 1 line
10-28 15:14:15.509  1996  2130 I chatty  : uid=1000(system) batterystats-wo expire 1 line
10-28 15:14:17.391  1996  2565 I chatty  : uid=1000(system) Binder:1996_4 expire 2 lines
10-28 15:14:18.386  1217  1360 E storaged: getDiskStats failed with result NOT_SUPPORTED and size 0
10-28 15:14:21.812  1996  2361 I chatty  : uid=1000(system) UEventObserver expire 2 lines
10-28 15:14:23.756  1996 14288 I chatty  : uid=1000 system_server expire 1 line
10-28 15:14:24.936  1996  2514 I chatty  : uid=1000(system) ConnectivitySer expire 14 lines
10-28 15:15:18.387  1217  1360 E storaged: getDiskStats failed with result NOT_SUPPORTED and size 0
10-28 15:15:31.615  1996  3918 I chatty  : uid=1000(system) Binder:1996_11 expire 1 line
10-28 15:15:40.831  1996  6882 I chatty  : uid=1000(system) Binder:1996_16 expire 1 line
10-28 15:15:43.525  1996  2461 I chatty  : uid=1000(system) InputDispatcher expire 1 line
10-28 15:15:47.402  1996  2514 I chatty  : uid=1000(system) ConnectivitySer expire 11 lines
10-28 15:16:08.645  1996  2111 I chatty  : uid=1000(system) ActivityManager expire 10 lines
10-28 15:16:10.393  1996  2113 I chatty  : uid=1000(system) ActivityManager expire 9 lines
10-28 15:16:17.497  1996  8488 I chatty  : uid=1000(system) Binder:1996_19 expire 2 lines
10-28 15:16:18.388  1217  1360 E storaged: getDiskStats failed with result NOT_SUPPORTED and size 0
10-28 15:16:18.739  1996  2565 I chatty  : uid=1000(system) Binder:1996_4 expire 5 lines
10-28 15:16:18.752  1996  3187 I chatty  : uid=1000(system) Binder:1996_A expire 8 lines
10-28 15:16:20.853  1996  2361 I chatty  : uid=1000(system) UEventObserver expire 10 lines
10-28 15:16:21.807  1996  2527 I chatty  : uid=1000(system) Binder:1996_3 expire 2 lines
10-28 15:16:37.509  1996  9078 I chatty  : uid=1000(system) Binder:1996_1A expire 13 lines
10-28 15:16:44.289  1996  1996 I chatty  : uid=1000 system_server expire 14 lines
10-28 15:16:57.675  1996  6245 I chatty  : uid=1000(system) Binder:1996_15 expire 8 lines
10-28 15:16:59.636  1996 14334 I chatty  : uid=1000(system) Binder:1996_1D expire 3 lines
10-28 15:17:18.389  1217  1360 E storaged: getDiskStats failed with result NOT_SUPPORTED and size 0
10-28 15:17:23.481  1996  2514 I chatty  : uid=1000(system) ConnectivitySer expire 21 lines
10-28 15:17:23.747  1996 14782 I chatty  : uid=1000 system_server expire 1 line
10-28 15:18:18.390  1217  1360 E storaged: getDiskStats failed with result NOT_SUPPORTED and size 0
10-28 15:18:18.689  1996  2013 I chatty  : uid=1000(system) Binder:1996_1 expire 2 lines
10-28 15:19:18.391  1217  1360 E storaged: getDiskStats failed with result NOT_SUPPORTED and size 0
10-28 15:20:18.395  1217  1360 E storaged: getDiskStats failed with result NOT_SUPPORTED and size 0
10-28 15:21:18.402  1217  1360 E storaged: getDiskStats failed with result NOT_SUPPORTED and size 0
10-28 15:22:18.403  1217  1360 E storaged: getDiskStats failed with result NOT_SUPPORTED and size 0
10-28 15:23:18.374  5547 11441 E ActivityThread: Failed to find provider info for com.motorola.ccc.cce.datausage
10-28 15:23:18.405  1217  1360 E storaged: getDiskStats failed with result NOT_SUPPORTED and size 0
10-28 15:24:18.406  1217  1360 E storaged: getDiskStats failed with result NOT_SUPPORTED and size 0
10-28 15:24:54.455  1996  3179 I chatty  : uid=1000(system) Binder:1996_9 expire 2 lines
10-28 15:25:13.223  1996  2417 I chatty  : uid=1000(system) AlarmManager expire 2 lines
10-28 15:25:13.354  1996  3915 I chatty  : uid=1000(system) Binder:1996_10 expire 6 lines
10-28 15:25:17.589  1996  3931 I chatty  : uid=1000(system) Binder:1996_12 expire 5 lines
10-28 15:25:18.408  1217  1360 E storaged: getDiskStats failed with result NOT_SUPPORTED and size 0
10-28 15:25:24.160  1996  2361 I chatty  : uid=1000(system) UEventObserver expire 11 lines
10-28 15:26:18.412  1217  1360 E storaged: getDiskStats failed with result NOT_SUPPORTED and size 0
10-28 15:26:31.834  2576  2576 V DeadZone: consuming errant click: (271.74838,39.046143)
10-28 15:26:31.835  2576  2576 V DeadZone: consuming errant click: (271.74838,39.046143)
10-28 15:26:32.110  2576  2576 V DeadZone: consuming errant click: (183.82979,39.046143)
10-28 15:26:32.110  2576  2576 V DeadZone: consuming errant click: (183.82979,39.046143)
10-28 15:26:32.858  2576  2576 V DeadZone: consuming errant click: (176.83626,26.052002)
10-28 15:26:32.858  2576  2576 V DeadZone: consuming errant click: (176.83626,26.052002)
10-28 15:26:33.426  2576  2576 V DeadZone: consuming errant click: (280.74005,39.046143)
10-28 15:26:33.426  2576  2576 V DeadZone: consuming errant click: (280.74005,39.046143)
10-28 15:27:18.414  1217  1360 E storaged: getDiskStats failed with result NOT_SUPPORTED and size 0
10-28 15:28:18.415  1217  1360 E storaged: getDiskStats failed with result NOT_SUPPORTED and size 0
10-28 15:28:18.907  1996  1996 I chatty  : uid=1000 system_server expire 6 lines
10-28 15:28:18.971  1996  3578 I chatty  : uid=1000(system) backup expire 13 lines
10-28 15:28:38.962  1996  2130 I chatty  : uid=1000(system) batterystats-wo expire 1 line
10-28 15:28:39.691  1996  2140 I chatty  : uid=1000(system) android.display expire 1 line
10-28 15:28:40.193  1996  2110 I chatty  : uid=1000(system) android.bg expire 1 line
10-28 15:29:18.419  1217  1360 E storaged: getDiskStats failed with result NOT_SUPPORTED and size 0
10-28 15:29:23.743  1996 16334 I chatty  : uid=1000 system_server expire 1 line
10-28 15:30:19.463  1217  1360 E storaged: getDiskStats failed with result NOT_SUPPORTED and size 0
10-28 15:31:19.465  1217  1360 E storaged: getDiskStats failed with result NOT_SUPPORTED and size 0
10-28 15:32:19.466  1217  1360 E storaged: getDiskStats failed with result NOT_SUPPORTED and size 0
10-28 15:33:19.470  1217  1360 E storaged: getDiskStats failed with result NOT_SUPPORTED and size 0
10-28 15:33:19.825  1996  3578 I chatty  : uid=1000(system) backup expire 1 line
10-28 15:34:11.425  1996  3918 I chatty  : uid=1000(system) Binder:1996_11 expire 3 lines
10-28 15:34:19.471  1217  1360 E storaged: getDiskStats failed with result NOT_SUPPORTED and size 0
10-28 15:34:51.486  1996  3912 I chatty  : uid=1000(system) Binder:1996_E expire 4 lines
10-28 15:35:19.473  1217  1360 E storaged: getDiskStats failed with result NOT_SUPPORTED and size 0
10-28 15:35:27.950  1996  2361 I chatty  : uid=1000(system) UEventObserver expire 3 lines
10-28 15:36:19.475  1217  1360 E storaged: getDiskStats failed with result NOT_SUPPORTED and size 0
10-28 15:37:16.450  1996  6882 I chatty  : uid=1000(system) Binder:1996_16 expire 10 lines
10-28 15:37:19.476  1217  1360 E storaged: getDiskStats failed with result NOT_SUPPORTED and size 0
10-28 15:38:18.791  1996  2113 I chatty  : uid=1000(system) ActivityManager expire 12 lines
10-28 15:38:18.802  1996  2417 I chatty  : uid=1000(system) AlarmManager expire 5 lines
10-28 15:38:19.237  1996  9078 I chatty  : uid=1000(system) Binder:1996_1A expire 5 lines
10-28 15:38:19.248  1996  3918 I chatty  : uid=1000(system) Binder:1996_11 expire 9 lines
10-28 15:38:19.360  1996  3187 I chatty  : uid=1000(system) Binder:1996_A expire 10 lines
10-28 15:38:19.479  1217  1360 E storaged: getDiskStats failed with result NOT_SUPPORTED and size 0
10-28 15:38:24.562  1996  3913 I chatty  : uid=1000(system) Binder:1996_F expire 4 lines
10-28 15:38:24.876  1996  2565 I chatty  : uid=1000(system) Binder:1996_4 expire 4 lines
10-28 15:38:25.058  1996  2527 I chatty  : uid=1000(system) Binder:1996_3 expire 3 lines
10-28 15:38:29.066  1996  2361 I chatty  : uid=1000(system) UEventObserver expire 10 lines
10-28 15:38:35.274  1996 19319 I chatty  : uid=1000(system) Binder:1996_20 expire 2 lines
10-28 15:38:35.766  1996  3912 I chatty  : uid=1000(system) Binder:1996_E expire 7 lines
10-28 15:38:36.427  1996  3179 I chatty  : uid=1000(system) Binder:1996_9 expire 1 line
10-28 15:38:36.784 17443 17550 E ActivityThread: Failed to find provider info for com.vivo.push.sdk.service.SystemPushConfig
10-28 15:38:36.805 17443 17616 E ActivityThread: Failed to find provider info for com.vivo.push.sdk.service.SystemPushConfig
10-28 15:38:38.470  1996  2111 I chatty  : uid=1000(system) ActivityManager expire 10 lines
10-28 15:39:19.480  1217  1360 E storaged: getDiskStats failed with result NOT_SUPPORTED and size 0
10-28 15:39:25.122  1996  2113 I chatty  : uid=1000(system) ActivityManager expire 11 lines
10-28 15:39:26.030  1996  3931 I chatty  : uid=1000(system) Binder:1996_12 expire 9 lines
10-28 15:39:34.073  1996 14334 I chatty  : uid=1000(system) Binder:1996_1D expire 2 lines
10-28 15:40:19.481  1217  1360 E storaged: getDiskStats failed with result NOT_SUPPORTED and size 0
10-28 15:41:19.483  1217  1360 E storaged: getDiskStats failed with result NOT_SUPPORTED and size 0
10-28 15:42:19.484  1217  1360 E storaged: getDiskStats failed with result NOT_SUPPORTED and size 0
10-28 15:43:05.770  1996  3915 I chatty  : uid=1000(system) Binder:1996_10 expire 4 lines
10-28 15:43:17.674  1996  3254 I chatty  : uid=1000(system) Binder:1996_B expire 3 lines
10-28 15:43:19.486  1217  1360 E storaged: getDiskStats failed with result NOT_SUPPORTED and size 0
10-28 15:44:19.488  1217  1360 E storaged: getDiskStats failed with result NOT_SUPPORTED and size 0
10-28 15:45:19.490  1217  1360 E storaged: getDiskStats failed with result NOT_SUPPORTED and size 0
10-28 15:46:19.492  1217  1360 E storaged: getDiskStats failed with result NOT_SUPPORTED and size 0
10-28 15:47:19.493  1217  1360 E storaged: getDiskStats failed with result NOT_SUPPORTED and size 0
10-28 15:47:31.468  1996  2013 I chatty  : uid=1000(system) Binder:1996_1 expire 4 lines
10-28 15:47:32.428  1996  2361 I chatty  : uid=1000(system) UEventObserver expire 11 lines
10-28 15:47:56.509  1996  3614 I chatty  : uid=1000(system) Binder:1996_D expire 5 lines
10-28 15:48:19.495  1217  1360 E storaged: getDiskStats failed with result NOT_SUPPORTED and size 0
10-28 15:48:51.964  1996  2110 I chatty  : uid=1000(system) android.bg expire 2 lines
10-28 15:49:19.498  1217  1360 E storaged: getDiskStats failed with result NOT_SUPPORTED and size 0
10-28 15:50:19.499  1217  1360 E storaged: getDiskStats failed with result NOT_SUPPORTED and size 0
10-28 15:51:19.501  1217  1360 E storaged: getDiskStats failed with result NOT_SUPPORTED and size 0
10-28 15:52:19.503  1217  1360 E storaged: getDiskStats failed with result NOT_SUPPORTED and size 0
10-28 15:53:08.549  1996  2111 I chatty  : uid=1000(system) ActivityManager expire 5 lines
10-28 15:53:19.505  1217  1360 E storaged: getDiskStats failed with result NOT_SUPPORTED and size 0
10-28 15:53:41.797  1996  2514 I chatty  : uid=1000(system) ConnectivitySer expire 1 line
10-28 15:54:19.507  1217  1360 E storaged: getDiskStats failed with result NOT_SUPPORTED and size 0
10-28 15:55:19.508  1217  1360 E storaged: getDiskStats failed with result NOT_SUPPORTED and size 0
10-28 15:55:27.272  1996  6245 I chatty  : uid=1000(system) Binder:1996_15 expire 2 lines
10-28 15:56:19.510  1217  1360 E storaged: getDiskStats failed with result NOT_SUPPORTED and size 0
10-28 15:56:28.862  1996  2113 I chatty  : uid=1000(system) ActivityManager expire 3 lines
10-28 15:56:35.787  1996  2361 I chatty  : uid=1000(system) UEventObserver expire 10 lines
10-28 15:56:49.140  1996  3187 I chatty  : uid=1000(system) Binder:1996_A expire 4 lines
10-28 15:57:16.457  1996  3178 I chatty  : uid=1000(system) Binder:1996_8 expire 3 lines
10-28 15:57:19.511  1217  1360 E storaged: getDiskStats failed with result NOT_SUPPORTED and size 0
10-28 15:58:19.512  1217  1360 E storaged: getDiskStats failed with result NOT_SUPPORTED and size 0
10-28 15:58:39.046  1996  2130 I chatty  : uid=1000(system) batterystats-wo expire 1 line
10-28 15:59:19.514  1217  1360 E storaged: getDiskStats failed with result NOT_SUPPORTED and size 0
10-28 16:00:19.516  1217  1360 E storaged: getDiskStats failed with result NOT_SUPPORTED and size 0
10-28 16:01:19.520  1217  1360 E storaged: getDiskStats failed with result NOT_SUPPORTED and size 0
10-28 16:02:19.524  1217  1360 E storaged: getDiskStats failed with result NOT_SUPPORTED and size 0
10-28 16:03:19.526  1217  1360 E storaged: getDiskStats failed with result NOT_SUPPORTED and size 0
10-28 16:04:11.432  1996  6882 I chatty  : uid=1000(system) Binder:1996_16 expire 2 lines
10-28 16:04:19.527  1217  1360 E storaged: getDiskStats failed with result NOT_SUPPORTED and size 0
10-28 16:04:38.772  1996  2361 I chatty  : uid=1000(system) UEventObserver expire 11 lines
10-28 16:05:11.580  1996  3931 I chatty  : uid=1000(system) Binder:1996_12 expire 12 lines
10-28 16:05:19.529  1217  1360 E storaged: getDiskStats failed with result NOT_SUPPORTED and size 0
10-28 16:05:25.866  1996  2111 I chatty  : uid=1000(system) ActivityManager expire 10 lines
10-28 16:06:19.532  1217  1360 E storaged: getDiskStats failed with result NOT_SUPPORTED and size 0
10-28 16:07:11.418  1996 14334 I chatty  : uid=1000(system) Binder:1996_1D expire 5 lines
10-28 16:07:19.533  1217  1360 E storaged: getDiskStats failed with result NOT_SUPPORTED and size 0
10-28 16:07:35.235  1996  3445 I chatty  : uid=1000(system) Binder:1996_C expire 3 lines
10-28 16:08:15.260  1996  2013 I chatty  : uid=1000(system) Binder:1996_1 expire 2 lines
10-28 16:08:19.534  1217  1360 E storaged: getDiskStats failed with result NOT_SUPPORTED and size 0
10-28 16:08:26.998  1996  2130 I chatty  : uid=1000(system) batterystats-wo expire 2 lines
10-28 16:08:27.041  1996  2113 I chatty  : uid=1000(system) ActivityManager expire 10 lines
10-28 16:08:27.326  1996  2527 I chatty  : uid=1000(system) Binder:1996_3 expire 10 lines
10-28 16:08:27.361 21450 21488 E ActivityThread: Failed to find provider info for com.vivo.push.sdk.service.SystemPushConfig
10-28 16:08:27.391 21450 21488 E ActivityThread: Failed to find provider info for com.vivo.push.sdk.service.SystemPushConfig
10-28 16:08:27.444  1996 19319 I chatty  : uid=1000(system) Binder:1996_20 expire 9 lines
10-28 16:08:27.569  1996 13547 I chatty  : uid=1000(system) Binder:1996_1C expire 13 lines
10-28 16:09:19.536  1217  1360 E storaged: getDiskStats failed with result NOT_SUPPORTED and size 0
10-28 16:09:43.561  1996  2143 I chatty  : uid=1000(system) PowerManagerSer expire 8 lines
10-28 16:09:50.563  1996  1996 I chatty  : uid=1000 system_server expire 4 lines
10-28 16:09:51.153  1996  2140 I chatty  : uid=1000(system) android.display expire 1 line
10-28 16:09:51.377  1996  2138 I chatty  : uid=1000(system) android.fg expire 1 line
10-28 16:09:52.037  1996 15221 I chatty  : uid=1000(system) Binder:1996_1E expire 10 lines
10-28 16:09:52.247  1996  2565 I chatty  : uid=1000(system) Binder:1996_4 expire 5 lines
10-28 16:09:52.248  1996  8488 I chatty  : uid=1000(system) Binder:1996_19 expire 3 lines
10-28 16:09:52.257  1996  3918 I chatty  : uid=1000(system) Binder:1996_11 expire 5 lines
10-28 16:10:19.540  1217  1360 E storaged: getDiskStats failed with result NOT_SUPPORTED and size 0
10-28 16:10:25.636  1996  2664 I chatty  : uid=1000(system) Binder:1996_6 expire 2 lines
10-28 16:10:25.639  1996  2514 I chatty  : uid=1000(system) ConnectivitySer expire 3 lines
10-28 16:10:25.916  1996  3178 I chatty  : uid=1000(system) Binder:1996_8 expire 2 lines
10-28 16:10:27.710  8119 11302 E ActivityThread: Failed to find provider info for com.motorola.ccc.cce.datausage
10-28 16:10:29.577  8119 18928 E ActivityThread: Failed to find provider info for com.motorola.ccc.cce.datausage
10-28 16:11:19.543  1217  1360 E storaged: getDiskStats failed with result NOT_SUPPORTED and size 0
10-28 16:12:19.545  1217  1360 E storaged: getDiskStats failed with result NOT_SUPPORTED and size 0
10-28 16:12:44.976  1996  2110 I chatty  : uid=1000(system) android.bg expire 1 line
10-28 16:13:18.890  1996  3254 I chatty  : uid=1000(system) Binder:1996_B expire 4 lines
10-28 16:13:19.546  1217  1360 E storaged: getDiskStats failed with result NOT_SUPPORTED and size 0
10-28 16:13:29.564  1996  5431 I chatty  : uid=1000(system) Binder:1996_14 expire 1 line
10-28 16:13:42.137  1996  2361 I chatty  : uid=1000(system) UEventObserver expire 11 lines
10-28 16:14:19.548  1217  1360 E storaged: getDiskStats failed with result NOT_SUPPORTED and size 0
10-28 16:14:51.487  1996  2113 I chatty  : uid=1000(system) ActivityManager expire 9 lines
10-28 16:14:53.471 22721 22798 E ActivityThread: Failed to find provider info for com.vivo.push.sdk.service.SystemPushConfig
10-28 16:14:53.500 22721 22844 E ActivityThread: Failed to find provider info for com.vivo.push.sdk.service.SystemPushConfig
10-28 16:15:19.550  1217  1360 E storaged: getDiskStats failed with result NOT_SUPPORTED and size 0
10-28 16:15:38.619  1996  3931 I chatty  : uid=1000(system) Binder:1996_12 expire 1 line
10-28 16:15:48.360  1996  2527 I chatty  : uid=1000(system) Binder:1996_3 expire 9 lines
10-28 16:16:19.552  1217  1360 E storaged: getDiskStats failed with result NOT_SUPPORTED and size 0
10-28 16:17:19.555  1217  1360 E storaged: getDiskStats failed with result NOT_SUPPORTED and size 0
10-28 16:18:12.420  1996  6245 I chatty  : uid=1000(system) Binder:1996_15 expire 2 lines
10-28 16:18:13.767  1996  3179 I chatty  : uid=1000(system) Binder:1996_9 expire 1 line
10-28 16:18:13.768  1996 13547 I chatty  : uid=1000(system) Binder:1996_1C expire 3 lines
10-28 16:18:19.557  1217  1360 E storaged: getDiskStats failed with result NOT_SUPPORTED and size 0
10-28 16:19:19.558  1217  1360 E storaged: getDiskStats failed with result NOT_SUPPORTED and size 0
10-28 16:20:19.559  1217  1360 E storaged: getDiskStats failed with result NOT_SUPPORTED and size 0
10-28 16:21:19.564  1217  1360 E storaged: getDiskStats failed with result NOT_SUPPORTED and size 0
10-28 16:22:19.566  1217  1360 E storaged: getDiskStats failed with result NOT_SUPPORTED and size 0
10-28 16:22:45.493  1996  2361 I chatty  : uid=1000(system) UEventObserver expire 4 lines
10-28 16:23:19.567  1217  1360 E storaged: getDiskStats failed with result NOT_SUPPORTED and size 0
10-28 16:23:40.450  1996  3177 I chatty  : uid=1000(system) Binder:1996_7 expire 1 line
10-28 16:23:40.487  1996  4432 I chatty  : uid=1000(system) Binder:1996_13 expire 2 lines
10-28 16:23:41.843  1996 10506 I chatty  : uid=1000(system) Binder:1996_1B expire 2 lines
10-28 16:24:16.467  1996  7481 I chatty  : uid=1000(system) Binder:1996_18 expire 1 line
10-28 16:24:19.568  1217  1360 E storaged: getDiskStats failed with result NOT_SUPPORTED and size 0
10-28 16:24:46.755  1996  2113 I chatty  : uid=1000(system) ActivityManager expire 10 lines
10-28 16:24:51.492  1996  3179 I chatty  : uid=1000(system) Binder:1996_9 expire 4 lines
10-28 16:25:12.442  1996 15221 I chatty  : uid=1000(system) Binder:1996_1E expire 10 lines
10-28 16:25:19.570  1217  1360 E storaged: getDiskStats failed with result NOT_SUPPORTED and size 0
10-28 16:25:22.497  1996  4432 I chatty  : uid=1000(system) Binder:1996_13 expire 1 line
10-28 16:25:28.076  1996  2361 I chatty  : uid=1000(system) UEventObserver expire 10 lines
10-28 16:26:18.087  1996  2014 I chatty  : uid=1000(system) Binder:1996_2 expire 7 lines
10-28 16:26:18.115  1996  9078 I chatty  : uid=1000(system) Binder:1996_1A expire 1 line
10-28 16:26:18.115  1996  2514 I chatty  : uid=1000(system) ConnectivitySer expire 8 lines
10-28 16:26:19.571  1217  1360 E storaged: getDiskStats failed with result NOT_SUPPORTED and size 0
10-28 16:27:11.450  1996  6929 I chatty  : uid=1000(system) Binder:1996_17 expire 4 lines
10-28 16:27:19.573  1217  1360 E storaged: getDiskStats failed with result NOT_SUPPORTED and size 0
10-28 16:27:32.871  1996 16590 I chatty  : uid=1000(system) Binder:1996_1F expire 3 lines
10-28 16:28:19.574  1217  1360 E storaged: getDiskStats failed with result NOT_SUPPORTED and size 0
10-28 16:28:39.127  1996  2130 I chatty  : uid=1000(system) batterystats-wo expire 1 line
10-28 16:28:57.654  1996  2111 I chatty  : uid=1000(system) ActivityManager expire 12 lines
10-28 16:29:19.576  1217  1360 E storaged: getDiskStats failed with result NOT_SUPPORTED and size 0
10-28 16:29:23.771  1996 24921 I chatty  : uid=1000 system_server expire 1 line
10-28 16:29:31.845  1996 10506 I chatty  : uid=1000(system) Binder:1996_1B expire 9 lines
10-28 16:30:20.630  1217  1360 E storaged: getDiskStats failed with result NOT_SUPPORTED and size 0
10-28 16:31:06.346  1996  3445 I chatty  : uid=1000(system) Binder:1996_C expire 4 lines
10-28 16:31:06.378  1996  8488 I chatty  : uid=1000(system) Binder:1996_19 expire 5 lines
10-28 16:31:06.672  1996  6882 I chatty  : uid=1000(system) Binder:1996_16 expire 2 lines
10-28 16:31:08.318  1996  2013 I chatty  : uid=1000(system) Binder:1996_1 expire 10 lines
10-28 16:31:08.350  1996  3614 I chatty  : uid=1000(system) Binder:1996_D expire 6 lines
10-28 16:31:08.350  1996  6245 I chatty  : uid=1000(system) Binder:1996_15 expire 2 lines
10-28 16:31:20.633  1217  1360 E storaged: getDiskStats failed with result NOT_SUPPORTED and size 0
10-28 16:32:20.636  1217  1360 E storaged: getDiskStats failed with result NOT_SUPPORTED and size 0
10-28 16:33:17.992  1996  2110 I chatty  : uid=1000(system) android.bg expire 1 line
10-28 16:33:20.638  1217  1360 E storaged: getDiskStats failed with result NOT_SUPPORTED and size 0
10-28 16:33:39.842 25439 25517 E ActivityThread: Failed to find provider info for com.vivo.push.sdk.service.SystemPushConfig
10-28 16:33:39.872 25439 25565 E ActivityThread: Failed to find provider info for com.vivo.push.sdk.service.SystemPushConfig
10-28 16:33:40.608  1996  2361 I chatty  : uid=1000(system) UEventObserver expire 11 lines
10-28 16:34:11.440  1996  2527 I chatty  : uid=1000(system) Binder:1996_3 expire 1 line
10-28 16:34:17.912  1996  1996 I chatty  : uid=1000 system_server expire 1 line
10-28 16:34:20.639  1217  1360 E storaged: getDiskStats failed with result NOT_SUPPORTED and size 0
10-28 16:34:31.452  1996 19319 I chatty  : uid=1000(system) Binder:1996_20 expire 8 lines
10-28 16:35:20.640  1217  1360 E storaged: getDiskStats failed with result NOT_SUPPORTED and size 0
10-28 16:36:20.642  1217  1360 E storaged: getDiskStats failed with result NOT_SUPPORTED and size 0
10-28 16:36:40.029  1996  2113 I chatty  : uid=1000(system) ActivityManager expire 11 lines
10-28 16:37:11.435  1996  3254 I chatty  : uid=1000(system) Binder:1996_B expire 2 lines
10-28 16:37:13.360  1996  3177 I chatty  : uid=1000(system) Binder:1996_7 expire 6 lines
10-28 16:37:20.643  1217  1360 E storaged: getDiskStats failed with result NOT_SUPPORTED and size 0
10-28 16:37:22.936  1996  2417 I chatty  : uid=1000(system) AlarmManager expire 1 line
10-28 16:38:20.646  1217  1360 E storaged: getDiskStats failed with result NOT_SUPPORTED and size 0
10-28 16:39:20.647  1217  1360 E storaged: getDiskStats failed with result NOT_SUPPORTED and size 0
10-28 16:40:20.650  1217  1360 E storaged: getDiskStats failed with result NOT_SUPPORTED and size 0
10-28 16:41:20.653  1217  1360 E storaged: getDiskStats failed with result NOT_SUPPORTED and size 0
10-28 16:41:52.588  1996  2361 I chatty  : uid=1000(system) UEventObserver expire 4 lines
10-28 16:42:20.655  1217  1360 E storaged: getDiskStats failed with result NOT_SUPPORTED and size 0
10-28 16:43:18.610  1996  3178 I chatty  : uid=1000(system) Binder:1996_8 expire 4 lines
10-28 16:43:20.656  1217  1360 E storaged: getDiskStats failed with result NOT_SUPPORTED and size 0
10-28 16:43:27.766  1996  2013 I chatty  : uid=1000(system) Binder:1996_1 expire 4 lines
10-28 16:44:20.657  1217  1360 E storaged: getDiskStats failed with result NOT_SUPPORTED and size 0
10-28 16:44:20.933  1996  2113 I chatty  : uid=1000(system) ActivityManager expire 5 lines
10-28 16:44:21.431  1996  3913 I chatty  : uid=1000(system) Binder:1996_F expire 7 lines
10-28 16:44:21.535  1996  2648 I chatty  : uid=1000(system) Binder:1996_5 expire 12 lines
10-28 16:45:20.659  1217  1360 E storaged: getDiskStats failed with result NOT_SUPPORTED and size 0
10-28 16:45:36.583  1996  2113 I chatty  : uid=1000(system) ActivityManager expire 10 lines
10-28 16:45:36.618  1996  3913 I chatty  : uid=1000(system) Binder:1996_F expire 3 lines
10-28 16:45:37.862  1996  2013 I chatty  : uid=1000(system) Binder:1996_1 expire 1 line
10-28 16:45:38.068 27448 27529 E ActivityThread: Failed to find provider info for com.vivo.push.sdk.service.SystemPushConfig
10-28 16:45:38.091 27448 27580 E ActivityThread: Failed to find provider info for com.vivo.push.sdk.service.SystemPushConfig
10-28 16:45:38.108  1996  3178 I chatty  : uid=1000(system) Binder:1996_8 expire 6 lines
10-28 16:45:45.351  1996  2361 I chatty  : uid=1000(system) UEventObserver expire 10 lines
10-28 16:46:20.660  1217  1360 E storaged: getDiskStats failed with result NOT_SUPPORTED and size 0
10-28 16:47:11.460  1996  3179 I chatty  : uid=1000(system) Binder:1996_9 expire 3 lines
10-28 16:47:20.662  1217  1360 E storaged: getDiskStats failed with result NOT_SUPPORTED and size 0
10-28 16:47:31.469  1996  2527 I chatty  : uid=1000(system) Binder:1996_3 expire 2 lines
10-28 16:48:09.779  1996  3614 I chatty  : uid=1000(system) Binder:1996_D expire 1 line
10-28 16:48:17.698  1996  2111 I chatty  : uid=1000(system) ActivityManager expire 9 lines
10-28 16:48:20.665  1217  1360 E storaged: getDiskStats failed with result NOT_SUPPORTED and size 0
10-28 16:48:36.362  1996  2565 I chatty  : uid=1000(system) Binder:1996_4 expire 1 line
10-28 16:48:36.363  1996  2514 I chatty  : uid=1000(system) ConnectivitySer expire 5 lines
10-28 16:49:15.484  1996  5431 I chatty  : uid=1000(system) Binder:1996_14 expire 4 lines
10-28 16:49:20.666  1217  1360 E storaged: getDiskStats failed with result NOT_SUPPORTED and size 0
10-28 16:50:20.670  1217  1360 E storaged: getDiskStats failed with result NOT_SUPPORTED and size 0
10-28 16:51:20.674  1217  1360 E storaged: getDiskStats failed with result NOT_SUPPORTED and size 0
10-28 16:52:20.677  1217  1360 E storaged: getDiskStats failed with result NOT_SUPPORTED and size 0
10-28 16:52:58.658  1996  4432 I chatty  : uid=1000(system) Binder:1996_13 expire 1 line
10-28 16:53:08.701  1996  2664 I chatty  : uid=1000(system) Binder:1996_6 expire 11 lines
10-28 16:53:13.355  1996 10506 I chatty  : uid=1000(system) Binder:1996_1B expire 14 lines
10-28 16:53:20.678  1217  1360 E storaged: getDiskStats failed with result NOT_SUPPORTED and size 0
10-28 16:53:27.035  1996  2110 I chatty  : uid=1000(system) android.bg expire 1 line
10-28 16:53:28.635  1996  2361 I chatty  : uid=1000(system) UEventObserver expire 11 lines
10-28 16:53:42.447  1996  3918 I chatty  : uid=1000(system) Binder:1996_11 expire 6 lines
10-28 16:53:42.506  1996 15221 I chatty  : uid=1000(system) Binder:1996_1E expire 2 lines
10-28 16:53:43.814  1996  7481 I chatty  : uid=1000(system) Binder:1996_18 expire 7 lines
10-28 16:54:13.027  1996  2648 I chatty  : uid=1000(system) Binder:1996_5 expire 13 lines
10-28 16:54:16.453  1996  3912 I chatty  : uid=1000(system) Binder:1996_E expire 6 lines
10-28 16:54:20.680  1217  1360 E storaged: getDiskStats failed with result NOT_SUPPORTED and size 0
10-28 16:55:20.681  1217  1360 E storaged: getDiskStats failed with result NOT_SUPPORTED and size 0
10-28 16:55:47.703  1996  2113 I chatty  : uid=1000(system) ActivityManager expire 11 lines
10-28 16:56:09.380  1996  3187 I chatty  : uid=1000(system) Binder:1996_A expire 3 lines
10-28 16:56:20.682  1217  1360 E storaged: getDiskStats failed with result NOT_SUPPORTED and size 0
10-28 16:56:31.936  1996  3915 I chatty  : uid=1000(system) Binder:1996_10 expire 9 lines
10-28 16:57:13.341  1996  6245 I chatty  : uid=1000(system) Binder:1996_15 expire 3 lines
10-28 16:57:20.683  1217  1360 E storaged: getDiskStats failed with result NOT_SUPPORTED and size 0
10-28 16:58:13.424  1996 13547 I chatty  : uid=1000(system) Binder:1996_1C expire 8 lines
10-28 16:58:20.684  1217  1360 E storaged: getDiskStats failed with result NOT_SUPPORTED and size 0
10-28 16:58:39.129  1996  2130 I chatty  : uid=1000(system) batterystats-wo expire 3 lines
10-28 16:59:03.787  1996  2142 I chatty  : uid=1000(system) CpuTracker expire 1 line
10-28 16:59:20.686  1217  1360 E storaged: getDiskStats failed with result NOT_SUPPORTED and size 0
10-28 16:59:40.322  1996  2361 I chatty  : uid=1000(system) UEventObserver expire 10 lines
10-28 17:00:20.689  1217  1360 E storaged: getDiskStats failed with result NOT_SUPPORTED and size 0
10-28 17:00:30.157  1996  3254 I chatty  : uid=1000(system) Binder:1996_B expire 2 lines
10-28 17:01:20.693  1217  1360 E storaged: getDiskStats failed with result NOT_SUPPORTED and size 0
10-28 17:02:20.695  1217  1360 E storaged: getDiskStats failed with result NOT_SUPPORTED and size 0
10-28 17:03:20.697  1217  1360 E storaged: getDiskStats failed with result NOT_SUPPORTED and size 0
10-28 17:04:20.699  1217  1360 E storaged: getDiskStats failed with result NOT_SUPPORTED and size 0
10-28 17:05:13.067  1996  2113 I chatty  : uid=1000(system) ActivityManager expire 6 lines
10-28 17:05:13.648  1996  2664 I chatty  : uid=1000(system) Binder:1996_6 expire 3 lines
10-28 17:05:15.111 30276 30352 E ActivityThread: Failed to find provider info for com.vivo.push.sdk.service.SystemPushConfig
10-28 17:05:15.136 30276 30398 E ActivityThread: Failed to find provider info for com.vivo.push.sdk.service.SystemPushConfig
10-28 17:05:20.700  1217  1360 E storaged: getDiskStats failed with result NOT_SUPPORTED and size 0
10-28 17:06:20.703  1217  1360 E storaged: getDiskStats failed with result NOT_SUPPORTED and size 0
10-28 17:07:20.705  1217  1360 E storaged: getDiskStats failed with result NOT_SUPPORTED and size 0
10-28 17:07:31.920  8119 11302 E ActivityThread: Failed to find provider info for com.motorola.ccc.cce.datausage
10-28 17:07:33.959  8119 12490 E ActivityThread: Failed to find provider info for com.motorola.ccc.cce.datausage
10-28 17:07:43.304  1996  2361 I chatty  : uid=1000(system) UEventObserver expire 10 lines
10-28 17:08:20.707  1217  1360 E storaged: getDiskStats failed with result NOT_SUPPORTED and size 0
10-28 17:08:32.153 30772 30810 E ActivityThread: Failed to find provider info for com.vivo.push.sdk.service.SystemPushConfig
10-28 17:08:32.167 30772 30810 E ActivityThread: Failed to find provider info for com.vivo.push.sdk.service.SystemPushConfig
10-28 17:09:20.710  1217  1360 E storaged: getDiskStats failed with result NOT_SUPPORTED and size 0
10-28 17:10:20.713  1217  1360 E storaged: getDiskStats failed with result NOT_SUPPORTED and size 0
10-28 17:11:20.717  1217  1360 E storaged: getDiskStats failed with result NOT_SUPPORTED and size 0
10-28 17:12:20.720  1217  1360 E storaged: getDiskStats failed with result NOT_SUPPORTED and size 0
10-28 17:13:17.554  1996  2113 I chatty  : uid=1000(system) ActivityManager expire 10 lines
10-28 17:13:17.808  1996  3254 I chatty  : uid=1000(system) Binder:1996_B expire 2 lines
10-28 17:13:17.843  1996  3915 I chatty  : uid=1000(system) Binder:1996_10 expire 2 lines
10-28 17:13:18.089  1996  7481 I chatty  : uid=1000(system) Binder:1996_18 expire 6 lines
10-28 17:13:18.510  1996  2111 I chatty  : uid=1000(system) ActivityManager expire 3 lines
10-28 17:13:19.834  1996  2664 I chatty  : uid=1000(system) Binder:1996_6 expire 6 lines
10-28 17:13:20.706  1217  1360 E storaged: getDiskStats failed with result NOT_SUPPORTED and size 0
10-28 17:13:21.216  1996 15221 I chatty  : uid=1000(system) Binder:1996_1E expire 3 lines
10-28 17:13:43.158  1996  3918 I chatty  : uid=1000(system) Binder:1996_11 expire 2 lines
10-28 17:14:04.437  1996  6245 I chatty  : uid=1000(system) Binder:1996_15 expire 3 lines
10-28 17:14:04.494  1996  2514 I chatty  : uid=1000(system) ConnectivitySer expire 2 lines
10-28 17:14:11.430  1996  3187 I chatty  : uid=1000(system) Binder:1996_A expire 10 lines
10-28 17:14:20.708  1217  1360 E storaged: getDiskStats failed with result NOT_SUPPORTED and size 0
10-28 17:14:53.405  1996 13547 I chatty  : uid=1000(system) Binder:1996_1C expire 1 line
10-28 17:15:12.445  1996  3931 I chatty  : uid=1000(system) Binder:1996_12 expire 1 line
10-28 17:15:12.479  1996  2648 I chatty  : uid=1000(system) Binder:1996_5 expire 1 line
10-28 17:15:20.711  1217  1360 E storaged: getDiskStats failed with result NOT_SUPPORTED and size 0
10-28 17:15:31.897  1996  3445 I chatty  : uid=1000(system) Binder:1996_C expire 1 line
10-28 17:15:46.276  1996  2361 I chatty  : uid=1000(system) UEventObserver expire 7 lines
10-28 17:16:20.712  1217  1360 E storaged: getDiskStats failed with result NOT_SUPPORTED and size 0
10-28 17:17:01.343  1996  2143 I chatty  : uid=1000(system) PowerManagerSer expire 6 lines
10-28 17:17:01.345  1996  2140 I chatty  : uid=1000(system) android.display expire 2 lines
10-28 17:17:11.402  1996  3912 I chatty  : uid=1000(system) Binder:1996_E expire 3 lines
10-28 17:17:20.714  1217  1360 E storaged: getDiskStats failed with result NOT_SUPPORTED and size 0
10-28 17:18:20.715  1217  1360 E storaged: getDiskStats failed with result NOT_SUPPORTED and size 0
10-28 17:18:37.857  1996  2110 I chatty  : uid=1000(system) android.bg expire 1 line
10-28 17:18:53.457  1996 10506 I chatty  : uid=1000(system) Binder:1996_1B expire 1 line
10-28 17:18:54.845  1996  2527 I chatty  : uid=1000(system) Binder:1996_3 expire 4 lines
10-28 17:19:09.670  1996  2417 I chatty  : uid=1000(system) AlarmManager expire 1 line
10-28 17:19:20.717  1217  1360 E storaged: getDiskStats failed with result NOT_SUPPORTED and size 0
10-28 17:20:20.721  1217  1360 E storaged: getDiskStats failed with result NOT_SUPPORTED and size 0
10-28 17:21:00.297  1996  1996 I chatty  : uid=1000 system_server expire 70 lines
10-28 17:21:00.311  1996 19319 I chatty  : uid=1000(system) Binder:1996_20 expire 1 line
10-28 17:21:00.388  1996  6929 I chatty  : uid=1000(system) Binder:1996_17 expire 10 lines
10-28 17:21:00.420  1996 14334 I chatty  : uid=1000(system) Binder:1996_1D expire 20 lines
10-28 17:21:00.459  1996  9078 I chatty  : uid=1000(system) Binder:1996_1A expire 7 lines
10-28 17:21:00.481  1996  3187 I chatty  : uid=1000(system) Binder:1996_A expire 8 lines
10-28 17:21:00.567  1996  2013 I chatty  : uid=1000(system) Binder:1996_1 expire 16 lines
10-28 17:21:00.645  1996  2014 I chatty  : uid=1000(system) Binder:1996_2 expire 6 lines
10-28 17:21:01.002 32250 32637 D DownloadManager: Removed 0 stale downloads
10-28 17:21:01.017 32250 32637 D DownloadManager: Found 15 files in database
10-28 17:21:01.017 32250 32637 D DownloadManager: Found 0 files on disk
10-28 17:21:01.031   908 32642 D vold    : idle maintenance started
10-28 17:21:01.034   908 32642 D vold    : Starting trim of /data
10-28 17:21:02.680  1996  1996 I chatty  : uid=1000 system_server expire 31 lines
10-28 17:21:02.685  1996  2013 I chatty  : uid=1000(system) Binder:1996_1 expire 13 lines
10-28 17:21:02.706  1996  3445 I chatty  : uid=1000(system) Binder:1996_C expire 12 lines
10-28 17:21:02.761  1996 14334 I chatty  : uid=1000(system) Binder:1996_1D expire 10 lines
10-28 17:21:02.951  1996  3187 I chatty  : uid=1000(system) Binder:1996_A expire 4 lines
10-28 17:21:03.591  1996  3578 I chatty  : uid=1000(system) backup expire 10 lines
10-28 17:21:03.633  1996  2514 I chatty  : uid=1000(system) ConnectivitySer expire 14 lines
10-28 17:21:10.444  1996  2110 I chatty  : uid=1000(system) android.bg expire 2 lines
10-28 17:21:10.451   908   568 D vold    : idle maintenance stopped
10-28 17:21:10.466  1996  2113 I chatty  : uid=1000(system) ActivityManager expire 11 lines
10-28 17:21:11.354 32250 32637 D DownloadManager: Removed 0 stale downloads
10-28 17:21:11.434 32250 32637 D DownloadManager: Found 15 files in database
10-28 17:21:11.434 32250 32637 D DownloadManager: Found 0 files on disk
10-28 17:21:19.288   908 32642 I vold    : Trimmed 10222137344 bytes on /data in 18254ms
10-28 17:21:19.289   908 32642 D vold    : Starting trim of none
10-28 17:21:19.289   908 32642 W vold    : Failed to open none: No such file or directory
10-28 17:21:19.289   908 32642 D vold    : Starting trim of /mnt/vendor/persist
10-28 17:21:19.291   908 32642 W vold    : Failed to open /mnt/vendor/persist: Permission denied
10-28 17:21:19.291   908 32642 D vold    : Starting trim of /mnt/product/persist
10-28 17:21:19.291   908 32642 W vold    : Failed to open /mnt/product/persist: Permission denied
10-28 17:21:19.296   908 32642 D vold    : idle maintenance completed
10-28 17:21:20.723  1217  1360 E storaged: getDiskStats failed with result NOT_SUPPORTED and size 0
10-28 17:21:22.503  1996  2013 I chatty  : uid=1000(system) Binder:1996_1 expire 2 lines
10-28 17:21:22.826  1996  2565 I chatty  : uid=1000(system) Binder:1996_4 expire 7 lines
10-28 17:21:22.826  1996  2514 I chatty  : uid=1000(system) ConnectivitySer expire 6 lines
10-28 17:21:23.781  1996   715 I chatty  : uid=1000 system_server expire 1 line
10-28 17:21:24.462  1996 19319 I chatty  : uid=1000(system) Binder:1996_20 expire 2 lines
10-28 17:21:30.175  1996  1996 I chatty  : uid=1000 system_server expire 15 lines
10-28 17:21:48.519  1996  2361 I chatty  : uid=1000(system) UEventObserver expire 5 lines
10-28 17:22:20.725  1217  1360 E storaged: getDiskStats failed with result NOT_SUPPORTED and size 0
10-28 17:22:39.137  1996 15221 I chatty  : uid=1000(system) Binder:1996_1E expire 3 lines
10-28 17:23:20.726  1217  1360 E storaged: getDiskStats failed with result NOT_SUPPORTED and size 0
10-28 17:23:42.371  1996  8488 I chatty  : uid=1000(system) Binder:1996_19 expire 5 lines
10-28 17:24:11.425  1996  2527 I chatty  : uid=1000(system) Binder:1996_3 expire 2 lines
10-28 17:24:12.370  1996  2111 I chatty  : uid=1000(system) ActivityManager expire 9 lines
10-28 17:24:20.727  1217  1360 E storaged: getDiskStats failed with result NOT_SUPPORTED and size 0
10-28 17:24:32.134  1996  3179 I chatty  : uid=1000(system) Binder:1996_9 expire 3 lines
10-28 17:24:32.695  1996  3177 I chatty  : uid=1000(system) Binder:1996_7 expire 3 lines
10-28 17:24:33.606  3330  3427 E ActivityThread: Failed to find provider info for com.vivo.push.sdk.service.SystemPushConfig
10-28 17:24:33.650  3330  3480 E ActivityThread: Failed to find provider info for com.vivo.push.sdk.service.SystemPushConfig
10-28 17:25:12.423  1996  3931 I chatty  : uid=1000(system) Binder:1996_12 expire 3 lines
10-28 17:25:18.977  1996  3912 I chatty  : uid=1000(system) Binder:1996_E expire 2 lines
10-28 17:25:20.728  1217  1360 E storaged: getDiskStats failed with result NOT_SUPPORTED and size 0
10-28 17:25:25.930  1996  2113 I chatty  : uid=1000(system) ActivityManager expire 2 lines
10-28 17:25:39.194  1996  2143 I chatty  : uid=1000(system) PowerManagerSer expire 5 lines
10-28 17:25:39.230  1996  2140 I chatty  : uid=1000(system) android.display expire 1 line
10-28 17:25:39.381  1996  2462 I chatty  : uid=1000(system) InputReader expire 1 line
10-28 17:25:39.431  1996  2138 I chatty  : uid=1000(system) android.fg expire 3 lines
10-28 17:25:39.444  1996  4432 I chatty  : uid=1000(system) Binder:1996_13 expire 1 line
10-28 17:25:39.631  1996  6929 I chatty  : uid=1000(system) Binder:1996_17 expire 1 line
10-28 17:25:41.783  1996  2130 I chatty  : uid=1000(system) batterystats-wo expire 1 line
10-28 17:25:42.745  1996  2648 I chatty  : uid=1000(system) Binder:1996_5 expire 5 lines
10-28 17:25:43.294  1996  3913 I chatty  : uid=1000(system) Binder:1996_F expire 2 lines
10-28 17:25:43.317  1996  6882 I chatty  : uid=1000(system) Binder:1996_16 expire 3 lines
10-28 17:25:43.376  1996  2111 W BroadcastQueue: Permission Denial: broadcasting Intent { act=android.intent.action.USER_PRESENT flg=0x24200010 } from com.android.systemui (pid=2576, uid=10038) is not exported from uid 10174 due to receiver com.unicom.wopay/cn.jpush.android.service.PushReceiver
10-28 17:25:43.389  1996  2111 V ActivityManager: Attempted to start a foreground service (ComponentInfo{com.motorola.timeweatherwidget/com.motorola.commandcenter.weather.WakeUpService}) with a broken notification (no icon: Notification(channel=TimeWeather pri=0 contentView=null vibrate=null sound=null defaults=0x0 flags=0x40 color=0x00000000 vis=PRIVATE))
10-28 17:25:43.400  1996  3912 D WifiLockManager: addLock: WifiLock{NlpWifiLock type=2 uid=10024 workSource=WorkSource{10024}}
10-28 17:25:43.409  1996  2111 V ActivityManager: Attempted to start a foreground service (ComponentInfo{com.motorola.timeweatherwidget/com.motorola.commandcenter.weather.WakeUpService}) with a broken notification (no icon: Notification(channel=TimeWeather pri=0 contentView=null vibrate=null sound=null defaults=0x0 flags=0x40 color=0x00000000 vis=PRIVATE))
10-28 17:25:43.501  1996  2113 I ActivityManager: Start proc 4042:com.tencent.android.qqdownloader:live/u0a167 for service com.tencent.android.qqdownloader/com.igexin.sdk.PushService
10-28 17:25:43.517  1996  1996 I NotificationService: Cannot find enqueued record for key: 0|com.motorola.timeweatherwidget|1|null|10109
10-28 17:25:43.517  1996  1996 I NotificationService: Cannot find enqueued record for key: 0|com.motorola.timeweatherwidget|1|null|10109
10-28 17:25:43.538  1996  2113 I ActivityManager: Start proc 4067:com.android.providers.calendar/u0a57 for content provider com.android.providers.calendar/.CalendarProvider2
10-28 17:25:43.593  1996  3254 D ActivityManager: Raise procstate to external provider: ProcessRecord{6c7ce28 4067:com.android.providers.calendar/u0a57}
10-28 17:25:43.601  1996  9078 D ActivityManager: Raise procstate to external provider: ProcessRecord{6c7ce28 4067:com.android.providers.calendar/u0a57}
10-28 17:25:43.662  1996  6929 D ActivityManager: Raise procstate to external provider: ProcessRecord{6c7ce28 4067:com.android.providers.calendar/u0a57}
10-28 17:25:43.668  1996  7481 D ActivityManager: Raise procstate to external provider: ProcessRecord{6c7ce28 4067:com.android.providers.calendar/u0a57}
10-28 17:25:43.712  1996  2113 I ActivityManager: Start proc 4120:com.netease.newsreader.activity:ajmd/u0a163 for service com.netease.newsreader.activity/com.sijla.common.HBS
10-28 17:25:44.596  1996  3177 W ActivityManager: Receiver with filter android.content.IntentFilter@33af1cd already registered for pid 3936, callerPackage is com.tencent.android.qqdownloader
10-28 17:25:45.357  1996  3177 D WifiService: setWifiEnabled: false pid=2576, uid=10038, package=com.android.systemui
10-28 17:25:45.359  1996  1996 V SettingsProvider: Notifying for 0: content://settings/global/wifi_on
10-28 17:25:45.420  1218  1218 W wificond: No pno scan started
10-28 17:25:45.420  1218  1218 W wificond: Scheduled scan is not running!
10-28 17:25:45.509  1218  1218 I wificond: Unsubscribe scan result for interface with index: 27
10-28 17:25:45.647  1046  1046 E android.hardware.wifi@1.0-service: create file failed: Permission denied
10-28 17:25:45.647  1046  1046 E android.hardware.wifi@1.0-service: Error writing files to flash
10-28 17:25:45.648  1046 14013 I android.hardware.wifi@1.0-service: Legacy HAL stop complete callback received
10-28 17:25:45.851  1046  1046 I android.hardware.wifi@1.0-service: Wifi HAL stopped
10-28 17:25:45.858  1996  2514 D ConnectivityService: NetworkAgentInfo [WIFI () - 141] EVENT_NETWORK_INFO_CHANGED, going from CONNECTED to DISCONNECTED
10-28 17:25:45.858  1996  2514 D ConnectivityService: NetworkAgentInfo [WIFI () - 141] got DISCONNECTED, was satisfying 26
10-28 17:25:45.880  1996  2113 I ActivityManager: Start proc 4290:com.motorola.carriersettingsext/u0a37 for broadcast com.motorola.carriersettingsext/.wfc.WFCReceiver
10-28 17:25:45.899  1996  2514 D ConnectivityService: Sending DISCONNECTED broadcast for type 1 NetworkAgentInfo [WIFI () - 141] isDefaultNetwork=true
10-28 17:25:45.951  1996  2513 E WifiP2pService: Unhandled message { when=0 what=131204 target=com.android.internal.util.StateMachine$SmHandler hashCode=df1d618 }
10-28 17:25:45.963  1996  2130 E BatteryExternalStatsWorker: no controller energy info supplied for wifi
10-28 17:25:45.972  1996  2130 E BatteryExternalStatsWorker: no controller energy info supplied for wifi
10-28 17:25:45.977  1996 16590 D WifiLockManager: releaseLock: WifiLock{NlpWifiLock type=2 uid=10024 workSource=WorkSource{10024}}
10-28 17:25:46.292  1996  2014 I ActivityManager: Killing 32578:com.google.android.dialer/u0a30 (adj 906): empty #17
10-28 17:25:46.374  1996  2113 I ActivityManager: Start proc 4390:com.netease.cloudmusic:core/u0a164 for broadcast com.netease.cloudmusic/com.netease.nimlib.service.NimReceiver
10-28 17:25:46.431  1996  3912 D WifiLockManager: addLock: WifiLock{NlpWifiLock type=2 uid=10024 workSource=WorkSource{10024}}
10-28 17:25:46.456  1996  3918 D WifiLockManager: releaseLock: WifiLock{NlpWifiLock type=2 uid=10024 workSource=WorkSource{10024}}
